[RUNNING_REQ] 1772715907.620040 0 0
[RUNNING_REQ] 1772715907.895342 0 0
[RUNNING_REQ] 1772715908.202018 0 0
[RUNNING_REQ] 1772715908.392495 0 1
[RUNNING_REQ] 1772715908.516353 0 1
[RUNNING_REQ] 1772715908.654181 0 1
[RUNNING_REQ] 1772715908.780969 0 1
[RUNNING_REQ] 1772715908.936480 0 1
[RUNNING_REQ] 1772715909.141489 0 1
[RUNNING_REQ] 1772715909.282667 0 1
[RUNNING_REQ] 1772715909.426794 0 1
[RUNNING_REQ] 1772715909.643231 0 1
[RUNNING_REQ] 1772715909.843544 0 1
[RUNNING_REQ] 1772715909.987543 0 1
[RUNNING_REQ] 1772715910.176358 0 1
[RUNNING_REQ] 1772715910.335266 3 12
[RUNNING_REQ] 1772715910.475840 3 12
[RUNNING_REQ] 1772715910.611962 3 12
[RUNNING_REQ] 1772715910.739155 3 12
[RUNNING_REQ] 1772715910.877550 3 12
[RUNNING_REQ] 1772715911.017251 3 12
[RUNNING_REQ] 1772715911.143813 3 12
[RUNNING_REQ] 1772715911.287170 3 12
[RUNNING_REQ] 1772715911.480524 3 12
[RUNNING_REQ] 1772715911.681682 14 4
[RUNNING_REQ] 1772715911.818044 14 4
[RUNNING_REQ] 1772715911.952128 13 12
[RUNNING_REQ] 1772715912.082980 13 12
[RUNNING_REQ] 1772715912.231179 15 12
[RUNNING_REQ] 1772715912.490494 16 15
[RUNNING_REQ] 1772715912.846259 14 14
[RUNNING_REQ] 1772715914.417537 13 5
[RUNNING_REQ] 1772715924.569253 0 1
[RUNNING_REQ] 1772715925.130833 2 1
[RUNNING_REQ] 1772715925.471268 4 1
[RUNNING_REQ] 1772715928.332528 0 0
[RUNNING_REQ] 1772715928.461176 0 1
[RUNNING_REQ] 1772715928.626571 0 1
[RUNNING_REQ] 1772715928.759861 1 2
[RUNNING_REQ] 1772715928.917552 1 2
[RUNNING_REQ] 1772715929.149726 2 2
[RUNNING_REQ] 1772715929.354080 4 1
[RUNNING_REQ] 1772715929.493660 6 1
[RUNNING_REQ] 1772715929.644043 7 1
[RUNNING_REQ] 1772715929.825803 8 1
[RUNNING_REQ] 1772715930.030714 10 1
[RUNNING_REQ] 1772715930.301767 10 1
[RUNNING_REQ] 1772715931.406480 0 1
[RUNNING_REQ] 1772715931.590893 1 1
[RUNNING_REQ] 1772715931.754833 3 0
[RUNNING_REQ] 1772715931.895016 4 0
[RUNNING_REQ] 1772715932.058493 4 0
[RUNNING_REQ] 1772715932.347768 4 0
[RUNNING_REQ] 1772715932.570178 3 1
[RUNNING_REQ] 1772715932.774408 4 0
[RUNNING_REQ] 1772715933.015655 3 0
[RUNNING_REQ] 1772715933.274612 2 0
[RUNNING_REQ] 1772715933.444093 1 1
[RUNNING_REQ] 1772715933.651666 3 0
[RUNNING_REQ] 1772715933.872808 3 1
[RUNNING_REQ] 1772715934.079170 3 1
[RUNNING_REQ] 1772715934.348528 5 0
[RUNNING_REQ] 1772715934.983424 0 1
[RUNNING_REQ] 1772715935.111333 0 1
[RUNNING_REQ] 1772715935.305818 2 1
[RUNNING_REQ] 1772715935.456393 3 0
[RUNNING_REQ] 1772715935.582318 4 1
[RUNNING_REQ] 1772715935.736517 5 1
[RUNNING_REQ] 1772715935.946894 7 0
[RUNNING_REQ] 1772715936.132247 7 1
[RUNNING_REQ] 1772715936.285376 8 2
[RUNNING_REQ] 1772715936.423560 9 1
[RUNNING_REQ] 1772715937.665837 0 0
[RUNNING_REQ] 1772715937.846856 0 1
[RUNNING_REQ] 1772715938.012609 1 1
[RUNNING_REQ] 1772715938.147884 2 1
[RUNNING_REQ] 1772715938.362170 3 1
[RUNNING_REQ] 1772715938.499495 4 1
[RUNNING_REQ] 1772715938.625715 4 1
[RUNNING_REQ] 1772715938.780201 5 2
[RUNNING_REQ] 1772715938.933415 7 0
[RUNNING_REQ] 1772715939.455565 1 0
[RUNNING_REQ] 1772715940.106205 1 1
[RUNNING_REQ] 1772715940.237703 1 1
[RUNNING_REQ] 1772715940.553308 1 1
[RUNNING_REQ] 1772715940.784262 2 1
[RUNNING_REQ] 1772715940.923264 3 1
[RUNNING_REQ] 1772715941.107154 3 1
[RUNNING_REQ] 1772715941.293468 3 1
[RUNNING_REQ] 1772715941.441248 4 1
[RUNNING_REQ] 1772715941.833407 4 1
[RUNNING_REQ] 1772715942.019173 4 1
[RUNNING_REQ] 1772715942.220861 4 1
[RUNNING_REQ] 1772715942.435596 6 0
[RUNNING_REQ] 1772715942.674654 5 1
[RUNNING_REQ] 1772715943.026474 7 1
[RUNNING_REQ] 1772715943.409274 2 0
[RUNNING_REQ] 1772715943.956439 1 1
[RUNNING_REQ] 1772715944.161955 2 1
[RUNNING_REQ] 1772715944.303732 3 1
[RUNNING_REQ] 1772715944.440912 4 1
[RUNNING_REQ] 1772715944.579036 6 0
[RUNNING_REQ] 1772715944.703257 6 0
[RUNNING_REQ] 1772715945.261090 2 0
[RUNNING_REQ] 1772715945.482002 1 1
[RUNNING_REQ] 1772715945.620569 2 1
[RUNNING_REQ] 1772715945.814921 3 0
[RUNNING_REQ] 1772715946.007165 3 1
[RUNNING_REQ] 1772715946.164669 4 1
[RUNNING_REQ] 1772715946.293400 3 1
[RUNNING_REQ] 1772715946.804816 2 0
[RUNNING_REQ] 1772715946.994788 2 0
[RUNNING_REQ] 1772715947.207028 2 1
[RUNNING_REQ] 1772715947.364149 3 0
[RUNNING_REQ] 1772715947.677767 4 0
[RUNNING_REQ] 1772715947.912075 3 0
[RUNNING_REQ] 1772715948.117805 2 1
[RUNNING_REQ] 1772715948.471230 2 1
[RUNNING_REQ] 1772715948.608520 3 1
[RUNNING_REQ] 1772715948.857196 2 1
[RUNNING_REQ] 1772715949.062443 3 0
[RUNNING_REQ] 1772715949.245727 2 1
[RUNNING_REQ] 1772715949.447354 2 1
[RUNNING_REQ] 1772715949.644799 3 0
[RUNNING_REQ] 1772715949.812282 2 1
[RUNNING_REQ] 1772715950.003236 2 1
[RUNNING_REQ] 1772715950.350614 3 1
[RUNNING_REQ] 1772715950.572708 3 0
[RUNNING_REQ] 1772715950.984029 0 1
[RUNNING_REQ] 1772715951.284214 1 1
[RUNNING_REQ] 1772715951.429479 2 1
[RUNNING_REQ] 1772715951.575545 4 0
[RUNNING_REQ] 1772715951.763220 5 0
[RUNNING_REQ] 1772715952.214720 4 0
[RUNNING_REQ] 1772715952.637040 1 0
[RUNNING_REQ] 1772715952.778089 1 1
[RUNNING_REQ] 1772715952.911288 2 0
[RUNNING_REQ] 1772715953.087632 3 0
[RUNNING_REQ] 1772715953.467764 2 0
[RUNNING_REQ] 1772715953.837871 2 1
[RUNNING_REQ] 1772715954.013376 2 1
[RUNNING_REQ] 1772715954.199367 2 1
[RUNNING_REQ] 1772715954.419847 3 0
[RUNNING_REQ] 1772715954.724422 3 1
[RUNNING_REQ] 1772715954.906630 3 0
[RUNNING_REQ] 1772715955.145897 3 0
[RUNNING_REQ] 1772715955.376051 2 0
[RUNNING_REQ] 1772715955.720736 2 0
[RUNNING_REQ] 1772715956.081857 2 1
[RUNNING_REQ] 1772715956.299355 4 0
[RUNNING_REQ] 1772715956.443017 5 0
[RUNNING_REQ] 1772715956.949351 0 0
[RUNNING_REQ] 1772715957.128417 1 0
[RUNNING_REQ] 1772715957.268856 1 1
[RUNNING_REQ] 1772715957.410674 2 0
[RUNNING_REQ] 1772715957.653722 2 0
[RUNNING_REQ] 1772715957.831891 1 1
[RUNNING_REQ] 1772715958.029479 2 1
[RUNNING_REQ] 1772715958.174745 3 1
[RUNNING_REQ] 1772715958.307539 4 1
[RUNNING_REQ] 1772715958.979330 0 1
[RUNNING_REQ] 1772715959.187647 1 1
[RUNNING_REQ] 1772715959.401932 3 0
[RUNNING_REQ] 1772715959.600684 4 1
[RUNNING_REQ] 1772715959.752019 5 1
[RUNNING_REQ] 1772715960.260346 1 0
[RUNNING_REQ] 1772715960.746932 1 0
[RUNNING_REQ] 1772715960.891716 1 1
[RUNNING_REQ] 1772715961.030465 2 0
[RUNNING_REQ] 1772715961.239926 3 1
[RUNNING_REQ] 1772715961.425916 4 1
[RUNNING_REQ] 1772715961.726412 6 0
[RUNNING_REQ] 1772715961.923417 7 1
[RUNNING_REQ] 1772715962.210513 8 1
[RUNNING_REQ] 1772715963.170417 0 1
[RUNNING_REQ] 1772715963.356741 1 1
[RUNNING_REQ] 1772715963.500693 2 0
[RUNNING_REQ] 1772715963.822709 3 1
[RUNNING_REQ] 1772715963.970803 4 1
[RUNNING_REQ] 1772715964.262857 5 0
[RUNNING_REQ] 1772715964.488153 6 1
[RUNNING_REQ] 1772715964.764460 6 1
[RUNNING_REQ] 1772715965.696303 0 1
[RUNNING_REQ] 1772715965.892954 1 1
[RUNNING_REQ] 1772715966.100045 3 0
[RUNNING_REQ] 1772715966.250942 3 1
[RUNNING_REQ] 1772715966.391866 3 1
[RUNNING_REQ] 1772715967.093892 1 0
[RUNNING_REQ] 1772715967.304834 1 1
[RUNNING_REQ] 1772715967.549500 2 1
[RUNNING_REQ] 1772715967.754014 3 1
[RUNNING_REQ] 1772715968.024976 4 1
[RUNNING_REQ] 1772715968.299432 2 0
[RUNNING_REQ] 1772715968.773779 1 1
[RUNNING_REQ] 1772715968.947194 3 0
[RUNNING_REQ] 1772715969.364907 1 1
[RUNNING_REQ] 1772715969.566385 2 0
[RUNNING_REQ] 1772715969.722626 3 0
[RUNNING_REQ] 1772715970.148033 2 0
[RUNNING_REQ] 1772715970.371035 1 1
[RUNNING_REQ] 1772715970.567636 2 1
[RUNNING_REQ] 1772715970.693122 3 0
[RUNNING_REQ] 1772715970.902789 3 0
[RUNNING_REQ] 1772715971.239720 2 1
[RUNNING_REQ] 1772715971.440440 3 1
[RUNNING_REQ] 1772715971.725521 3 1
[RUNNING_REQ] 1772715971.959529 2 1
[RUNNING_REQ] 1772715972.478539 0 1
[RUNNING_REQ] 1772715972.688921 1 1
[RUNNING_REQ] 1772715972.804437 1 1
[RUNNING_REQ] 1772715973.067498 2 1
[RUNNING_REQ] 1772715973.211136 3 1
[RUNNING_REQ] 1772715973.420493 5 1
[RUNNING_REQ] 1772715973.549258 6 1
[RUNNING_REQ] 1772715973.884081 6 1
[RUNNING_REQ] 1772715974.033684 7 1
[RUNNING_REQ] 1772715974.866527 0 0
[RUNNING_REQ] 1772715975.004068 0 1
[RUNNING_REQ] 1772715975.154023 1 1
[RUNNING_REQ] 1772715975.357036 2 1
[RUNNING_REQ] 1772715975.506989 3 1
[RUNNING_REQ] 1772715975.618808 4 1
[RUNNING_REQ] 1772715975.771250 5 1
[RUNNING_REQ] 1772715975.898214 6 1
[RUNNING_REQ] 1772715976.031868 6 1
[RUNNING_REQ] 1772715976.158942 7 1
[RUNNING_REQ] 1772715976.352235 8 1
[RUNNING_REQ] 1772715976.515885 8 1
[RUNNING_REQ] 1772715977.669724 0 0
[RUNNING_REQ] 1772715977.877562 1 0
[RUNNING_REQ] 1772715978.030552 1 1
[RUNNING_REQ] 1772715978.179727 2 1
[RUNNING_REQ] 1772715978.397080 4 1
[RUNNING_REQ] 1772715978.595092 4 0
[RUNNING_REQ] 1772715979.118013 0 1
[RUNNING_REQ] 1772715979.334903 2 0
[RUNNING_REQ] 1772715979.552228 2 1
[RUNNING_REQ] 1772715979.993904 3 0
[RUNNING_REQ] 1772715980.306365 4 0
[RUNNING_REQ] 1772715980.559947 2 0
[RUNNING_REQ] 1772715980.814510 1 1
[RUNNING_REQ] 1772715981.128914 2 1
[RUNNING_REQ] 1772715981.266108 3 0
[RUNNING_REQ] 1772715981.409247 4 0
[RUNNING_REQ] 1772715981.544510 4 1
[RUNNING_REQ] 1772715981.690588 5 1
[RUNNING_REQ] 1772715981.896753 6 1
[RUNNING_REQ] 1772715982.217086 7 1
[RUNNING_REQ] 1772715982.373204 8 1
[RUNNING_REQ] 1772715982.563473 8 1
[RUNNING_REQ] 1772715983.495601 1 0
[RUNNING_REQ] 1772715983.720527 2 0
[RUNNING_REQ] 1772715983.913050 3 0
[RUNNING_REQ] 1772715984.127114 4 1
[RUNNING_REQ] 1772715984.376940 5 1
[RUNNING_REQ] 1772715984.839470 1 0
[RUNNING_REQ] 1772715985.414222 1 1
[RUNNING_REQ] 1772715985.590816 1 1
[RUNNING_REQ] 1772715985.730471 2 1
[RUNNING_REQ] 1772715985.930815 4 0
[RUNNING_REQ] 1772715986.076603 4 0
[RUNNING_REQ] 1772715986.582658 1 0
[RUNNING_REQ] 1772715987.071460 1 1
[RUNNING_REQ] 1772715987.297429 2 1
[RUNNING_REQ] 1772715987.447129 4 0
[RUNNING_REQ] 1772715988.072490 1 0
[RUNNING_REQ] 1772715988.284268 1 1
[RUNNING_REQ] 1772715988.417309 1 1
[RUNNING_REQ] 1772715988.625719 3 0
[RUNNING_REQ] 1772715988.830621 4 1
[RUNNING_REQ] 1772715988.982249 5 0
[RUNNING_REQ] 1772715989.205574 6 1
[RUNNING_REQ] 1772715989.405199 7 1
[RUNNING_REQ] 1772715989.638949 7 1
[RUNNING_REQ] 1772715990.400401 0 0
[RUNNING_REQ] 1772715990.821968 2 0
[RUNNING_REQ] 1772715991.018231 2 1
[RUNNING_REQ] 1772715991.167979 4 0
[RUNNING_REQ] 1772715991.320482 4 0
[RUNNING_REQ] 1772715991.938270 0 0
[RUNNING_REQ] 1772715992.249098 0 1
[RUNNING_REQ] 1772715992.443512 1 1
[RUNNING_REQ] 1772715992.608971 2 1
[RUNNING_REQ] 1772715992.743572 3 1
[RUNNING_REQ] 1772715992.884348 4 0
[RUNNING_REQ] 1772715993.088602 5 1
[RUNNING_REQ] 1772715993.231384 6 1
[RUNNING_REQ] 1772715993.435325 7 2
[RUNNING_REQ] 1772715993.594096 9 1
[RUNNING_REQ] 1772715993.755835 10 1
[RUNNING_REQ] 1772715993.986879 10 1
[RUNNING_REQ] 1772715995.159896 1 0
[RUNNING_REQ] 1772715995.357821 1 1
[RUNNING_REQ] 1772715995.568329 1 1
[RUNNING_REQ] 1772715995.760357 3 0
[RUNNING_REQ] 1772715995.900499 3 1
[RUNNING_REQ] 1772715996.053189 4 1
[RUNNING_REQ] 1772715996.214587 5 1
[RUNNING_REQ] 1772715996.364516 6 1
[RUNNING_REQ] 1772715996.510959 7 1
[RUNNING_REQ] 1772715996.707786 6 0
[RUNNING_REQ] 1772715997.321524 0 0
[RUNNING_REQ] 1772715997.602792 1 1
[RUNNING_REQ] 1772715997.856653 2 1
[RUNNING_REQ] 1772715998.008588 2 1
[RUNNING_REQ] 1772715998.252417 4 1
[RUNNING_REQ] 1772715998.404333 5 1
[RUNNING_REQ] 1772715998.556657 6 1
[RUNNING_REQ] 1772715998.773156 7 1
[RUNNING_REQ] 1772715998.917104 7 1
[RUNNING_REQ] 1772715999.399758 1 0
[RUNNING_REQ] 1772716000.059589 0 1
[RUNNING_REQ] 1772716000.263970 2 0
[RUNNING_REQ] 1772716000.415160 3 0
[RUNNING_REQ] 1772716000.674589 3 1
[RUNNING_REQ] 1772716001.023088 3 1
[RUNNING_REQ] 1772716001.213561 4 0
[RUNNING_REQ] 1772716001.616876 2 1
[RUNNING_REQ] 1772716002.054289 2 0
[RUNNING_REQ] 1772716002.231780 1 1
[RUNNING_REQ] 1772716002.433278 2 1
[RUNNING_REQ] 1772716002.680716 4 0
[RUNNING_REQ] 1772716002.845518 4 1
[RUNNING_REQ] 1772716003.360276 2 0
[RUNNING_REQ] 1772716003.558943 1 1
[RUNNING_REQ] 1772716003.778672 2 0
[RUNNING_REQ] 1772716003.994161 2 1
[RUNNING_REQ] 1772716004.126431 3 1
[RUNNING_REQ] 1772716004.382780 4 1
[RUNNING_REQ] 1772716004.685766 4 1
[RUNNING_REQ] 1772716005.050676 3 1
[RUNNING_REQ] 1772716005.359141 2 0
[RUNNING_REQ] 1772716005.541847 2 0
[RUNNING_REQ] 1772716005.741767 2 0
[RUNNING_REQ] 1772716005.931201 1 1
[RUNNING_REQ] 1772716006.082644 2 1
[RUNNING_REQ] 1772716006.971476 0 0
[RUNNING_REQ] 1772716007.174479 1 0
[RUNNING_REQ] 1772716007.387590 3 0
[RUNNING_REQ] 1772716007.545005 3 1
[RUNNING_REQ] 1772716007.739309 3 1
[RUNNING_REQ] 1772716007.863363 4 1
[RUNNING_REQ] 1772716008.078557 5 1
[RUNNING_REQ] 1772716008.223634 5 1
[RUNNING_REQ] 1772716008.355603 5 2
[RUNNING_REQ] 1772716008.571347 7 0
[RUNNING_REQ] 1772716008.858231 2 0
[RUNNING_REQ] 1772716009.498729 1 1
[RUNNING_REQ] 1772716009.689955 2 0
[RUNNING_REQ] 1772716009.837275 2 1
[RUNNING_REQ] 1772716010.032400 4 0
[RUNNING_REQ] 1772716010.170003 3 1
[RUNNING_REQ] 1772716010.415811 2 1
[RUNNING_REQ] 1772716010.728951 3 0
[RUNNING_REQ] 1772716010.917730 3 1
[RUNNING_REQ] 1772716011.127634 4 1
[RUNNING_REQ] 1772716011.611273 2 0
[RUNNING_REQ] 1772716012.019386 2 1
[RUNNING_REQ] 1772716012.207434 2 1
[RUNNING_REQ] 1772716012.363645 3 1
[RUNNING_REQ] 1772716012.584667 5 0
[RUNNING_REQ] 1772716012.786015 5 1
[RUNNING_REQ] 1772716013.196464 1 0
[RUNNING_REQ] 1772716013.660252 1 1
[RUNNING_REQ] 1772716013.856739 2 1
[RUNNING_REQ] 1772716014.010715 4 0
[RUNNING_REQ] 1772716014.142215 5 0
[RUNNING_REQ] 1772716014.307105 5 1
[RUNNING_REQ] 1772716014.441281 6 0
[RUNNING_REQ] 1772716014.695235 4 0
[RUNNING_REQ] 1772716015.059309 1 0
[RUNNING_REQ] 1772716015.301661 0 0
[RUNNING_REQ] 1772716015.492081 0 1
[RUNNING_REQ] 1772716015.686867 1 1
[RUNNING_REQ] 1772716015.826769 2 1
[RUNNING_REQ] 1772716015.966245 2 1
[RUNNING_REQ] 1772716016.102895 3 2
[RUNNING_REQ] 1772716016.250833 5 0
[RUNNING_REQ] 1772716016.411097 6 1
[RUNNING_REQ] 1772716016.608012 7 2
[RUNNING_REQ] 1772716016.814787 7 2
[RUNNING_REQ] 1772716016.974207 9 2
[RUNNING_REQ] 1772716017.187581 9 2
[RUNNING_REQ] 1772716017.370360 10 2
[RUNNING_REQ] 1772716017.544901 12 2
[RUNNING_REQ] 1772716017.742049 14 0
[RUNNING_REQ] 1772716019.312567 0 0
[RUNNING_REQ] 1772716019.454914 0 1
[RUNNING_REQ] 1772716019.675418 2 0
[RUNNING_REQ] 1772716019.890355 3 1
[RUNNING_REQ] 1772716020.045059 4 1
[RUNNING_REQ] 1772716020.347733 3 0
[RUNNING_REQ] 1772716020.525469 2 1
[RUNNING_REQ] 1772716020.887373 2 1
[RUNNING_REQ] 1772716021.108400 3 0
[RUNNING_REQ] 1772716021.579142 1 0
[RUNNING_REQ] 1772716021.897817 1 1
[RUNNING_REQ] 1772716022.095647 3 0
[RUNNING_REQ] 1772716022.243418 4 0
[RUNNING_REQ] 1772716022.526449 3 1
[RUNNING_REQ] 1772716022.802773 4 1
[RUNNING_REQ] 1772716022.979098 5 0
[RUNNING_REQ] 1772716023.222067 6 0
[RUNNING_REQ] 1772716023.449328 4 1
[RUNNING_REQ] 1772716023.683642 3 0
[RUNNING_REQ] 1772716023.926220 3 0
[RUNNING_REQ] 1772716024.105605 3 0
[RUNNING_REQ] 1772716024.301773 2 1
[RUNNING_REQ] 1772716024.455549 2 1
[RUNNING_REQ] 1772716024.833114 3 1
[RUNNING_REQ] 1772716025.048108 4 1
[RUNNING_REQ] 1772716025.489602 2 1
[RUNNING_REQ] 1772716025.830182 2 1
[RUNNING_REQ] 1772716026.073028 3 0
[RUNNING_REQ] 1772716026.330180 3 1
[RUNNING_REQ] 1772716026.645487 4 0
[RUNNING_REQ] 1772716026.782562 4 1
[RUNNING_REQ] 1772716027.025624 4 1
[RUNNING_REQ] 1772716027.238830 4 1
[RUNNING_REQ] 1772716027.676649 0 0
[RUNNING_REQ] 1772716027.997823 2 0
[RUNNING_REQ] 1772716028.353357 2 0
[RUNNING_REQ] 1772716028.710783 2 1
[RUNNING_REQ] 1772716028.922071 2 1
[RUNNING_REQ] 1772716029.088525 3 1
[RUNNING_REQ] 1772716029.226672 4 1
[RUNNING_REQ] 1772716029.420807 5 2
[RUNNING_REQ] 1772716029.562861 5 2
[RUNNING_REQ] 1772716029.750682 6 1
[RUNNING_REQ] 1772716029.964048 7 1
[RUNNING_REQ] 1772716030.213334 5 0
[RUNNING_REQ] 1772716030.960464 1 0
[RUNNING_REQ] 1772716031.160393 1 1
[RUNNING_REQ] 1772716031.308424 2 1
[RUNNING_REQ] 1772716031.438869 3 1
[RUNNING_REQ] 1772716031.584175 4 0
[RUNNING_REQ] 1772716031.848634 5 0
[RUNNING_REQ] 1772716032.069127 7 0
[RUNNING_REQ] 1772716032.343997 7 1
[RUNNING_REQ] 1772716032.678113 7 0
[RUNNING_REQ] 1772716033.171264 4 0
[RUNNING_REQ] 1772716033.588961 2 0
[RUNNING_REQ] 1772716034.050484 2 0
[RUNNING_REQ] 1772716034.266955 3 0
[RUNNING_REQ] 1772716034.411526 3 1
[RUNNING_REQ] 1772716034.553516 3 1
[RUNNING_REQ] 1772716034.709555 4 0
[RUNNING_REQ] 1772716035.285737 2 0
[RUNNING_REQ] 1772716035.481623 2 0
[RUNNING_REQ] 1772716035.677540 1 1
[RUNNING_REQ] 1772716035.824689 2 1
[RUNNING_REQ] 1772716036.030216 3 1
[RUNNING_REQ] 1772716036.172136 3 1
[RUNNING_REQ] 1772716036.631006 1 0
[RUNNING_REQ] 1772716037.008514 1 1
[RUNNING_REQ] 1772716037.190429 2 0
[RUNNING_REQ] 1772716037.387263 2 1
[RUNNING_REQ] 1772716037.515642 3 1
[RUNNING_REQ] 1772716037.641050 3 1
[RUNNING_REQ] 1772716037.844056 4 1
[RUNNING_REQ] 1772716037.983457 5 1
[RUNNING_REQ] 1772716038.124873 5 1
[RUNNING_REQ] 1772716038.381441 7 1
[RUNNING_REQ] 1772716038.518203 7 1
[RUNNING_REQ] 1772716038.702099 7 1
[RUNNING_REQ] 1772716039.595856 1 0
[RUNNING_REQ] 1772716039.826323 1 0
[RUNNING_REQ] 1772716040.138252 1 1
[RUNNING_REQ] 1772716040.283670 2 1
[RUNNING_REQ] 1772716040.430589 2 1
[RUNNING_REQ] 1772716040.640302 4 1
[RUNNING_REQ] 1772716040.897559 5 1
[RUNNING_REQ] 1772716041.540717 0 0
[RUNNING_REQ] 1772716041.699522 1 0
[RUNNING_REQ] 1772716041.854280 2 0
[RUNNING_REQ] 1772716042.110801 2 1
[RUNNING_REQ] 1772716042.244807 2 1
[RUNNING_REQ] 1772716042.451173 3 1
[RUNNING_REQ] 1772716042.614588 4 1
[RUNNING_REQ] 1772716043.364833 1 0
[RUNNING_REQ] 1772716043.645732 1 1
[RUNNING_REQ] 1772716043.816784 2 0
[RUNNING_REQ] 1772716044.119724 3 0
[RUNNING_REQ] 1772716044.438302 2 0
[RUNNING_REQ] 1772716044.591674 3 0
[RUNNING_REQ] 1772716044.822159 3 1
[RUNNING_REQ] 1772716045.033720 3 1
[RUNNING_REQ] 1772716045.186970 3 1
[RUNNING_REQ] 1772716045.380588 3 0
[RUNNING_REQ] 1772716045.924115 0 1
[RUNNING_REQ] 1772716046.115931 2 0
[RUNNING_REQ] 1772716046.445998 2 0
[RUNNING_REQ] 1772716046.626546 1 1
[RUNNING_REQ] 1772716046.782247 2 1
[RUNNING_REQ] 1772716047.003717 3 1
[RUNNING_REQ] 1772716047.258171 4 1
[RUNNING_REQ] 1772716047.482275 6 0
[RUNNING_REQ] 1772716048.260392 0 1
[RUNNING_REQ] 1772716048.467264 1 1
[RUNNING_REQ] 1772716048.630055 3 0
[RUNNING_REQ] 1772716048.961411 3 1
[RUNNING_REQ] 1772716049.200952 3 0
[RUNNING_REQ] 1772716049.603695 2 0
[RUNNING_REQ] 1772716049.821079 2 0
[RUNNING_REQ] 1772716049.962804 2 1
[RUNNING_REQ] 1772716050.186558 1 1
[RUNNING_REQ] 1772716050.506943 2 1
[RUNNING_REQ] 1772716050.884990 0 0
[RUNNING_REQ] 1772716051.100152 1 0
[RUNNING_REQ] 1772716051.236581 1 1
[RUNNING_REQ] 1772716051.399518 3 0
[RUNNING_REQ] 1772716051.669680 3 1
[RUNNING_REQ] 1772716052.124017 2 0
[RUNNING_REQ] 1772716052.557000 2 0
[RUNNING_REQ] 1772716052.698402 2 1
[RUNNING_REQ] 1772716052.898056 3 1
[RUNNING_REQ] 1772716053.042690 3 1
[RUNNING_REQ] 1772716053.242391 4 0
[RUNNING_REQ] 1772716053.482808 1 0
[RUNNING_REQ] 1772716053.927144 2 0
[RUNNING_REQ] 1772716054.079720 2 1
[RUNNING_REQ] 1772716054.284021 3 1
[RUNNING_REQ] 1772716054.535217 3 1
[RUNNING_REQ] 1772716054.851436 4 0
[RUNNING_REQ] 1772716055.158263 3 1
[RUNNING_REQ] 1772716055.396253 2 1
[RUNNING_REQ] 1772716055.781163 2 1
[RUNNING_REQ] 1772716055.985152 4 0
[RUNNING_REQ] 1772716056.206891 3 0
[RUNNING_REQ] 1772716056.601156 1 1
[RUNNING_REQ] 1772716056.755350 3 0
[RUNNING_REQ] 1772716057.005647 2 0
[RUNNING_REQ] 1772716057.366857 2 0
[RUNNING_REQ] 1772716057.557481 1 1
[RUNNING_REQ] 1772716057.744579 1 1
[RUNNING_REQ] 1772716057.924925 2 1
[RUNNING_REQ] 1772716058.066692 3 0
[RUNNING_REQ] 1772716058.323485 1 0
[RUNNING_REQ] 1772716058.700963 1 1
[RUNNING_REQ] 1772716058.908131 3 0
[RUNNING_REQ] 1772716059.054738 4 0
[RUNNING_REQ] 1772716059.224340 4 0
[RUNNING_REQ] 1772716059.471082 5 1
[RUNNING_REQ] 1772716059.722517 5 0
[RUNNING_REQ] 1772716060.165685 3 0
[RUNNING_REQ] 1772716060.410819 2 1
[RUNNING_REQ] 1772716060.561620 3 1
[RUNNING_REQ] 1772716060.760235 3 1
[RUNNING_REQ] 1772716060.965343 3 1
[RUNNING_REQ] 1772716061.117252 4 1
[RUNNING_REQ] 1772716062.150032 0 0
[RUNNING_REQ] 1772716062.357098 0 1
[RUNNING_REQ] 1772716062.502035 1 1
[RUNNING_REQ] 1772716062.643509 2 1
[RUNNING_REQ] 1772716062.783401 3 1
[RUNNING_REQ] 1772716062.951098 4 1
[RUNNING_REQ] 1772716063.159613 6 0
[RUNNING_REQ] 1772716063.476621 7 1
[RUNNING_REQ] 1772716064.133237 1 0
[RUNNING_REQ] 1772716064.594036 1 0
[RUNNING_REQ] 1772716064.739765 1 1
[RUNNING_REQ] 1772716064.960795 2 1
[RUNNING_REQ] 1772716065.392000 1 0
[RUNNING_REQ] 1772716065.842474 1 1
[RUNNING_REQ] 1772716066.002381 3 0
[RUNNING_REQ] 1772716066.216127 4 0
[RUNNING_REQ] 1772716066.464703 4 1
[RUNNING_REQ] 1772716067.062727 1 0
[RUNNING_REQ] 1772716067.268227 1 1
[RUNNING_REQ] 1772716067.440878 3 0
[RUNNING_REQ] 1772716067.844348 3 1
[RUNNING_REQ] 1772716067.994396 4 1
[RUNNING_REQ] 1772716068.144577 5 1
[RUNNING_REQ] 1772716068.292303 5 1
[RUNNING_REQ] 1772716068.946972 1 0
[RUNNING_REQ] 1772716069.214676 1 0
[RUNNING_REQ] 1772716069.434151 1 1
[RUNNING_REQ] 1772716069.656293 3 0
[RUNNING_REQ] 1772716070.019437 3 1
[RUNNING_REQ] 1772716070.232991 4 1
[RUNNING_REQ] 1772716070.454745 6 0
[RUNNING_REQ] 1772716070.811295 7 1
[RUNNING_REQ] 1772716071.731353 0 0
[RUNNING_REQ] 1772716071.942858 0 1
[RUNNING_REQ] 1772716072.072506 2 0
[RUNNING_REQ] 1772716072.355533 2 0
[RUNNING_REQ] 1772716072.668390 3 0
[RUNNING_REQ] 1772716072.875132 3 1
[RUNNING_REQ] 1772716073.000516 3 2
[RUNNING_REQ] 1772716073.233321 6 0
[RUNNING_REQ] 1772716073.494978 6 1
[RUNNING_REQ] 1772716073.691035 7 0
[RUNNING_REQ] 1772716074.536138 0 1
[RUNNING_REQ] 1772716074.672037 1 1
[RUNNING_REQ] 1772716074.812571 2 0
[RUNNING_REQ] 1772716075.016118 2 1
[RUNNING_REQ] 1772716075.217453 3 1
[RUNNING_REQ] 1772716075.381463 4 1
[RUNNING_REQ] 1772716075.646932 5 1
[RUNNING_REQ] 1772716075.857766 6 1
[RUNNING_REQ] 1772716076.114190 6 0
[RUNNING_REQ] 1772716076.977271 1 0
[RUNNING_REQ] 1772716077.119785 1 1
[RUNNING_REQ] 1772716077.302632 1 1
[RUNNING_REQ] 1772716077.492650 2 0
[RUNNING_REQ] 1772716077.639505 2 1
[RUNNING_REQ] 1772716077.839925 3 0
[RUNNING_REQ] 1772716078.162370 3 1
[RUNNING_REQ] 1772716078.393540 3 0
[RUNNING_REQ] 1772716078.627324 2 0
[RUNNING_REQ] 1772716078.821504 2 0
[RUNNING_REQ] 1772716078.975994 2 1
[RUNNING_REQ] 1772716079.183586 3 0
[RUNNING_REQ] 1772716079.390146 2 1
[RUNNING_REQ] 1772716079.599389 2 1
[RUNNING_REQ] 1772716079.800433 2 0
[RUNNING_REQ] 1772716080.254193 2 0
[RUNNING_REQ] 1772716080.406487 3 0
[RUNNING_REQ] 1772716080.594619 3 0
[RUNNING_REQ] 1772716080.831472 1 1
[RUNNING_REQ] 1772716081.037012 2 0
[RUNNING_REQ] 1772716081.162592 2 1
[RUNNING_REQ] 1772716081.363567 3 0
[RUNNING_REQ] 1772716081.557743 3 0
[RUNNING_REQ] 1772716081.755590 2 1
[RUNNING_REQ] 1772716081.904894 2 1
[RUNNING_REQ] 1772716082.110743 3 0
[RUNNING_REQ] 1772716082.584423 1 1
[RUNNING_REQ] 1772716082.779790 3 0
[RUNNING_REQ] 1772716083.026679 3 1
[RUNNING_REQ] 1772716083.420580 3 1
[RUNNING_REQ] 1772716083.917040 2 0
[RUNNING_REQ] 1772716084.116663 1 1
[RUNNING_REQ] 1772716084.321290 2 0
[RUNNING_REQ] 1772716084.539263 3 0
[RUNNING_REQ] 1772716084.911346 2 0
[RUNNING_REQ] 1772716085.113678 2 0
[RUNNING_REQ] 1772716085.280702 2 1
[RUNNING_REQ] 1772716085.703989 2 1
[RUNNING_REQ] 1772716086.036477 2 1
[RUNNING_REQ] 1772716086.368787 3 1
[RUNNING_REQ] 1772716086.587754 2 0
[RUNNING_REQ] 1772716087.031390 1 1
[RUNNING_REQ] 1772716087.722674 0 0
[RUNNING_REQ] 1772716087.873506 1 0
[RUNNING_REQ] 1772716088.029843 1 1
[RUNNING_REQ] 1772716088.244741 2 0
[RUNNING_REQ] 1772716088.599146 1 0
[RUNNING_REQ] 1772716088.780170 1 1
[RUNNING_REQ] 1772716088.934943 2 1
[RUNNING_REQ] 1772716089.377210 2 0
[RUNNING_REQ] 1772716089.650251 2 1
[RUNNING_REQ] 1772716089.836608 2 1
[RUNNING_REQ] 1772716090.049931 3 1
[RUNNING_REQ] 1772716090.215597 3 0
[RUNNING_REQ] 1772716090.561968 4 0
[RUNNING_REQ] 1772716090.821341 2 0
[RUNNING_REQ] 1772716091.228289 2 1
[RUNNING_REQ] 1772716091.407546 2 1
[RUNNING_REQ] 1772716091.563019 3 1
[RUNNING_REQ] 1772716091.711460 4 1
[RUNNING_REQ] 1772716091.918494 5 1
[RUNNING_REQ] 1772716092.251799 5 1
[RUNNING_REQ] 1772716092.435047 5 1
[RUNNING_REQ] 1772716092.641697 5 1
[RUNNING_REQ] 1772716092.827447 5 1
[RUNNING_REQ] 1772716093.069000 4 1
[RUNNING_REQ] 1772716093.609756 0 0
[RUNNING_REQ] 1772716093.791860 1 0
[RUNNING_REQ] 1772716093.925243 2 0
[RUNNING_REQ] 1772716094.081300 3 0
[RUNNING_REQ] 1772716094.226712 3 1
[RUNNING_REQ] 1772716094.542859 3 1
[RUNNING_REQ] 1772716094.738847 3 1
[RUNNING_REQ] 1772716094.983183 2 1
[RUNNING_REQ] 1772716095.202723 4 0
[RUNNING_REQ] 1772716095.357255 5 0
[RUNNING_REQ] 1772716095.483094 4 1
[RUNNING_REQ] 1772716095.678610 4 1
[RUNNING_REQ] 1772716095.959881 1 0
[RUNNING_REQ] 1772716096.438758 2 0
[RUNNING_REQ] 1772716096.587729 1 1
[RUNNING_REQ] 1772716096.987775 3 0
[RUNNING_REQ] 1772716097.387855 2 1
[RUNNING_REQ] 1772716097.630487 2 0
[RUNNING_REQ] 1772716097.823616 1 1
[RUNNING_REQ] 1772716098.209143 2 0
[RUNNING_REQ] 1772716098.364865 2 1
[RUNNING_REQ] 1772716098.574988 3 1
[RUNNING_REQ] 1772716098.795846 4 0
[RUNNING_REQ] 1772716099.182778 5 1
[RUNNING_REQ] 1772716099.343561 6 1
[RUNNING_REQ] 1772716099.551883 7 1
[RUNNING_REQ] 1772716099.890454 7 1
[RUNNING_REQ] 1772716100.944597 0 1
[RUNNING_REQ] 1772716101.166506 1 1
[RUNNING_REQ] 1772716101.326292 3 0
[RUNNING_REQ] 1772716101.498616 3 0
[RUNNING_REQ] 1772716101.850459 2 0
[RUNNING_REQ] 1772716102.099463 2 0
[RUNNING_REQ] 1772716102.397756 3 0
[RUNNING_REQ] 1772716102.590873 2 1
[RUNNING_REQ] 1772716102.776572 2 1
[RUNNING_REQ] 1772716102.974595 2 0
[RUNNING_REQ] 1772716103.223264 2 0
[RUNNING_REQ] 1772716103.372204 2 0
[RUNNING_REQ] 1772716103.748777 2 0
[RUNNING_REQ] 1772716104.199110 1 1
[RUNNING_REQ] 1772716104.408309 2 0
[RUNNING_REQ] 1772716104.600781 1 1
[RUNNING_REQ] 1772716104.752399 2 1
[RUNNING_REQ] 1772716104.960925 3 1
[RUNNING_REQ] 1772716105.125070 4 0
[RUNNING_REQ] 1772716105.239590 5 0
[RUNNING_REQ] 1772716105.518182 3 1
[RUNNING_REQ] 1772716105.844456 1 0
[RUNNING_REQ] 1772716106.092176 1 0
[RUNNING_REQ] 1772716106.325870 1 1
[RUNNING_REQ] 1772716106.560366 2 1
[RUNNING_REQ] 1772716106.910660 2 0
[RUNNING_REQ] 1772716107.285370 1 0
[RUNNING_REQ] 1772716107.612859 3 1
[RUNNING_REQ] 1772716107.824033 4 1
[RUNNING_REQ] 1772716107.954697 4 1
[RUNNING_REQ] 1772716108.436881 0 1
[RUNNING_REQ] 1772716108.676908 2 0
[RUNNING_REQ] 1772716109.445683 0 0
[RUNNING_REQ] 1772716109.603545 0 1
[RUNNING_REQ] 1772716109.753349 1 1
[RUNNING_REQ] 1772716109.904129 2 1
[RUNNING_REQ] 1772716110.108068 3 1
[RUNNING_REQ] 1772716110.236955 3 1
[RUNNING_REQ] 1772716110.461742 3 0
[RUNNING_REQ] 1772716110.810325 0 1
[RUNNING_REQ] 1772716111.157733 1 1
[RUNNING_REQ] 1772716111.358068 2 0
[RUNNING_REQ] 1772716111.533677 2 1
[RUNNING_REQ] 1772716111.732123 4 0
[RUNNING_REQ] 1772716111.928011 3 0
[RUNNING_REQ] 1772716112.064516 3 1
[RUNNING_REQ] 1772716112.341610 2 0
[RUNNING_REQ] 1772716112.529808 1 1
[RUNNING_REQ] 1772716112.726726 1 1
[RUNNING_REQ] 1772716112.929157 1 1
[RUNNING_REQ] 1772716113.097347 2 0
[RUNNING_REQ] 1772716113.303390 2 0
[RUNNING_REQ] 1772716113.492690 1 1
[RUNNING_REQ] 1772716113.694685 1 1
[RUNNING_REQ] 1772716113.850461 2 1
[RUNNING_REQ] 1772716114.064462 4 0
[RUNNING_REQ] 1772716114.355283 5 0
[RUNNING_REQ] 1772716114.653925 2 0
[RUNNING_REQ] 1772716115.097214 1 1
[RUNNING_REQ] 1772716115.259442 2 1
[RUNNING_REQ] 1772716115.464422 4 0
[RUNNING_REQ] 1772716115.626957 4 0
[RUNNING_REQ] 1772716115.887124 5 1
[RUNNING_REQ] 1772716116.180417 3 0
[RUNNING_REQ] 1772716116.700276 1 1
[RUNNING_REQ] 1772716116.913428 3 0
[RUNNING_REQ] 1772716117.072562 3 0
[RUNNING_REQ] 1772716117.453396 2 1
[RUNNING_REQ] 1772716117.647567 2 1
[RUNNING_REQ] 1772716117.793685 2 1
[RUNNING_REQ] 1772716118.155305 3 0
[RUNNING_REQ] 1772716118.353677 4 1
[RUNNING_REQ] 1772716118.513821 5 0
[RUNNING_REQ] 1772716118.847812 5 1
[RUNNING_REQ] 1772716119.112822 3 0
[RUNNING_REQ] 1772716119.732522 0 1
[RUNNING_REQ] 1772716119.948918 1 1
[RUNNING_REQ] 1772716120.112642 3 0
[RUNNING_REQ] 1772716120.308411 4 0
[RUNNING_REQ] 1772716120.783787 2 0
[RUNNING_REQ] 1772716121.312136 0 1
[RUNNING_REQ] 1772716121.462824 1 1
[RUNNING_REQ] 1772716121.664355 3 0
[RUNNING_REQ] 1772716121.809129 4 0
[RUNNING_REQ] 1772716121.966396 4 1
[RUNNING_REQ] 1772716122.331586 4 1
[RUNNING_REQ] 1772716122.645002 3 0
[RUNNING_REQ] 1772716123.242203 1 1
[RUNNING_REQ] 1772716123.453712 2 0
[RUNNING_REQ] 1772716123.592234 2 1
[RUNNING_REQ] 1772716123.749959 3 1
[RUNNING_REQ] 1772716123.964549 4 1
[RUNNING_REQ] 1772716124.123970 5 1
[RUNNING_REQ] 1772716124.267039 5 1
[RUNNING_REQ] 1772716124.473741 6 0
[RUNNING_REQ] 1772716125.582440 0 1
[RUNNING_REQ] 1772716125.803114 2 0
[RUNNING_REQ] 1772716125.948415 2 1
[RUNNING_REQ] 1772716126.091395 3 1
[RUNNING_REQ] 1772716126.252470 5 0
[RUNNING_REQ] 1772716126.381058 4 1
[RUNNING_REQ] 1772716126.578063 4 0
[RUNNING_REQ] 1772716126.884601 3 0
[RUNNING_REQ] 1772716127.115622 2 0
[RUNNING_REQ] 1772716127.384680 1 0
[RUNNING_REQ] 1772716127.509377 2 0
[RUNNING_REQ] 1772716127.711185 2 1
[RUNNING_REQ] 1772716127.857872 2 1
[RUNNING_REQ] 1772716128.186194 4 0
[RUNNING_REQ] 1772716128.481479 1 0
[RUNNING_REQ] 1772716128.858299 1 1
[RUNNING_REQ] 1772716129.066262 2 1
[RUNNING_REQ] 1772716129.232908 3 1
[RUNNING_REQ] 1772716129.605830 2 0
[RUNNING_REQ] 1772716130.039652 1 1
[RUNNING_REQ] 1772716130.237830 2 0
[RUNNING_REQ] 1772716130.447133 3 0
[RUNNING_REQ] 1772716130.599980 4 0
[RUNNING_REQ] 1772716130.798734 2 0
[RUNNING_REQ] 1772716131.190228 2 1
[RUNNING_REQ] 1772716131.524823 3 1
[RUNNING_REQ] 1772716131.742894 4 1
[RUNNING_REQ] 1772716131.913795 5 1
[RUNNING_REQ] 1772716132.183838 6 1
[RUNNING_REQ] 1772716132.394776 6 1
[RUNNING_REQ] 1772716132.750224 6 1
[RUNNING_REQ] 1772716133.563244 0 1
[RUNNING_REQ] 1772716133.730983 1 1
[RUNNING_REQ] 1772716133.937640 3 0
[RUNNING_REQ] 1772716134.098010 3 0
[RUNNING_REQ] 1772716134.221487 3 1
[RUNNING_REQ] 1772716134.579804 3 1
[RUNNING_REQ] 1772716134.755077 5 0
[RUNNING_REQ] 1772716134.969197 3 1
[RUNNING_REQ] 1772716135.127903 4 0
[RUNNING_REQ] 1772716135.716160 0 1
[RUNNING_REQ] 1772716135.870383 0 1
[RUNNING_REQ] 1772716136.213795 2 1
[RUNNING_REQ] 1772716136.421254 3 1
[RUNNING_REQ] 1772716136.581460 5 0
[RUNNING_REQ] 1772716136.906810 4 1
[RUNNING_REQ] 1772716137.098700 4 1
[RUNNING_REQ] 1772716137.678983 0 1
[RUNNING_REQ] 1772716137.911298 1 1
[RUNNING_REQ] 1772716138.139175 4 0
[RUNNING_REQ] 1772716138.329276 3 1
[RUNNING_REQ] 1772716138.531871 3 1
[RUNNING_REQ] 1772716138.786113 2 0
[RUNNING_REQ] 1772716139.152916 2 1
[RUNNING_REQ] 1772716139.355337 3 0
[RUNNING_REQ] 1772716139.508163 3 1
[RUNNING_REQ] 1772716139.778725 2 0
[RUNNING_REQ] 1772716140.214887 1 1
[RUNNING_REQ] 1772716140.410908 2 0
[RUNNING_REQ] 1772716141.110522 0 0
[RUNNING_REQ] 1772716141.267722 0 1
[RUNNING_REQ] 1772716141.459458 1 1
[RUNNING_REQ] 1772716141.613887 3 0
[RUNNING_REQ] 1772716141.772064 3 0
[RUNNING_REQ] 1772716142.249482 0 0
[RUNNING_REQ] 1772716142.567891 1 1
[RUNNING_REQ] 1772716142.772514 2 1
[RUNNING_REQ] 1772716142.916967 3 1
[RUNNING_REQ] 1772716143.179671 4 0
[RUNNING_REQ] 1772716143.331741 4 1
[RUNNING_REQ] 1772716143.536558 6 1
[RUNNING_REQ] 1772716143.693008 6 1
[RUNNING_REQ] 1772716144.267483 0 0
[RUNNING_REQ] 1772716144.586651 1 1
[RUNNING_REQ] 1772716144.783292 1 1
[RUNNING_REQ] 1772716144.991467 3 0
[RUNNING_REQ] 1772716145.157284 3 0
[RUNNING_REQ] 1772716145.669954 1 0
[RUNNING_REQ] 1772716145.878779 2 0
[RUNNING_REQ] 1772716146.040845 2 0
[RUNNING_REQ] 1772716146.416883 1 1
[RUNNING_REQ] 1772716146.608783 1 1
[RUNNING_REQ] 1772716146.766680 3 0
[RUNNING_REQ] 1772716147.059067 3 0
[RUNNING_REQ] 1772716147.207419 4 1
[RUNNING_REQ] 1772716147.402981 4 1
[RUNNING_REQ] 1772716147.602831 4 1
[RUNNING_REQ] 1772716147.797938 4 1
[RUNNING_REQ] 1772716148.109257 2 0
[RUNNING_REQ] 1772716148.531213 2 0
[RUNNING_REQ] 1772716148.726056 3 0
[RUNNING_REQ] 1772716149.107691 0 0
[RUNNING_REQ] 1772716149.368038 0 1
[RUNNING_REQ] 1772716149.593178 1 1
[RUNNING_REQ] 1772716149.829302 3 1
[RUNNING_REQ] 1772716150.051566 5 0
[RUNNING_REQ] 1772716150.184719 5 1
[RUNNING_REQ] 1772716150.353639 6 0
[RUNNING_REQ] 1772716151.070945 0 0
[RUNNING_REQ] 1772716151.401675 1 1
[RUNNING_REQ] 1772716151.560249 3 0
[RUNNING_REQ] 1772716151.786542 4 0
[RUNNING_REQ] 1772716151.927382 3 0
[RUNNING_REQ] 1772716152.227479 1 1
[RUNNING_REQ] 1772716152.437982 2 0
[RUNNING_REQ] 1772716152.648295 3 0
[RUNNING_REQ] 1772716152.798570 3 0
[RUNNING_REQ] 1772716152.973642 3 0
[RUNNING_REQ] 1772716153.117597 3 1
[RUNNING_REQ] 1772716153.324279 3 1
[RUNNING_REQ] 1772716153.511367 3 1
[RUNNING_REQ] 1772716153.764635 2 1
[RUNNING_REQ] 1772716153.926028 3 1
[RUNNING_REQ] 1772716154.145324 4 1
[RUNNING_REQ] 1772716154.290130 4 1
[RUNNING_REQ] 1772716154.500105 5 0
[RUNNING_REQ] 1772716155.461469 0 1
[RUNNING_REQ] 1772716155.673426 2 0
[RUNNING_REQ] 1772716155.835926 2 1
[RUNNING_REQ] 1772716155.991649 4 0
[RUNNING_REQ] 1772716156.175166 3 0
[RUNNING_REQ] 1772716156.662542 2 0
[RUNNING_REQ] 1772716156.847226 1 1
[RUNNING_REQ] 1772716157.023235 1 1
[RUNNING_REQ] 1772716157.237254 2 0
[RUNNING_REQ] 1772716157.362356 2 1
[RUNNING_REQ] 1772716157.572935 3 1
[RUNNING_REQ] 1772716157.870288 4 1
[RUNNING_REQ] 1772716158.019496 4 0
[RUNNING_REQ] 1772716158.512727 3 1
[RUNNING_REQ] 1772716158.929072 0 0
[RUNNING_REQ] 1772716159.143932 0 1
[RUNNING_REQ] 1772716159.287121 1 1
[RUNNING_REQ] 1772716159.451741 3 0
[RUNNING_REQ] 1772716159.687389 4 1
[RUNNING_REQ] 1772716159.951803 3 0
[RUNNING_REQ] 1772716160.474259 1 0
[RUNNING_REQ] 1772716160.679854 2 0
[RUNNING_REQ] 1772716160.827466 2 1
[RUNNING_REQ] 1772716160.968534 3 1
[RUNNING_REQ] 1772716161.127697 3 1
[RUNNING_REQ] 1772716161.393608 5 1
[RUNNING_REQ] 1772716161.548052 6 1
[RUNNING_REQ] 1772716161.704530 7 1
[RUNNING_REQ] 1772716161.994774 5 1
[RUNNING_REQ] 1772716162.470423 0 0
[RUNNING_REQ] 1772716162.837416 0 1
[RUNNING_REQ] 1772716163.004711 2 0
[RUNNING_REQ] 1772716163.219505 1 1
[RUNNING_REQ] 1772716163.529831 2 1
[RUNNING_REQ] 1772716163.727751 3 0
[RUNNING_REQ] 1772716163.882323 3 1
[RUNNING_REQ] 1772716164.074407 3 1
[RUNNING_REQ] 1772716164.342437 2 1
[RUNNING_REQ] 1772716164.559166 3 1
[RUNNING_REQ] 1772716164.705355 2 0
[RUNNING_REQ] 1772716165.281927 1 0
[RUNNING_REQ] 1772716165.442719 1 1
[RUNNING_REQ] 1772716165.786636 2 1
[RUNNING_REQ] 1772716165.981005 2 1
[RUNNING_REQ] 1772716166.387141 2 0
[RUNNING_REQ] 1772716166.648577 1 1
[RUNNING_REQ] 1772716166.835775 2 0
[RUNNING_REQ] 1772716167.055749 3 0
[RUNNING_REQ] 1772716167.753093 0 0
[RUNNING_REQ] 1772716167.912760 0 1
[RUNNING_REQ] 1772716168.059054 1 1
[RUNNING_REQ] 1772716168.287755 3 0
[RUNNING_REQ] 1772716168.526577 5 0
[RUNNING_REQ] 1772716168.777113 3 1
[RUNNING_REQ] 1772716168.963454 3 1
[RUNNING_REQ] 1772716169.198695 2 1
[RUNNING_REQ] 1772716169.358126 3 1
[RUNNING_REQ] 1772716169.674359 4 1
[RUNNING_REQ] 1772716170.325207 1 0
[RUNNING_REQ] 1772716170.648667 2 0
[RUNNING_REQ] 1772716170.802331 3 0
[RUNNING_REQ] 1772716171.057775 1 0
[RUNNING_REQ] 1772716171.357994 1 1
[RUNNING_REQ] 1772716171.548110 2 1
[RUNNING_REQ] 1772716171.754535 3 0
[RUNNING_REQ] 1772716172.010642 1 0
[RUNNING_REQ] 1772716172.386146 2 0
[RUNNING_REQ] 1772716172.681168 3 0
[RUNNING_REQ] 1772716172.903739 3 0
[RUNNING_REQ] 1772716173.148610 2 0
[RUNNING_REQ] 1772716173.346393 1 1
[RUNNING_REQ] 1772716173.545317 1 1
[RUNNING_REQ] 1772716173.776200 3 0
[RUNNING_REQ] 1772716174.063383 4 0
[RUNNING_REQ] 1772716174.354870 3 0
[RUNNING_REQ] 1772716174.612082 1 1
[RUNNING_REQ] 1772716174.880625 1 0
[RUNNING_REQ] 1772716175.104354 1 0
[RUNNING_REQ] 1772716175.389701 2 1
[RUNNING_REQ] 1772716175.544905 3 1
[RUNNING_REQ] 1772716175.784869 2 1
[RUNNING_REQ] 1772716175.935842 3 1
[RUNNING_REQ] 1772716176.100766 5 0
[RUNNING_REQ] 1772716176.761955 1 0
[RUNNING_REQ] 1772716176.989767 2 0
[RUNNING_REQ] 1772716177.131274 2 0
[RUNNING_REQ] 1772716177.313178 1 1
[RUNNING_REQ] 1772716177.522443 2 1
[RUNNING_REQ] 1772716177.808521 3 1
[RUNNING_REQ] 1772716177.971397 4 1
[RUNNING_REQ] 1772716178.130378 5 1
[RUNNING_REQ] 1772716179.149637 0 0
[RUNNING_REQ] 1772716179.358459 0 1
[RUNNING_REQ] 1772716179.527926 2 0
[RUNNING_REQ] 1772716179.679227 3 0
[RUNNING_REQ] 1772716179.851991 4 0
[RUNNING_REQ] 1772716180.091858 5 1
[RUNNING_REQ] 1772716180.816593 0 0
[RUNNING_REQ] 1772716181.036976 0 1
[RUNNING_REQ] 1772716181.190540 2 0
[RUNNING_REQ] 1772716181.326016 2 1
[RUNNING_REQ] 1772716181.439665 4 0
[RUNNING_REQ] 1772716181.688736 2 0
[RUNNING_REQ] 1772716181.953583 1 0
[RUNNING_REQ] 1772716182.138613 1 1
[RUNNING_REQ] 1772716182.298046 2 1
[RUNNING_REQ] 1772716182.514856 3 1
[RUNNING_REQ] 1772716182.788088 4 0
[RUNNING_REQ] 1772716182.947054 5 1
[RUNNING_REQ] 1772716183.651679 1 0
[RUNNING_REQ] 1772716183.823745 0 1
[RUNNING_REQ] 1772716183.979756 1 1
[RUNNING_REQ] 1772716184.198559 1 1
[RUNNING_REQ] 1772716184.466316 3 0
[RUNNING_REQ] 1772716184.618920 4 0
[RUNNING_REQ] 1772716184.856913 5 0
[RUNNING_REQ] 1772716185.624816 1 0
[RUNNING_REQ] 1772716185.789913 1 1
[RUNNING_REQ] 1772716185.945963 2 1
[RUNNING_REQ] 1772716186.113155 3 1
[RUNNING_REQ] 1772716186.336801 4 0
[RUNNING_REQ] 1772716186.522040 3 1
[RUNNING_REQ] 1772716186.849525 2 0
[RUNNING_REQ] 1772716187.047265 1 1
[RUNNING_REQ] 1772716187.248096 3 0
[RUNNING_REQ] 1772716187.431550 2 0
[RUNNING_REQ] 1772716187.639704 1 1
[RUNNING_REQ] 1772716187.972284 2 1
[RUNNING_REQ] 1772716188.161685 2 0
[RUNNING_REQ] 1772716188.405507 1 1
[RUNNING_REQ] 1772716188.615856 2 1
[RUNNING_REQ] 1772716188.754117 2 0
[RUNNING_REQ] 1772716188.957478 1 1
[RUNNING_REQ] 1772716189.913250 0 0
[RUNNING_REQ] 1772716190.092835 1 0
[RUNNING_REQ] 1772716190.244744 1 1
[RUNNING_REQ] 1772716190.416796 3 0
[RUNNING_REQ] 1772716190.629043 4 0
[RUNNING_REQ] 1772716190.774615 4 1
[RUNNING_REQ] 1772716191.001929 7 0
[RUNNING_REQ] 1772716191.141781 6 1
[RUNNING_REQ] 1772716191.296983 7 1
[RUNNING_REQ] 1772716192.194703 0 1
[RUNNING_REQ] 1772716192.349711 0 1
[RUNNING_REQ] 1772716192.505630 2 1
[RUNNING_REQ] 1772716192.725677 3 1
[RUNNING_REQ] 1772716192.856744 5 0
[RUNNING_REQ] 1772716193.034090 4 0
[RUNNING_REQ] 1772716193.457533 3 1
[RUNNING_REQ] 1772716193.696315 2 1
[RUNNING_REQ] 1772716193.915546 3 0
[RUNNING_REQ] 1772716194.109450 3 0
[RUNNING_REQ] 1772716194.548768 1 1
[RUNNING_REQ] 1772716194.755487 1 1
[RUNNING_REQ] 1772716194.925086 2 1
[RUNNING_REQ] 1772716195.096205 3 1
[RUNNING_REQ] 1772716195.416143 4 0
[RUNNING_REQ] 1772716195.847081 3 1
[RUNNING_REQ] 1772716196.019255 4 1
[RUNNING_REQ] 1772716196.219039 4 1
[RUNNING_REQ] 1772716196.558270 5 0
[RUNNING_REQ] 1772716197.252143 0 1
[RUNNING_REQ] 1772716197.408907 1 1
[RUNNING_REQ] 1772716197.612240 2 1
[RUNNING_REQ] 1772716197.784312 3 1
[RUNNING_REQ] 1772716198.058715 4 0
[RUNNING_REQ] 1772716198.281554 5 1
[RUNNING_REQ] 1772716198.441287 6 1
[RUNNING_REQ] 1772716198.615146 5 0
[RUNNING_REQ] 1772716199.398841 0 1
[RUNNING_REQ] 1772716199.600739 1 1
[RUNNING_REQ] 1772716199.761378 2 1
[RUNNING_REQ] 1772716199.901580 3 1
[RUNNING_REQ] 1772716200.026993 3 1
[RUNNING_REQ] 1772716200.185866 4 2
[RUNNING_REQ] 1772716201.223660 0 0
[RUNNING_REQ] 1772716201.405553 0 1
[RUNNING_REQ] 1772716201.569341 1 1
[RUNNING_REQ] 1772716201.723360 3 0
[RUNNING_REQ] 1772716201.886689 4 0
[RUNNING_REQ] 1772716202.121769 4 1
[RUNNING_REQ] 1772716202.557676 1 0
[RUNNING_REQ] 1772716202.934143 1 1
[RUNNING_REQ] 1772716203.144196 2 1
[RUNNING_REQ] 1772716203.308509 2 1
[RUNNING_REQ] 1772716203.586668 4 1
[RUNNING_REQ] 1772716203.752115 4 1
[RUNNING_REQ] 1772716204.473772 0 0
[RUNNING_REQ] 1772716204.817481 1 1
[RUNNING_REQ] 1772716204.965313 2 0
[RUNNING_REQ] 1772716205.118197 3 0
[RUNNING_REQ] 1772716205.342885 4 0
[RUNNING_REQ] 1772716205.563109 6 1
[RUNNING_REQ] 1772716205.720508 7 1
[RUNNING_REQ] 1772716205.885876 7 1
[RUNNING_REQ] 1772716206.853568 1 0
[RUNNING_REQ] 1772716207.142790 1 1
[RUNNING_REQ] 1772716207.313632 2 0
[RUNNING_REQ] 1772716207.438440 2 1
[RUNNING_REQ] 1772716207.670948 2 0
[RUNNING_REQ] 1772716208.035375 2 1
[RUNNING_REQ] 1772716208.245316 2 1
[RUNNING_REQ] 1772716208.463740 3 1
[RUNNING_REQ] 1772716208.744466 4 1
[RUNNING_REQ] 1772716209.021058 3 0
[RUNNING_REQ] 1772716209.501474 2 0
[RUNNING_REQ] 1772716209.695493 1 1
[RUNNING_REQ] 1772716209.848192 2 1
[RUNNING_REQ] 1772716210.076437 4 0
[RUNNING_REQ] 1772716210.220345 4 1
[RUNNING_REQ] 1772716211.131145 0 0
[RUNNING_REQ] 1772716211.344176 1 0
[RUNNING_REQ] 1772716211.575125 2 1
[RUNNING_REQ] 1772716211.733237 3 1
[RUNNING_REQ] 1772716212.127256 4 0
[RUNNING_REQ] 1772716212.346901 3 1
[RUNNING_REQ] 1772716212.687636 1 0
[RUNNING_REQ] 1772716213.078782 1 1
[RUNNING_REQ] 1772716213.293617 2 1
[RUNNING_REQ] 1772716213.428998 2 1
[RUNNING_REQ] 1772716213.896645 1 0
[RUNNING_REQ] 1772716214.142456 0 1
[RUNNING_REQ] 1772716214.373934 1 1
[RUNNING_REQ] 1772716214.596241 2 1
[RUNNING_REQ] 1772716214.757695 4 1
[RUNNING_REQ] 1772716215.062999 6 0
[RUNNING_REQ] 1772716215.289079 8 0
[RUNNING_REQ] 1772716215.669926 6 0
[RUNNING_REQ] 1772716216.420190 0 1
[RUNNING_REQ] 1772716216.570472 1 1
[RUNNING_REQ] 1772716216.721021 1 1
[RUNNING_REQ] 1772716216.881567 3 1
[RUNNING_REQ] 1772716217.086425 4 1
[RUNNING_REQ] 1772716217.234977 4 1
[RUNNING_REQ] 1772716217.375413 4 2
[RUNNING_REQ] 1772716217.673794 8 0
[RUNNING_REQ] 1772716218.322927 0 0
[RUNNING_REQ] 1772716218.722088 2 0
[RUNNING_REQ] 1772716218.883685 2 1
[RUNNING_REQ] 1772716219.044997 3 0
[RUNNING_REQ] 1772716219.937412 0 0
[RUNNING_REQ] 1772716220.105007 0 1
[RUNNING_REQ] 1772716220.321522 2 0
[RUNNING_REQ] 1772716220.456928 2 1
[RUNNING_REQ] 1772716220.597128 4 0
[RUNNING_REQ] 1772716220.712748 4 1
[RUNNING_REQ] 1772716220.920824 5 1
[RUNNING_REQ] 1772716221.688237 0 0
[RUNNING_REQ] 1772716221.857291 0 1
[RUNNING_REQ] 1772716222.014238 1 1
[RUNNING_REQ] 1772716222.181775 3 0
[RUNNING_REQ] 1772716222.378179 2 1
[RUNNING_REQ] 1772716222.602226 3 0
[RUNNING_REQ] 1772716222.865732 2 0
[RUNNING_REQ] 1772716223.157528 1 0
[RUNNING_REQ] 1772716223.279545 2 0
[RUNNING_REQ] 1772716223.502939 1 0
[RUNNING_REQ] 1772716223.685872 2 0
[RUNNING_REQ] 1772716223.896598 2 0
[RUNNING_REQ] 1772716224.277347 1 1
[RUNNING_REQ] 1772716224.607260 2 0
[RUNNING_REQ] 1772716224.757430 2 1
[RUNNING_REQ] 1772716224.908351 3 1
[RUNNING_REQ] 1772716225.128227 5 1
[RUNNING_REQ] 1772716225.293854 6 1
[RUNNING_REQ] 1772716225.563867 6 1
[RUNNING_REQ] 1772716225.781733 8 1
[RUNNING_REQ] 1772716225.942695 8 1
[RUNNING_REQ] 1772716226.255809 8 1
[RUNNING_REQ] 1772716226.560671 6 0
[RUNNING_REQ] 1772716227.631055 1 0
[RUNNING_REQ] 1772716227.785064 1 1
[RUNNING_REQ] 1772716227.930779 2 1
[RUNNING_REQ] 1772716228.101615 4 0
[RUNNING_REQ] 1772716228.991547 0 1
[RUNNING_REQ] 1772716229.140087 1 1
[RUNNING_REQ] 1772716229.287562 2 1
[RUNNING_REQ] 1772716229.435448 3 1
[RUNNING_REQ] 1772716229.592611 4 1
[RUNNING_REQ] 1772716229.757890 5 1
[RUNNING_REQ] 1772716229.945896 5 1
[RUNNING_REQ] 1772716230.155353 5 1
[RUNNING_REQ] 1772716230.646977 0 0
[RUNNING_REQ] 1772716231.007255 1 1
[RUNNING_REQ] 1772716231.183894 2 1
[RUNNING_REQ] 1772716231.541669 3 1
[RUNNING_REQ] 1772716231.740874 3 1
[RUNNING_REQ] 1772716231.906486 4 1
[RUNNING_REQ] 1772716232.100241 4 1
[RUNNING_REQ] 1772716232.345198 4 0
[RUNNING_REQ] 1772716232.588234 2 0
[RUNNING_REQ] 1772716233.022861 1 1
[RUNNING_REQ] 1772716233.225064 2 1
[RUNNING_REQ] 1772716233.383021 3 1
[RUNNING_REQ] 1772716233.552628 4 0
[RUNNING_REQ] 1772716233.879775 4 1
[RUNNING_REQ] 1772716234.527201 0 1
[RUNNING_REQ] 1772716234.693038 2 0
[RUNNING_REQ] 1772716234.859513 1 0
[RUNNING_REQ] 1772716235.189179 1 1
[RUNNING_REQ] 1772716235.353793 2 0
[RUNNING_REQ] 1772716235.581824 1 1
[RUNNING_REQ] 1772716235.846070 1 1
[RUNNING_REQ] 1772716236.056910 2 1
[RUNNING_REQ] 1772716236.210982 3 1
[RUNNING_REQ] 1772716236.367713 4 1
[RUNNING_REQ] 1772716236.543490 6 0
[RUNNING_REQ] 1772716236.698580 6 0
[RUNNING_REQ] 1772716237.835560 0 1
[RUNNING_REQ] 1772716237.988364 1 1
[RUNNING_REQ] 1772716238.200530 3 0
[RUNNING_REQ] 1772716238.311119 3 1
[RUNNING_REQ] 1772716238.516486 4 1
[RUNNING_REQ] 1772716238.679153 4 0
[RUNNING_REQ] 1772716239.266346 2 0
[RUNNING_REQ] 1772716239.481478 2 1
[RUNNING_REQ] 1772716239.656620 3 0
[RUNNING_REQ] 1772716239.977526 4 0
[RUNNING_REQ] 1772716240.611737 1 1
[RUNNING_REQ] 1772716240.915989 1 0
[RUNNING_REQ] 1772716241.141939 2 0
[RUNNING_REQ] 1772716241.294899 2 0
[RUNNING_REQ] 1772716241.425396 2 1
[RUNNING_REQ] 1772716241.643406 3 1
[RUNNING_REQ] 1772716241.814169 5 0
[RUNNING_REQ] 1772716242.047306 5 0
[RUNNING_REQ] 1772716242.753495 0 1
[RUNNING_REQ] 1772716242.919485 1 1
[RUNNING_REQ] 1772716243.080169 3 0
[RUNNING_REQ] 1772716243.298051 3 0
[RUNNING_REQ] 1772716243.542828 2 0
[RUNNING_REQ] 1772716243.814109 1 0
[RUNNING_REQ] 1772716243.943523 2 0
[RUNNING_REQ] 1772716244.151198 2 0
[RUNNING_REQ] 1772716244.355826 2 0
[RUNNING_REQ] 1772716244.626661 1 0
[RUNNING_REQ] 1772716244.843649 1 0
[RUNNING_REQ] 1772716245.497582 0 0
[RUNNING_REQ] 1772716245.660308 0 1
[RUNNING_REQ] 1772716245.863153 1 1
[RUNNING_REQ] 1772716246.157033 3 0
[RUNNING_REQ] 1772716246.382459 2 0
[RUNNING_REQ] 1772716246.599216 2 0
[RUNNING_REQ] 1772716246.801018 1 1
[RUNNING_REQ] 1772716247.000312 1 0
[RUNNING_REQ] 1772716247.266550 1 0
[RUNNING_REQ] 1772716247.545507 2 1
[RUNNING_REQ] 1772716247.708985 3 1
[RUNNING_REQ] 1772716247.875340 4 1
[RUNNING_REQ] 1772716248.100066 5 1
[RUNNING_REQ] 1772716248.375185 6 1
[RUNNING_REQ] 1772716249.167774 1 0
[RUNNING_REQ] 1772716249.387213 0 1
[RUNNING_REQ] 1772716249.595816 1 1
[RUNNING_REQ] 1772716249.859967 2 1
[RUNNING_REQ] 1772716250.087663 3 1
[RUNNING_REQ] 1772716250.244856 4 1
[RUNNING_REQ] 1772716250.588235 4 1
[RUNNING_REQ] 1772716251.105700 1 1
[RUNNING_REQ] 1772716251.372306 1 0
[RUNNING_REQ] 1772716251.592030 2 0
[RUNNING_REQ] 1772716251.769261 2 0
[RUNNING_REQ] 1772716252.040235 3 1
[RUNNING_REQ] 1772716252.199772 4 1
[RUNNING_REQ] 1772716252.362025 5 0
[RUNNING_REQ] 1772716253.455418 0 0
[RUNNING_REQ] 1772716253.620765 1 0
[RUNNING_REQ] 1772716253.826927 2 0
[RUNNING_REQ] 1772716253.983023 3 0
[RUNNING_REQ] 1772716254.128892 3 0
[RUNNING_REQ] 1772716254.387007 2 0
[RUNNING_REQ] 1772716254.598173 1 1
[RUNNING_REQ] 1772716254.820229 2 1
[RUNNING_REQ] 1772716254.979677 3 1
[RUNNING_REQ] 1772716255.146463 4 1
[RUNNING_REQ] 1772716255.438921 6 0
[RUNNING_REQ] 1772716255.867611 2 0
[RUNNING_REQ] 1772716256.330322 1 1
[RUNNING_REQ] 1772716256.556673 3 0
[RUNNING_REQ] 1772716256.724414 4 0
[RUNNING_REQ] 1772716257.201466 1 0
[RUNNING_REQ] 1772716257.416826 2 0
[RUNNING_REQ] 1772716257.566853 1 1
[RUNNING_REQ] 1772716257.717884 3 0
[RUNNING_REQ] 1772716257.891551 1 1
[RUNNING_REQ] 1772716258.352538 1 1
[RUNNING_REQ] 1772716258.582934 2 0
[RUNNING_REQ] 1772716258.967748 2 0
[RUNNING_REQ] 1772716259.273673 2 1
[RUNNING_REQ] 1772716259.505232 3 1
[RUNNING_REQ] 1772716259.670232 4 0
[RUNNING_REQ] 1772716259.997438 4 0
[RUNNING_REQ] 1772716260.524218 1 1
[RUNNING_REQ] 1772716260.691887 2 0
[RUNNING_REQ] 1772716261.525062 0 0
[RUNNING_REQ] 1772716261.742786 1 0
[RUNNING_REQ] 1772716261.906695 2 0
[RUNNING_REQ] 1772716262.049525 3 0
[RUNNING_REQ] 1772716262.228706 3 0
[RUNNING_REQ] 1772716262.648975 2 0
[RUNNING_REQ] 1772716262.860213 1 0
[RUNNING_REQ] 1772716263.204880 2 0
[RUNNING_REQ] 1772716263.423657 3 1
[RUNNING_REQ] 1772716263.571263 4 0
[RUNNING_REQ] 1772716263.941411 3 1
[RUNNING_REQ] 1772716264.196018 1 0
[RUNNING_REQ] 1772716264.653266 1 1
[RUNNING_REQ] 1772716264.880859 3 0
[RUNNING_REQ] 1772716265.251231 1 0
[RUNNING_REQ] 1772716265.543206 0 1
[RUNNING_REQ] 1772716265.708026 2 0
[RUNNING_REQ] 1772716265.894024 3 0
[RUNNING_REQ] 1772716266.111916 1 1
[RUNNING_REQ] 1772716266.999205 1 0
[RUNNING_REQ] 1772716267.213008 1 1
[RUNNING_REQ] 1772716267.361717 2 1
[RUNNING_REQ] 1772716267.640371 2 0
[RUNNING_REQ] 1772716267.828661 3 1
[RUNNING_REQ] 1772716267.991739 4 1
[RUNNING_REQ] 1772716268.211416 5 1
[RUNNING_REQ] 1772716268.597033 5 0
[RUNNING_REQ] 1772716269.208013 0 1
[RUNNING_REQ] 1772716269.362934 1 1
[RUNNING_REQ] 1772716269.531682 2 1
[RUNNING_REQ] 1772716269.742719 3 1
[RUNNING_REQ] 1772716269.906968 4 1
[RUNNING_REQ] 1772716270.566164 0 0
[RUNNING_REQ] 1772716270.774580 0 1
[RUNNING_REQ] 1772716270.981657 1 1
[RUNNING_REQ] 1772716271.153553 3 0
[RUNNING_REQ] 1772716271.264452 4 0
[RUNNING_REQ] 1772716271.816782 2 0
[RUNNING_REQ] 1772716272.139492 1 1
[RUNNING_REQ] 1772716272.353231 2 1
[RUNNING_REQ] 1772716272.521604 2 1
[RUNNING_REQ] 1772716272.788089 3 1
[RUNNING_REQ] 1772716272.948010 4 1
[RUNNING_REQ] 1772716273.113514 6 1
[RUNNING_REQ] 1772716273.356085 8 1
[RUNNING_REQ] 1772716273.644391 8 1
[RUNNING_REQ] 1772716274.576474 0 1
[RUNNING_REQ] 1772716274.744379 1 1
[RUNNING_REQ] 1772716274.913285 2 1
[RUNNING_REQ] 1772716275.084558 3 1
[RUNNING_REQ] 1772716275.304968 4 1
[RUNNING_REQ] 1772716275.467100 6 0
[RUNNING_REQ] 1772716276.252465 0 1
[RUNNING_REQ] 1772716276.623756 1 0
[RUNNING_REQ] 1772716276.968485 1 1
[RUNNING_REQ] 1772716277.195463 2 0
[RUNNING_REQ] 1772716277.568177 2 0
[RUNNING_REQ] 1772716277.752966 1 1
[RUNNING_REQ] 1772716277.937445 1 1
[RUNNING_REQ] 1772716278.130206 2 0
[RUNNING_REQ] 1772716278.295267 2 1
[RUNNING_REQ] 1772716278.512288 2 0
[RUNNING_REQ] 1772716278.823922 1 0
[RUNNING_REQ] 1772716278.970372 1 1
[RUNNING_REQ] 1772716279.177979 3 0
[RUNNING_REQ] 1772716279.349990 3 0
[RUNNING_REQ] 1772716279.478998 3 1
[RUNNING_REQ] 1772716279.643788 4 1
[RUNNING_REQ] 1772716279.803753 5 1
[RUNNING_REQ] 1772716280.515184 1 0
[RUNNING_REQ] 1772716280.735579 2 0
[RUNNING_REQ] 1772716281.365276 0 0
[RUNNING_REQ] 1772716281.575758 1 0
[RUNNING_REQ] 1772716281.739261 2 0
[RUNNING_REQ] 1772716281.889406 3 0
[RUNNING_REQ] 1772716282.035139 3 1
[RUNNING_REQ] 1772716282.207360 3 0
[RUNNING_REQ] 1772716282.686936 1 1
[RUNNING_REQ] 1772716282.881301 1 1
[RUNNING_REQ] 1772716283.052476 3 0
[RUNNING_REQ] 1772716283.212799 3 1
[RUNNING_REQ] 1772716283.381353 4 0
[RUNNING_REQ] 1772716283.938797 2 0
[RUNNING_REQ] 1772716284.143325 1 0
[RUNNING_REQ] 1772716284.489649 2 1
[RUNNING_REQ] 1772716284.702765 3 0
[RUNNING_REQ] 1772716285.228204 2 1
[RUNNING_REQ] 1772716285.512189 2 0
[RUNNING_REQ] 1772716285.773197 3 0
[RUNNING_REQ] 1772716286.027019 4 1
[RUNNING_REQ] 1772716286.248277 4 0
[RUNNING_REQ] 1772716286.842970 1 1
[RUNNING_REQ] 1772716287.567127 0 0
[RUNNING_REQ] 1772716287.791269 1 0
[RUNNING_REQ] 1772716287.946471 2 0
[RUNNING_REQ] 1772716288.114442 3 0
[RUNNING_REQ] 1772716288.403484 4 1
[RUNNING_REQ] 1772716288.522514 3 1
[RUNNING_REQ] 1772716289.195838 1 0
[RUNNING_REQ] 1772716289.374937 2 0
[RUNNING_REQ] 1772716289.586703 2 0
[RUNNING_REQ] 1772716289.786595 1 1
[RUNNING_REQ] 1772716289.992816 2 0
[RUNNING_REQ] 1772716290.148306 2 1
[RUNNING_REQ] 1772716290.342146 2 1
[RUNNING_REQ] 1772716290.516976 3 1
[RUNNING_REQ] 1772716290.725663 3 1
[RUNNING_REQ] 1772716290.881398 4 1
[RUNNING_REQ] 1772716291.034083 5 0
[RUNNING_REQ] 1772716291.259549 5 1
[RUNNING_REQ] 1772716291.398803 6 1
[RUNNING_REQ] 1772716291.602315 6 0
[RUNNING_REQ] 1772716292.424959 1 0
[RUNNING_REQ] 1772716292.692018 1 0
[RUNNING_REQ] 1772716292.945594 1 0
[RUNNING_REQ] 1772716293.630793 0 0
[RUNNING_REQ] 1772716293.779729 1 0
[RUNNING_REQ] 1772716293.964314 2 0
[RUNNING_REQ] 1772716294.132375 2 0
[RUNNING_REQ] 1772716294.499922 2 0
[RUNNING_REQ] 1772716294.693333 1 1
[RUNNING_REQ] 1772716294.860415 2 1
[RUNNING_REQ] 1772716295.021020 3 1
[RUNNING_REQ] 1772716295.236130 4 1
[RUNNING_REQ] 1772716295.390145 5 1
[RUNNING_REQ] 1772716295.511068 5 1
[RUNNING_REQ] 1772716295.846233 7 0
[RUNNING_REQ] 1772716296.756766 0 0
[RUNNING_REQ] 1772716296.968302 1 0
[RUNNING_REQ] 1772716297.110494 2 0
[RUNNING_REQ] 1772716297.259782 2 1
[RUNNING_REQ] 1772716297.401546 3 1
[RUNNING_REQ] 1772716297.548366 3 0
[RUNNING_REQ] 1772716297.675405 4 0
[RUNNING_REQ] 1772716297.903848 6 0
[RUNNING_REQ] 1772716298.242157 5 0
[RUNNING_REQ] 1772716298.752412 0 0
[RUNNING_REQ] 1772716298.906260 1 0
[RUNNING_REQ] 1772716299.116956 1 1
[RUNNING_REQ] 1772716299.232399 2 1
[RUNNING_REQ] 1772716299.419349 4 0
[RUNNING_REQ] 1772716299.599197 4 0
[RUNNING_REQ] 1772716300.563931 0 1
[RUNNING_REQ] 1772716300.721254 1 1
[RUNNING_REQ] 1772716300.886420 3 0
[RUNNING_REQ] 1772716301.098382 3 0
[RUNNING_REQ] 1772716301.371060 2 0
[RUNNING_REQ] 1772716301.571932 2 0
[RUNNING_REQ] 1772716301.778701 1 1
[RUNNING_REQ] 1772716302.021038 2 0
[RUNNING_REQ] 1772716302.315551 3 0
[RUNNING_REQ] 1772716302.559370 3 0
[RUNNING_REQ] 1772716302.834691 2 0
[RUNNING_REQ] 1772716303.056145 1 1
[RUNNING_REQ] 1772716303.223558 2 1
[RUNNING_REQ] 1772716303.417903 2 1
[RUNNING_REQ] 1772716303.579327 3 1
[RUNNING_REQ] 1772716303.747014 4 1
[RUNNING_REQ] 1772716303.908206 5 1
[RUNNING_REQ] 1772716304.123658 6 1
[RUNNING_REQ] 1772716304.275591 7 0
[RUNNING_REQ] 1772716304.572118 7 1
[RUNNING_REQ] 1772716304.855690 8 0
[RUNNING_REQ] 1772716305.731555 0 1
[RUNNING_REQ] 1772716305.938514 1 1
[RUNNING_REQ] 1772716306.053177 2 1
[RUNNING_REQ] 1772716306.900838 0 0
[RUNNING_REQ] 1772716307.063006 0 1
[RUNNING_REQ] 1772716307.276630 1 1
[RUNNING_REQ] 1772716307.440674 2 1
[RUNNING_REQ] 1772716307.609054 3 1
[RUNNING_REQ] 1772716307.774774 5 0
[RUNNING_REQ] 1772716308.056104 5 1
[RUNNING_REQ] 1772716308.287449 5 0
[RUNNING_REQ] 1772716308.997072 1 0
[RUNNING_REQ] 1772716309.152042 1 1
[RUNNING_REQ] 1772716309.298821 2 1
[RUNNING_REQ] 1772716309.464788 3 1
[RUNNING_REQ] 1772716309.666787 3 1
[RUNNING_REQ] 1772716310.410097 0 1
[RUNNING_REQ] 1772716310.639911 1 1
[RUNNING_REQ] 1772716310.792520 2 1
[RUNNING_REQ] 1772716310.950229 3 1
[RUNNING_REQ] 1772716311.211964 5 1
[RUNNING_REQ] 1772716311.388756 7 0
[RUNNING_REQ] 1772716312.088235 1 0
[RUNNING_REQ] 1772716312.288003 1 1
[RUNNING_REQ] 1772716312.453399 2 1
[RUNNING_REQ] 1772716312.645770 3 0
[RUNNING_REQ] 1772716313.452967 0 0
[RUNNING_REQ] 1772716313.626524 1 0
[RUNNING_REQ] 1772716313.857457 1 0
[RUNNING_REQ] 1772716314.153653 2 1
[RUNNING_REQ] 1772716314.396738 1 1
[RUNNING_REQ] 1772716314.608745 2 0
[RUNNING_REQ] 1772716314.760921 3 0
[RUNNING_REQ] 1772716314.984144 4 0
[RUNNING_REQ] 1772716315.150339 3 0
[RUNNING_REQ] 1772716315.656550 1 0
[RUNNING_REQ] 1772716315.893828 1 1
[RUNNING_REQ] 1772716316.046568 3 0
[RUNNING_REQ] 1772716316.161213 3 1
[RUNNING_REQ] 1772716316.351891 4 0
[RUNNING_REQ] 1772716316.562943 3 0
[RUNNING_REQ] 1772716317.118422 1 0
[RUNNING_REQ] 1772716317.284584 1 1
[RUNNING_REQ] 1772716317.477141 1 1
[RUNNING_REQ] 1772716317.654932 2 0
[RUNNING_REQ] 1772716317.910348 1 0
[RUNNING_REQ] 1772716318.069925 1 0
[RUNNING_REQ] 1772716318.453124 1 1
[RUNNING_REQ] 1772716318.722720 1 0
[RUNNING_REQ] 1772716318.899868 1 1
[RUNNING_REQ] 1772716319.612071 0 0
[RUNNING_REQ] 1772716319.819892 1 0
[RUNNING_REQ] 1772716320.001014 2 0
[RUNNING_REQ] 1772716320.290945 2 1
[RUNNING_REQ] 1772716320.510452 2 1
[RUNNING_REQ] 1772716320.772806 1 1
[RUNNING_REQ] 1772716321.029778 1 0
[RUNNING_REQ] 1772716321.194485 1 1
[RUNNING_REQ] 1772716321.413153 1 1
[RUNNING_REQ] 1772716321.632633 2 1
[RUNNING_REQ] 1772716321.801155 3 1
[RUNNING_REQ] 1772716322.097371 4 1
[RUNNING_REQ] 1772716322.311526 5 0
[RUNNING_REQ] 1772716322.581410 3 1
[RUNNING_REQ] 1772716323.025291 2 1
[RUNNING_REQ] 1772716323.195672 3 1
[RUNNING_REQ] 1772716323.393379 4 1
[RUNNING_REQ] 1772716323.556991 4 1
[RUNNING_REQ] 1772716323.770499 4 1
[RUNNING_REQ] 1772716323.942925 6 0
[RUNNING_REQ] 1772716324.190644 5 0
[RUNNING_REQ] 1772716324.662922 0 0
[RUNNING_REQ] 1772716324.879473 1 0
[RUNNING_REQ] 1772716325.444247 0 0
[RUNNING_REQ] 1772716325.660263 1 0
[RUNNING_REQ] 1772716325.808565 1 1
[RUNNING_REQ] 1772716325.967009 3 0
[RUNNING_REQ] 1772716326.138392 3 0
[RUNNING_REQ] 1772716326.289905 3 0
[RUNNING_REQ] 1772716326.641314 1 0
[RUNNING_REQ] 1772716326.974120 2 0
[RUNNING_REQ] 1772716327.149644 3 0
[RUNNING_REQ] 1772716327.421762 1 0
[RUNNING_REQ] 1772716327.815257 1 1
[RUNNING_REQ] 1772716327.985011 2 1
[RUNNING_REQ] 1772716328.196404 3 1
[RUNNING_REQ] 1772716328.360821 4 1
[RUNNING_REQ] 1772716328.530795 5 1
[RUNNING_REQ] 1772716328.752348 3 0
[RUNNING_REQ] 1772716329.384641 0 1
[RUNNING_REQ] 1772716329.586733 1 1
[RUNNING_REQ] 1772716329.855713 2 1
[RUNNING_REQ] 1772716330.021460 3 1
[RUNNING_REQ] 1772716330.224873 4 0
[RUNNING_REQ] 1772716330.430413 3 1
[RUNNING_REQ] 1772716331.402569 0 0
[RUNNING_REQ] 1772716331.616966 0 1
[RUNNING_REQ] 1772716331.762826 2 0
[RUNNING_REQ] 1772716331.874412 2 1
[RUNNING_REQ] 1772716332.032478 3 1
[RUNNING_REQ] 1772716332.290522 3 0
[RUNNING_REQ] 1772716332.506414 3 0
[RUNNING_REQ] 1772716332.825838 1 0
[RUNNING_REQ] 1772716333.037562 1 1
[RUNNING_REQ] 1772716333.335510 2 1
[RUNNING_REQ] 1772716333.495413 3 1
[RUNNING_REQ] 1772716333.698767 4 0
[RUNNING_REQ] 1772716334.206039 1 1
[RUNNING_REQ] 1772716334.544595 3 0
[RUNNING_REQ] 1772716334.906904 2 0
[RUNNING_REQ] 1772716335.345264 2 1
[RUNNING_REQ] 1772716335.565478 3 0
[RUNNING_REQ] 1772716336.003984 4 1
[RUNNING_REQ] 1772716336.226020 4 1
[RUNNING_REQ] 1772716337.266258 1 0
[RUNNING_REQ] 1772716337.428961 1 1
[RUNNING_REQ] 1772716337.585549 2 1
[RUNNING_REQ] 1772716337.841526 1 1
[RUNNING_REQ] 1772716338.055765 3 0
[RUNNING_REQ] 1772716338.232365 4 0
[RUNNING_REQ] 1772716338.569530 4 0
[RUNNING_REQ] 1772716339.062757 1 1
[RUNNING_REQ] 1772716339.224363 2 1
[RUNNING_REQ] 1772716339.424120 3 0
[RUNNING_REQ] 1772716339.634447 3 1
[RUNNING_REQ] 1772716339.751911 4 1
[RUNNING_REQ] 1772716339.950076 4 0
[RUNNING_REQ] 1772716340.585131 1 0
[RUNNING_REQ] 1772716340.751285 1 1
[RUNNING_REQ] 1772716340.911201 2 1
[RUNNING_REQ] 1772716341.261575 3 1
[RUNNING_REQ] 1772716341.442337 4 1
[RUNNING_REQ] 1772716341.607836 5 1
[RUNNING_REQ] 1772716342.270884 0 0
[RUNNING_REQ] 1772716343.139173 0 0
[RUNNING_REQ] 1772716343.309079 0 1
[RUNNING_REQ] 1772716343.530411 1 1
[RUNNING_REQ] 1772716343.680855 2 1
[RUNNING_REQ] 1772716343.843424 4 0
[RUNNING_REQ] 1772716344.405627 0 0
[RUNNING_REQ] 1772716344.527538 0 1
[RUNNING_REQ] 1772716344.687063 1 1
[RUNNING_REQ] 1772716344.857104 2 0
[RUNNING_REQ] 1772716345.189166 1 0
[RUNNING_REQ] 1772716345.392728 1 0
[RUNNING_REQ] 1772716345.592371 1 0
[RUNNING_REQ] 1772716345.808831 2 0
[RUNNING_REQ] 1772716345.963099 2 0
[RUNNING_REQ] 1772716346.106528 3 0
[RUNNING_REQ] 1772716346.309932 2 1
[RUNNING_REQ] 1772716346.852395 1 0
[RUNNING_REQ] 1772716347.035753 1 1
[RUNNING_REQ] 1772716347.271356 2 1
[RUNNING_REQ] 1772716347.514553 3 0
[RUNNING_REQ] 1772716347.663255 4 1
[RUNNING_REQ] 1772716347.826467 5 1
[RUNNING_REQ] 1772716348.973689 0 1
[RUNNING_REQ] 1772716349.158200 1 1
[RUNNING_REQ] 1772716349.303868 2 1
[RUNNING_REQ] 1772716349.462565 3 1
[RUNNING_REQ] 1772716349.784791 2 0
[RUNNING_REQ] 1772716350.163124 1 1
[RUNNING_REQ] 1772716350.327242 2 1
[RUNNING_REQ] 1772716350.496328 3 1
[RUNNING_REQ] 1772716350.707081 4 1
[RUNNING_REQ] 1772716350.821778 5 1
[RUNNING_REQ] 1772716351.042531 6 0
[RUNNING_REQ] 1772716351.789185 0 1
[RUNNING_REQ] 1772716351.959679 1 1
[RUNNING_REQ] 1772716352.115497 2 1
[RUNNING_REQ] 1772716352.277592 4 0
[RUNNING_REQ] 1772716352.852694 1 0
[RUNNING_REQ] 1772716353.063214 0 1
[RUNNING_REQ] 1772716353.277167 1 0
[RUNNING_REQ] 1772716353.499240 1 0
[RUNNING_REQ] 1772716353.640992 1 1
[RUNNING_REQ] 1772716353.846276 1 1
[RUNNING_REQ] 1772716354.525186 0 0
[RUNNING_REQ] 1772716354.813124 2 0
[RUNNING_REQ] 1772716354.984713 2 1
[RUNNING_REQ] 1772716355.180717 2 0
[RUNNING_REQ] 1772716355.441323 1 1
[RUNNING_REQ] 1772716355.602383 3 0
[RUNNING_REQ] 1772716355.806344 2 1
[RUNNING_REQ] 1772716355.966784 3 1
[RUNNING_REQ] 1772716356.239232 2 0
[RUNNING_REQ] 1772716356.487142 2 0
[RUNNING_REQ] 1772716356.687740 1 1
[RUNNING_REQ] 1772716356.857852 2 1
[RUNNING_REQ] 1772716357.071164 3 0
[RUNNING_REQ] 1772716357.227465 4 0
[RUNNING_REQ] 1772716357.434608 3 1
[RUNNING_REQ] 1772716357.887619 2 1
[RUNNING_REQ] 1772716358.102000 2 1
[RUNNING_REQ] 1772716358.292022 2 1
[RUNNING_REQ] 1772716358.508933 4 0
[RUNNING_REQ] 1772716359.018750 1 0
[RUNNING_REQ] 1772716359.710895 0 0
[RUNNING_REQ] 1772716359.933783 1 0
[RUNNING_REQ] 1772716360.185128 2 1
[RUNNING_REQ] 1772716360.399028 2 1
[RUNNING_REQ] 1772716360.566362 3 1
[RUNNING_REQ] 1772716360.838644 1 0
[RUNNING_REQ] 1772716361.313383 2 0
[RUNNING_REQ] 1772716361.546734 3 0
[RUNNING_REQ] 1772716362.071026 2 1
[RUNNING_REQ] 1772716362.285381 2 1
[RUNNING_REQ] 1772716362.487582 2 1
[RUNNING_REQ] 1772716362.661129 3 1
[RUNNING_REQ] 1772716362.868100 4 0
[RUNNING_REQ] 1772716363.002342 4 0
[RUNNING_REQ] 1772716363.303705 2 0
[RUNNING_REQ] 1772716363.815561 1 0
[RUNNING_REQ] 1772716363.985682 1 1
[RUNNING_REQ] 1772716364.206499 2 1
[RUNNING_REQ] 1772716364.367415 4 0
[RUNNING_REQ] 1772716365.336284 0 0
[RUNNING_REQ] 1772716365.497034 0 1
[RUNNING_REQ] 1772716365.701249 0 1
[RUNNING_REQ] 1772716365.863930 1 1
[RUNNING_REQ] 1772716366.022328 2 1
[RUNNING_REQ] 1772716366.238361 3 1
[RUNNING_REQ] 1772716366.355436 4 1
[RUNNING_REQ] 1772716366.563975 4 1
[RUNNING_REQ] 1772716366.844581 3 0
[RUNNING_REQ] 1772716367.391443 1 1
[RUNNING_REQ] 1772716367.577853 1 1
[RUNNING_REQ] 1772716367.738708 2 1
[RUNNING_REQ] 1772716367.899131 3 1
[RUNNING_REQ] 1772716368.113273 4 1
[RUNNING_REQ] 1772716368.321847 5 0
[RUNNING_REQ] 1772716368.439882 5 1
[RUNNING_REQ] 1772716369.134984 1 0
[RUNNING_REQ] 1772716369.370511 2 0
[RUNNING_REQ] 1772716369.528069 2 0
[RUNNING_REQ] 1772716369.754165 2 1
[RUNNING_REQ] 1772716370.069728 2 1
[RUNNING_REQ] 1772716370.892037 0 0
[RUNNING_REQ] 1772716371.084555 0 1
[RUNNING_REQ] 1772716371.239032 1 1
[RUNNING_REQ] 1772716371.524888 2 1
[RUNNING_REQ] 1772716371.738626 3 1
[RUNNING_REQ] 1772716372.198142 3 0
[RUNNING_REQ] 1772716372.353077 2 0
[RUNNING_REQ] 1772716372.593542 3 0
[RUNNING_REQ] 1772716372.847608 2 0
[RUNNING_REQ] 1772716373.059312 1 1
[RUNNING_REQ] 1772716373.263777 1 1
[RUNNING_REQ] 1772716373.431605 2 1
[RUNNING_REQ] 1772716373.652062 3 1
[RUNNING_REQ] 1772716373.765993 5 0
[RUNNING_REQ] 1772716374.463943 0 1
[RUNNING_REQ] 1772716374.734432 1 1
[RUNNING_REQ] 1772716374.896422 2 1
[RUNNING_REQ] 1772716375.052757 3 1
[RUNNING_REQ] 1772716375.222265 4 1
[RUNNING_REQ] 1772716375.513023 1 0
[RUNNING_REQ] 1772716376.484730 0 1
[RUNNING_REQ] 1772716376.694196 1 1
[RUNNING_REQ] 1772716376.973311 2 1
[RUNNING_REQ] 1772716377.153460 4 0
[RUNNING_REQ] 1772716377.352688 3 1
[RUNNING_REQ] 1772716377.567148 4 0
[RUNNING_REQ] 1772716377.833671 2 1
[RUNNING_REQ] 1772716378.005527 3 1
[RUNNING_REQ] 1772716378.256087 2 0
[RUNNING_REQ] 1772716378.607317 0 0
[RUNNING_REQ] 1772716378.908628 1 1
[RUNNING_REQ] 1772716379.082834 3 0
[RUNNING_REQ] 1772716379.259862 2 0
[RUNNING_REQ] 1772716379.760353 2 0
[RUNNING_REQ] 1772716379.960918 1 1
[RUNNING_REQ] 1772716380.172822 1 1
[RUNNING_REQ] 1772716380.422908 2 0
[RUNNING_REQ] 1772716381.330664 0 0
[RUNNING_REQ] 1772716381.483545 0 1
[RUNNING_REQ] 1772716381.640747 2 0
[RUNNING_REQ] 1772716381.848989 2 1
[RUNNING_REQ] 1772716381.965666 4 0
[RUNNING_REQ] 1772716382.217144 3 0
[RUNNING_REQ] 1772716382.495947 2 0
[RUNNING_REQ] 1772716382.903084 1 1
[RUNNING_REQ] 1772716383.076431 2 1
[RUNNING_REQ] 1772716383.238432 3 1
[RUNNING_REQ] 1772716383.465045 4 0
[RUNNING_REQ] 1772716383.729502 1 0
[RUNNING_REQ] 1772716384.212529 1 1
[RUNNING_REQ] 1772716384.388628 2 0
[RUNNING_REQ] 1772716384.670005 1 1
[RUNNING_REQ] 1772716384.863558 1 1
[RUNNING_REQ] 1772716385.020607 3 0
[RUNNING_REQ] 1772716385.230356 2 1
[RUNNING_REQ] 1772716385.504302 2 0
[RUNNING_REQ] 1772716386.210050 0 0
[RUNNING_REQ] 1772716386.429192 1 0
[RUNNING_REQ] 1772716386.600545 2 0
[RUNNING_REQ] 1772716386.838135 3 1
[RUNNING_REQ] 1772716387.283313 1 0
[RUNNING_REQ] 1772716387.834345 0 0
[RUNNING_REQ] 1772716388.121455 1 1
[RUNNING_REQ] 1772716388.284257 3 0
[RUNNING_REQ] 1772716388.443621 3 0
[RUNNING_REQ] 1772716388.863145 2 1
[RUNNING_REQ] 1772716389.025424 3 1
[RUNNING_REQ] 1772716389.307887 3 0
[RUNNING_REQ] 1772716389.626233 1 0
[RUNNING_REQ] 1772716389.833202 1 0
[RUNNING_REQ] 1772716390.050644 1 1
[RUNNING_REQ] 1772716390.198971 2 1
[RUNNING_REQ] 1772716390.316663 3 0
[RUNNING_REQ] 1772716390.529667 4 1
[RUNNING_REQ] 1772716390.680231 5 1
[RUNNING_REQ] 1772716390.841418 6 0
[RUNNING_REQ] 1772716391.003285 6 1
[RUNNING_REQ] 1772716392.176455 0 1
[RUNNING_REQ] 1772716392.416168 1 1
[RUNNING_REQ] 1772716392.572384 2 1
[RUNNING_REQ] 1772716392.744171 4 0
[RUNNING_REQ] 1772716392.895262 4 1
[RUNNING_REQ] 1772716393.019349 5 1
[RUNNING_REQ] 1772716393.184282 6 1
[RUNNING_REQ] 1772716393.345584 6 0
[RUNNING_REQ] 1772716394.187278 1 0
[RUNNING_REQ] 1772716394.354330 1 1
[RUNNING_REQ] 1772716394.515376 3 0
[RUNNING_REQ] 1772716394.715069 2 1
[RUNNING_REQ] 1772716394.922779 2 1
[RUNNING_REQ] 1772716395.085407 3 1
[RUNNING_REQ] 1772716395.456732 4 0
[RUNNING_REQ] 1772716395.773250 2 0
[RUNNING_REQ] 1772716396.000100 1 1
[RUNNING_REQ] 1772716396.174525 3 0
[RUNNING_REQ] 1772716396.401000 3 0
[RUNNING_REQ] 1772716397.121869 0 0
[RUNNING_REQ] 1772716397.287946 0 1
[RUNNING_REQ] 1772716397.454380 1 1
[RUNNING_REQ] 1772716397.623438 2 1
[RUNNING_REQ] 1772716397.789426 3 1
[RUNNING_REQ] 1772716398.003296 4 0
[RUNNING_REQ] 1772716398.371526 1 0
[RUNNING_REQ] 1772716398.544676 0 1
[RUNNING_REQ] 1772716398.709899 1 1
[RUNNING_REQ] 1772716398.943689 3 0
[RUNNING_REQ] 1772716399.110908 3 0
[RUNNING_REQ] 1772716399.663857 1 0
[RUNNING_REQ] 1772716399.952132 2 0
[RUNNING_REQ] 1772716400.174773 2 0
[RUNNING_REQ] 1772716400.376296 2 0
[RUNNING_REQ] 1772716400.586464 2 0
[RUNNING_REQ] 1772716400.780639 2 0
[RUNNING_REQ] 1772716400.991777 2 0
[RUNNING_REQ] 1772716401.155468 2 0
[RUNNING_REQ] 1772716401.871084 0 0
[RUNNING_REQ] 1772716402.034850 0 1
[RUNNING_REQ] 1772716402.199718 1 1
[RUNNING_REQ] 1772716402.363533 3 0
[RUNNING_REQ] 1772716402.597190 4 0
[RUNNING_REQ] 1772716402.724032 3 0
[RUNNING_REQ] 1772716403.216907 2 0
[RUNNING_REQ] 1772716403.389667 1 1
[RUNNING_REQ] 1772716403.554693 2 1
[RUNNING_REQ] 1772716403.719449 3 1
[RUNNING_REQ] 1772716403.914392 3 1
[RUNNING_REQ] 1772716404.126018 3 1
[RUNNING_REQ] 1772716404.356826 3 0
[RUNNING_REQ] 1772716404.878660 1 1
[RUNNING_REQ] 1772716405.082249 2 0
[RUNNING_REQ] 1772716405.296077 2 0
[RUNNING_REQ] 1772716405.489244 1 1
[RUNNING_REQ] 1772716405.722344 2 0
[RUNNING_REQ] 1772716405.917558 1 1
[RUNNING_REQ] 1772716406.657399 0 0
[RUNNING_REQ] 1772716406.887755 1 0
[RUNNING_REQ] 1772716407.135213 2 1
[RUNNING_REQ] 1772716407.297549 3 1
[RUNNING_REQ] 1772716407.463251 4 1
[RUNNING_REQ] 1772716407.671294 4 0
[RUNNING_REQ] 1772716408.279649 0 1
[RUNNING_REQ] 1772716408.452425 1 1
[RUNNING_REQ] 1772716408.609078 2 0
[RUNNING_REQ] 1772716408.777119 2 1
[RUNNING_REQ] 1772716409.000243 3 1
[RUNNING_REQ] 1772716409.235232 5 0
[RUNNING_REQ] 1772716409.442218 2 0
[RUNNING_REQ] 1772716410.029418 0 1
[RUNNING_REQ] 1772716410.349684 2 1
[RUNNING_REQ] 1772716410.560269 2 1
[RUNNING_REQ] 1772716410.773114 3 0
[RUNNING_REQ] 1772716411.215243 0 0
[RUNNING_REQ] 1772716411.873921 0 1
[RUNNING_REQ] 1772716412.079374 2 0
[RUNNING_REQ] 1772716412.242889 2 1
[RUNNING_REQ] 1772716412.492332 4 1
[RUNNING_REQ] 1772716412.659639 5 1
[RUNNING_REQ] 1772716412.868522 6 0
[RUNNING_REQ] 1772716413.660023 0 1
[RUNNING_REQ] 1772716413.877908 1 1
[RUNNING_REQ] 1772716413.994797 3 0
[RUNNING_REQ] 1772716414.174626 3 0
[RUNNING_REQ] 1772716414.620481 2 1
[RUNNING_REQ] 1772716414.813805 2 1
[RUNNING_REQ] 1772716415.134353 3 0
[RUNNING_REQ] 1772716415.365208 3 1
[RUNNING_REQ] 1772716415.613612 2 0
[RUNNING_REQ] 1772716416.584448 0 1
[RUNNING_REQ] 1772716416.798731 1 0
[RUNNING_REQ] 1772716416.963792 1 1
[RUNNING_REQ] 1772716417.132152 1 1
[RUNNING_REQ] 1772716417.481879 3 1
[RUNNING_REQ] 1772716417.654675 4 1
[RUNNING_REQ] 1772716417.881093 5 0
[RUNNING_REQ] 1772716418.070076 4 1
[RUNNING_REQ] 1772716418.749457 0 1
[RUNNING_REQ] 1772716418.965016 1 0
[RUNNING_REQ] 1772716419.129897 1 1
[RUNNING_REQ] 1772716419.284206 2 1
[RUNNING_REQ] 1772716419.483277 3 0
[RUNNING_REQ] 1772716419.661330 3 1
[RUNNING_REQ] 1772716419.892905 2 1
[RUNNING_REQ] 1772716420.058770 3 1
[RUNNING_REQ] 1772716420.382016 1 0
[RUNNING_REQ] 1772716420.781521 1 1
[RUNNING_REQ] 1772716421.512455 0 0
[RUNNING_REQ] 1772716421.676544 0 1
[RUNNING_REQ] 1772716421.885503 1 1
[RUNNING_REQ] 1772716421.998430 2 1
[RUNNING_REQ] 1772716422.166305 3 0
[RUNNING_REQ] 1772716422.383986 4 1
[RUNNING_REQ] 1772716422.704330 3 0
[RUNNING_REQ] 1772716423.413735 1 1
[RUNNING_REQ] 1772716423.588717 3 0
[RUNNING_REQ] 1772716423.790480 3 0
[RUNNING_REQ] 1772716424.065680 2 0
[RUNNING_REQ] 1772716424.264551 2 0
[RUNNING_REQ] 1772716424.459316 1 1
[RUNNING_REQ] 1772716424.633102 2 1
[RUNNING_REQ] 1772716424.789397 3 1
[RUNNING_REQ] 1772716425.065828 3 0
[RUNNING_REQ] 1772716425.271136 3 0
[RUNNING_REQ] 1772716425.579480 0 0
[RUNNING_REQ] 1772716425.771495 0 1
[RUNNING_REQ] 1772716426.456526 0 0
[RUNNING_REQ] 1772716426.671061 0 1
[RUNNING_REQ] 1772716426.843785 2 0
[RUNNING_REQ] 1772716427.001456 3 0
[RUNNING_REQ] 1772716427.190361 3 0
[RUNNING_REQ] 1772716427.609968 1 0
[RUNNING_REQ] 1772716427.835810 1 1
[RUNNING_REQ] 1772716427.999790 2 0
[RUNNING_REQ] 1772716428.351288 3 1
[RUNNING_REQ] 1772716428.573646 3 0
[RUNNING_REQ] 1772716429.110841 2 0
[RUNNING_REQ] 1772716429.322614 2 0
[RUNNING_REQ] 1772716429.525816 1 1
[RUNNING_REQ] 1772716429.688368 2 1
[RUNNING_REQ] 1772716429.962260 2 0
[RUNNING_REQ] 1772716430.757489 0 0
[RUNNING_REQ] 1772716430.920223 0 1
[RUNNING_REQ] 1772716431.080574 1 1
[RUNNING_REQ] 1772716431.246537 2 1
[RUNNING_REQ] 1772716431.416587 3 1
[RUNNING_REQ] 1772716431.676527 2 1
[RUNNING_REQ] 1772716431.927708 1 0
[RUNNING_REQ] 1772716432.136484 1 1
[RUNNING_REQ] 1772716432.357426 1 1
[RUNNING_REQ] 1772716432.528169 2 1
[RUNNING_REQ] 1772716432.686914 3 1
[RUNNING_REQ] 1772716432.857501 4 1
[RUNNING_REQ] 1772716433.054641 5 0
[RUNNING_REQ] 1772716433.388426 2 0
[RUNNING_REQ] 1772716433.667081 1 1
[RUNNING_REQ] 1772716433.874194 1 1
[RUNNING_REQ] 1772716434.028341 2 1
[RUNNING_REQ] 1772716434.799120 0 0
[RUNNING_REQ] 1772716434.959138 1 0
[RUNNING_REQ] 1772716435.159790 2 0
[RUNNING_REQ] 1772716435.303416 1 1
[RUNNING_REQ] 1772716435.537355 2 1
[RUNNING_REQ] 1772716435.854093 3 1
[RUNNING_REQ] 1772716436.046509 5 0
[RUNNING_REQ] 1772716436.567315 1 0
[RUNNING_REQ] 1772716436.818317 1 1
[RUNNING_REQ] 1772716437.048571 2 0
[RUNNING_REQ] 1772716437.388169 2 0
[RUNNING_REQ] 1772716437.599985 2 1
[RUNNING_REQ] 1772716437.766429 3 1
[RUNNING_REQ] 1772716438.022264 3 0
[RUNNING_REQ] 1772716438.255436 1 1
[RUNNING_REQ] 1772716438.494546 1 0
[RUNNING_REQ] 1772716438.706784 2 0
[RUNNING_REQ] 1772716438.823510 2 1
[RUNNING_REQ] 1772716438.978022 3 1
[RUNNING_REQ] 1772716439.394277 4 0
[RUNNING_REQ] 1772716440.293036 0 0
[RUNNING_REQ] 1772716440.577554 1 0
[RUNNING_REQ] 1772716440.808995 1 1
[RUNNING_REQ] 1772716440.974807 2 1
[RUNNING_REQ] 1772716441.086046 3 0
[RUNNING_REQ] 1772716441.558570 2 1
[RUNNING_REQ] 1772716441.765089 2 1
[RUNNING_REQ] 1772716441.939016 3 1
[RUNNING_REQ] 1772716442.141844 3 1
[RUNNING_REQ] 1772716442.307391 4 1
[RUNNING_REQ] 1772716442.520714 4 1
[RUNNING_REQ] 1772716442.730796 4 1
[RUNNING_REQ] 1772716443.024309 2 0
[RUNNING_REQ] 1772716443.594864 1 1
[RUNNING_REQ] 1772716443.798409 2 0
[RUNNING_REQ] 1772716443.995633 2 0
[RUNNING_REQ] 1772716444.226622 1 0
[RUNNING_REQ] 1772716444.423115 1 1
[RUNNING_REQ] 1772716444.641932 2 0
[RUNNING_REQ] 1772716444.922075 2 0
[RUNNING_REQ] 1772716445.621550 0 0
[RUNNING_REQ] 1772716445.786692 0 1
[RUNNING_REQ] 1772716445.955794 1 1
[RUNNING_REQ] 1772716446.149669 2 0
[RUNNING_REQ] 1772716446.311798 2 1
[RUNNING_REQ] 1772716446.590121 2 0
[RUNNING_REQ] 1772716446.799795 1 1
[RUNNING_REQ] 1772716447.003621 1 1
[RUNNING_REQ] 1772716447.260247 2 0
[RUNNING_REQ] 1772716447.421023 2 1
[RUNNING_REQ] 1772716447.906570 1 0
[RUNNING_REQ] 1772716448.122722 1 0
[RUNNING_REQ] 1772716448.288578 1 1
[RUNNING_REQ] 1772716448.736103 0 0
[RUNNING_REQ] 1772716448.962464 0 1
[RUNNING_REQ] 1772716449.130905 1 1
[RUNNING_REQ] 1772716449.351043 2 1
[RUNNING_REQ] 1772716449.536806 4 0
[RUNNING_REQ] 1772716450.599578 0 0
[RUNNING_REQ] 1772716450.826761 1 0
[RUNNING_REQ] 1772716451.003000 2 0
[RUNNING_REQ] 1772716451.293539 2 1
[RUNNING_REQ] 1772716451.513586 3 0
[RUNNING_REQ] 1772716451.665207 4 0
[RUNNING_REQ] 1772716451.925458 2 1
[RUNNING_REQ] 1772716452.190801 2 0
[RUNNING_REQ] 1772716452.399946 1 1
[RUNNING_REQ] 1772716452.623635 3 0
[RUNNING_REQ] 1772716452.805259 2 0
[RUNNING_REQ] 1772716453.123217 1 0
[RUNNING_REQ] 1772716453.333011 2 0
[RUNNING_REQ] 1772716453.487062 2 0
[RUNNING_REQ] 1772716453.654499 2 1
[RUNNING_REQ] 1772716454.107023 1 1
[RUNNING_REQ] 1772716454.338091 1 1
[RUNNING_REQ] 1772716455.069829 0 0
[RUNNING_REQ] 1772716455.242379 1 0
[RUNNING_REQ] 1772716455.456724 2 0
[RUNNING_REQ] 1772716455.581804 2 0
[RUNNING_REQ] 1772716455.891908 1 0
[RUNNING_REQ] 1772716456.241193 1 1
[RUNNING_REQ] 1772716456.455879 2 1
[RUNNING_REQ] 1772716456.625936 3 0
[RUNNING_REQ] 1772716456.942682 1 0
[RUNNING_REQ] 1772716457.150135 0 1
[RUNNING_REQ] 1772716457.358808 1 1
[RUNNING_REQ] 1772716457.515970 2 1
[RUNNING_REQ] 1772716457.679811 3 1
[RUNNING_REQ] 1772716457.844183 4 1
[RUNNING_REQ] 1772716458.014929 5 1
[RUNNING_REQ] 1772716458.435137 7 1
[RUNNING_REQ] 1772716459.683188 0 0
[RUNNING_REQ] 1772716459.852782 1 0
[RUNNING_REQ] 1772716460.052845 1 1
[RUNNING_REQ] 1772716460.228613 3 0
[RUNNING_REQ] 1772716460.400040 2 0
[RUNNING_REQ] 1772716460.935851 1 0
[RUNNING_REQ] 1772716461.107717 1 1
[RUNNING_REQ] 1772716461.540927 2 0
[RUNNING_REQ] 1772716461.771379 2 0
[RUNNING_REQ] 1772716461.976539 1 1
[RUNNING_REQ] 1772716462.190805 2 0
[RUNNING_REQ] 1772716462.411969 2 1
[RUNNING_REQ] 1772716462.582202 4 0
[RUNNING_REQ] 1772716462.723186 3 1
[RUNNING_REQ] 1772716462.976047 2 1
[RUNNING_REQ] 1772716463.219698 1 1
[RUNNING_REQ] 1772716463.379744 2 1
[RUNNING_REQ] 1772716463.537916 3 1
[RUNNING_REQ] 1772716464.427017 0 0
[RUNNING_REQ] 1772716464.596611 1 0
[RUNNING_REQ] 1772716464.815902 1 1
[RUNNING_REQ] 1772716464.990306 2 1
[RUNNING_REQ] 1772716465.458045 5 0
[RUNNING_REQ] 1772716466.004617 0 0
[RUNNING_REQ] 1772716466.172582 0 1
[RUNNING_REQ] 1772716466.396355 1 1
[RUNNING_REQ] 1772716466.557698 2 1
[RUNNING_REQ] 1772716466.718189 3 1
[RUNNING_REQ] 1772716466.910224 4 0
[RUNNING_REQ] 1772716467.302970 4 0
[RUNNING_REQ] 1772716467.583675 2 1
[RUNNING_REQ] 1772716467.844849 2 0
[RUNNING_REQ] 1772716468.045612 2 0
[RUNNING_REQ] 1772716468.249529 1 1
[RUNNING_REQ] 1772716468.969311 0 0
[RUNNING_REQ] 1772716469.132704 0 1
[RUNNING_REQ] 1772716469.306123 1 1
[RUNNING_REQ] 1772716469.475460 1 1
[RUNNING_REQ] 1772716469.684941 2 1
[RUNNING_REQ] 1772716469.895731 3 0
[RUNNING_REQ] 1772716470.223588 3 1
[RUNNING_REQ] 1772716470.459196 3 1
[RUNNING_REQ] 1772716470.680662 4 0
[RUNNING_REQ] 1772716470.992349 1 0
[RUNNING_REQ] 1772716471.281195 1 0
[RUNNING_REQ] 1772716471.448551 1 1
[RUNNING_REQ] 1772716471.617871 2 1
[RUNNING_REQ] 1772716471.792595 3 0
[RUNNING_REQ] 1772716472.283690 2 1
[RUNNING_REQ] 1772716473.210005 0 0
[RUNNING_REQ] 1772716473.359125 1 0
[RUNNING_REQ] 1772716473.530294 1 1
[RUNNING_REQ] 1772716473.695115 3 0
[RUNNING_REQ] 1772716473.931705 1 0
[RUNNING_REQ] 1772716474.454512 2 0
[RUNNING_REQ] 1772716474.575259 2 1
[RUNNING_REQ] 1772716474.734149 3 1
[RUNNING_REQ] 1772716475.056787 4 1
[RUNNING_REQ] 1772716475.277452 4 1
[RUNNING_REQ] 1772716475.436762 5 1
[RUNNING_REQ] 1772716475.961348 0 0
[RUNNING_REQ] 1772716476.319109 2 0
[RUNNING_REQ] 1772716476.693796 1 1
[RUNNING_REQ] 1772716476.864325 2 1
[RUNNING_REQ] 1772716477.666495 0 0
[RUNNING_REQ] 1772716477.880907 0 1
[RUNNING_REQ] 1772716478.003208 2 0
[RUNNING_REQ] 1772716478.227226 2 1
[RUNNING_REQ] 1772716478.340605 3 1
[RUNNING_REQ] 1772716478.713879 2 0
[RUNNING_REQ] 1772716478.944805 2 0
[RUNNING_REQ] 1772716479.167045 2 0
[RUNNING_REQ] 1772716479.338844 2 1
[RUNNING_REQ] 1772716479.500879 3 1
[RUNNING_REQ] 1772716479.714761 4 0
[RUNNING_REQ] 1772716479.915098 4 0
[RUNNING_REQ] 1772716480.216471 1 0
[RUNNING_REQ] 1772716480.637869 1 1
[RUNNING_REQ] 1772716480.805482 3 0
[RUNNING_REQ] 1772716481.006339 2 1
[RUNNING_REQ] 1772716481.954442 0 0
[RUNNING_REQ] 1772716482.117156 0 1
[RUNNING_REQ] 1772716482.334150 1 0
[RUNNING_REQ] 1772716482.559327 2 0
[RUNNING_REQ] 1772716482.852328 2 1
[RUNNING_REQ] 1772716483.074690 2 0
[RUNNING_REQ] 1772716483.655272 2 0
[RUNNING_REQ] 1772716483.806825 2 1
[RUNNING_REQ] 1772716484.024225 1 0
[RUNNING_REQ] 1772716484.453161 2 0
[RUNNING_REQ] 1772716484.682101 3 0
[RUNNING_REQ] 1772716485.032201 3 0
[RUNNING_REQ] 1772716485.238899 2 0
[RUNNING_REQ] 1772716485.729417 1 1
[RUNNING_REQ] 1772716486.422751 0 0
[RUNNING_REQ] 1772716486.630801 1 0
[RUNNING_REQ] 1772716486.894747 2 1
[RUNNING_REQ] 1772716487.098220 2 1
[RUNNING_REQ] 1772716487.591576 1 0
[RUNNING_REQ] 1772716487.811441 1 1
[RUNNING_REQ] 1772716487.968545 2 0
[RUNNING_REQ] 1772716488.187170 1 1
[RUNNING_REQ] 1772716488.357096 2 1
[RUNNING_REQ] 1772716488.588050 3 0
[RUNNING_REQ] 1772716488.909456 1 0
[RUNNING_REQ] 1772716489.136745 0 1
[RUNNING_REQ] 1772716489.359402 2 0
[RUNNING_REQ] 1772716489.504476 1 1
[RUNNING_REQ] 1772716489.679761 3 0
[RUNNING_REQ] 1772716489.890996 2 0
[RUNNING_REQ] 1772716490.622945 0 0
[RUNNING_REQ] 1772716490.785806 1 0
[RUNNING_REQ] 1772716490.952051 2 0
[RUNNING_REQ] 1772716491.125699 2 1
[RUNNING_REQ] 1772716491.329577 2 1
[RUNNING_REQ] 1772716491.554405 2 1
[RUNNING_REQ] 1772716491.723206 3 1
[RUNNING_REQ] 1772716492.333497 1 0
[RUNNING_REQ] 1772716492.508084 1 1
[RUNNING_REQ] 1772716492.726722 2 0
[RUNNING_REQ] 1772716493.112709 1 1
[RUNNING_REQ] 1772716493.281347 2 1
[RUNNING_REQ] 1772716493.493474 3 0
[RUNNING_REQ] 1772716493.814073 4 1
[RUNNING_REQ] 1772716494.788997 0 0
[RUNNING_REQ] 1772716495.084336 1 1
[RUNNING_REQ] 1772716495.260469 2 1
[RUNNING_REQ] 1772716495.443151 4 0
[RUNNING_REQ] 1772716495.842618 3 1
[RUNNING_REQ] 1772716496.086660 3 0
[RUNNING_REQ] 1772716496.306182 3 0
[RUNNING_REQ] 1772716496.556879 2 0
[RUNNING_REQ] 1772716496.961876 2 1
[RUNNING_REQ] 1772716497.127758 2 1
[RUNNING_REQ] 1772716497.525128 4 1
[RUNNING_REQ] 1772716497.699804 5 1
[RUNNING_REQ] 1772716497.880318 7 0
[RUNNING_REQ] 1772716498.976893 0 0
[RUNNING_REQ] 1772716499.146486 0 1
[RUNNING_REQ] 1772716499.317986 2 0
[RUNNING_REQ] 1772716499.678855 2 1
[RUNNING_REQ] 1772716499.896725 3 0
[RUNNING_REQ] 1772716500.065639 3 1
[RUNNING_REQ] 1772716500.405650 1 0
[RUNNING_REQ] 1772716500.841319 2 0
[RUNNING_REQ] 1772716501.004121 2 1
[RUNNING_REQ] 1772716501.219597 2 1
[RUNNING_REQ] 1772716501.637040 3 0
[RUNNING_REQ] 1772716501.902722 2 0
[RUNNING_REQ] 1772716502.106706 1 0
[RUNNING_REQ] 1772716502.296673 2 0
[RUNNING_REQ] 1772716503.205577 0 0
[RUNNING_REQ] 1772716503.565713 1 0
[RUNNING_REQ] 1772716503.740854 1 1
[RUNNING_REQ] 1772716503.958657 2 1
[RUNNING_REQ] 1772716504.120758 3 1
[RUNNING_REQ] 1772716504.444844 4 0
[RUNNING_REQ] 1772716504.977723 1 1
[RUNNING_REQ] 1772716505.189427 2 0
[RUNNING_REQ] 1772716505.401416 2 1
[RUNNING_REQ] 1772716505.689542 3 1
[RUNNING_REQ] 1772716505.902205 3 0
[RUNNING_REQ] 1772716506.535383 2 1
[RUNNING_REQ] 1772716507.453380 0 0
