[RUNNING_REQ] 1772720028.258427 0 0
[RUNNING_REQ] 1772720028.637753 0 0
[RUNNING_REQ] 1772720028.867809 0 1
[RUNNING_REQ] 1772720028.991351 0 1
[RUNNING_REQ] 1772720029.125653 0 1
[RUNNING_REQ] 1772720029.239406 0 1
[RUNNING_REQ] 1772720029.367581 0 1
[RUNNING_REQ] 1772720029.499398 0 1
[RUNNING_REQ] 1772720029.636172 0 1
[RUNNING_REQ] 1772720029.773754 0 1
[RUNNING_REQ] 1772720029.918380 0 1
[RUNNING_REQ] 1772720030.034382 0 1
[RUNNING_REQ] 1772720030.167263 0 1
[RUNNING_REQ] 1772720030.297123 0 1
[RUNNING_REQ] 1772720030.436791 0 1
[RUNNING_REQ] 1772720030.555692 0 1
[RUNNING_REQ] 1772720030.691916 0 1
[RUNNING_REQ] 1772720030.828564 0 1
[RUNNING_REQ] 1772720030.977471 0 1
[RUNNING_REQ] 1772720031.096129 0 1
[RUNNING_REQ] 1772720031.204936 0 1
[RUNNING_REQ] 1772720031.334409 0 1
[RUNNING_REQ] 1772720031.481344 3 16
[RUNNING_REQ] 1772720031.597268 3 16
[RUNNING_REQ] 1772720031.746123 3 16
[RUNNING_REQ] 1772720031.877369 3 16
[RUNNING_REQ] 1772720032.008800 3 16
[RUNNING_REQ] 1772720032.147792 3 16
[RUNNING_REQ] 1772720032.287082 3 16
[RUNNING_REQ] 1772720032.493314 3 16
[RUNNING_REQ] 1772720032.689441 3 16
[RUNNING_REQ] 1772720032.809422 3 16
[RUNNING_REQ] 1772720032.958799 3 16
[RUNNING_REQ] 1772720033.101356 3 16
[RUNNING_REQ] 1772720033.312904 14 9
[RUNNING_REQ] 1772720033.513513 14 9
[RUNNING_REQ] 1772720033.641633 14 9
[RUNNING_REQ] 1772720033.802468 14 21
[RUNNING_REQ] 1772720033.939021 14 21
[RUNNING_REQ] 1772720034.161142 15 21
[RUNNING_REQ] 1772720034.412410 16 25
[RUNNING_REQ] 1772720035.971494 8 24
[RUNNING_REQ] 1772720036.174447 8 24
[RUNNING_REQ] 1772720037.308740 8 24
[RUNNING_REQ] 1772720045.856839 0 1
[RUNNING_REQ] 1772720046.282564 1 1
[RUNNING_REQ] 1772720048.274008 0 1
[RUNNING_REQ] 1772720048.433418 0 1
[RUNNING_REQ] 1772720048.645887 2 1
[RUNNING_REQ] 1772720048.781300 3 1
[RUNNING_REQ] 1772720048.904150 4 1
[RUNNING_REQ] 1772720049.047406 5 0
[RUNNING_REQ] 1772720049.189117 5 1
[RUNNING_REQ] 1772720049.339347 6 1
[RUNNING_REQ] 1772720049.540642 8 1
[RUNNING_REQ] 1772720049.751219 9 1
[RUNNING_REQ] 1772720049.892084 11 1
[RUNNING_REQ] 1772720050.174934 11 2
[RUNNING_REQ] 1772720050.384446 11 2
[RUNNING_REQ] 1772720050.506960 12 2
[RUNNING_REQ] 1772720050.800262 13 1
[RUNNING_REQ] 1772720050.987210 14 0
[RUNNING_REQ] 1772720051.190977 13 1
[RUNNING_REQ] 1772720052.462646 0 1
[RUNNING_REQ] 1772720052.670570 1 1
[RUNNING_REQ] 1772720052.890977 2 2
[RUNNING_REQ] 1772720053.113684 2 3
[RUNNING_REQ] 1772720053.307743 2 4
[RUNNING_REQ] 1772720053.592406 1 5
[RUNNING_REQ] 1772720053.782748 1 5
[RUNNING_REQ] 1772720053.911520 1 5
[RUNNING_REQ] 1772720054.048117 4 3
[RUNNING_REQ] 1772720054.183870 6 4
[RUNNING_REQ] 1772720054.303418 6 4
[RUNNING_REQ] 1772720054.439010 6 4
[RUNNING_REQ] 1772720054.656717 6 4
[RUNNING_REQ] 1772720054.847643 10 1
[RUNNING_REQ] 1772720055.146591 10 5
[RUNNING_REQ] 1772720055.290428 10 5
[RUNNING_REQ] 1772720055.498560 10 5
[RUNNING_REQ] 1772720055.631483 14 1
[RUNNING_REQ] 1772720055.871285 15 4
[RUNNING_REQ] 1772720056.022183 16 6
[RUNNING_REQ] 1772720056.457442 13 6
[RUNNING_REQ] 1772720056.602187 13 6
[RUNNING_REQ] 1772720056.760102 13 4
[RUNNING_REQ] 1772720057.304482 10 7
[RUNNING_REQ] 1772720057.515878 10 7
[RUNNING_REQ] 1772720058.407778 10 0
[RUNNING_REQ] 1772720059.502608 0 1
[RUNNING_REQ] 1772720059.703012 1 1
[RUNNING_REQ] 1772720059.856930 2 1
[RUNNING_REQ] 1772720060.012057 3 1
[RUNNING_REQ] 1772720060.143890 4 1
[RUNNING_REQ] 1772720060.289981 5 0
[RUNNING_REQ] 1772720060.420574 5 1
[RUNNING_REQ] 1772720060.560464 6 1
[RUNNING_REQ] 1772720060.676696 6 1
[RUNNING_REQ] 1772720060.822178 7 1
[RUNNING_REQ] 1772720060.973290 8 2
[RUNNING_REQ] 1772720061.156678 8 2
[RUNNING_REQ] 1772720061.363421 10 1
[RUNNING_REQ] 1772720061.505090 10 3
[RUNNING_REQ] 1772720061.745262 10 3
[RUNNING_REQ] 1772720061.883986 10 3
[RUNNING_REQ] 1772720062.020464 13 1
[RUNNING_REQ] 1772720062.313707 13 3
[RUNNING_REQ] 1772720062.527604 13 3
[RUNNING_REQ] 1772720062.801589 15 5
[RUNNING_REQ] 1772720063.002166 15 5
[RUNNING_REQ] 1772720063.391098 14 4
[RUNNING_REQ] 1772720063.744397 14 4
[RUNNING_REQ] 1772720063.912653 15 3
[RUNNING_REQ] 1772720064.366570 14 3
[RUNNING_REQ] 1772720064.614068 14 2
[RUNNING_REQ] 1772720064.876807 12 1
[RUNNING_REQ] 1772720066.832305 0 0
[RUNNING_REQ] 1772720067.023303 0 1
[RUNNING_REQ] 1772720067.194145 2 0
[RUNNING_REQ] 1772720067.459805 3 0
[RUNNING_REQ] 1772720067.599772 4 0
[RUNNING_REQ] 1772720067.930949 4 1
[RUNNING_REQ] 1772720068.136175 5 1
[RUNNING_REQ] 1772720068.265477 6 0
[RUNNING_REQ] 1772720068.452238 6 1
[RUNNING_REQ] 1772720068.643210 6 1
[RUNNING_REQ] 1772720068.919446 6 1
[RUNNING_REQ] 1772720069.758129 0 1
[RUNNING_REQ] 1772720069.895309 1 1
[RUNNING_REQ] 1772720070.023098 2 1
[RUNNING_REQ] 1772720070.151896 2 1
[RUNNING_REQ] 1772720070.278910 3 1
[RUNNING_REQ] 1772720070.411777 4 1
[RUNNING_REQ] 1772720070.549745 5 1
[RUNNING_REQ] 1772720070.743415 5 2
[RUNNING_REQ] 1772720070.867243 5 2
[RUNNING_REQ] 1772720071.088730 8 1
[RUNNING_REQ] 1772720071.287314 9 1
[RUNNING_REQ] 1772720071.487532 9 2
[RUNNING_REQ] 1772720071.627502 11 0
[RUNNING_REQ] 1772720072.745101 0 0
[RUNNING_REQ] 1772720072.952939 0 1
[RUNNING_REQ] 1772720073.106005 1 1
[RUNNING_REQ] 1772720073.244940 2 1
[RUNNING_REQ] 1772720073.488665 3 1
[RUNNING_REQ] 1772720073.647291 4 1
[RUNNING_REQ] 1772720073.853123 5 1
[RUNNING_REQ] 1772720074.117635 7 1
[RUNNING_REQ] 1772720074.401123 7 0
[RUNNING_REQ] 1772720074.712615 8 1
[RUNNING_REQ] 1772720074.909875 8 1
[RUNNING_REQ] 1772720075.054038 8 1
[RUNNING_REQ] 1772720075.270858 9 1
[RUNNING_REQ] 1772720076.283393 0 1
[RUNNING_REQ] 1772720076.471219 1 1
[RUNNING_REQ] 1772720076.742740 2 1
[RUNNING_REQ] 1772720076.974188 2 1
[RUNNING_REQ] 1772720077.156575 2 1
[RUNNING_REQ] 1772720077.402215 3 1
[RUNNING_REQ] 1772720077.611935 4 1
[RUNNING_REQ] 1772720077.735215 4 1
[RUNNING_REQ] 1772720077.965889 7 0
[RUNNING_REQ] 1772720078.214986 7 0
[RUNNING_REQ] 1772720078.424259 8 0
[RUNNING_REQ] 1772720078.690581 9 1
[RUNNING_REQ] 1772720078.956106 8 1
[RUNNING_REQ] 1772720079.205188 7 0
[RUNNING_REQ] 1772720079.971086 0 0
[RUNNING_REQ] 1772720080.132020 2 0
[RUNNING_REQ] 1772720080.318676 2 1
[RUNNING_REQ] 1772720080.476113 3 1
[RUNNING_REQ] 1772720080.666109 4 1
[RUNNING_REQ] 1772720080.855771 5 1
[RUNNING_REQ] 1772720081.006256 6 1
[RUNNING_REQ] 1772720081.179958 6 1
[RUNNING_REQ] 1772720081.513796 7 2
[RUNNING_REQ] 1772720081.669614 9 2
[RUNNING_REQ] 1772720081.867840 9 2
[RUNNING_REQ] 1772720082.131711 10 2
[RUNNING_REQ] 1772720082.345143 12 0
[RUNNING_REQ] 1772720082.455490 11 2
[RUNNING_REQ] 1772720082.649663 11 2
[RUNNING_REQ] 1772720082.814741 13 1
[RUNNING_REQ] 1772720083.115058 12 2
[RUNNING_REQ] 1772720083.246776 14 1
[RUNNING_REQ] 1772720083.461079 14 1
[RUNNING_REQ] 1772720083.581203 15 2
[RUNNING_REQ] 1772720083.732921 15 2
[RUNNING_REQ] 1772720084.095809 14 3
[RUNNING_REQ] 1772720084.566118 14 2
[RUNNING_REQ] 1772720084.873589 14 1
[RUNNING_REQ] 1772720085.084555 13 1
[RUNNING_REQ] 1772720086.497643 0 1
[RUNNING_REQ] 1772720086.693268 1 0
[RUNNING_REQ] 1772720086.832562 1 1
[RUNNING_REQ] 1772720086.982479 2 1
[RUNNING_REQ] 1772720087.187686 3 0
[RUNNING_REQ] 1772720087.314815 3 1
[RUNNING_REQ] 1772720087.535976 5 1
[RUNNING_REQ] 1772720087.837216 7 0
[RUNNING_REQ] 1772720088.041794 7 0
[RUNNING_REQ] 1772720088.269828 9 0
[RUNNING_REQ] 1772720089.156260 0 1
[RUNNING_REQ] 1772720089.350239 2 0
[RUNNING_REQ] 1772720089.514253 2 1
[RUNNING_REQ] 1772720089.811836 3 1
[RUNNING_REQ] 1772720089.962435 4 1
[RUNNING_REQ] 1772720090.301662 6 0
[RUNNING_REQ] 1772720090.550897 4 1
[RUNNING_REQ] 1772720090.766560 3 1
[RUNNING_REQ] 1772720090.978302 3 1
[RUNNING_REQ] 1772720091.284682 4 1
[RUNNING_REQ] 1772720091.423079 5 1
[RUNNING_REQ] 1772720091.567349 6 0
[RUNNING_REQ] 1772720091.795416 6 0
[RUNNING_REQ] 1772720092.219442 0 0
[RUNNING_REQ] 1772720092.607344 0 1
[RUNNING_REQ] 1772720092.747284 1 1
[RUNNING_REQ] 1772720092.887597 2 1
[RUNNING_REQ] 1772720093.089562 3 1
[RUNNING_REQ] 1772720093.240493 4 1
[RUNNING_REQ] 1772720093.453452 6 1
[RUNNING_REQ] 1772720093.673540 6 1
[RUNNING_REQ] 1772720093.902704 7 1
[RUNNING_REQ] 1772720094.116523 9 1
[RUNNING_REQ] 1772720094.238500 10 1
[RUNNING_REQ] 1772720094.371876 11 1
[RUNNING_REQ] 1772720094.499367 11 1
[RUNNING_REQ] 1772720094.635474 12 1
[RUNNING_REQ] 1772720094.781137 13 2
[RUNNING_REQ] 1772720094.983950 13 2
[RUNNING_REQ] 1772720095.185755 15 3
[RUNNING_REQ] 1772720095.581017 15 3
[RUNNING_REQ] 1772720095.918588 14 3
[RUNNING_REQ] 1772720096.440231 14 0
[RUNNING_REQ] 1772720098.175434 0 0
[RUNNING_REQ] 1772720098.366126 1 0
[RUNNING_REQ] 1772720098.502095 2 0
[RUNNING_REQ] 1772720098.656893 2 0
[RUNNING_REQ] 1772720098.903552 3 1
[RUNNING_REQ] 1772720099.124728 3 1
[RUNNING_REQ] 1772720099.294197 4 0
[RUNNING_REQ] 1772720099.666248 3 1
[RUNNING_REQ] 1772720099.807101 3 1
[RUNNING_REQ] 1772720100.136344 4 0
[RUNNING_REQ] 1772720100.304272 4 0
[RUNNING_REQ] 1772720100.512153 5 1
[RUNNING_REQ] 1772720100.645293 6 1
[RUNNING_REQ] 1772720100.755337 6 1
[RUNNING_REQ] 1772720101.001204 6 2
[RUNNING_REQ] 1772720101.179737 6 2
[RUNNING_REQ] 1772720101.484854 7 3
[RUNNING_REQ] 1772720101.608903 7 3
[RUNNING_REQ] 1772720101.747589 10 3
[RUNNING_REQ] 1772720101.878934 10 3
[RUNNING_REQ] 1772720102.020547 10 3
[RUNNING_REQ] 1772720102.150928 12 0
[RUNNING_REQ] 1772720102.337301 12 3
[RUNNING_REQ] 1772720102.482997 15 1
[RUNNING_REQ] 1772720102.759597 15 2
[RUNNING_REQ] 1772720102.957936 15 1
[RUNNING_REQ] 1772720103.155174 15 2
[RUNNING_REQ] 1772720103.366146 15 2
[RUNNING_REQ] 1772720105.081162 0 0
[RUNNING_REQ] 1772720105.269960 1 0
[RUNNING_REQ] 1772720105.429500 2 0
[RUNNING_REQ] 1772720105.578041 2 1
[RUNNING_REQ] 1772720105.780897 4 1
[RUNNING_REQ] 1772720105.977784 5 1
[RUNNING_REQ] 1772720106.183206 6 1
[RUNNING_REQ] 1772720106.507551 7 1
[RUNNING_REQ] 1772720106.689343 7 0
[RUNNING_REQ] 1772720106.886685 8 0
[RUNNING_REQ] 1772720107.149431 7 1
[RUNNING_REQ] 1772720108.048810 0 1
[RUNNING_REQ] 1772720108.255580 0 1
[RUNNING_REQ] 1772720108.445089 1 1
[RUNNING_REQ] 1772720108.597819 2 2
[RUNNING_REQ] 1772720108.739027 4 0
[RUNNING_REQ] 1772720108.874262 4 1
[RUNNING_REQ] 1772720109.011648 5 1
[RUNNING_REQ] 1772720109.136690 5 1
[RUNNING_REQ] 1772720109.289418 6 1
[RUNNING_REQ] 1772720109.426343 7 2
[RUNNING_REQ] 1772720109.563066 7 2
[RUNNING_REQ] 1772720109.718315 9 1
[RUNNING_REQ] 1772720109.946413 10 2
[RUNNING_REQ] 1772720110.087898 12 1
[RUNNING_REQ] 1772720110.276311 13 1
[RUNNING_REQ] 1772720110.488824 14 1
[RUNNING_REQ] 1772720110.792857 16 1
[RUNNING_REQ] 1772720112.398378 0 1
[RUNNING_REQ] 1772720112.636352 0 1
[RUNNING_REQ] 1772720112.772834 1 1
[RUNNING_REQ] 1772720112.971105 2 2
[RUNNING_REQ] 1772720113.112224 2 2
[RUNNING_REQ] 1772720113.253455 4 0
[RUNNING_REQ] 1772720113.461871 4 3
[RUNNING_REQ] 1772720113.663677 7 2
[RUNNING_REQ] 1772720113.812284 7 2
[RUNNING_REQ] 1772720114.014442 9 2
[RUNNING_REQ] 1772720114.147980 9 2
[RUNNING_REQ] 1772720114.307316 9 2
[RUNNING_REQ] 1772720116.272080 0 1
[RUNNING_REQ] 1772720116.430990 1 1
[RUNNING_REQ] 1772720116.645444 2 1
[RUNNING_REQ] 1772720116.782941 3 1
[RUNNING_REQ] 1772720116.993396 4 1
[RUNNING_REQ] 1772720117.137916 4 1
[RUNNING_REQ] 1772720117.329833 6 1
[RUNNING_REQ] 1772720117.488045 7 1
[RUNNING_REQ] 1772720117.731569 7 1
[RUNNING_REQ] 1772720117.917797 9 0
[RUNNING_REQ] 1772720118.124849 9 1
[RUNNING_REQ] 1772720118.341110 9 2
[RUNNING_REQ] 1772720118.636531 9 2
[RUNNING_REQ] 1772720118.778593 10 0
[RUNNING_REQ] 1772720118.975535 10 0
[RUNNING_REQ] 1772720119.166074 10 1
[RUNNING_REQ] 1772720119.349292 10 1
[RUNNING_REQ] 1772720119.489223 11 1
[RUNNING_REQ] 1772720119.708988 10 0
[RUNNING_REQ] 1772720119.988053 9 1
[RUNNING_REQ] 1772720120.156153 8 1
[RUNNING_REQ] 1772720121.156364 1 0
[RUNNING_REQ] 1772720121.312661 1 1
[RUNNING_REQ] 1772720121.520026 2 1
[RUNNING_REQ] 1772720121.657235 3 1
[RUNNING_REQ] 1772720121.790848 3 1
[RUNNING_REQ] 1772720121.945833 4 2
[RUNNING_REQ] 1772720122.090189 6 0
[RUNNING_REQ] 1772720122.212896 5 1
[RUNNING_REQ] 1772720122.351947 7 0
[RUNNING_REQ] 1772720122.509660 8 1
[RUNNING_REQ] 1772720122.651463 8 1
[RUNNING_REQ] 1772720122.896805 8 1
[RUNNING_REQ] 1772720123.971449 0 1
[RUNNING_REQ] 1772720124.173112 1 1
[RUNNING_REQ] 1772720124.319964 2 1
[RUNNING_REQ] 1772720124.513346 3 1
[RUNNING_REQ] 1772720124.642966 4 1
[RUNNING_REQ] 1772720124.801414 5 0
[RUNNING_REQ] 1772720124.952409 5 1
[RUNNING_REQ] 1772720125.094769 6 1
[RUNNING_REQ] 1772720125.267494 7 1
[RUNNING_REQ] 1772720125.419768 9 1
[RUNNING_REQ] 1772720125.546461 9 1
[RUNNING_REQ] 1772720125.696172 10 2
[RUNNING_REQ] 1772720125.832157 10 2
[RUNNING_REQ] 1772720125.972605 10 2
[RUNNING_REQ] 1772720126.107952 10 3
[RUNNING_REQ] 1772720126.541065 12 1
[RUNNING_REQ] 1772720126.856815 12 1
[RUNNING_REQ] 1772720127.050259 13 0
[RUNNING_REQ] 1772720128.372579 0 0
[RUNNING_REQ] 1772720128.577555 0 1
[RUNNING_REQ] 1772720128.701001 1 1
[RUNNING_REQ] 1772720128.852624 1 1
[RUNNING_REQ] 1772720128.986805 2 2
[RUNNING_REQ] 1772720129.125156 4 0
[RUNNING_REQ] 1772720129.359052 4 1
[RUNNING_REQ] 1772720129.566988 5 1
[RUNNING_REQ] 1772720129.731600 6 2
[RUNNING_REQ] 1772720129.940980 8 1
[RUNNING_REQ] 1772720130.138258 9 1
[RUNNING_REQ] 1772720130.301457 11 1
[RUNNING_REQ] 1772720130.501854 10 0
[RUNNING_REQ] 1772720130.755384 10 2
[RUNNING_REQ] 1772720130.958580 11 2
[RUNNING_REQ] 1772720131.226384 12 0
[RUNNING_REQ] 1772720131.710818 11 1
[RUNNING_REQ] 1772720131.891311 11 1
[RUNNING_REQ] 1772720132.128595 11 1
[RUNNING_REQ] 1772720133.362830 1 0
[RUNNING_REQ] 1772720133.612360 2 0
[RUNNING_REQ] 1772720133.827981 3 0
[RUNNING_REQ] 1772720133.947987 2 1
[RUNNING_REQ] 1772720134.152057 3 1
[RUNNING_REQ] 1772720134.309546 4 0
[RUNNING_REQ] 1772720134.523443 6 0
[RUNNING_REQ] 1772720134.730483 7 0
[RUNNING_REQ] 1772720134.864012 6 1
[RUNNING_REQ] 1772720135.146531 8 1
[RUNNING_REQ] 1772720135.337009 8 1
[RUNNING_REQ] 1772720135.476330 9 1
[RUNNING_REQ] 1772720135.729502 9 0
[RUNNING_REQ] 1772720135.966794 9 0
[RUNNING_REQ] 1772720136.142496 8 2
[RUNNING_REQ] 1772720136.406037 9 2
[RUNNING_REQ] 1772720136.616167 9 2
[RUNNING_REQ] 1772720136.915828 9 2
[RUNNING_REQ] 1772720137.124614 9 2
[RUNNING_REQ] 1772720137.440251 9 2
[RUNNING_REQ] 1772720137.620801 10 2
[RUNNING_REQ] 1772720137.834794 12 0
[RUNNING_REQ] 1772720137.975862 12 2
[RUNNING_REQ] 1772720138.135975 13 1
[RUNNING_REQ] 1772720138.537321 14 1
[RUNNING_REQ] 1772720140.182313 0 0
[RUNNING_REQ] 1772720140.379939 0 1
[RUNNING_REQ] 1772720140.529619 2 0
[RUNNING_REQ] 1772720140.661200 2 0
[RUNNING_REQ] 1772720140.870266 2 1
[RUNNING_REQ] 1772720141.021075 3 0
[RUNNING_REQ] 1772720141.280473 4 0
[RUNNING_REQ] 1772720141.483824 5 0
[RUNNING_REQ] 1772720141.726382 2 0
[RUNNING_REQ] 1772720142.237361 1 1
[RUNNING_REQ] 1772720142.402755 2 0
[RUNNING_REQ] 1772720142.583875 2 1
[RUNNING_REQ] 1772720142.780653 2 1
[RUNNING_REQ] 1772720142.991943 3 1
[RUNNING_REQ] 1772720143.266903 4 0
[RUNNING_REQ] 1772720143.656473 5 1
[RUNNING_REQ] 1772720143.929075 5 1
[RUNNING_REQ] 1772720144.071756 6 1
[RUNNING_REQ] 1772720144.262002 6 1
[RUNNING_REQ] 1772720144.477810 7 1
[RUNNING_REQ] 1772720144.748751 8 2
[RUNNING_REQ] 1772720144.954487 10 0
[RUNNING_REQ] 1772720145.084240 9 1
[RUNNING_REQ] 1772720145.286620 9 1
[RUNNING_REQ] 1772720145.502269 9 1
[RUNNING_REQ] 1772720145.963046 9 1
[RUNNING_REQ] 1772720146.998619 0 1
[RUNNING_REQ] 1772720147.149240 0 1
[RUNNING_REQ] 1772720147.320759 1 1
[RUNNING_REQ] 1772720147.466382 1 1
[RUNNING_REQ] 1772720147.669793 2 1
[RUNNING_REQ] 1772720147.815085 2 2
[RUNNING_REQ] 1772720148.059178 4 1
[RUNNING_REQ] 1772720148.213571 6 1
[RUNNING_REQ] 1772720148.411301 6 1
[RUNNING_REQ] 1772720149.290113 0 0
[RUNNING_REQ] 1772720149.488421 0 1
[RUNNING_REQ] 1772720149.628722 1 1
[RUNNING_REQ] 1772720149.789388 2 0
[RUNNING_REQ] 1772720149.923706 2 1
[RUNNING_REQ] 1772720150.064548 2 1
[RUNNING_REQ] 1772720150.338399 3 1
[RUNNING_REQ] 1772720150.468348 4 1
[RUNNING_REQ] 1772720150.617720 5 1
[RUNNING_REQ] 1772720150.820358 6 2
[RUNNING_REQ] 1772720150.976185 8 2
[RUNNING_REQ] 1772720151.103379 8 2
[RUNNING_REQ] 1772720151.251665 10 2
[RUNNING_REQ] 1772720151.375630 10 2
[RUNNING_REQ] 1772720151.527574 12 1
[RUNNING_REQ] 1772720151.687352 13 1
[RUNNING_REQ] 1772720151.891955 14 1
[RUNNING_REQ] 1772720152.216913 15 2
[RUNNING_REQ] 1772720152.437472 15 2
[RUNNING_REQ] 1772720152.846151 15 1
[RUNNING_REQ] 1772720153.323148 13 2
[RUNNING_REQ] 1772720153.477759 15 0
[RUNNING_REQ] 1772720153.881210 13 1
[RUNNING_REQ] 1772720155.221173 0 1
[RUNNING_REQ] 1772720155.431800 1 1
[RUNNING_REQ] 1772720155.584530 2 1
[RUNNING_REQ] 1772720155.712982 3 1
[RUNNING_REQ] 1772720155.849450 4 0
[RUNNING_REQ] 1772720156.062672 5 1
[RUNNING_REQ] 1772720156.206747 6 1
[RUNNING_REQ] 1772720156.497940 8 1
[RUNNING_REQ] 1772720156.824039 8 2
[RUNNING_REQ] 1772720157.031725 10 2
[RUNNING_REQ] 1772720157.490681 8 0
[RUNNING_REQ] 1772720158.567228 0 1
[RUNNING_REQ] 1772720158.768737 1 1
[RUNNING_REQ] 1772720158.901835 2 1
[RUNNING_REQ] 1772720159.041754 3 1
[RUNNING_REQ] 1772720159.164831 3 1
[RUNNING_REQ] 1772720159.314834 4 1
[RUNNING_REQ] 1772720159.466891 6 1
[RUNNING_REQ] 1772720159.595083 6 1
[RUNNING_REQ] 1772720159.738599 7 2
[RUNNING_REQ] 1772720159.870237 7 2
[RUNNING_REQ] 1772720160.040869 9 2
[RUNNING_REQ] 1772720160.239812 11 0
[RUNNING_REQ] 1772720160.420209 10 2
[RUNNING_REQ] 1772720160.699517 12 2
[RUNNING_REQ] 1772720161.003290 13 2
[RUNNING_REQ] 1772720161.134975 13 2
[RUNNING_REQ] 1772720161.374175 13 2
[RUNNING_REQ] 1772720161.538743 15 1
[RUNNING_REQ] 1772720163.127953 0 1
[RUNNING_REQ] 1772720163.365038 2 0
[RUNNING_REQ] 1772720163.574881 3 1
[RUNNING_REQ] 1772720163.798340 4 0
[RUNNING_REQ] 1772720164.048467 4 1
[RUNNING_REQ] 1772720164.251364 5 1
[RUNNING_REQ] 1772720164.523970 7 1
[RUNNING_REQ] 1772720164.911137 7 1
[RUNNING_REQ] 1772720165.681845 0 1
[RUNNING_REQ] 1772720165.855141 1 1
[RUNNING_REQ] 1772720165.985189 1 1
[RUNNING_REQ] 1772720166.129796 2 1
[RUNNING_REQ] 1772720166.334433 4 0
[RUNNING_REQ] 1772720166.468978 4 1
[RUNNING_REQ] 1772720166.613031 5 1
[RUNNING_REQ] 1772720166.811359 7 1
[RUNNING_REQ] 1772720167.015035 9 1
[RUNNING_REQ] 1772720167.165420 10 1
[RUNNING_REQ] 1772720167.495498 7 0
[RUNNING_REQ] 1772720168.602223 0 1
[RUNNING_REQ] 1772720168.745569 1 1
[RUNNING_REQ] 1772720168.875258 2 0
[RUNNING_REQ] 1772720169.020177 3 0
[RUNNING_REQ] 1772720169.190897 5 0
[RUNNING_REQ] 1772720169.392153 7 0
[RUNNING_REQ] 1772720170.141204 0 1
[RUNNING_REQ] 1772720170.292646 2 0
[RUNNING_REQ] 1772720170.502463 2 1
[RUNNING_REQ] 1772720170.655971 3 1
[RUNNING_REQ] 1772720170.801886 4 1
[RUNNING_REQ] 1772720170.932023 3 0
[RUNNING_REQ] 1772720171.460174 1 1
[RUNNING_REQ] 1772720171.670953 3 0
[RUNNING_REQ] 1772720171.882754 1 0
[RUNNING_REQ] 1772720172.212746 1 1
[RUNNING_REQ] 1772720172.419094 1 1
[RUNNING_REQ] 1772720172.599866 1 1
[RUNNING_REQ] 1772720172.753678 2 1
[RUNNING_REQ] 1772720172.971526 3 0
[RUNNING_REQ] 1772720173.245319 4 1
[RUNNING_REQ] 1772720173.451148 3 1
[RUNNING_REQ] 1772720173.868948 3 1
[RUNNING_REQ] 1772720174.100361 4 0
[RUNNING_REQ] 1772720174.567945 1 1
[RUNNING_REQ] 1772720174.768446 2 1
[RUNNING_REQ] 1772720174.916374 2 0
[RUNNING_REQ] 1772720175.839370 0 1
[RUNNING_REQ] 1772720176.043800 2 0
[RUNNING_REQ] 1772720176.194706 2 1
[RUNNING_REQ] 1772720176.323286 3 1
[RUNNING_REQ] 1772720176.488338 4 1
[RUNNING_REQ] 1772720176.705818 5 0
[RUNNING_REQ] 1772720176.908082 6 1
[RUNNING_REQ] 1772720177.168624 7 1
[RUNNING_REQ] 1772720177.367488 7 1
[RUNNING_REQ] 1772720177.560314 8 1
[RUNNING_REQ] 1772720177.697046 8 1
[RUNNING_REQ] 1772720177.911574 9 1
[RUNNING_REQ] 1772720178.171551 11 0
[RUNNING_REQ] 1772720178.367404 11 0
[RUNNING_REQ] 1772720178.659957 8 0
[RUNNING_REQ] 1772720179.668994 0 0
[RUNNING_REQ] 1772720179.805860 0 1
[RUNNING_REQ] 1772720180.023371 2 1
[RUNNING_REQ] 1772720180.168816 3 1
[RUNNING_REQ] 1772720180.302599 3 1
[RUNNING_REQ] 1772720180.531180 6 0
[RUNNING_REQ] 1772720180.731191 7 0
[RUNNING_REQ] 1772720181.643348 1 0
[RUNNING_REQ] 1772720181.851070 0 1
[RUNNING_REQ] 1772720182.058434 2 0
[RUNNING_REQ] 1772720182.206854 2 1
[RUNNING_REQ] 1772720182.337316 3 1
[RUNNING_REQ] 1772720182.483612 4 1
[RUNNING_REQ] 1772720182.626058 5 0
[RUNNING_REQ] 1772720182.777383 5 1
[RUNNING_REQ] 1772720182.909565 5 1
[RUNNING_REQ] 1772720183.060415 6 1
[RUNNING_REQ] 1772720183.272775 7 1
[RUNNING_REQ] 1772720183.409614 8 1
[RUNNING_REQ] 1772720183.672217 8 1
[RUNNING_REQ] 1772720183.813698 9 2
[RUNNING_REQ] 1772720184.012272 9 2
[RUNNING_REQ] 1772720184.179393 11 3
[RUNNING_REQ] 1772720184.361848 11 3
[RUNNING_REQ] 1772720184.690171 13 2
[RUNNING_REQ] 1772720184.846001 13 2
[RUNNING_REQ] 1772720185.036154 15 2
[RUNNING_REQ] 1772720185.464669 15 2
[RUNNING_REQ] 1772720185.781721 14 2
[RUNNING_REQ] 1772720185.928987 14 2
[RUNNING_REQ] 1772720186.199296 14 1
[RUNNING_REQ] 1772720187.769498 0 1
[RUNNING_REQ] 1772720187.980061 1 1
[RUNNING_REQ] 1772720188.114401 2 1
[RUNNING_REQ] 1772720188.267442 3 0
[RUNNING_REQ] 1772720188.418164 4 1
[RUNNING_REQ] 1772720188.656100 6 1
[RUNNING_REQ] 1772720188.817940 7 0
[RUNNING_REQ] 1772720189.023061 8 1
[RUNNING_REQ] 1772720189.163778 8 1
[RUNNING_REQ] 1772720189.370309 8 0
[RUNNING_REQ] 1772720190.261065 0 1
[RUNNING_REQ] 1772720190.413096 0 1
[RUNNING_REQ] 1772720190.625159 2 1
[RUNNING_REQ] 1772720190.772378 3 0
[RUNNING_REQ] 1772720190.917355 4 1
[RUNNING_REQ] 1772720191.058722 4 1
[RUNNING_REQ] 1772720191.330721 6 1
[RUNNING_REQ] 1772720191.637719 4 1
[RUNNING_REQ] 1772720191.834728 4 1
[RUNNING_REQ] 1772720192.023591 3 1
[RUNNING_REQ] 1772720192.432799 3 1
[RUNNING_REQ] 1772720192.576170 3 1
[RUNNING_REQ] 1772720192.730409 4 1
[RUNNING_REQ] 1772720192.942798 4 1
[RUNNING_REQ] 1772720193.261621 6 1
[RUNNING_REQ] 1772720193.622972 7 1
[RUNNING_REQ] 1772720193.862003 6 1
[RUNNING_REQ] 1772720194.552257 0 1
[RUNNING_REQ] 1772720194.766194 1 1
[RUNNING_REQ] 1772720194.910331 2 0
[RUNNING_REQ] 1772720195.059319 2 1
[RUNNING_REQ] 1772720195.277298 3 1
[RUNNING_REQ] 1772720195.481291 5 2
[RUNNING_REQ] 1772720195.628802 7 0
[RUNNING_REQ] 1772720195.914191 8 1
[RUNNING_REQ] 1772720196.834603 1 0
[RUNNING_REQ] 1772720196.988567 1 1
[RUNNING_REQ] 1772720197.219862 0 1
[RUNNING_REQ] 1772720197.541037 2 1
[RUNNING_REQ] 1772720197.835834 3 1
[RUNNING_REQ] 1772720197.975969 5 1
[RUNNING_REQ] 1772720198.188394 6 1
[RUNNING_REQ] 1772720198.323226 6 1
[RUNNING_REQ] 1772720198.476172 6 2
[RUNNING_REQ] 1772720198.749341 8 1
[RUNNING_REQ] 1772720199.001940 8 1
[RUNNING_REQ] 1772720200.008647 0 1
[RUNNING_REQ] 1772720200.224037 1 1
[RUNNING_REQ] 1772720200.367424 2 1
[RUNNING_REQ] 1772720200.521321 2 1
[RUNNING_REQ] 1772720200.744133 5 0
[RUNNING_REQ] 1772720200.897585 5 0
[RUNNING_REQ] 1772720201.059780 5 0
[RUNNING_REQ] 1772720201.432122 2 0
[RUNNING_REQ] 1772720201.799026 1 1
[RUNNING_REQ] 1772720202.005849 3 0
[RUNNING_REQ] 1772720202.174064 3 0
[RUNNING_REQ] 1772720202.590498 2 0
[RUNNING_REQ] 1772720202.777086 2 0
[RUNNING_REQ] 1772720202.974112 2 1
[RUNNING_REQ] 1772720203.121737 2 1
[RUNNING_REQ] 1772720203.291223 3 1
[RUNNING_REQ] 1772720203.483788 4 0
[RUNNING_REQ] 1772720203.881286 1 0
[RUNNING_REQ] 1772720204.067859 0 1
[RUNNING_REQ] 1772720204.267111 1 1
[RUNNING_REQ] 1772720204.436658 2 1
[RUNNING_REQ] 1772720204.646726 4 1
[RUNNING_REQ] 1772720204.869317 5 1
[RUNNING_REQ] 1772720205.022249 6 0
[RUNNING_REQ] 1772720205.155193 6 1
[RUNNING_REQ] 1772720205.372718 5 0
[RUNNING_REQ] 1772720206.598008 0 1
[RUNNING_REQ] 1772720206.758230 1 1
[RUNNING_REQ] 1772720206.926848 3 0
[RUNNING_REQ] 1772720207.190947 3 1
[RUNNING_REQ] 1772720207.340118 4 1
[RUNNING_REQ] 1772720207.552975 5 0
[RUNNING_REQ] 1772720207.886253 3 0
[RUNNING_REQ] 1772720208.379410 1 1
[RUNNING_REQ] 1772720208.558974 1 1
[RUNNING_REQ] 1772720208.775082 2 1
[RUNNING_REQ] 1772720208.934692 3 0
[RUNNING_REQ] 1772720209.144181 3 1
[RUNNING_REQ] 1772720209.539306 6 0
[RUNNING_REQ] 1772720210.278991 0 1
[RUNNING_REQ] 1772720210.482577 2 0
[RUNNING_REQ] 1772720210.630565 2 0
[RUNNING_REQ] 1772720210.973969 2 0
[RUNNING_REQ] 1772720211.401270 2 0
[RUNNING_REQ] 1772720211.587938 1 1
[RUNNING_REQ] 1772720211.802673 2 1
[RUNNING_REQ] 1772720211.952435 4 0
[RUNNING_REQ] 1772720212.168239 4 1
[RUNNING_REQ] 1772720212.354669 5 0
[RUNNING_REQ] 1772720212.562046 5 1
[RUNNING_REQ] 1772720212.692788 5 1
[RUNNING_REQ] 1772720212.880167 5 1
[RUNNING_REQ] 1772720213.139949 5 1
[RUNNING_REQ] 1772720213.297098 5 0
[RUNNING_REQ] 1772720214.064677 1 0
[RUNNING_REQ] 1772720214.258823 1 0
[RUNNING_REQ] 1772720214.410085 1 1
[RUNNING_REQ] 1772720214.705522 3 1
[RUNNING_REQ] 1772720214.917957 3 1
[RUNNING_REQ] 1772720215.193882 4 0
[RUNNING_REQ] 1772720215.435393 5 1
[RUNNING_REQ] 1772720215.568712 5 1
[RUNNING_REQ] 1772720215.729764 6 2
[RUNNING_REQ] 1772720216.018132 7 1
[RUNNING_REQ] 1772720216.216995 7 1
[RUNNING_REQ] 1772720216.419153 9 1
[RUNNING_REQ] 1772720216.812553 9 1
[RUNNING_REQ] 1772720217.932261 0 1
[RUNNING_REQ] 1772720218.155424 1 1
[RUNNING_REQ] 1772720218.361657 2 0
[RUNNING_REQ] 1772720218.507793 3 1
[RUNNING_REQ] 1772720218.631094 3 1
[RUNNING_REQ] 1772720218.852199 4 1
[RUNNING_REQ] 1772720219.063230 6 1
[RUNNING_REQ] 1772720219.223118 7 1
[RUNNING_REQ] 1772720219.517388 5 1
[RUNNING_REQ] 1772720220.209013 1 0
[RUNNING_REQ] 1772720220.443882 2 0
[RUNNING_REQ] 1772720220.770926 2 0
[RUNNING_REQ] 1772720220.922841 2 1
[RUNNING_REQ] 1772720221.076269 2 1
[RUNNING_REQ] 1772720221.405375 4 1
[RUNNING_REQ] 1772720221.567599 5 0
[RUNNING_REQ] 1772720221.749689 4 1
[RUNNING_REQ] 1772720221.967046 5 0
[RUNNING_REQ] 1772720222.234795 6 1
[RUNNING_REQ] 1772720222.447525 7 1
[RUNNING_REQ] 1772720222.587934 8 2
[RUNNING_REQ] 1772720222.726374 8 2
[RUNNING_REQ] 1772720222.863605 10 0
[RUNNING_REQ] 1772720222.993278 9 2
[RUNNING_REQ] 1772720223.212825 9 2
[RUNNING_REQ] 1772720223.447242 11 1
[RUNNING_REQ] 1772720223.692482 12 1
[RUNNING_REQ] 1772720223.899501 12 1
[RUNNING_REQ] 1772720225.428140 0 1
[RUNNING_REQ] 1772720225.688224 0 1
[RUNNING_REQ] 1772720225.987287 2 1
[RUNNING_REQ] 1772720226.205135 3 1
[RUNNING_REQ] 1772720226.347736 4 1
[RUNNING_REQ] 1772720226.522528 6 0
[RUNNING_REQ] 1772720226.853131 6 0
[RUNNING_REQ] 1772720227.314277 0 0
[RUNNING_REQ] 1772720227.614859 1 1
[RUNNING_REQ] 1772720227.832942 2 0
[RUNNING_REQ] 1772720228.041737 2 1
[RUNNING_REQ] 1772720228.198430 3 1
[RUNNING_REQ] 1772720228.341476 3 1
[RUNNING_REQ] 1772720228.507857 4 0
[RUNNING_REQ] 1772720228.732150 5 1
[RUNNING_REQ] 1772720229.312648 1 0
[RUNNING_REQ] 1772720229.965885 0 0
[RUNNING_REQ] 1772720230.125015 0 1
[RUNNING_REQ] 1772720230.312418 2 0
[RUNNING_REQ] 1772720230.527240 3 1
[RUNNING_REQ] 1772720230.743261 4 1
[RUNNING_REQ] 1772720230.994896 4 0
[RUNNING_REQ] 1772720231.532288 3 0
[RUNNING_REQ] 1772720231.766800 1 1
[RUNNING_REQ] 1772720231.968041 2 1
[RUNNING_REQ] 1772720232.132667 3 0
[RUNNING_REQ] 1772720232.507466 2 0
[RUNNING_REQ] 1772720232.782850 1 0
[RUNNING_REQ] 1772720232.940634 2 0
[RUNNING_REQ] 1772720233.147253 2 0
[RUNNING_REQ] 1772720233.350951 2 0
[RUNNING_REQ] 1772720233.526696 1 1
[RUNNING_REQ] 1772720233.731779 2 1
[RUNNING_REQ] 1772720233.900162 3 0
[RUNNING_REQ] 1772720234.157183 4 1
[RUNNING_REQ] 1772720234.386925 5 0
[RUNNING_REQ] 1772720234.845273 2 1
[RUNNING_REQ] 1772720235.233954 2 0
[RUNNING_REQ] 1772720235.534696 3 0
[RUNNING_REQ] 1772720235.710859 3 0
[RUNNING_REQ] 1772720235.885690 4 1
[RUNNING_REQ] 1772720236.074987 5 1
[RUNNING_REQ] 1772720236.854452 0 1
[RUNNING_REQ] 1772720237.069061 1 1
[RUNNING_REQ] 1772720237.214961 2 0
[RUNNING_REQ] 1772720237.410035 2 1
[RUNNING_REQ] 1772720237.560312 3 2
[RUNNING_REQ] 1772720237.705595 5 0
[RUNNING_REQ] 1772720237.855666 6 1
[RUNNING_REQ] 1772720238.009620 7 1
[RUNNING_REQ] 1772720238.177797 8 0
[RUNNING_REQ] 1772720239.078628 0 0
[RUNNING_REQ] 1772720239.348525 1 1
[RUNNING_REQ] 1772720239.556129 2 1
[RUNNING_REQ] 1772720239.722920 4 0
[RUNNING_REQ] 1772720239.870471 4 1
[RUNNING_REQ] 1772720240.020875 5 1
[RUNNING_REQ] 1772720240.241757 6 1
[RUNNING_REQ] 1772720240.457627 8 0
[RUNNING_REQ] 1772720240.740363 8 0
[RUNNING_REQ] 1772720241.140530 6 1
[RUNNING_REQ] 1772720241.617547 7 0
[RUNNING_REQ] 1772720242.112627 0 0
[RUNNING_REQ] 1772720242.618355 0 1
[RUNNING_REQ] 1772720242.764821 2 0
[RUNNING_REQ] 1772720242.984234 4 0
[RUNNING_REQ] 1772720243.129923 4 1
[RUNNING_REQ] 1772720243.284900 5 1
[RUNNING_REQ] 1772720243.439711 6 0
[RUNNING_REQ] 1772720243.596574 7 1
[RUNNING_REQ] 1772720243.762401 7 1
[RUNNING_REQ] 1772720244.224780 4 0
[RUNNING_REQ] 1772720244.955497 0 1
[RUNNING_REQ] 1772720245.159266 1 1
[RUNNING_REQ] 1772720245.320607 2 1
[RUNNING_REQ] 1772720245.466753 4 0
[RUNNING_REQ] 1772720245.618961 4 1
[RUNNING_REQ] 1772720245.891076 5 0
[RUNNING_REQ] 1772720246.104512 6 1
[RUNNING_REQ] 1772720246.384136 7 1
[RUNNING_REQ] 1772720247.675301 0 0
[RUNNING_REQ] 1772720247.914655 0 1
[RUNNING_REQ] 1772720248.127441 1 1
[RUNNING_REQ] 1772720248.278087 2 1
[RUNNING_REQ] 1772720248.426729 3 0
[RUNNING_REQ] 1772720248.628617 3 2
[RUNNING_REQ] 1772720248.792969 5 0
[RUNNING_REQ] 1772720248.946074 5 2
[RUNNING_REQ] 1772720249.121284 8 1
[RUNNING_REQ] 1772720249.343364 9 1
[RUNNING_REQ] 1772720249.495182 10 2
[RUNNING_REQ] 1772720249.623825 10 2
[RUNNING_REQ] 1772720249.782847 12 0
[RUNNING_REQ] 1772720250.154242 13 2
[RUNNING_REQ] 1772720250.598571 0 1
[RUNNING_REQ] 1772720252.061313 1 1
[RUNNING_REQ] 1772720252.211658 2 1
[RUNNING_REQ] 1772720252.367932 4 0
[RUNNING_REQ] 1772720252.583456 3 0
[RUNNING_REQ] 1772720253.064780 1 0
[RUNNING_REQ] 1772720253.282482 1 1
[RUNNING_REQ] 1772720253.441873 2 1
[RUNNING_REQ] 1772720253.674889 5 0
[RUNNING_REQ] 1772720254.265578 1 0
[RUNNING_REQ] 1772720254.491052 2 0
[RUNNING_REQ] 1772720254.647448 2 0
[RUNNING_REQ] 1772720254.793082 2 1
[RUNNING_REQ] 1772720254.978229 2 0
[RUNNING_REQ] 1772720255.243782 1 1
[RUNNING_REQ] 1772720255.395290 2 1
[RUNNING_REQ] 1772720255.612987 2 1
[RUNNING_REQ] 1772720255.883285 3 1
[RUNNING_REQ] 1772720256.086746 4 2
[RUNNING_REQ] 1772720256.237691 4 2
[RUNNING_REQ] 1772720256.403366 5 2
[RUNNING_REQ] 1772720256.653722 5 2
[RUNNING_REQ] 1772720256.827374 7 2
[RUNNING_REQ] 1772720257.101909 10 1
[RUNNING_REQ] 1772720257.335597 12 1
[RUNNING_REQ] 1772720257.696370 12 0
[RUNNING_REQ] 1772720258.931103 0 1
[RUNNING_REQ] 1772720259.072650 0 1
[RUNNING_REQ] 1772720259.273778 2 0
[RUNNING_REQ] 1772720259.412285 3 1
[RUNNING_REQ] 1772720259.554047 4 0
[RUNNING_REQ] 1772720259.702383 4 2
[RUNNING_REQ] 1772720259.836442 5 1
[RUNNING_REQ] 1772720260.109224 7 1
[RUNNING_REQ] 1772720260.271396 8 1
[RUNNING_REQ] 1772720260.419410 9 0
[RUNNING_REQ] 1772720260.610042 8 1
[RUNNING_REQ] 1772720260.841814 8 1
[RUNNING_REQ] 1772720261.445926 5 0
[RUNNING_REQ] 1772720262.130367 0 1
[RUNNING_REQ] 1772720262.352636 1 0
[RUNNING_REQ] 1772720262.564689 1 1
[RUNNING_REQ] 1772720262.734330 2 0
[RUNNING_REQ] 1772720262.853337 2 1
[RUNNING_REQ] 1772720263.006079 3 0
[RUNNING_REQ] 1772720263.174149 4 0
[RUNNING_REQ] 1772720263.768438 1 0
[RUNNING_REQ] 1772720264.376183 0 0
[RUNNING_REQ] 1772720264.521423 0 1
[RUNNING_REQ] 1772720264.723709 1 0
[RUNNING_REQ] 1772720264.933993 1 0
[RUNNING_REQ] 1772720265.076916 2 0
[RUNNING_REQ] 1772720265.295518 2 0
[RUNNING_REQ] 1772720265.611603 2 0
[RUNNING_REQ] 1772720265.863795 1 1
[RUNNING_REQ] 1772720266.027607 3 0
[RUNNING_REQ] 1772720266.217169 3 0
[RUNNING_REQ] 1772720266.490592 1 0
[RUNNING_REQ] 1772720266.888361 2 0
[RUNNING_REQ] 1772720267.085233 1 1
[RUNNING_REQ] 1772720267.244335 2 1
[RUNNING_REQ] 1772720267.474833 3 1
[RUNNING_REQ] 1772720267.723937 3 1
[RUNNING_REQ] 1772720267.876659 4 1
[RUNNING_REQ] 1772720268.024822 5 1
[RUNNING_REQ] 1772720268.439118 4 0
[RUNNING_REQ] 1772720269.220055 0 1
[RUNNING_REQ] 1772720269.386261 1 1
[RUNNING_REQ] 1772720269.579779 2 0
[RUNNING_REQ] 1772720269.728247 3 1
[RUNNING_REQ] 1772720269.898098 5 0
[RUNNING_REQ] 1772720270.135711 5 1
[RUNNING_REQ] 1772720270.857801 0 0
[RUNNING_REQ] 1772720271.052294 1 0
[RUNNING_REQ] 1772720271.259550 1 1
[RUNNING_REQ] 1772720271.415342 3 0
[RUNNING_REQ] 1772720271.556672 3 1
[RUNNING_REQ] 1772720271.705791 3 1
[RUNNING_REQ] 1772720271.902533 5 0
[RUNNING_REQ] 1772720272.040043 5 1
[RUNNING_REQ] 1772720272.184185 6 1
[RUNNING_REQ] 1772720272.335823 7 0
[RUNNING_REQ] 1772720272.600830 7 0
[RUNNING_REQ] 1772720272.805958 8 0
[RUNNING_REQ] 1772720273.639987 0 0
[RUNNING_REQ] 1772720273.890405 0 1
[RUNNING_REQ] 1772720274.042087 1 1
[RUNNING_REQ] 1772720274.183325 2 0
[RUNNING_REQ] 1772720274.397027 2 1
[RUNNING_REQ] 1772720274.547692 3 2
[RUNNING_REQ] 1772720274.701690 5 1
[RUNNING_REQ] 1772720274.946886 7 0
[RUNNING_REQ] 1772720275.645088 0 1
[RUNNING_REQ] 1772720275.896581 2 0
[RUNNING_REQ] 1772720276.115455 3 0
[RUNNING_REQ] 1772720276.248389 2 0
[RUNNING_REQ] 1772720276.536979 1 0
[RUNNING_REQ] 1772720276.752272 1 0
[RUNNING_REQ] 1772720277.089780 2 0
[RUNNING_REQ] 1772720277.277377 1 1
[RUNNING_REQ] 1772720277.437543 3 0
[RUNNING_REQ] 1772720277.632122 2 1
[RUNNING_REQ] 1772720277.838697 3 1
[RUNNING_REQ] 1772720278.452751 0 0
[RUNNING_REQ] 1772720278.844839 1 1
[RUNNING_REQ] 1772720278.994594 2 1
[RUNNING_REQ] 1772720279.215528 3 1
[RUNNING_REQ] 1772720279.369379 3 1
[RUNNING_REQ] 1772720279.640014 6 0
[RUNNING_REQ] 1772720280.029813 1 0
[RUNNING_REQ] 1772720280.478258 1 1
[RUNNING_REQ] 1772720280.699546 2 0
[RUNNING_REQ] 1772720280.857957 4 0
[RUNNING_REQ] 1772720281.177515 2 0
[RUNNING_REQ] 1772720281.693436 1 1
[RUNNING_REQ] 1772720281.929148 3 0
[RUNNING_REQ] 1772720282.159983 3 0
[RUNNING_REQ] 1772720282.305180 3 1
[RUNNING_REQ] 1772720282.468953 4 2
[RUNNING_REQ] 1772720282.669113 4 2
[RUNNING_REQ] 1772720282.816965 4 2
[RUNNING_REQ] 1772720283.007308 6 1
[RUNNING_REQ] 1772720283.216656 6 0
[RUNNING_REQ] 1772720283.551412 6 0
[RUNNING_REQ] 1772720283.994415 2 0
[RUNNING_REQ] 1772720284.732992 0 1
[RUNNING_REQ] 1772720284.928643 1 0
[RUNNING_REQ] 1772720285.067235 1 1
[RUNNING_REQ] 1772720285.226190 2 1
[RUNNING_REQ] 1772720285.366951 3 1
[RUNNING_REQ] 1772720285.574593 3 1
[RUNNING_REQ] 1772720285.851643 5 1
[RUNNING_REQ] 1772720286.056133 6 0
[RUNNING_REQ] 1772720286.255647 6 0
[RUNNING_REQ] 1772720286.566623 1 0
[RUNNING_REQ] 1772720287.079981 1 1
[RUNNING_REQ] 1772720287.226230 2 0
[RUNNING_REQ] 1772720287.550119 1 0
[RUNNING_REQ] 1772720287.752702 1 0
[RUNNING_REQ] 1772720287.965570 1 0
[RUNNING_REQ] 1772720288.087074 2 0
[RUNNING_REQ] 1772720288.300177 2 0
[RUNNING_REQ] 1772720288.436118 2 1
[RUNNING_REQ] 1772720288.593231 2 1
[RUNNING_REQ] 1772720288.776345 3 1
[RUNNING_REQ] 1772720288.985940 4 1
[RUNNING_REQ] 1772720289.148119 5 0
[RUNNING_REQ] 1772720289.278507 6 0
[RUNNING_REQ] 1772720289.987707 1 0
[RUNNING_REQ] 1772720290.150569 1 1
[RUNNING_REQ] 1772720290.305076 3 0
[RUNNING_REQ] 1772720290.500718 2 1
[RUNNING_REQ] 1772720291.401105 0 1
[RUNNING_REQ] 1772720291.547196 2 0
[RUNNING_REQ] 1772720291.765843 2 1
[RUNNING_REQ] 1772720291.941678 4 0
[RUNNING_REQ] 1772720292.214683 4 1
[RUNNING_REQ] 1772720292.419825 4 1
[RUNNING_REQ] 1772720292.587268 5 1
[RUNNING_REQ] 1772720292.733258 5 1
[RUNNING_REQ] 1772720293.075163 4 0
[RUNNING_REQ] 1772720293.715197 0 1
[RUNNING_REQ] 1772720293.868188 0 1
[RUNNING_REQ] 1772720294.071435 2 1
[RUNNING_REQ] 1772720294.207641 2 1
[RUNNING_REQ] 1772720294.372607 3 2
[RUNNING_REQ] 1772720294.503520 3 2
[RUNNING_REQ] 1772720294.657695 5 2
[RUNNING_REQ] 1772720294.816787 5 2
[RUNNING_REQ] 1772720295.060693 7 2
[RUNNING_REQ] 1772720295.223248 9 2
[RUNNING_REQ] 1772720295.378536 11 0
[RUNNING_REQ] 1772720296.624129 1 1
[RUNNING_REQ] 1772720296.899556 2 0
[RUNNING_REQ] 1772720297.235516 2 0
[RUNNING_REQ] 1772720297.582307 2 1
[RUNNING_REQ] 1772720297.800337 3 0
[RUNNING_REQ] 1772720298.043995 1 0
[RUNNING_REQ] 1772720298.405299 1 1
[RUNNING_REQ] 1772720298.603185 2 1
[RUNNING_REQ] 1772720298.743476 3 0
[RUNNING_REQ] 1772720298.894996 4 1
[RUNNING_REQ] 1772720299.055486 5 1
[RUNNING_REQ] 1772720299.322195 7 0
[RUNNING_REQ] 1772720300.005564 0 0
[RUNNING_REQ] 1772720300.319012 1 1
[RUNNING_REQ] 1772720300.555512 3 0
[RUNNING_REQ] 1772720300.764012 3 1
[RUNNING_REQ] 1772720301.255348 3 0
[RUNNING_REQ] 1772720301.477657 3 0
[RUNNING_REQ] 1772720302.043403 1 1
[RUNNING_REQ] 1772720302.459380 1 0
[RUNNING_REQ] 1772720302.682504 2 1
[RUNNING_REQ] 1772720302.836758 3 1
[RUNNING_REQ] 1772720302.990951 4 0
[RUNNING_REQ] 1772720303.225911 6 1
[RUNNING_REQ] 1772720303.357646 6 1
[RUNNING_REQ] 1772720303.554200 7 1
[RUNNING_REQ] 1772720303.731427 8 1
[RUNNING_REQ] 1772720303.862775 9 0
[RUNNING_REQ] 1772720304.061313 9 1
[RUNNING_REQ] 1772720305.040546 1 0
[RUNNING_REQ] 1772720305.743273 0 0
[RUNNING_REQ] 1772720305.947300 0 1
[RUNNING_REQ] 1772720306.220041 2 0
[RUNNING_REQ] 1772720306.432816 1 0
[RUNNING_REQ] 1772720306.812550 1 1
[RUNNING_REQ] 1772720307.028781 3 0
[RUNNING_REQ] 1772720307.186755 3 1
[RUNNING_REQ] 1772720307.340455 4 1
[RUNNING_REQ] 1772720307.576950 5 2
[RUNNING_REQ] 1772720307.803453 7 0
[RUNNING_REQ] 1772720308.061412 8 0
[RUNNING_REQ] 1772720308.255226 8 1
[RUNNING_REQ] 1772720308.411395 9 1
[RUNNING_REQ] 1772720308.713130 9 1
[RUNNING_REQ] 1772720308.939067 10 0
[RUNNING_REQ] 1772720309.146782 10 1
[RUNNING_REQ] 1772720309.343301 10 1
[RUNNING_REQ] 1772720310.508607 0 1
[RUNNING_REQ] 1772720310.675164 1 1
[RUNNING_REQ] 1772720310.832623 2 1
[RUNNING_REQ] 1772720311.030806 3 1
[RUNNING_REQ] 1772720311.186081 5 0
[RUNNING_REQ] 1772720311.332167 5 1
[RUNNING_REQ] 1772720311.786593 3 0
[RUNNING_REQ] 1772720312.280228 1 1
[RUNNING_REQ] 1772720312.429257 2 1
[RUNNING_REQ] 1772720312.595113 3 0
[RUNNING_REQ] 1772720312.789634 3 1
[RUNNING_REQ] 1772720313.010033 3 0
[RUNNING_REQ] 1772720313.527711 1 1
[RUNNING_REQ] 1772720313.742954 3 0
[RUNNING_REQ] 1772720313.907854 3 1
[RUNNING_REQ] 1772720314.070393 5 0
[RUNNING_REQ] 1772720314.218453 5 1
[RUNNING_REQ] 1772720314.357395 5 1
[RUNNING_REQ] 1772720314.573782 6 1
[RUNNING_REQ] 1772720314.735434 7 0
[RUNNING_REQ] 1772720315.179058 5 1
[RUNNING_REQ] 1772720315.393378 5 1
[RUNNING_REQ] 1772720316.348133 0 0
[RUNNING_REQ] 1772720316.500646 0 1
[RUNNING_REQ] 1772720316.654909 1 1
[RUNNING_REQ] 1772720316.876961 3 0
[RUNNING_REQ] 1772720317.287881 1 0
[RUNNING_REQ] 1772720317.681867 2 0
[RUNNING_REQ] 1772720317.905936 2 0
[RUNNING_REQ] 1772720318.216455 3 0
[RUNNING_REQ] 1772720318.420100 2 1
[RUNNING_REQ] 1772720318.573543 3 1
[RUNNING_REQ] 1772720318.732545 4 0
[RUNNING_REQ] 1772720318.927033 4 0
[RUNNING_REQ] 1772720319.388898 2 1
[RUNNING_REQ] 1772720319.662998 2 0
[RUNNING_REQ] 1772720319.893679 1 0
[RUNNING_REQ] 1772720320.046211 1 1
[RUNNING_REQ] 1772720320.426534 2 0
[RUNNING_REQ] 1772720320.660675 2 1
[RUNNING_REQ] 1772720320.804239 2 1
[RUNNING_REQ] 1772720320.942675 2 1
[RUNNING_REQ] 1772720321.110254 4 1
[RUNNING_REQ] 1772720321.251052 5 0
[RUNNING_REQ] 1772720321.446768 6 0
[RUNNING_REQ] 1772720321.661953 5 1
[RUNNING_REQ] 1772720321.912789 4 1
[RUNNING_REQ] 1772720322.363225 3 1
[RUNNING_REQ] 1772720322.520511 3 0
[RUNNING_REQ] 1772720322.915715 4 1
[RUNNING_REQ] 1772720323.524543 1 0
[RUNNING_REQ] 1772720323.877712 2 0
[RUNNING_REQ] 1772720324.077033 1 1
[RUNNING_REQ] 1772720324.289297 2 0
[RUNNING_REQ] 1772720324.416831 2 1
[RUNNING_REQ] 1772720324.588051 3 1
[RUNNING_REQ] 1772720324.797195 4 0
[RUNNING_REQ] 1772720324.940149 5 1
[RUNNING_REQ] 1772720326.005781 0 1
[RUNNING_REQ] 1772720326.232570 2 0
[RUNNING_REQ] 1772720326.388857 2 1
[RUNNING_REQ] 1772720326.549719 4 0
[RUNNING_REQ] 1772720326.797192 4 1
[RUNNING_REQ] 1772720326.997019 4 1
[RUNNING_REQ] 1772720327.188374 3 0
[RUNNING_REQ] 1772720327.785274 1 0
[RUNNING_REQ] 1772720327.950361 1 1
[RUNNING_REQ] 1772720328.260303 2 1
[RUNNING_REQ] 1772720328.485362 3 1
[RUNNING_REQ] 1772720328.648629 5 0
[RUNNING_REQ] 1772720329.236165 1 0
[RUNNING_REQ] 1772720329.440109 0 1
[RUNNING_REQ] 1772720329.664100 2 0
[RUNNING_REQ] 1772720329.902480 2 1
[RUNNING_REQ] 1772720330.118992 5 0
[RUNNING_REQ] 1772720330.252247 4 1
[RUNNING_REQ] 1772720330.455489 5 0
[RUNNING_REQ] 1772720330.779214 1 0
[RUNNING_REQ] 1772720331.239424 2 0
[RUNNING_REQ] 1772720331.464803 3 0
[RUNNING_REQ] 1772720331.717803 4 0
[RUNNING_REQ] 1772720331.908986 4 1
[RUNNING_REQ] 1772720332.119462 4 0
[RUNNING_REQ] 1772720332.481561 2 0
[RUNNING_REQ] 1772720332.848777 2 1
[RUNNING_REQ] 1772720333.071282 3 0
[RUNNING_REQ] 1772720333.216460 4 0
[RUNNING_REQ] 1772720333.339882 4 1
[RUNNING_REQ] 1772720333.505718 5 1
[RUNNING_REQ] 1772720333.661223 6 1
[RUNNING_REQ] 1772720333.828161 6 1
[RUNNING_REQ] 1772720334.596165 0 1
[RUNNING_REQ] 1772720334.754253 1 1
[RUNNING_REQ] 1772720334.893868 2 1
[RUNNING_REQ] 1772720335.116612 3 1
[RUNNING_REQ] 1772720335.929349 0 0
[RUNNING_REQ] 1772720336.089725 1 0
[RUNNING_REQ] 1772720336.240592 1 1
[RUNNING_REQ] 1772720336.437130 2 1
[RUNNING_REQ] 1772720336.601780 3 0
[RUNNING_REQ] 1772720336.761094 3 1
[RUNNING_REQ] 1772720336.899472 3 1
[RUNNING_REQ] 1772720337.407171 1 1
[RUNNING_REQ] 1772720337.675170 1 1
[RUNNING_REQ] 1772720337.894888 2 1
[RUNNING_REQ] 1772720338.238454 2 0
[RUNNING_REQ] 1772720338.683557 2 0
[RUNNING_REQ] 1772720338.868680 1 1
[RUNNING_REQ] 1772720339.026392 2 0
[RUNNING_REQ] 1772720339.260577 3 0
[RUNNING_REQ] 1772720339.476788 4 1
[RUNNING_REQ] 1772720339.639785 5 0
[RUNNING_REQ] 1772720339.853619 7 0
[RUNNING_REQ] 1772720340.572042 2 0
[RUNNING_REQ] 1772720340.799004 2 0
[RUNNING_REQ] 1772720340.995133 2 0
[RUNNING_REQ] 1772720341.179061 1 1
[RUNNING_REQ] 1772720341.353028 2 0
[RUNNING_REQ] 1772720341.564358 3 1
[RUNNING_REQ] 1772720341.805974 4 1
[RUNNING_REQ] 1772720342.029157 3 2
[RUNNING_REQ] 1772720342.371293 6 1
[RUNNING_REQ] 1772720342.566608 6 1
[RUNNING_REQ] 1772720342.782654 6 1
[RUNNING_REQ] 1772720342.982225 6 1
[RUNNING_REQ] 1772720343.274738 4 1
[RUNNING_REQ] 1772720343.518618 3 0
[RUNNING_REQ] 1772720343.974306 1 1
[RUNNING_REQ] 1772720344.172906 2 0
[RUNNING_REQ] 1772720344.874281 0 0
[RUNNING_REQ] 1772720345.102384 1 0
[RUNNING_REQ] 1772720345.343639 2 1
[RUNNING_REQ] 1772720345.551802 3 1
[RUNNING_REQ] 1772720345.677112 3 0
[RUNNING_REQ] 1772720346.040977 1 0
[RUNNING_REQ] 1772720346.429292 2 0
[RUNNING_REQ] 1772720346.665555 2 1
[RUNNING_REQ] 1772720346.933284 2 0
[RUNNING_REQ] 1772720347.384696 3 0
[RUNNING_REQ] 1772720347.647685 1 0
[RUNNING_REQ] 1772720348.016028 2 0
[RUNNING_REQ] 1772720348.209252 1 1
[RUNNING_REQ] 1772720348.435294 2 0
[RUNNING_REQ] 1772720348.576946 2 1
[RUNNING_REQ] 1772720348.772577 2 1
[RUNNING_REQ] 1772720348.998327 4 0
[RUNNING_REQ] 1772720349.274011 4 1
[RUNNING_REQ] 1772720349.434924 5 1
[RUNNING_REQ] 1772720349.596873 6 1
[RUNNING_REQ] 1772720349.754695 7 0
[RUNNING_REQ] 1772720349.955506 7 1
[RUNNING_REQ] 1772720350.766724 0 1
[RUNNING_REQ] 1772720350.983503 1 1
[RUNNING_REQ] 1772720351.141098 2 1
[RUNNING_REQ] 1772720351.380114 3 2
[RUNNING_REQ] 1772720351.546584 5 1
[RUNNING_REQ] 1772720351.763056 6 1
[RUNNING_REQ] 1772720351.899263 7 0
[RUNNING_REQ] 1772720352.071877 8 1
[RUNNING_REQ] 1772720353.407688 1 0
[RUNNING_REQ] 1772720353.555365 1 1
[RUNNING_REQ] 1772720353.765872 3 0
[RUNNING_REQ] 1772720353.908235 2 1
[RUNNING_REQ] 1772720354.080343 3 1
[RUNNING_REQ] 1772720354.303684 4 1
[RUNNING_REQ] 1772720354.562957 4 1
[RUNNING_REQ] 1772720354.896852 6 0
[RUNNING_REQ] 1772720355.659620 0 0
[RUNNING_REQ] 1772720355.834050 0 1
[RUNNING_REQ] 1772720355.983277 1 0
[RUNNING_REQ] 1772720356.189265 1 1
[RUNNING_REQ] 1772720356.400853 3 0
[RUNNING_REQ] 1772720356.569448 4 0
[RUNNING_REQ] 1772720357.046218 1 0
[RUNNING_REQ] 1772720357.208804 1 0
[RUNNING_REQ] 1772720357.552624 2 0
[RUNNING_REQ] 1772720357.763876 2 1
[RUNNING_REQ] 1772720358.284067 5 0
[RUNNING_REQ] 1772720358.551803 3 0
[RUNNING_REQ] 1772720358.841265 2 0
[RUNNING_REQ] 1772720359.047249 1 1
[RUNNING_REQ] 1772720359.212539 3 0
[RUNNING_REQ] 1772720359.400335 3 0
[RUNNING_REQ] 1772720359.621954 1 0
[RUNNING_REQ] 1772720360.115709 2 0
[RUNNING_REQ] 1772720360.312574 2 0
[RUNNING_REQ] 1772720360.516584 1 1
[RUNNING_REQ] 1772720360.743015 2 1
[RUNNING_REQ] 1772720360.903674 3 1
[RUNNING_REQ] 1772720361.136361 4 1
[RUNNING_REQ] 1772720361.322126 4 1
[RUNNING_REQ] 1772720362.522731 0 0
[RUNNING_REQ] 1772720362.692613 1 0
[RUNNING_REQ] 1772720362.882021 0 1
[RUNNING_REQ] 1772720363.106249 1 1
[RUNNING_REQ] 1772720363.272907 3 0
[RUNNING_REQ] 1772720363.559568 4 0
[RUNNING_REQ] 1772720364.020151 1 1
[RUNNING_REQ] 1772720364.181939 2 0
[RUNNING_REQ] 1772720364.375619 3 0
[RUNNING_REQ] 1772720364.606480 2 0
[RUNNING_REQ] 1772720365.076815 1 0
[RUNNING_REQ] 1772720365.241479 2 0
[RUNNING_REQ] 1772720365.439351 1 1
[RUNNING_REQ] 1772720365.653996 3 0
[RUNNING_REQ] 1772720365.823168 2 0
[RUNNING_REQ] 1772720366.247744 1 1
[RUNNING_REQ] 1772720366.467058 2 0
[RUNNING_REQ] 1772720366.755486 2 1
[RUNNING_REQ] 1772720366.963800 2 1
[RUNNING_REQ] 1772720367.224679 3 0
[RUNNING_REQ] 1772720367.450309 2 0
[RUNNING_REQ] 1772720367.960948 1 0
[RUNNING_REQ] 1772720368.126618 1 1
[RUNNING_REQ] 1772720368.284434 3 0
[RUNNING_REQ] 1772720368.747420 2 0
[RUNNING_REQ] 1772720369.070242 2 0
[RUNNING_REQ] 1772720369.562702 2 0
[RUNNING_REQ] 1772720369.779422 2 0
[RUNNING_REQ] 1772720369.980026 1 1
[RUNNING_REQ] 1772720370.132459 1 1
[RUNNING_REQ] 1772720370.825155 0 0
[RUNNING_REQ] 1772720371.048040 1 0
[RUNNING_REQ] 1772720371.216055 2 0
[RUNNING_REQ] 1772720371.372370 2 1
[RUNNING_REQ] 1772720371.757035 2 0
[RUNNING_REQ] 1772720371.957100 1 0
[RUNNING_REQ] 1772720372.302783 2 1
[RUNNING_REQ] 1772720372.518538 2 1
[RUNNING_REQ] 1772720372.677738 3 1
[RUNNING_REQ] 1772720372.901945 4 1
[RUNNING_REQ] 1772720373.054531 5 1
[RUNNING_REQ] 1772720373.410728 4 1
[RUNNING_REQ] 1772720373.623678 4 1
[RUNNING_REQ] 1772720373.818579 4 1
[RUNNING_REQ] 1772720374.015897 4 1
[RUNNING_REQ] 1772720374.222330 4 0
[RUNNING_REQ] 1772720374.882668 0 1
[RUNNING_REQ] 1772720375.047827 2 0
[RUNNING_REQ] 1772720375.284701 3 0
[RUNNING_REQ] 1772720375.411365 2 1
[RUNNING_REQ] 1772720375.622404 3 1
[RUNNING_REQ] 1772720376.113040 1 1
[RUNNING_REQ] 1772720376.305016 1 1
[RUNNING_REQ] 1772720376.452290 3 0
[RUNNING_REQ] 1772720376.657473 2 1
[RUNNING_REQ] 1772720376.812719 3 1
[RUNNING_REQ] 1772720376.963204 3 1
[RUNNING_REQ] 1772720377.314019 5 0
[RUNNING_REQ] 1772720377.959446 1 0
[RUNNING_REQ] 1772720378.600104 0 0
[RUNNING_REQ] 1772720378.804991 1 0
[RUNNING_REQ] 1772720378.974074 2 0
[RUNNING_REQ] 1772720379.332263 1 0
[RUNNING_REQ] 1772720379.934677 1 0
[RUNNING_REQ] 1772720380.301618 1 1
[RUNNING_REQ] 1772720380.470247 2 0
[RUNNING_REQ] 1772720380.621842 2 1
[RUNNING_REQ] 1772720380.828784 3 2
[RUNNING_REQ] 1772720380.975213 5 1
[RUNNING_REQ] 1772720381.221068 7 1
[RUNNING_REQ] 1772720381.521394 1 0
[RUNNING_REQ] 1772720382.242069 2 0
[RUNNING_REQ] 1772720382.448666 1 1
[RUNNING_REQ] 1772720382.672945 2 1
[RUNNING_REQ] 1772720382.832272 3 1
[RUNNING_REQ] 1772720383.417193 1 1
[RUNNING_REQ] 1772720383.645532 2 0
[RUNNING_REQ] 1772720383.861402 3 0
[RUNNING_REQ] 1772720384.134235 5 0
[RUNNING_REQ] 1772720384.784982 0 0
[RUNNING_REQ] 1772720385.034142 0 1
[RUNNING_REQ] 1772720385.276319 3 0
[RUNNING_REQ] 1772720385.714986 1 1
[RUNNING_REQ] 1772720386.456685 0 0
[RUNNING_REQ] 1772720386.679988 1 0
[RUNNING_REQ] 1772720386.839709 2 0
[RUNNING_REQ] 1772720387.173369 2 0
[RUNNING_REQ] 1772720387.363256 2 0
[RUNNING_REQ] 1772720387.522534 2 1
[RUNNING_REQ] 1772720387.711422 2 1
[RUNNING_REQ] 1772720387.883686 3 0
[RUNNING_REQ] 1772720388.397752 1 1
[RUNNING_REQ] 1772720388.557676 3 0
[RUNNING_REQ] 1772720388.713501 3 1
[RUNNING_REQ] 1772720388.926081 4 1
[RUNNING_REQ] 1772720389.043148 4 1
[RUNNING_REQ] 1772720389.790367 1 0
[RUNNING_REQ] 1772720389.981003 1 0
[RUNNING_REQ] 1772720390.148355 2 0
[RUNNING_REQ] 1772720390.330178 2 0
[RUNNING_REQ] 1772720390.534015 1 1
[RUNNING_REQ] 1772720390.845551 2 1
[RUNNING_REQ] 1772720391.055982 2 1
[RUNNING_REQ] 1772720391.213262 3 1
[RUNNING_REQ] 1772720391.607470 4 1
[RUNNING_REQ] 1772720391.778292 4 0
[RUNNING_REQ] 1772720392.134404 1 1
[RUNNING_REQ] 1772720392.325872 2 0
[RUNNING_REQ] 1772720392.482041 3 0
[RUNNING_REQ] 1772720393.246194 0 0
[RUNNING_REQ] 1772720393.388555 0 1
[RUNNING_REQ] 1772720393.543951 1 1
[RUNNING_REQ] 1772720393.712345 2 1
[RUNNING_REQ] 1772720393.872927 3 0
[RUNNING_REQ] 1772720394.085716 4 1
[RUNNING_REQ] 1772720394.243093 5 1
[RUNNING_REQ] 1772720394.392474 5 0
[RUNNING_REQ] 1772720394.533053 6 1
[RUNNING_REQ] 1772720394.742450 6 1
[RUNNING_REQ] 1772720394.968114 7 1
[RUNNING_REQ] 1772720395.318781 6 0
[RUNNING_REQ] 1772720396.191853 1 0
[RUNNING_REQ] 1772720396.365870 1 0
[RUNNING_REQ] 1772720396.868181 2 1
[RUNNING_REQ] 1772720397.107508 3 0
[RUNNING_REQ] 1772720397.459362 4 0
[RUNNING_REQ] 1772720398.417979 0 0
[RUNNING_REQ] 1772720398.586137 1 0
[RUNNING_REQ] 1772720398.771078 1 1
[RUNNING_REQ] 1772720398.956582 2 0
[RUNNING_REQ] 1772720399.342910 1 0
[RUNNING_REQ] 1772720399.586517 1 1
[RUNNING_REQ] 1772720399.759438 2 1
[RUNNING_REQ] 1772720400.032824 3 1
[RUNNING_REQ] 1772720400.205494 5 0
[RUNNING_REQ] 1772720400.721119 0 0
[RUNNING_REQ] 1772720400.894953 1 0
[RUNNING_REQ] 1772720401.114062 2 0
[RUNNING_REQ] 1772720401.441309 1 1
[RUNNING_REQ] 1772720401.666703 2 0
[RUNNING_REQ] 1772720402.099087 1 0
[RUNNING_REQ] 1772720402.387497 1 1
[RUNNING_REQ] 1772720403.090135 0 0
[RUNNING_REQ] 1772720403.250487 1 0
[RUNNING_REQ] 1772720403.480608 2 0
[RUNNING_REQ] 1772720403.612109 1 1
[RUNNING_REQ] 1772720403.817258 2 1
[RUNNING_REQ] 1772720403.985501 3 0
[RUNNING_REQ] 1772720404.357081 2 1
[RUNNING_REQ] 1772720404.524508 2 1
[RUNNING_REQ] 1772720404.839353 3 1
[RUNNING_REQ] 1772720405.066161 4 0
[RUNNING_REQ] 1772720405.215106 4 1
[RUNNING_REQ] 1772720405.379977 6 0
[RUNNING_REQ] 1772720406.171941 1 0
[RUNNING_REQ] 1772720406.377320 1 0
[RUNNING_REQ] 1772720406.531022 1 1
[RUNNING_REQ] 1772720406.757495 2 0
[RUNNING_REQ] 1772720407.035502 3 1
[RUNNING_REQ] 1772720407.253719 4 1
[RUNNING_REQ] 1772720407.600628 5 0
[RUNNING_REQ] 1772720407.867214 1 0
[RUNNING_REQ] 1772720408.414304 2 0
[RUNNING_REQ] 1772720408.625882 2 0
[RUNNING_REQ] 1772720408.813654 1 1
[RUNNING_REQ] 1772720408.972323 2 1
[RUNNING_REQ] 1772720409.177533 3 0
[RUNNING_REQ] 1772720410.051286 1 0
[RUNNING_REQ] 1772720410.217628 2 0
[RUNNING_REQ] 1772720410.387112 2 0
[RUNNING_REQ] 1772720410.834362 1 1
[RUNNING_REQ] 1772720411.058481 2 1
[RUNNING_REQ] 1772720411.235706 3 0
[RUNNING_REQ] 1772720411.522506 3 1
[RUNNING_REQ] 1772720411.910167 2 0
[RUNNING_REQ] 1772720412.118142 2 0
[RUNNING_REQ] 1772720412.447346 2 1
[RUNNING_REQ] 1772720412.654211 3 0
[RUNNING_REQ] 1772720413.040850 2 0
[RUNNING_REQ] 1772720413.483665 2 0
[RUNNING_REQ] 1772720413.694768 2 0
[RUNNING_REQ] 1772720413.913489 2 0
[RUNNING_REQ] 1772720414.565296 0 0
[RUNNING_REQ] 1772720414.723329 0 1
[RUNNING_REQ] 1772720414.880526 1 1
[RUNNING_REQ] 1772720415.105155 2 1
[RUNNING_REQ] 1772720415.260743 3 1
[RUNNING_REQ] 1772720415.412336 4 0
[RUNNING_REQ] 1772720415.565349 4 1
[RUNNING_REQ] 1772720415.733489 5 1
[RUNNING_REQ] 1772720415.895865 6 1
[RUNNING_REQ] 1772720416.050682 8 0
[RUNNING_REQ] 1772720417.040910 1 0
[RUNNING_REQ] 1772720417.289885 2 0
[RUNNING_REQ] 1772720417.563685 3 0
[RUNNING_REQ] 1772720417.821497 1 0
[RUNNING_REQ] 1772720418.028221 1 1
[RUNNING_REQ] 1772720418.238008 1 1
[RUNNING_REQ] 1772720418.472434 3 0
[RUNNING_REQ] 1772720418.607919 2 0
[RUNNING_REQ] 1772720418.898958 1 0
[RUNNING_REQ] 1772720419.197915 2 1
[RUNNING_REQ] 1772720419.358654 2 0
[RUNNING_REQ] 1772720419.691029 3 2
[RUNNING_REQ] 1772720419.856263 5 0
[RUNNING_REQ] 1772720420.070725 6 0
[RUNNING_REQ] 1772720420.237221 7 1
[RUNNING_REQ] 1772720421.458497 1 0
[RUNNING_REQ] 1772720421.630005 1 1
[RUNNING_REQ] 1772720421.842828 3 0
[RUNNING_REQ] 1772720422.001850 4 0
[RUNNING_REQ] 1772720422.161776 4 0
[RUNNING_REQ] 1772720422.356938 3 1
[RUNNING_REQ] 1772720422.569636 3 1
[RUNNING_REQ] 1772720422.972835 3 0
[RUNNING_REQ] 1772720423.352485 4 0
[RUNNING_REQ] 1772720423.593874 2 1
[RUNNING_REQ] 1772720423.811631 4 0
[RUNNING_REQ] 1772720424.324453 1 0
[RUNNING_REQ] 1772720424.659295 1 1
[RUNNING_REQ] 1772720424.813999 2 1
[RUNNING_REQ] 1772720425.362996 1 0
[RUNNING_REQ] 1772720425.733014 1 0
[RUNNING_REQ] 1772720425.892454 2 0
[RUNNING_REQ] 1772720426.102818 2 0
[RUNNING_REQ] 1772720426.377951 1 0
[RUNNING_REQ] 1772720426.572105 1 0
[RUNNING_REQ] 1772720426.725898 1 1
[RUNNING_REQ] 1772720426.933057 2 1
[RUNNING_REQ] 1772720427.090611 3 1
[RUNNING_REQ] 1772720427.932939 0 0
[RUNNING_REQ] 1772720428.098405 0 1
[RUNNING_REQ] 1772720428.322651 2 0
[RUNNING_REQ] 1772720428.480375 2 1
[RUNNING_REQ] 1772720428.634352 3 1
[RUNNING_REQ] 1772720428.791512 4 1
[RUNNING_REQ] 1772720428.958726 5 0
[RUNNING_REQ] 1772720429.338368 5 1
[RUNNING_REQ] 1772720429.493673 6 0
[RUNNING_REQ] 1772720429.751824 5 1
[RUNNING_REQ] 1772720429.954144 5 1
[RUNNING_REQ] 1772720430.383607 0 0
[RUNNING_REQ] 1772720430.882707 1 1
[RUNNING_REQ] 1772720431.097652 2 1
[RUNNING_REQ] 1772720431.253420 2 1
[RUNNING_REQ] 1772720431.415823 5 0
[RUNNING_REQ] 1772720431.726365 6 1
[RUNNING_REQ] 1772720431.881624 7 1
[RUNNING_REQ] 1772720432.183826 8 0
[RUNNING_REQ] 1772720432.395195 7 1
[RUNNING_REQ] 1772720433.458996 1 0
[RUNNING_REQ] 1772720433.736753 0 1
[RUNNING_REQ] 1772720434.393973 0 0
[RUNNING_REQ] 1772720434.625456 1 0
[RUNNING_REQ] 1772720434.926891 2 0
[RUNNING_REQ] 1772720435.140845 1 0
[RUNNING_REQ] 1772720435.518957 2 0
[RUNNING_REQ] 1772720435.694486 3 0
[RUNNING_REQ] 1772720435.983276 4 0
[RUNNING_REQ] 1772720436.232044 3 1
[RUNNING_REQ] 1772720436.394060 3 0
[RUNNING_REQ] 1772720437.000109 0 0
[RUNNING_REQ] 1772720437.342177 1 1
[RUNNING_REQ] 1772720437.503605 2 1
[RUNNING_REQ] 1772720437.652648 3 0
[RUNNING_REQ] 1772720437.813576 4 1
[RUNNING_REQ] 1772720437.965907 6 0
[RUNNING_REQ] 1772720438.706212 0 0
[RUNNING_REQ] 1772720438.865311 0 1
[RUNNING_REQ] 1772720439.073315 0 1
[RUNNING_REQ] 1772720439.290079 1 1
[RUNNING_REQ] 1772720439.475370 3 0
[RUNNING_REQ] 1772720439.728871 4 0
[RUNNING_REQ] 1772720440.208729 0 0
[RUNNING_REQ] 1772720441.037510 0 0
[RUNNING_REQ] 1772720441.265350 1 0
[RUNNING_REQ] 1772720441.425204 2 0
[RUNNING_REQ] 1772720441.594034 3 0
[RUNNING_REQ] 1772720441.894498 3 1
[RUNNING_REQ] 1772720442.136948 2 0
[RUNNING_REQ] 1772720442.507830 1 0
[RUNNING_REQ] 1772720442.709308 0 1
[RUNNING_REQ] 1772720442.886806 2 0
[RUNNING_REQ] 1772720443.106519 2 0
[RUNNING_REQ] 1772720443.498996 1 1
[RUNNING_REQ] 1772720443.694299 1 1
[RUNNING_REQ] 1772720443.850713 2 1
[RUNNING_REQ] 1772720444.055025 3 1
[RUNNING_REQ] 1772720444.216085 3 1
[RUNNING_REQ] 1772720444.360931 4 1
[RUNNING_REQ] 1772720444.570578 4 0
[RUNNING_REQ] 1772720445.073381 1 0
[RUNNING_REQ] 1772720445.279896 0 1
[RUNNING_REQ] 1772720445.441841 1 1
[RUNNING_REQ] 1772720445.587167 2 0
[RUNNING_REQ] 1772720445.828327 2 0
[RUNNING_REQ] 1772720446.250401 1 1
[RUNNING_REQ] 1772720446.859112 0 0
[RUNNING_REQ] 1772720447.261039 1 1
[RUNNING_REQ] 1772720447.417895 2 0
[RUNNING_REQ] 1772720447.687380 2 0
[RUNNING_REQ] 1772720447.880961 1 1
[RUNNING_REQ] 1772720448.089886 1 1
[RUNNING_REQ] 1772720448.222584 2 0
[RUNNING_REQ] 1772720448.385150 4 0
[RUNNING_REQ] 1772720448.698259 5 0
[RUNNING_REQ] 1772720448.918882 5 0
[RUNNING_REQ] 1772720449.082728 5 1
[RUNNING_REQ] 1772720449.302038 6 0
[RUNNING_REQ] 1772720450.067505 1 0
[RUNNING_REQ] 1772720450.239856 2 0
[RUNNING_REQ] 1772720450.471947 2 0
[RUNNING_REQ] 1772720450.680116 2 0
[RUNNING_REQ] 1772720450.879393 2 0
[RUNNING_REQ] 1772720451.100765 2 0
[RUNNING_REQ] 1772720451.249964 3 0
[RUNNING_REQ] 1772720451.661007 1 1
[RUNNING_REQ] 1772720451.833536 2 1
[RUNNING_REQ] 1772720452.064646 3 0
[RUNNING_REQ] 1772720452.817022 0 0
[RUNNING_REQ] 1772720452.977610 0 1
[RUNNING_REQ] 1772720453.138198 1 1
[RUNNING_REQ] 1772720453.361159 1 1
[RUNNING_REQ] 1772720453.640164 2 1
[RUNNING_REQ] 1772720453.809262 5 0
[RUNNING_REQ] 1772720454.032726 4 0
[RUNNING_REQ] 1772720454.460750 0 0
[RUNNING_REQ] 1772720454.698025 0 1
[RUNNING_REQ] 1772720454.863888 1 1
[RUNNING_REQ] 1772720454.977881 2 0
[RUNNING_REQ] 1772720455.187820 4 0
[RUNNING_REQ] 1772720455.348083 5 0
[RUNNING_REQ] 1772720455.825015 1 0
[RUNNING_REQ] 1772720456.303162 2 0
[RUNNING_REQ] 1772720456.520228 2 1
[RUNNING_REQ] 1772720456.634526 3 0
[RUNNING_REQ] 1772720456.877340 2 0
[RUNNING_REQ] 1772720457.345437 1 1
[RUNNING_REQ] 1772720457.495835 2 1
[RUNNING_REQ] 1772720457.720412 4 0
[RUNNING_REQ] 1772720458.113178 2 0
[RUNNING_REQ] 1772720459.109356 0 0
[RUNNING_REQ] 1772720459.277905 0 1
[RUNNING_REQ] 1772720459.500514 2 0
[RUNNING_REQ] 1772720459.751558 3 0
[RUNNING_REQ] 1772720459.910629 4 0
[RUNNING_REQ] 1772720460.534207 1 0
[RUNNING_REQ] 1772720460.758268 1 1
[RUNNING_REQ] 1772720460.959193 0 1
[RUNNING_REQ] 1772720461.168766 2 0
[RUNNING_REQ] 1772720461.287374 3 0
[RUNNING_REQ] 1772720461.692608 3 0
[RUNNING_REQ] 1772720461.885570 2 1
[RUNNING_REQ] 1772720462.110704 3 1
[RUNNING_REQ] 1772720462.269610 5 0
[RUNNING_REQ] 1772720462.436844 4 0
[RUNNING_REQ] 1772720463.043542 0 1
[RUNNING_REQ] 1772720463.202238 1 1
[RUNNING_REQ] 1772720463.354674 2 0
[RUNNING_REQ] 1772720463.531498 4 0
[RUNNING_REQ] 1772720463.744141 4 0
[RUNNING_REQ] 1772720464.112787 0 0
[RUNNING_REQ] 1772720465.030386 0 1
[RUNNING_REQ] 1772720465.200360 1 1
[RUNNING_REQ] 1772720465.421342 3 0
[RUNNING_REQ] 1772720465.533298 4 0
[RUNNING_REQ] 1772720465.765160 3 0
[RUNNING_REQ] 1772720466.015012 1 0
[RUNNING_REQ] 1772720466.281184 1 0
[RUNNING_REQ] 1772720466.448387 1 1
[RUNNING_REQ] 1772720466.659697 2 1
[RUNNING_REQ] 1772720466.825001 4 0
[RUNNING_REQ] 1772720467.121975 5 0
[RUNNING_REQ] 1772720467.397688 2 0
[RUNNING_REQ] 1772720467.923360 2 0
[RUNNING_REQ] 1772720468.130991 1 1
[RUNNING_REQ] 1772720468.359630 2 1
[RUNNING_REQ] 1772720468.488647 2 1
[RUNNING_REQ] 1772720468.654853 3 1
[RUNNING_REQ] 1772720468.821033 4 0
[RUNNING_REQ] 1772720469.479370 0 0
[RUNNING_REQ] 1772720469.827807 1 1
[RUNNING_REQ] 1772720469.993784 3 0
[RUNNING_REQ] 1772720470.803055 0 0
[RUNNING_REQ] 1772720470.963446 0 1
[RUNNING_REQ] 1772720471.163240 1 0
[RUNNING_REQ] 1772720471.339725 2 0
[RUNNING_REQ] 1772720471.551882 2 0
[RUNNING_REQ] 1772720471.754014 2 0
[RUNNING_REQ] 1772720471.960545 1 1
[RUNNING_REQ] 1772720472.183456 3 0
[RUNNING_REQ] 1772720472.467379 3 0
[RUNNING_REQ] 1772720472.831389 1 0
[RUNNING_REQ] 1772720473.055239 1 0
[RUNNING_REQ] 1772720473.227188 2 0
[RUNNING_REQ] 1772720473.421215 1 1
[RUNNING_REQ] 1772720473.590644 3 0
[RUNNING_REQ] 1772720473.800264 2 0
[RUNNING_REQ] 1772720474.233909 0 0
[RUNNING_REQ] 1772720474.495796 0 1
[RUNNING_REQ] 1772720474.653764 1 1
[RUNNING_REQ] 1772720474.866090 1 1
[RUNNING_REQ] 1772720475.033647 2 1
[RUNNING_REQ] 1772720475.207271 3 1
[RUNNING_REQ] 1772720475.362896 3 1
[RUNNING_REQ] 1772720475.574030 4 1
[RUNNING_REQ] 1772720476.558241 0 0
[RUNNING_REQ] 1772720476.718447 1 0
[RUNNING_REQ] 1772720476.947370 2 0
[RUNNING_REQ] 1772720477.250379 3 0
[RUNNING_REQ] 1772720477.501110 2 0
[RUNNING_REQ] 1772720477.707018 2 0
[RUNNING_REQ] 1772720477.920008 2 0
[RUNNING_REQ] 1772720478.331983 0 0
[RUNNING_REQ] 1772720478.734168 0 1
[RUNNING_REQ] 1772720479.155173 2 0
[RUNNING_REQ] 1772720479.552383 0 1
[RUNNING_REQ] 1772720479.782975 2 0
[RUNNING_REQ] 1772720480.021385 3 1
[RUNNING_REQ] 1772720480.253214 2 0
[RUNNING_REQ] 1772720480.827841 1 0
[RUNNING_REQ] 1772720481.058341 1 1
[RUNNING_REQ] 1772720481.345596 3 0
[RUNNING_REQ] 1772720481.866086 1 0
[RUNNING_REQ] 1772720482.509895 0 0
[RUNNING_REQ] 1772720482.738707 1 0
[RUNNING_REQ] 1772720482.899280 1 0
[RUNNING_REQ] 1772720483.205903 2 1
[RUNNING_REQ] 1772720483.367408 3 1
[RUNNING_REQ] 1772720483.526707 4 0
[RUNNING_REQ] 1772720483.725803 4 1
[RUNNING_REQ] 1772720483.886090 5 1
[RUNNING_REQ] 1772720484.172726 3 0
[RUNNING_REQ] 1772720484.668214 1 0
[RUNNING_REQ] 1772720484.826534 1 0
[RUNNING_REQ] 1772720484.997083 1 0
[RUNNING_REQ] 1772720485.182667 2 0
[RUNNING_REQ] 1772720485.334087 1 1
[RUNNING_REQ] 1772720485.570703 2 1
[RUNNING_REQ] 1772720485.688901 3 0
[RUNNING_REQ] 1772720486.088198 3 1
[RUNNING_REQ] 1772720486.463533 1 0
[RUNNING_REQ] 1772720486.895898 1 0
[RUNNING_REQ] 1772720487.114139 2 0
[RUNNING_REQ] 1772720487.253469 1 1
[RUNNING_REQ] 1772720487.966717 0 0
[RUNNING_REQ] 1772720488.132869 1 0
[RUNNING_REQ] 1772720488.342123 2 0
[RUNNING_REQ] 1772720488.518783 2 0
[RUNNING_REQ] 1772720489.009218 1 0
[RUNNING_REQ] 1772720489.477610 1 1
[RUNNING_REQ] 1772720489.716872 2 0
[RUNNING_REQ] 1772720490.202335 1 0
[RUNNING_REQ] 1772720490.361122 1 0
[RUNNING_REQ] 1772720490.572473 1 1
[RUNNING_REQ] 1772720490.727940 2 0
[RUNNING_REQ] 1772720491.102468 3 0
[RUNNING_REQ] 1772720491.330203 2 1
[RUNNING_REQ] 1772720491.532701 1 1
[RUNNING_REQ] 1772720491.934936 3 0
[RUNNING_REQ] 1772720492.191604 1 0
[RUNNING_REQ] 1772720492.631688 1 1
[RUNNING_REQ] 1772720492.798749 2 0
[RUNNING_REQ] 1772720493.733237 1 0
[RUNNING_REQ] 1772720493.903061 2 0
[RUNNING_REQ] 1772720494.114653 1 1
[RUNNING_REQ] 1772720494.280855 3 0
[RUNNING_REQ] 1772720494.511268 2 1
[RUNNING_REQ] 1772720494.751252 1 1
[RUNNING_REQ] 1772720494.996688 3 0
[RUNNING_REQ] 1772720495.290086 4 0
[RUNNING_REQ] 1772720495.536824 2 1
[RUNNING_REQ] 1772720495.761051 3 1
[RUNNING_REQ] 1772720495.922060 4 1
[RUNNING_REQ] 1772720496.089828 5 0
[RUNNING_REQ] 1772720496.822311 0 0
[RUNNING_REQ] 1772720497.108324 2 0
[RUNNING_REQ] 1772720497.267366 2 1
[RUNNING_REQ] 1772720497.487088 2 1
[RUNNING_REQ] 1772720497.701727 4 0
[RUNNING_REQ] 1772720497.820703 4 0
[RUNNING_REQ] 1772720498.502306 0 1
[RUNNING_REQ] 1772720498.682670 1 1
[RUNNING_REQ] 1772720499.467575 0 1
[RUNNING_REQ] 1772720499.640002 2 0
[RUNNING_REQ] 1772720499.805898 2 0
[RUNNING_REQ] 1772720500.198937 2 0
[RUNNING_REQ] 1772720500.363315 2 1
[RUNNING_REQ] 1772720500.558667 2 1
[RUNNING_REQ] 1772720500.850825 3 0
[RUNNING_REQ] 1772720501.489715 1 1
[RUNNING_REQ] 1772720501.667891 2 1
[RUNNING_REQ] 1772720501.833131 2 1
[RUNNING_REQ] 1772720502.106848 3 1
[RUNNING_REQ] 1772720502.218709 4 0
[RUNNING_REQ] 1772720502.423792 4 1
[RUNNING_REQ] 1772720502.600097 5 1
[RUNNING_REQ] 1772720502.865828 5 0
[RUNNING_REQ] 1772720503.400470 0 0
[RUNNING_REQ] 1772720503.735596 2 0
[RUNNING_REQ] 1772720503.910964 2 0
[RUNNING_REQ] 1772720504.169595 1 0
[RUNNING_REQ] 1772720504.847499 0 0
[RUNNING_REQ] 1772720505.027924 1 0
[RUNNING_REQ] 1772720505.180671 1 1
[RUNNING_REQ] 1772720505.406584 2 0
[RUNNING_REQ] 1772720505.689984 3 1
[RUNNING_REQ] 1772720505.851590 4 0
[RUNNING_REQ] 1772720506.463998 1 0
[RUNNING_REQ] 1772720506.620545 2 0
[RUNNING_REQ] 1772720506.834054 2 0
[RUNNING_REQ] 1772720507.045866 1 1
[RUNNING_REQ] 1772720507.204185 3 0
[RUNNING_REQ] 1772720507.596926 4 0
[RUNNING_REQ] 1772720507.810013 3 1
[RUNNING_REQ] 1772720508.028448 3 1
[RUNNING_REQ] 1772720508.194159 4 0
[RUNNING_REQ] 1772720508.419215 5 1
[RUNNING_REQ] 1772720508.848953 5 0
[RUNNING_REQ] 1772720509.940424 0 0
[RUNNING_REQ] 1772720510.105344 1 0
[RUNNING_REQ] 1772720510.257863 1 1
[RUNNING_REQ] 1772720510.485466 2 0
[RUNNING_REQ] 1772720510.700253 1 0
[RUNNING_REQ] 1772720511.105150 2 0
[RUNNING_REQ] 1772720511.264687 2 1
[RUNNING_REQ] 1772720511.521566 2 0
[RUNNING_REQ] 1772720511.683861 2 1
[RUNNING_REQ] 1772720511.892662 2 1
[RUNNING_REQ] 1772720512.137477 3 0
[RUNNING_REQ] 1772720512.644202 1 0
[RUNNING_REQ] 1772720512.853021 1 1
[RUNNING_REQ] 1772720513.044080 0 0
[RUNNING_REQ] 1772720513.379766 1 1
[RUNNING_REQ] 1772720513.541800 3 0
[RUNNING_REQ] 1772720513.753994 2 0
[RUNNING_REQ] 1772720514.016659 1 1
[RUNNING_REQ] 1772720514.186853 3 0
[RUNNING_REQ] 1772720514.987573 0 0
[RUNNING_REQ] 1772720515.211769 1 0
[RUNNING_REQ] 1772720515.384760 1 0
[RUNNING_REQ] 1772720515.536119 2 0
[RUNNING_REQ] 1772720515.740389 1 1
[RUNNING_REQ] 1772720515.896071 2 0
[RUNNING_REQ] 1772720516.093787 2 1
[RUNNING_REQ] 1772720516.255812 4 0
[RUNNING_REQ] 1772720516.485422 4 1
[RUNNING_REQ] 1772720516.642649 5 1
[RUNNING_REQ] 1772720516.793733 6 0
[RUNNING_REQ] 1772720517.067659 6 1
[RUNNING_REQ] 1772720517.272474 6 1
[RUNNING_REQ] 1772720517.478653 6 1
[RUNNING_REQ] 1772720517.636416 7 1
[RUNNING_REQ] 1772720517.846326 9 0
[RUNNING_REQ] 1772720518.127723 6 0
[RUNNING_REQ] 1772720519.073423 1 0
[RUNNING_REQ] 1772720519.744378 0 0
[RUNNING_REQ] 1772720519.905292 1 0
[RUNNING_REQ] 1772720520.135701 2 0
[RUNNING_REQ] 1772720520.295355 2 0
[RUNNING_REQ] 1772720520.574975 1 0
[RUNNING_REQ] 1772720520.787663 1 0
[RUNNING_REQ] 1772720521.143268 2 0
[RUNNING_REQ] 1772720521.437026 1 0
[RUNNING_REQ] 1772720521.785266 2 0
[RUNNING_REQ] 1772720521.985654 2 0
[RUNNING_REQ] 1772720522.190138 2 0
[RUNNING_REQ] 1772720522.402739 1 0
[RUNNING_REQ] 1772720522.741012 2 1
[RUNNING_REQ] 1772720522.955616 2 1
[RUNNING_REQ] 1772720523.125913 4 0
[RUNNING_REQ] 1772720523.349434 2 0
[RUNNING_REQ] 1772720523.851418 1 1
[RUNNING_REQ] 1772720524.010443 2 0
[RUNNING_REQ] 1772720524.981332 0 0
[RUNNING_REQ] 1772720525.145509 1 0
[RUNNING_REQ] 1772720525.365986 2 0
[RUNNING_REQ] 1772720525.524553 2 0
[RUNNING_REQ] 1772720525.727575 1 0
[RUNNING_REQ] 1772720526.120049 2 0
[RUNNING_REQ] 1772720526.336717 2 0
[RUNNING_REQ] 1772720526.671760 2 0
[RUNNING_REQ] 1772720527.036556 2 1
[RUNNING_REQ] 1772720527.203555 3 0
[RUNNING_REQ] 1772720527.395141 3 0
[RUNNING_REQ] 1772720527.600371 4 0
[RUNNING_REQ] 1772720527.796117 3 1
[RUNNING_REQ] 1772720528.325527 1 0
[RUNNING_REQ] 1772720528.497049 2 0
[RUNNING_REQ] 1772720528.702935 2 0
[RUNNING_REQ] 1772720529.594471 0 0
[RUNNING_REQ] 1772720529.785086 1 0
[RUNNING_REQ] 1772720529.950470 1 1
[RUNNING_REQ] 1772720530.114353 2 1
[RUNNING_REQ] 1772720530.288585 3 1
[RUNNING_REQ] 1772720530.615395 4 0
[RUNNING_REQ] 1772720530.836789 4 0
[RUNNING_REQ] 1772720531.473688 1 0
[RUNNING_REQ] 1772720531.622604 1 1
[RUNNING_REQ] 1772720531.952826 3 1
[RUNNING_REQ] 1772720532.190947 4 0
[RUNNING_REQ] 1772720532.540972 2 0
[RUNNING_REQ] 1772720532.733201 2 0
[RUNNING_REQ] 1772720532.937972 1 1
[RUNNING_REQ] 1772720533.168758 2 0
[RUNNING_REQ] 1772720533.371818 1 1
[RUNNING_REQ] 1772720533.751783 2 0
[RUNNING_REQ] 1772720533.908704 2 0
[RUNNING_REQ] 1772720534.793264 1 0
[RUNNING_REQ] 1772720534.973960 2 0
[RUNNING_REQ] 1772720535.408348 1 0
[RUNNING_REQ] 1772720535.768407 2 0
[RUNNING_REQ] 1772720535.983490 1 0
[RUNNING_REQ] 1772720536.223039 1 1
[RUNNING_REQ] 1772720536.416842 2 0
[RUNNING_REQ] 1772720536.592545 3 0
[RUNNING_REQ] 1772720537.097812 1 0
[RUNNING_REQ] 1772720537.258637 1 1
[RUNNING_REQ] 1772720537.456420 1 1
[RUNNING_REQ] 1772720537.677528 3 0
[RUNNING_REQ] 1772720537.821323 2 1
[RUNNING_REQ] 1772720537.985446 3 1
[RUNNING_REQ] 1772720538.159298 4 1
[RUNNING_REQ] 1772720538.333608 6 0
[RUNNING_REQ] 1772720538.980326 0 1
[RUNNING_REQ] 1772720539.652672 0 0
[RUNNING_REQ] 1772720539.824946 1 0
[RUNNING_REQ] 1772720539.977290 2 0
[RUNNING_REQ] 1772720540.403360 2 0
[RUNNING_REQ] 1772720540.620214 2 0
[RUNNING_REQ] 1772720540.818557 2 0
[RUNNING_REQ] 1772720541.047253 1 0
[RUNNING_REQ] 1772720541.473634 1 1
[RUNNING_REQ] 1772720541.633743 2 1
[RUNNING_REQ] 1772720541.812480 3 0
[RUNNING_REQ] 1772720542.239935 3 0
[RUNNING_REQ] 1772720542.538041 3 0
[RUNNING_REQ] 1772720542.867939 1 0
[RUNNING_REQ] 1772720543.073523 1 1
[RUNNING_REQ] 1772720543.187322 2 0
[RUNNING_REQ] 1772720543.380614 2 1
[RUNNING_REQ] 1772720543.608320 4 0
[RUNNING_REQ] 1772720543.761339 4 1
[RUNNING_REQ] 1772720544.768980 0 1
[RUNNING_REQ] 1772720544.927451 1 1
[RUNNING_REQ] 1772720545.103310 3 0
[RUNNING_REQ] 1772720545.309100 4 0
[RUNNING_REQ] 1772720545.470916 4 1
[RUNNING_REQ] 1772720545.632934 5 0
[RUNNING_REQ] 1772720546.262522 1 0
[RUNNING_REQ] 1772720546.415991 2 0
[RUNNING_REQ] 1772720546.578580 2 0
[RUNNING_REQ] 1772720546.959178 3 0
[RUNNING_REQ] 1772720547.178471 3 0
[RUNNING_REQ] 1772720547.693850 1 0
[RUNNING_REQ] 1772720547.860621 2 0
[RUNNING_REQ] 1772720548.272673 1 0
[RUNNING_REQ] 1772720548.788959 1 1
[RUNNING_REQ] 1772720549.595416 0 0
[RUNNING_REQ] 1772720549.760930 1 0
[RUNNING_REQ] 1772720549.970811 1 1
[RUNNING_REQ] 1772720550.088982 2 0
[RUNNING_REQ] 1772720550.258825 3 0
[RUNNING_REQ] 1772720550.632210 1 0
[RUNNING_REQ] 1772720550.796545 1 0
[RUNNING_REQ] 1772720551.141545 2 0
[RUNNING_REQ] 1772720551.333319 2 1
[RUNNING_REQ] 1772720551.502720 3 0
[RUNNING_REQ] 1772720552.013231 2 0
[RUNNING_REQ] 1772720552.249465 2 0
[RUNNING_REQ] 1772720552.626365 1 1
[RUNNING_REQ] 1772720552.898367 1 1
[RUNNING_REQ] 1772720553.075603 2 0
[RUNNING_REQ] 1772720553.562683 2 0
[RUNNING_REQ] 1772720553.729471 2 1
[RUNNING_REQ] 1772720554.580033 0 0
[RUNNING_REQ] 1772720554.810613 1 0
[RUNNING_REQ] 1772720555.116420 1 1
[RUNNING_REQ] 1772720555.290377 2 1
[RUNNING_REQ] 1772720555.476372 2 1
[RUNNING_REQ] 1772720555.638950 2 1
[RUNNING_REQ] 1772720555.917813 3 0
[RUNNING_REQ] 1772720556.165377 1 0
[RUNNING_REQ] 1772720556.400128 1 0
[RUNNING_REQ] 1772720556.562333 1 1
[RUNNING_REQ] 1772720556.718928 2 1
[RUNNING_REQ] 1772720556.889359 3 0
[RUNNING_REQ] 1772720557.127726 4 0
[RUNNING_REQ] 1772720557.471491 1 0
[RUNNING_REQ] 1772720557.679090 1 0
[RUNNING_REQ] 1772720557.919324 1 1
[RUNNING_REQ] 1772720558.237913 2 1
[RUNNING_REQ] 1772720558.403721 3 1
[RUNNING_REQ] 1772720559.282813 0 0
[RUNNING_REQ] 1772720559.519553 0 1
[RUNNING_REQ] 1772720559.672038 2 0
[RUNNING_REQ] 1772720559.840658 2 1
[RUNNING_REQ] 1772720559.991862 4 0
[RUNNING_REQ] 1772720560.173957 5 0
[RUNNING_REQ] 1772720560.466094 5 0
[RUNNING_REQ] 1772720561.117125 0 1
[RUNNING_REQ] 1772720561.369581 2 0
[RUNNING_REQ] 1772720561.729373 1 0
[RUNNING_REQ] 1772720562.156033 2 0
[RUNNING_REQ] 1772720562.370895 2 0
[RUNNING_REQ] 1772720562.593559 1 0
[RUNNING_REQ] 1772720562.985860 2 0
[RUNNING_REQ] 1772720563.737141 0 0
[RUNNING_REQ] 1772720563.962606 0 1
[RUNNING_REQ] 1772720564.137011 2 0
[RUNNING_REQ] 1772720564.399932 4 0
[RUNNING_REQ] 1772720564.727058 2 0
[RUNNING_REQ] 1772720565.115892 1 1
[RUNNING_REQ] 1772720565.501574 2 0
[RUNNING_REQ] 1772720565.855357 1 0
[RUNNING_REQ] 1772720566.020234 1 1
[RUNNING_REQ] 1772720566.175608 2 1
[RUNNING_REQ] 1772720566.332935 3 0
[RUNNING_REQ] 1772720566.478245 3 1
[RUNNING_REQ] 1772720566.644872 5 0
[RUNNING_REQ] 1772720566.819354 5 1
[RUNNING_REQ] 1772720567.043123 5 1
[RUNNING_REQ] 1772720568.086798 0 0
[RUNNING_REQ] 1772720568.257363 1 0
[RUNNING_REQ] 1772720568.421172 1 1
[RUNNING_REQ] 1772720568.618874 2 1
[RUNNING_REQ] 1772720568.782465 3 0
[RUNNING_REQ] 1772720568.967839 4 0
[RUNNING_REQ] 1772720569.105810 5 0
[RUNNING_REQ] 1772720569.577389 1 0
[RUNNING_REQ] 1772720569.889015 2 0
[RUNNING_REQ] 1772720570.092663 1 1
[RUNNING_REQ] 1772720570.311321 1 0
[RUNNING_REQ] 1772720570.786229 0 0
[RUNNING_REQ] 1772720571.007545 0 1
[RUNNING_REQ] 1772720571.172673 1 1
[RUNNING_REQ] 1772720571.331783 3 0
[RUNNING_REQ] 1772720571.494993 3 1
[RUNNING_REQ] 1772720572.358294 0 0
[RUNNING_REQ] 1772720572.525685 0 1
[RUNNING_REQ] 1772720572.724938 1 0
[RUNNING_REQ] 1772720572.950402 2 0
[RUNNING_REQ] 1772720573.064961 3 0
[RUNNING_REQ] 1772720573.274446 3 0
[RUNNING_REQ] 1772720573.538263 1 0
[RUNNING_REQ] 1772720573.815589 1 0
[RUNNING_REQ] 1772720573.986300 2 0
[RUNNING_REQ] 1772720574.183410 2 0
[RUNNING_REQ] 1772720574.424817 1 0
[RUNNING_REQ] 1772720574.571601 1 1
[RUNNING_REQ] 1772720574.789235 1 1
[RUNNING_REQ] 1772720574.958953 2 1
[RUNNING_REQ] 1772720575.120004 3 0
[RUNNING_REQ] 1772720575.302369 4 0
[RUNNING_REQ] 1772720575.939376 0 1
[RUNNING_REQ] 1772720576.104128 1 1
[RUNNING_REQ] 1772720576.854669 0 0
[RUNNING_REQ] 1772720577.016400 0 0
[RUNNING_REQ] 1772720577.343163 1 1
[RUNNING_REQ] 1772720577.516719 3 0
[RUNNING_REQ] 1772720577.682870 3 0
[RUNNING_REQ] 1772720578.258529 1 0
[RUNNING_REQ] 1772720578.432268 2 0
[RUNNING_REQ] 1772720578.640131 2 0
[RUNNING_REQ] 1772720578.859700 3 0
[RUNNING_REQ] 1772720579.023673 3 0
[RUNNING_REQ] 1772720579.515175 1 0
[RUNNING_REQ] 1772720580.004000 1 1
[RUNNING_REQ] 1772720580.117180 2 0
[RUNNING_REQ] 1772720580.326780 3 0
[RUNNING_REQ] 1772720580.541460 2 1
[RUNNING_REQ] 1772720580.810624 2 0
[RUNNING_REQ] 1772720581.491364 0 0
[RUNNING_REQ] 1772720581.648613 0 1
[RUNNING_REQ] 1772720581.809440 2 0
[RUNNING_REQ] 1772720581.972971 2 1
[RUNNING_REQ] 1772720582.142530 4 0
[RUNNING_REQ] 1772720582.714764 1 0
[RUNNING_REQ] 1772720582.937593 2 0
[RUNNING_REQ] 1772720583.083710 1 1
[RUNNING_REQ] 1772720583.301153 2 1
[RUNNING_REQ] 1772720583.460437 3 1
[RUNNING_REQ] 1772720583.618981 4 1
[RUNNING_REQ] 1772720583.864118 6 1
[RUNNING_REQ] 1772720584.147905 2 0
[RUNNING_REQ] 1772720584.874151 1 0
[RUNNING_REQ] 1772720585.180462 2 1
[RUNNING_REQ] 1772720586.000252 0 0
[RUNNING_REQ] 1772720586.223238 1 0
[RUNNING_REQ] 1772720586.376341 1 1
[RUNNING_REQ] 1772720586.499132 3 0
[RUNNING_REQ] 1772720586.718164 2 0
[RUNNING_REQ] 1772720587.197691 1 1
[RUNNING_REQ] 1772720587.476627 1 1
[RUNNING_REQ] 1772720587.797429 2 1
[RUNNING_REQ] 1772720588.033066 4 0
[RUNNING_REQ] 1772720588.148141 5 0
[RUNNING_REQ] 1772720588.758685 0 1
[RUNNING_REQ] 1772720588.925172 2 0
[RUNNING_REQ] 1772720589.087389 2 1
[RUNNING_REQ] 1772720589.344259 3 0
[RUNNING_REQ] 1772720589.818297 0 0
[RUNNING_REQ] 1772720590.743029 2 0
[RUNNING_REQ] 1772720591.163439 1 0
[RUNNING_REQ] 1772720591.525012 1 1
[RUNNING_REQ] 1772720591.745711 2 0
[RUNNING_REQ] 1772720591.903753 2 1
[RUNNING_REQ] 1772720592.055009 3 1
[RUNNING_REQ] 1772720592.231702 2 0
[RUNNING_REQ] 1772720592.889486 1 0
[RUNNING_REQ] 1772720593.048727 1 1
[RUNNING_REQ] 1772720593.225826 3 0
[RUNNING_REQ] 1772720593.432636 2 1
[RUNNING_REQ] 1772720593.600174 3 1
[RUNNING_REQ] 1772720593.771676 5 0
[RUNNING_REQ] 1772720594.057681 3 1
[RUNNING_REQ] 1772720594.953121 0 0
[RUNNING_REQ] 1772720595.122051 1 0
[RUNNING_REQ] 1772720595.346248 2 0
[RUNNING_REQ] 1772720595.462848 3 0
[RUNNING_REQ] 1772720595.642988 2 1
[RUNNING_REQ] 1772720595.850415 2 1
[RUNNING_REQ] 1772720596.295833 2 1
[RUNNING_REQ] 1772720596.544396 2 0
[RUNNING_REQ] 1772720596.705621 3 0
[RUNNING_REQ] 1772720596.993710 1 0
[RUNNING_REQ] 1772720597.200664 2 0
[RUNNING_REQ] 1772720597.391309 1 1
[RUNNING_REQ] 1772720597.560385 2 0
[RUNNING_REQ] 1772720597.828584 1 1
[RUNNING_REQ] 1772720597.993983 2 1
[RUNNING_REQ] 1772720598.203584 3 0
[RUNNING_REQ] 1772720598.479840 1 0
[RUNNING_REQ] 1772720598.752495 1 0
[RUNNING_REQ] 1772720598.976347 1 0
[RUNNING_REQ] 1772720599.636084 0 0
[RUNNING_REQ] 1772720599.805292 0 1
[RUNNING_REQ] 1772720599.966756 1 1
[RUNNING_REQ] 1772720600.135275 2 0
[RUNNING_REQ] 1772720600.349438 3 0
[RUNNING_REQ] 1772720600.546907 5 0
[RUNNING_REQ] 1772720600.847754 5 1
[RUNNING_REQ] 1772720601.525139 0 0
[RUNNING_REQ] 1772720601.982277 1 0
[RUNNING_REQ] 1772720602.127520 2 0
[RUNNING_REQ] 1772720602.334748 1 1
[RUNNING_REQ] 1772720602.507586 3 0
[RUNNING_REQ] 1772720602.714968 2 1
[RUNNING_REQ] 1772720602.941226 3 0
[RUNNING_REQ] 1772720603.136536 2 1
[RUNNING_REQ] 1772720603.309878 3 1
[RUNNING_REQ] 1772720604.204964 0 0
[RUNNING_REQ] 1772720604.403878 0 1
[RUNNING_REQ] 1772720604.572191 1 1
[RUNNING_REQ] 1772720604.739302 3 0
[RUNNING_REQ] 1772720605.080752 3 0
[RUNNING_REQ] 1772720605.345112 1 0
[RUNNING_REQ] 1772720605.547932 1 1
[RUNNING_REQ] 1772720605.768161 2 0
[RUNNING_REQ] 1772720605.970095 1 1
[RUNNING_REQ] 1772720606.139202 2 1
[RUNNING_REQ] 1772720606.371771 3 0
[RUNNING_REQ] 1772720606.860653 0 1
[RUNNING_REQ] 1772720607.111786 2 0
[RUNNING_REQ] 1772720607.255139 2 0
[RUNNING_REQ] 1772720607.484048 1 0
[RUNNING_REQ] 1772720607.720626 1 0
[RUNNING_REQ] 1772720607.974844 1 1
[RUNNING_REQ] 1772720608.679777 0 0
[RUNNING_REQ] 1772720608.914055 0 1
[RUNNING_REQ] 1772720609.170146 2 1
[RUNNING_REQ] 1772720609.510826 1 1
[RUNNING_REQ] 1772720610.015800 1 1
[RUNNING_REQ] 1772720610.179639 2 1
[RUNNING_REQ] 1772720610.391244 2 1
[RUNNING_REQ] 1772720610.571692 4 0
[RUNNING_REQ] 1772720611.162477 1 0
[RUNNING_REQ] 1772720611.333330 2 0
[RUNNING_REQ] 1772720611.541018 1 1
[RUNNING_REQ] 1772720611.770281 3 0
[RUNNING_REQ] 1772720612.101230 4 0
[RUNNING_REQ] 1772720613.154412 0 0
[RUNNING_REQ] 1772720613.378013 0 1
[RUNNING_REQ] 1772720613.552520 2 0
[RUNNING_REQ] 1772720613.677183 1 1
[RUNNING_REQ] 1772720613.838675 2 1
[RUNNING_REQ] 1772720614.019929 4 0
[RUNNING_REQ] 1772720614.284634 1 0
[RUNNING_REQ] 1772720614.627894 1 0
[RUNNING_REQ] 1772720614.791301 2 0
[RUNNING_REQ] 1772720614.985621 1 1
[RUNNING_REQ] 1772720615.209895 3 0
[RUNNING_REQ] 1772720615.330271 3 0
[RUNNING_REQ] 1772720615.712014 0 0
[RUNNING_REQ] 1772720616.056280 1 1
[RUNNING_REQ] 1772720616.213305 2 1
[RUNNING_REQ] 1772720616.664637 1 0
[RUNNING_REQ] 1772720616.900584 1 1
[RUNNING_REQ] 1772720617.599992 0 0
[RUNNING_REQ] 1772720617.771543 1 0
[RUNNING_REQ] 1772720617.993915 1 0
[RUNNING_REQ] 1772720618.133314 2 0
[RUNNING_REQ] 1772720618.410562 1 0
[RUNNING_REQ] 1772720618.795850 2 0
[RUNNING_REQ] 1772720619.003139 2 0
[RUNNING_REQ] 1772720619.161470 2 1
[RUNNING_REQ] 1772720619.326771 3 0
[RUNNING_REQ] 1772720619.538494 3 1
[RUNNING_REQ] 1772720619.755678 4 1
[RUNNING_REQ] 1772720619.934815 5 1
[RUNNING_REQ] 1772720620.920779 0 0
[RUNNING_REQ] 1772720621.109400 1 0
[RUNNING_REQ] 1772720621.337213 1 0
[RUNNING_REQ] 1772720622.150218 0 1
[RUNNING_REQ] 1772720622.364062 1 1
[RUNNING_REQ] 1772720622.481136 2 0
[RUNNING_REQ] 1772720622.661870 4 0
[RUNNING_REQ] 1772720623.044792 4 1
[RUNNING_REQ] 1772720623.262029 4 1
[RUNNING_REQ] 1772720623.433619 5 0
[RUNNING_REQ] 1772720623.714514 4 1
[RUNNING_REQ] 1772720623.928825 4 1
[RUNNING_REQ] 1772720624.259053 1 0
[RUNNING_REQ] 1772720624.767243 1 1
[RUNNING_REQ] 1772720624.946907 2 0
[RUNNING_REQ] 1772720625.411086 1 0
[RUNNING_REQ] 1772720626.258664 1 0
[RUNNING_REQ] 1772720626.413759 1 1
[RUNNING_REQ] 1772720626.582448 2 0
[RUNNING_REQ] 1772720626.861590 2 0
[RUNNING_REQ] 1772720627.075438 2 0
[RUNNING_REQ] 1772720627.285463 2 0
[RUNNING_REQ] 1772720627.702600 1 1
[RUNNING_REQ] 1772720627.932227 2 1
[RUNNING_REQ] 1772720628.250297 0 0
