[RUNNING_REQ] 1772719203.163432 0 0
[RUNNING_REQ] 1772719203.607882 0 0
[RUNNING_REQ] 1772719203.903914 0 1
[RUNNING_REQ] 1772719204.115451 0 1
[RUNNING_REQ] 1772719204.308607 0 1
[RUNNING_REQ] 1772719204.450977 0 1
[RUNNING_REQ] 1772719204.589052 0 1
[RUNNING_REQ] 1772719204.786940 0 1
[RUNNING_REQ] 1772719204.913528 0 1
[RUNNING_REQ] 1772719205.061756 0 1
[RUNNING_REQ] 1772719205.203705 0 1
[RUNNING_REQ] 1772719205.336129 0 1
[RUNNING_REQ] 1772719205.462858 0 1
[RUNNING_REQ] 1772719205.668833 0 1
[RUNNING_REQ] 1772719205.867345 0 1
[RUNNING_REQ] 1772719205.994732 0 1
[RUNNING_REQ] 1772719206.129568 0 1
[RUNNING_REQ] 1772719206.267077 0 1
[RUNNING_REQ] 1772719206.417017 2 18
[RUNNING_REQ] 1772719206.610528 2 18
[RUNNING_REQ] 1772719206.746356 2 18
[RUNNING_REQ] 1772719206.880189 2 18
[RUNNING_REQ] 1772719207.017453 2 18
[RUNNING_REQ] 1772719207.148476 2 18
[RUNNING_REQ] 1772719207.289196 2 18
[RUNNING_REQ] 1772719207.417717 2 18
[RUNNING_REQ] 1772719207.552228 2 18
[RUNNING_REQ] 1772719207.762044 2 18
[RUNNING_REQ] 1772719207.887359 13 9
[RUNNING_REQ] 1772719208.009148 13 9
[RUNNING_REQ] 1772719208.146789 13 9
[RUNNING_REQ] 1772719208.276920 13 9
[RUNNING_REQ] 1772719208.444900 14 17
[RUNNING_REQ] 1772719208.571007 14 17
[RUNNING_REQ] 1772719208.837428 15 21
[RUNNING_REQ] 1772719209.048208 16 22
[RUNNING_REQ] 1772719209.365429 8 21
[RUNNING_REQ] 1772719209.505621 8 21
[RUNNING_REQ] 1772719209.647342 4 23
[RUNNING_REQ] 1772719209.790231 4 23
[RUNNING_REQ] 1772719211.443244 13 13
[RUNNING_REQ] 1772719220.098190 13 13
[RUNNING_REQ] 1772719222.596025 2 1
[RUNNING_REQ] 1772719223.130010 3 1
[RUNNING_REQ] 1772719225.670481 0 1
[RUNNING_REQ] 1772719225.893932 1 1
[RUNNING_REQ] 1772719226.061123 2 0
[RUNNING_REQ] 1772719226.265981 3 1
[RUNNING_REQ] 1772719226.478060 4 1
[RUNNING_REQ] 1772719226.667212 5 2
[RUNNING_REQ] 1772719226.812006 7 2
[RUNNING_REQ] 1772719227.017716 9 1
[RUNNING_REQ] 1772719227.224893 10 1
[RUNNING_REQ] 1772719227.424311 10 1
[RUNNING_REQ] 1772719227.614019 11 1
[RUNNING_REQ] 1772719227.754714 11 2
[RUNNING_REQ] 1772719227.896416 12 0
[RUNNING_REQ] 1772719229.201327 0 1
[RUNNING_REQ] 1772719229.346142 1 1
[RUNNING_REQ] 1772719229.534142 2 1
[RUNNING_REQ] 1772719229.695499 3 1
[RUNNING_REQ] 1772719229.895364 4 2
[RUNNING_REQ] 1772719230.108521 5 2
[RUNNING_REQ] 1772719230.317297 5 3
[RUNNING_REQ] 1772719230.494616 5 3
[RUNNING_REQ] 1772719230.696745 5 3
[RUNNING_REQ] 1772719230.894328 6 3
[RUNNING_REQ] 1772719231.041354 7 3
[RUNNING_REQ] 1772719231.171258 8 3
[RUNNING_REQ] 1772719231.418085 8 3
[RUNNING_REQ] 1772719231.555081 10 2
[RUNNING_REQ] 1772719231.698536 10 2
[RUNNING_REQ] 1772719232.016018 11 3
[RUNNING_REQ] 1772719232.354107 15 1
[RUNNING_REQ] 1772719232.553722 15 2
[RUNNING_REQ] 1772719232.733830 15 2
[RUNNING_REQ] 1772719233.222709 13 0
[RUNNING_REQ] 1772719234.639134 0 0
[RUNNING_REQ] 1772719234.776439 0 1
[RUNNING_REQ] 1772719234.958163 0 1
[RUNNING_REQ] 1772719235.101949 1 1
[RUNNING_REQ] 1772719235.391098 2 1
[RUNNING_REQ] 1772719235.531101 3 1
[RUNNING_REQ] 1772719235.669876 4 0
[RUNNING_REQ] 1772719235.867783 3 1
[RUNNING_REQ] 1772719236.239456 4 1
[RUNNING_REQ] 1772719236.713941 4 0
[RUNNING_REQ] 1772719236.855745 4 0
[RUNNING_REQ] 1772719237.100478 2 1
[RUNNING_REQ] 1772719237.312316 3 1
[RUNNING_REQ] 1772719237.452473 3 1
[RUNNING_REQ] 1772719237.762300 4 1
[RUNNING_REQ] 1772719237.963975 5 0
[RUNNING_REQ] 1772719238.160283 6 1
[RUNNING_REQ] 1772719238.309074 7 0
[RUNNING_REQ] 1772719238.517873 7 2
[RUNNING_REQ] 1772719238.764692 8 2
[RUNNING_REQ] 1772719238.911551 10 0
[RUNNING_REQ] 1772719239.099196 9 2
[RUNNING_REQ] 1772719239.314329 10 2
[RUNNING_REQ] 1772719239.567873 10 2
[RUNNING_REQ] 1772719239.813499 11 2
[RUNNING_REQ] 1772719239.968727 12 2
[RUNNING_REQ] 1772719240.287918 14 1
[RUNNING_REQ] 1772719240.505314 12 1
[RUNNING_REQ] 1772719241.974355 0 1
[RUNNING_REQ] 1772719242.179736 1 1
[RUNNING_REQ] 1772719242.394172 2 1
[RUNNING_REQ] 1772719242.533852 3 1
[RUNNING_REQ] 1772719242.727728 3 1
[RUNNING_REQ] 1772719242.879634 5 1
[RUNNING_REQ] 1772719243.018197 5 1
[RUNNING_REQ] 1772719243.168550 7 1
[RUNNING_REQ] 1772719243.601094 7 0
[RUNNING_REQ] 1772719244.378340 1 0
[RUNNING_REQ] 1772719244.587741 1 1
[RUNNING_REQ] 1772719244.789931 2 0
[RUNNING_REQ] 1772719245.183678 3 1
[RUNNING_REQ] 1772719245.401623 4 1
[RUNNING_REQ] 1772719245.543967 5 0
[RUNNING_REQ] 1772719245.860342 5 1
[RUNNING_REQ] 1772719246.470624 0 1
[RUNNING_REQ] 1772719246.681665 2 0
[RUNNING_REQ] 1772719246.838182 3 0
[RUNNING_REQ] 1772719247.141078 2 1
[RUNNING_REQ] 1772719247.354584 2 1
[RUNNING_REQ] 1772719247.620622 4 1
[RUNNING_REQ] 1772719247.780241 4 1
[RUNNING_REQ] 1772719248.187357 4 0
[RUNNING_REQ] 1772719248.607317 1 0
[RUNNING_REQ] 1772719248.737997 1 1
[RUNNING_REQ] 1772719248.957229 1 1
[RUNNING_REQ] 1772719249.198441 3 1
[RUNNING_REQ] 1772719249.396451 4 1
[RUNNING_REQ] 1772719249.530881 4 1
[RUNNING_REQ] 1772719249.746066 3 1
[RUNNING_REQ] 1772719250.007674 3 1
[RUNNING_REQ] 1772719250.457332 2 0
[RUNNING_REQ] 1772719250.660811 2 0
[RUNNING_REQ] 1772719250.850336 1 1
[RUNNING_REQ] 1772719251.057475 3 0
[RUNNING_REQ] 1772719251.206677 3 1
[RUNNING_REQ] 1772719251.331082 3 1
[RUNNING_REQ] 1772719251.614242 5 0
[RUNNING_REQ] 1772719251.748136 5 1
[RUNNING_REQ] 1772719251.944202 5 1
[RUNNING_REQ] 1772719252.124098 5 1
[RUNNING_REQ] 1772719252.495143 7 0
[RUNNING_REQ] 1772719253.129762 0 0
[RUNNING_REQ] 1772719253.410489 1 1
[RUNNING_REQ] 1772719253.620139 1 1
[RUNNING_REQ] 1772719253.915398 1 1
[RUNNING_REQ] 1772719254.164297 2 1
[RUNNING_REQ] 1772719254.290612 3 1
[RUNNING_REQ] 1772719254.445683 4 1
[RUNNING_REQ] 1772719254.643508 6 1
[RUNNING_REQ] 1772719254.849451 6 1
[RUNNING_REQ] 1772719255.013341 7 1
[RUNNING_REQ] 1772719255.986631 0 0
[RUNNING_REQ] 1772719256.179481 0 1
[RUNNING_REQ] 1772719256.344331 1 1
[RUNNING_REQ] 1772719256.540130 2 1
[RUNNING_REQ] 1772719256.685819 4 1
[RUNNING_REQ] 1772719256.833265 6 0
[RUNNING_REQ] 1772719257.076520 4 1
[RUNNING_REQ] 1772719257.428951 1 0
[RUNNING_REQ] 1772719257.822578 1 1
[RUNNING_REQ] 1772719257.965008 2 1
[RUNNING_REQ] 1772719258.174909 3 1
[RUNNING_REQ] 1772719258.317376 4 1
[RUNNING_REQ] 1772719258.453388 5 1
[RUNNING_REQ] 1772719258.598906 5 1
[RUNNING_REQ] 1772719258.834471 6 1
[RUNNING_REQ] 1772719259.161298 6 1
[RUNNING_REQ] 1772719259.312864 7 1
[RUNNING_REQ] 1772719259.534985 7 1
[RUNNING_REQ] 1772719259.684322 7 2
[RUNNING_REQ] 1772719260.115883 7 1
[RUNNING_REQ] 1772719260.931165 1 1
[RUNNING_REQ] 1772719261.198205 1 1
[RUNNING_REQ] 1772719261.418205 2 1
[RUNNING_REQ] 1772719261.624919 3 1
[RUNNING_REQ] 1772719261.993150 5 1
[RUNNING_REQ] 1772719262.381508 4 1
[RUNNING_REQ] 1772719262.628076 3 0
[RUNNING_REQ] 1772719263.079335 2 0
[RUNNING_REQ] 1772719263.326432 0 1
[RUNNING_REQ] 1772719263.519534 1 1
[RUNNING_REQ] 1772719263.672193 2 1
[RUNNING_REQ] 1772719263.792734 3 0
[RUNNING_REQ] 1772719263.937546 4 1
[RUNNING_REQ] 1772719264.070347 5 0
[RUNNING_REQ] 1772719264.318460 5 0
[RUNNING_REQ] 1772719264.600834 5 1
[RUNNING_REQ] 1772719264.831629 4 0
[RUNNING_REQ] 1772719265.425404 1 0
[RUNNING_REQ] 1772719265.618558 1 1
[RUNNING_REQ] 1772719265.780190 2 1
[RUNNING_REQ] 1772719266.036391 3 1
[RUNNING_REQ] 1772719266.194653 4 1
[RUNNING_REQ] 1772719266.379745 4 1
[RUNNING_REQ] 1772719266.644782 4 0
[RUNNING_REQ] 1772719266.999236 2 0
[RUNNING_REQ] 1772719267.230993 2 1
[RUNNING_REQ] 1772719267.519406 2 1
[RUNNING_REQ] 1772719267.682584 3 1
[RUNNING_REQ] 1772719267.885500 5 1
[RUNNING_REQ] 1772719268.023329 5 1
[RUNNING_REQ] 1772719268.418510 5 0
[RUNNING_REQ] 1772719269.089616 0 1
[RUNNING_REQ] 1772719269.297123 1 1
[RUNNING_REQ] 1772719269.425455 2 1
[RUNNING_REQ] 1772719269.593657 3 1
[RUNNING_REQ] 1772719269.721768 4 0
[RUNNING_REQ] 1772719269.864305 5 1
[RUNNING_REQ] 1772719270.008594 5 1
[RUNNING_REQ] 1772719270.130270 5 1
[RUNNING_REQ] 1772719270.339163 6 1
[RUNNING_REQ] 1772719270.466087 7 1
[RUNNING_REQ] 1772719270.636739 9 1
[RUNNING_REQ] 1772719270.868992 9 0
[RUNNING_REQ] 1772719271.215702 9 1
[RUNNING_REQ] 1772719271.588760 10 0
[RUNNING_REQ] 1772719272.662375 0 0
[RUNNING_REQ] 1772719272.801493 0 1
[RUNNING_REQ] 1772719272.951221 1 1
[RUNNING_REQ] 1772719273.152344 2 1
[RUNNING_REQ] 1772719273.287865 3 1
[RUNNING_REQ] 1772719273.429028 4 1
[RUNNING_REQ] 1772719273.555333 4 1
[RUNNING_REQ] 1772719273.984583 5 0
[RUNNING_REQ] 1772719274.358525 2 0
[RUNNING_REQ] 1772719275.096660 1 0
[RUNNING_REQ] 1772719275.221953 2 0
[RUNNING_REQ] 1772719275.468094 3 1
[RUNNING_REQ] 1772719275.675302 4 0
[RUNNING_REQ] 1772719276.012313 3 1
[RUNNING_REQ] 1772719276.246031 2 1
[RUNNING_REQ] 1772719276.457206 4 0
[RUNNING_REQ] 1772719276.587339 4 0
[RUNNING_REQ] 1772719276.813604 2 1
[RUNNING_REQ] 1772719276.965233 2 1
[RUNNING_REQ] 1772719277.337167 3 1
[RUNNING_REQ] 1772719277.544936 4 1
[RUNNING_REQ] 1772719277.669989 4 1
[RUNNING_REQ] 1772719277.816242 5 2
[RUNNING_REQ] 1772719277.957176 5 2
[RUNNING_REQ] 1772719278.086993 6 2
[RUNNING_REQ] 1772719278.287621 8 1
[RUNNING_REQ] 1772719278.532615 8 1
[RUNNING_REQ] 1772719278.745077 10 1
[RUNNING_REQ] 1772719279.044982 11 0
[RUNNING_REQ] 1772719279.230732 11 1
[RUNNING_REQ] 1772719279.376302 11 1
[RUNNING_REQ] 1772719279.766450 6 0
[RUNNING_REQ] 1772719280.780687 0 1
[RUNNING_REQ] 1772719280.940192 2 0
[RUNNING_REQ] 1772719281.087545 2 1
[RUNNING_REQ] 1772719281.300592 3 1
[RUNNING_REQ] 1772719281.435203 5 0
[RUNNING_REQ] 1772719281.558816 4 1
[RUNNING_REQ] 1772719281.745779 4 1
[RUNNING_REQ] 1772719282.283125 0 0
[RUNNING_REQ] 1772719282.746762 1 1
[RUNNING_REQ] 1772719282.904758 2 1
[RUNNING_REQ] 1772719283.101075 3 1
[RUNNING_REQ] 1772719283.239279 4 1
[RUNNING_REQ] 1772719283.386096 5 1
[RUNNING_REQ] 1772719283.651871 6 1
[RUNNING_REQ] 1772719283.858582 6 1
[RUNNING_REQ] 1772719284.669148 0 0
[RUNNING_REQ] 1772719284.843229 0 1
[RUNNING_REQ] 1772719284.990215 1 1
[RUNNING_REQ] 1772719285.196486 3 0
[RUNNING_REQ] 1772719285.399557 3 1
[RUNNING_REQ] 1772719285.598354 4 1
[RUNNING_REQ] 1772719285.735940 5 2
[RUNNING_REQ] 1772719285.879072 5 2
[RUNNING_REQ] 1772719286.002015 7 2
[RUNNING_REQ] 1772719286.230233 9 1
[RUNNING_REQ] 1772719286.379101 10 1
[RUNNING_REQ] 1772719286.559005 10 1
[RUNNING_REQ] 1772719286.814663 10 1
[RUNNING_REQ] 1772719288.013949 0 1
[RUNNING_REQ] 1772719288.168700 1 1
[RUNNING_REQ] 1772719288.378544 2 1
[RUNNING_REQ] 1772719288.593434 4 1
[RUNNING_REQ] 1772719288.804924 5 1
[RUNNING_REQ] 1772719289.022491 6 2
[RUNNING_REQ] 1772719289.226007 6 2
[RUNNING_REQ] 1772719289.379867 7 2
[RUNNING_REQ] 1772719289.667570 8 1
[RUNNING_REQ] 1772719289.806180 9 1
[RUNNING_REQ] 1772719290.032058 10 1
[RUNNING_REQ] 1772719290.362864 10 0
[RUNNING_REQ] 1772719290.622148 10 0
[RUNNING_REQ] 1772719291.790056 1 0
[RUNNING_REQ] 1772719291.940717 1 1
[RUNNING_REQ] 1772719292.075023 2 1
[RUNNING_REQ] 1772719292.230289 3 1
[RUNNING_REQ] 1772719292.366404 4 1
[RUNNING_REQ] 1772719292.505212 5 1
[RUNNING_REQ] 1772719292.629700 6 0
[RUNNING_REQ] 1772719292.770776 5 1
[RUNNING_REQ] 1772719292.911509 6 1
[RUNNING_REQ] 1772719293.134880 8 1
[RUNNING_REQ] 1772719293.336790 9 1
[RUNNING_REQ] 1772719293.525496 8 2
[RUNNING_REQ] 1772719294.545659 1 0
[RUNNING_REQ] 1772719294.776673 1 1
[RUNNING_REQ] 1772719294.912332 2 0
[RUNNING_REQ] 1772719295.056783 2 1
[RUNNING_REQ] 1772719295.234258 2 1
[RUNNING_REQ] 1772719295.443119 3 1
[RUNNING_REQ] 1772719295.588562 4 2
[RUNNING_REQ] 1772719295.725584 6 0
[RUNNING_REQ] 1772719295.977120 6 1
[RUNNING_REQ] 1772719296.124811 7 1
[RUNNING_REQ] 1772719296.328255 8 2
[RUNNING_REQ] 1772719296.479938 9 1
[RUNNING_REQ] 1772719296.834686 9 1
[RUNNING_REQ] 1772719297.886676 0 1
[RUNNING_REQ] 1772719298.031901 1 1
[RUNNING_REQ] 1772719298.257121 3 0
[RUNNING_REQ] 1772719298.450885 5 0
[RUNNING_REQ] 1772719298.645896 4 1
[RUNNING_REQ] 1772719298.857532 4 1
[RUNNING_REQ] 1772719300.070320 0 0
[RUNNING_REQ] 1772719300.186937 0 1
[RUNNING_REQ] 1772719300.363995 0 1
[RUNNING_REQ] 1772719300.569075 1 1
[RUNNING_REQ] 1772719300.715582 2 1
[RUNNING_REQ] 1772719300.868835 3 1
[RUNNING_REQ] 1772719301.016514 4 1
[RUNNING_REQ] 1772719301.168481 5 1
[RUNNING_REQ] 1772719301.379174 6 1
[RUNNING_REQ] 1772719301.609647 8 0
[RUNNING_REQ] 1772719301.870120 8 1
[RUNNING_REQ] 1772719303.038493 0 0
[RUNNING_REQ] 1772719303.251574 0 1
[RUNNING_REQ] 1772719303.483443 2 1
[RUNNING_REQ] 1772719303.677233 3 0
[RUNNING_REQ] 1772719303.822228 3 1
[RUNNING_REQ] 1772719303.965240 4 1
[RUNNING_REQ] 1772719304.125084 6 1
[RUNNING_REQ] 1772719304.263587 6 1
[RUNNING_REQ] 1772719304.381572 6 1
[RUNNING_REQ] 1772719304.591833 7 1
[RUNNING_REQ] 1772719304.757457 8 2
[RUNNING_REQ] 1772719304.959667 8 2
[RUNNING_REQ] 1772719305.195650 8 2
[RUNNING_REQ] 1772719305.491764 10 1
[RUNNING_REQ] 1772719305.893683 11 1
[RUNNING_REQ] 1772719307.045353 0 1
[RUNNING_REQ] 1772719307.362821 1 1
[RUNNING_REQ] 1772719307.558509 2 0
[RUNNING_REQ] 1772719307.709460 2 2
[RUNNING_REQ] 1772719307.859031 4 1
[RUNNING_REQ] 1772719307.988802 4 1
[RUNNING_REQ] 1772719308.137519 5 2
[RUNNING_REQ] 1772719308.299739 6 1
[RUNNING_REQ] 1772719308.558919 7 1
[RUNNING_REQ] 1772719308.756565 8 1
[RUNNING_REQ] 1772719308.894784 9 1
[RUNNING_REQ] 1772719309.070425 11 1
[RUNNING_REQ] 1772719310.549182 0 0
[RUNNING_REQ] 1772719310.703408 0 1
[RUNNING_REQ] 1772719310.847802 1 1
[RUNNING_REQ] 1772719311.003526 1 1
[RUNNING_REQ] 1772719311.198002 3 1
[RUNNING_REQ] 1772719311.350114 4 1
[RUNNING_REQ] 1772719311.502553 5 1
[RUNNING_REQ] 1772719311.712872 7 0
[RUNNING_REQ] 1772719311.927305 8 1
[RUNNING_REQ] 1772719312.282856 7 1
[RUNNING_REQ] 1772719312.483442 7 1
[RUNNING_REQ] 1772719312.688533 6 1
[RUNNING_REQ] 1772719313.205266 4 0
[RUNNING_REQ] 1772719313.473672 2 1
[RUNNING_REQ] 1772719313.711955 1 1
[RUNNING_REQ] 1772719313.927532 1 1
[RUNNING_REQ] 1772719314.141866 2 1
[RUNNING_REQ] 1772719314.270649 3 0
[RUNNING_REQ] 1772719314.414726 3 1
[RUNNING_REQ] 1772719314.564803 4 1
[RUNNING_REQ] 1772719314.710045 4 1
[RUNNING_REQ] 1772719314.977536 6 1
[RUNNING_REQ] 1772719315.192077 8 1
[RUNNING_REQ] 1772719315.338708 9 1
[RUNNING_REQ] 1772719315.514424 10 1
[RUNNING_REQ] 1772719316.705133 0 1
[RUNNING_REQ] 1772719316.907324 1 1
[RUNNING_REQ] 1772719317.126725 3 0
[RUNNING_REQ] 1772719317.384920 4 0
[RUNNING_REQ] 1772719317.564167 3 1
[RUNNING_REQ] 1772719317.769678 4 0
[RUNNING_REQ] 1772719318.301902 1 0
[RUNNING_REQ] 1772719318.504870 1 0
[RUNNING_REQ] 1772719318.719465 1 1
[RUNNING_REQ] 1772719318.873266 2 0
[RUNNING_REQ] 1772719319.185930 2 1
[RUNNING_REQ] 1772719319.402910 3 1
[RUNNING_REQ] 1772719319.629939 3 1
[RUNNING_REQ] 1772719319.825198 4 0
[RUNNING_REQ] 1772719320.033116 5 1
[RUNNING_REQ] 1772719320.158359 6 1
[RUNNING_REQ] 1772719320.317451 7 1
[RUNNING_REQ] 1772719320.536771 8 1
[RUNNING_REQ] 1772719320.872977 8 1
[RUNNING_REQ] 1772719321.085964 9 0
[RUNNING_REQ] 1772719321.704354 5 0
[RUNNING_REQ] 1772719322.282739 0 0
[RUNNING_REQ] 1772719322.632325 0 1
[RUNNING_REQ] 1772719322.776074 1 1
[RUNNING_REQ] 1772719322.914526 2 1
[RUNNING_REQ] 1772719323.057558 3 1
[RUNNING_REQ] 1772719323.217571 4 1
[RUNNING_REQ] 1772719323.416079 5 1
[RUNNING_REQ] 1772719323.622603 6 1
[RUNNING_REQ] 1772719323.770849 8 1
[RUNNING_REQ] 1772719323.905529 8 1
[RUNNING_REQ] 1772719324.065267 9 1
[RUNNING_REQ] 1772719325.248530 1 0
[RUNNING_REQ] 1772719325.488425 1 0
[RUNNING_REQ] 1772719325.635380 1 1
[RUNNING_REQ] 1772719325.851250 2 1
[RUNNING_REQ] 1772719325.987918 3 0
[RUNNING_REQ] 1772719326.134856 3 1
[RUNNING_REQ] 1772719326.269209 4 1
[RUNNING_REQ] 1772719326.404715 4 1
[RUNNING_REQ] 1772719326.553070 5 1
[RUNNING_REQ] 1772719326.765623 7 1
[RUNNING_REQ] 1772719326.907108 7 1
[RUNNING_REQ] 1772719327.053169 8 2
[RUNNING_REQ] 1772719327.190281 10 1
[RUNNING_REQ] 1772719327.330842 11 0
[RUNNING_REQ] 1772719327.607526 12 1
[RUNNING_REQ] 1772719327.757334 12 0
[RUNNING_REQ] 1772719328.293211 6 0
[RUNNING_REQ] 1772719329.590176 0 1
[RUNNING_REQ] 1772719329.811713 2 0
[RUNNING_REQ] 1772719330.022661 2 1
[RUNNING_REQ] 1772719330.154308 3 1
[RUNNING_REQ] 1772719330.294888 4 2
[RUNNING_REQ] 1772719330.511416 4 2
[RUNNING_REQ] 1772719330.658261 6 0
[RUNNING_REQ] 1772719330.791121 6 2
[RUNNING_REQ] 1772719331.025811 7 1
[RUNNING_REQ] 1772719331.392749 9 0
[RUNNING_REQ] 1772719331.601211 10 0
[RUNNING_REQ] 1772719331.839821 11 1
[RUNNING_REQ] 1772719333.277260 0 1
[RUNNING_REQ] 1772719333.525218 1 1
[RUNNING_REQ] 1772719333.675617 2 1
[RUNNING_REQ] 1772719333.834492 3 1
[RUNNING_REQ] 1772719333.975157 4 0
[RUNNING_REQ] 1772719334.093483 4 1
[RUNNING_REQ] 1772719334.277973 4 1
[RUNNING_REQ] 1772719334.520347 3 1
[RUNNING_REQ] 1772719334.961111 1 1
[RUNNING_REQ] 1772719335.119780 2 0
[RUNNING_REQ] 1772719335.264209 3 0
[RUNNING_REQ] 1772719335.409320 3 1
[RUNNING_REQ] 1772719335.606860 4 0
[RUNNING_REQ] 1772719335.817730 5 1
[RUNNING_REQ] 1772719335.980684 7 0
[RUNNING_REQ] 1772719336.216253 6 1
[RUNNING_REQ] 1772719336.417433 6 1
[RUNNING_REQ] 1772719337.248322 1 0
[RUNNING_REQ] 1772719337.464426 1 1
[RUNNING_REQ] 1772719337.779207 1 1
[RUNNING_REQ] 1772719337.987440 2 1
[RUNNING_REQ] 1772719338.131603 3 0
[RUNNING_REQ] 1772719338.360525 2 2
[RUNNING_REQ] 1772719338.515293 5 1
[RUNNING_REQ] 1772719338.741382 5 0
[RUNNING_REQ] 1772719339.420464 1 0
[RUNNING_REQ] 1772719339.562783 2 0
[RUNNING_REQ] 1772719339.699948 2 1
[RUNNING_REQ] 1772719339.861747 4 0
[RUNNING_REQ] 1772719340.075432 4 1
[RUNNING_REQ] 1772719340.276005 4 1
[RUNNING_REQ] 1772719340.500479 5 0
[RUNNING_REQ] 1772719341.239119 1 1
[RUNNING_REQ] 1772719341.498347 1 1
[RUNNING_REQ] 1772719341.691928 1 1
[RUNNING_REQ] 1772719341.951041 2 1
[RUNNING_REQ] 1772719342.139801 3 1
[RUNNING_REQ] 1772719342.290736 4 1
[RUNNING_REQ] 1772719342.502372 5 0
[RUNNING_REQ] 1772719342.719178 7 0
[RUNNING_REQ] 1772719342.956344 7 0
[RUNNING_REQ] 1772719343.838344 0 1
[RUNNING_REQ] 1772719344.040742 0 1
[RUNNING_REQ] 1772719344.222490 1 0
[RUNNING_REQ] 1772719344.429802 1 1
[RUNNING_REQ] 1772719344.574972 2 1
[RUNNING_REQ] 1772719344.718958 3 1
[RUNNING_REQ] 1772719344.852632 3 1
[RUNNING_REQ] 1772719345.004299 4 2
[RUNNING_REQ] 1772719345.150940 6 0
[RUNNING_REQ] 1772719345.419363 7 0
[RUNNING_REQ] 1772719346.027180 0 0
[RUNNING_REQ] 1772719346.447016 2 0
[RUNNING_REQ] 1772719346.597923 2 1
[RUNNING_REQ] 1772719346.738842 3 1
[RUNNING_REQ] 1772719347.100968 4 0
[RUNNING_REQ] 1772719347.352425 2 0
[RUNNING_REQ] 1772719347.752886 2 1
[RUNNING_REQ] 1772719348.006703 1 0
[RUNNING_REQ] 1772719348.244873 1 0
[RUNNING_REQ] 1772719348.561715 2 0
[RUNNING_REQ] 1772719348.813214 1 0
[RUNNING_REQ] 1772719349.019609 1 1
[RUNNING_REQ] 1772719349.336599 3 0
[RUNNING_REQ] 1772719349.491756 3 1
[RUNNING_REQ] 1772719349.636262 3 1
[RUNNING_REQ] 1772719349.768556 4 1
[RUNNING_REQ] 1772719350.028740 3 1
[RUNNING_REQ] 1772719350.242025 3 0
[RUNNING_REQ] 1772719350.490782 3 0
[RUNNING_REQ] 1772719350.724566 2 0
[RUNNING_REQ] 1772719350.941294 2 1
[RUNNING_REQ] 1772719351.089422 3 0
[RUNNING_REQ] 1772719351.421123 3 0
[RUNNING_REQ] 1772719351.665261 2 0
[RUNNING_REQ] 1772719351.845812 1 1
[RUNNING_REQ] 1772719352.066481 2 1
[RUNNING_REQ] 1772719352.308716 2 1
[RUNNING_REQ] 1772719352.518401 5 0
[RUNNING_REQ] 1772719352.741093 5 1
[RUNNING_REQ] 1772719352.942529 7 0
[RUNNING_REQ] 1772719353.102935 7 1
[RUNNING_REQ] 1772719353.232292 7 1
[RUNNING_REQ] 1772719354.562509 0 0
[RUNNING_REQ] 1772719354.771012 1 0
[RUNNING_REQ] 1772719354.988136 2 1
[RUNNING_REQ] 1772719355.202530 4 0
[RUNNING_REQ] 1772719355.352035 4 1
[RUNNING_REQ] 1772719355.558073 4 0
[RUNNING_REQ] 1772719356.133677 0 1
[RUNNING_REQ] 1772719356.344758 2 1
[RUNNING_REQ] 1772719356.513182 3 0
[RUNNING_REQ] 1772719356.703906 4 0
[RUNNING_REQ] 1772719357.123766 2 0
[RUNNING_REQ] 1772719357.537319 1 1
[RUNNING_REQ] 1772719357.744179 2 1
[RUNNING_REQ] 1772719357.893942 3 0
[RUNNING_REQ] 1772719358.010653 3 1
[RUNNING_REQ] 1772719358.201883 4 1
[RUNNING_REQ] 1772719358.358722 5 1
[RUNNING_REQ] 1772719358.512978 6 1
[RUNNING_REQ] 1772719358.721270 7 1
[RUNNING_REQ] 1772719358.941294 7 2
[RUNNING_REQ] 1772719359.156266 8 1
[RUNNING_REQ] 1772719359.478374 8 1
[RUNNING_REQ] 1772719359.699997 10 1
[RUNNING_REQ] 1772719359.975470 10 2
[RUNNING_REQ] 1772719360.194449 11 0
[RUNNING_REQ] 1772719360.592467 11 1
[RUNNING_REQ] 1772719361.772933 1 0
[RUNNING_REQ] 1772719361.957762 0 1
[RUNNING_REQ] 1772719362.170007 2 0
[RUNNING_REQ] 1772719362.307537 3 0
[RUNNING_REQ] 1772719362.456244 3 1
[RUNNING_REQ] 1772719362.597302 4 1
[RUNNING_REQ] 1772719362.751813 5 1
[RUNNING_REQ] 1772719363.003194 6 1
[RUNNING_REQ] 1772719363.770676 0 1
[RUNNING_REQ] 1772719363.964248 0 1
[RUNNING_REQ] 1772719364.162390 2 0
[RUNNING_REQ] 1772719364.319166 3 0
[RUNNING_REQ] 1772719364.470853 4 0
[RUNNING_REQ] 1772719364.608365 4 1
[RUNNING_REQ] 1772719364.752451 4 0
[RUNNING_REQ] 1772719365.293794 1 1
[RUNNING_REQ] 1772719365.437135 2 1
[RUNNING_REQ] 1772719365.638852 2 1
[RUNNING_REQ] 1772719365.944414 2 1
[RUNNING_REQ] 1772719366.155493 4 1
[RUNNING_REQ] 1772719366.371933 5 1
[RUNNING_REQ] 1772719366.602196 8 0
[RUNNING_REQ] 1772719367.505078 0 1
[RUNNING_REQ] 1772719367.724704 1 1
[RUNNING_REQ] 1772719367.875500 2 1
[RUNNING_REQ] 1772719368.147447 2 1
[RUNNING_REQ] 1772719368.364005 3 1
[RUNNING_REQ] 1772719368.595543 5 1
[RUNNING_REQ] 1772719368.808836 7 1
[RUNNING_REQ] 1772719368.943550 8 1
[RUNNING_REQ] 1772719369.099001 9 1
[RUNNING_REQ] 1772719369.464765 8 1
[RUNNING_REQ] 1772719370.279826 0 0
[RUNNING_REQ] 1772719370.417979 1 0
[RUNNING_REQ] 1772719370.630703 1 1
[RUNNING_REQ] 1772719370.773474 2 1
[RUNNING_REQ] 1772719370.933337 3 0
[RUNNING_REQ] 1772719371.080072 3 1
[RUNNING_REQ] 1772719371.299409 5 1
[RUNNING_REQ] 1772719371.565905 5 0
[RUNNING_REQ] 1772719372.275095 0 1
[RUNNING_REQ] 1772719372.487382 2 0
[RUNNING_REQ] 1772719372.623832 2 1
[RUNNING_REQ] 1772719372.773082 3 1
[RUNNING_REQ] 1772719373.037889 3 1
[RUNNING_REQ] 1772719373.224794 4 1
[RUNNING_REQ] 1772719373.443574 5 1
[RUNNING_REQ] 1772719373.711999 6 1
[RUNNING_REQ] 1772719373.911670 6 1
[RUNNING_REQ] 1772719374.068647 6 1
[RUNNING_REQ] 1772719374.259866 6 1
[RUNNING_REQ] 1772719374.959543 0 0
[RUNNING_REQ] 1772719375.168692 1 0
[RUNNING_REQ] 1772719375.297783 1 1
[RUNNING_REQ] 1772719375.440234 1 1
[RUNNING_REQ] 1772719375.596124 2 0
[RUNNING_REQ] 1772719375.777566 2 1
[RUNNING_REQ] 1772719375.967359 2 1
[RUNNING_REQ] 1772719376.163746 2 1
[RUNNING_REQ] 1772719376.308911 3 1
[RUNNING_REQ] 1772719376.504522 4 0
[RUNNING_REQ] 1772719376.942265 2 0
[RUNNING_REQ] 1772719377.153410 1 1
[RUNNING_REQ] 1772719377.296247 2 1
[RUNNING_REQ] 1772719377.490750 2 1
[RUNNING_REQ] 1772719377.651308 4 0
[RUNNING_REQ] 1772719378.092600 2 0
[RUNNING_REQ] 1772719378.286591 1 1
[RUNNING_REQ] 1772719378.502795 2 0
[RUNNING_REQ] 1772719378.907079 3 0
[RUNNING_REQ] 1772719379.385609 2 0
[RUNNING_REQ] 1772719379.631607 1 1
[RUNNING_REQ] 1772719379.829306 1 1
[RUNNING_REQ] 1772719380.032477 2 1
[RUNNING_REQ] 1772719380.187898 4 0
[RUNNING_REQ] 1772719380.339443 4 1
[RUNNING_REQ] 1772719380.492494 5 1
[RUNNING_REQ] 1772719380.659333 3 0
[RUNNING_REQ] 1772719381.297899 2 0
[RUNNING_REQ] 1772719381.561441 1 0
[RUNNING_REQ] 1772719381.771437 2 0
[RUNNING_REQ] 1772719381.903621 1 1
[RUNNING_REQ] 1772719382.106936 2 0
[RUNNING_REQ] 1772719382.303415 1 1
[RUNNING_REQ] 1772719382.513811 2 1
[RUNNING_REQ] 1772719382.646843 3 0
[RUNNING_REQ] 1772719383.016936 2 0
[RUNNING_REQ] 1772719383.469600 2 0
[RUNNING_REQ] 1772719383.655406 1 1
[RUNNING_REQ] 1772719383.824433 2 1
[RUNNING_REQ] 1772719384.002670 2 0
[RUNNING_REQ] 1772719384.115984 2 1
[RUNNING_REQ] 1772719384.957155 0 0
[RUNNING_REQ] 1772719385.187137 1 0
[RUNNING_REQ] 1772719385.401049 2 1
[RUNNING_REQ] 1772719385.598941 3 0
[RUNNING_REQ] 1772719386.035347 1 0
[RUNNING_REQ] 1772719386.527856 1 0
[RUNNING_REQ] 1772719387.043535 0 1
[RUNNING_REQ] 1772719387.257628 2 0
[RUNNING_REQ] 1772719387.397892 3 0
[RUNNING_REQ] 1772719387.542402 3 1
[RUNNING_REQ] 1772719387.700810 3 1
[RUNNING_REQ] 1772719388.121273 3 1
[RUNNING_REQ] 1772719388.368217 4 1
[RUNNING_REQ] 1772719388.616010 3 1
[RUNNING_REQ] 1772719389.051927 3 0
[RUNNING_REQ] 1772719389.372384 1 0
[RUNNING_REQ] 1772719389.594884 1 0
[RUNNING_REQ] 1772719389.867982 3 0
[RUNNING_REQ] 1772719390.020063 3 1
[RUNNING_REQ] 1772719390.235643 3 1
[RUNNING_REQ] 1772719390.500903 4 1
[RUNNING_REQ] 1772719390.888376 5 0
[RUNNING_REQ] 1772719391.112385 6 1
[RUNNING_REQ] 1772719391.268780 7 1
[RUNNING_REQ] 1772719391.411986 7 1
[RUNNING_REQ] 1772719391.548598 8 0
[RUNNING_REQ] 1772719392.426673 0 1
[RUNNING_REQ] 1772719392.580515 1 1
[RUNNING_REQ] 1772719392.778723 3 0
[RUNNING_REQ] 1772719392.930151 3 1
[RUNNING_REQ] 1772719393.076219 3 1
[RUNNING_REQ] 1772719393.348726 4 1
[RUNNING_REQ] 1772719393.928078 3 1
[RUNNING_REQ] 1772719394.072157 3 0
[RUNNING_REQ] 1772719394.323631 3 0
[RUNNING_REQ] 1772719394.541664 1 1
[RUNNING_REQ] 1772719394.734938 2 0
[RUNNING_REQ] 1772719395.051912 2 0
[RUNNING_REQ] 1772719395.285271 2 0
[RUNNING_REQ] 1772719395.677685 1 1
[RUNNING_REQ] 1772719395.873040 3 0
[RUNNING_REQ] 1772719396.006654 2 1
[RUNNING_REQ] 1772719396.154257 3 1
[RUNNING_REQ] 1772719396.297387 3 1
[RUNNING_REQ] 1772719396.508221 5 1
[RUNNING_REQ] 1772719396.748307 5 1
[RUNNING_REQ] 1772719396.941149 6 0
[RUNNING_REQ] 1772719397.081164 6 1
[RUNNING_REQ] 1772719397.279882 6 2
[RUNNING_REQ] 1772719397.431898 8 0
[RUNNING_REQ] 1772719397.652030 9 1
[RUNNING_REQ] 1772719397.922832 9 2
[RUNNING_REQ] 1772719398.132690 9 2
[RUNNING_REQ] 1772719398.302392 10 2
[RUNNING_REQ] 1772719399.388387 0 0
[RUNNING_REQ] 1772719399.898307 2 0
[RUNNING_REQ] 1772719400.124846 3 0
[RUNNING_REQ] 1772719400.420207 3 0
[RUNNING_REQ] 1772719400.937896 2 0
[RUNNING_REQ] 1772719401.160069 2 1
[RUNNING_REQ] 1772719401.449705 1 1
[RUNNING_REQ] 1772719401.796129 3 0
[RUNNING_REQ] 1772719401.989160 3 1
[RUNNING_REQ] 1772719402.214868 3 0
[RUNNING_REQ] 1772719402.626199 1 1
[RUNNING_REQ] 1772719402.847778 1 0
[RUNNING_REQ] 1772719403.229349 1 1
[RUNNING_REQ] 1772719403.374253 2 1
[RUNNING_REQ] 1772719403.602536 3 1
[RUNNING_REQ] 1772719403.818620 6 0
[RUNNING_REQ] 1772719404.540572 1 0
[RUNNING_REQ] 1772719404.753282 0 1
[RUNNING_REQ] 1772719404.907070 1 1
[RUNNING_REQ] 1772719405.128850 3 0
[RUNNING_REQ] 1772719405.464893 1 1
[RUNNING_REQ] 1772719405.666265 1 1
[RUNNING_REQ] 1772719405.831595 2 0
[RUNNING_REQ] 1772719406.571205 0 0
[RUNNING_REQ] 1772719406.762785 1 0
[RUNNING_REQ] 1772719406.931505 2 0
[RUNNING_REQ] 1772719407.156975 4 0
[RUNNING_REQ] 1772719407.307516 4 1
[RUNNING_REQ] 1772719407.509418 4 0
[RUNNING_REQ] 1772719408.128358 1 0
[RUNNING_REQ] 1772719408.340543 1 0
[RUNNING_REQ] 1772719408.635897 2 1
[RUNNING_REQ] 1772719408.838604 2 1
[RUNNING_REQ] 1772719409.300236 1 1
[RUNNING_REQ] 1772719409.546105 1 0
[RUNNING_REQ] 1772719409.767379 1 0
[RUNNING_REQ] 1772719409.882507 2 0
[RUNNING_REQ] 1772719410.097679 2 1
[RUNNING_REQ] 1772719410.443438 2 1
[RUNNING_REQ] 1772719410.777627 2 1
[RUNNING_REQ] 1772719411.011236 4 0
[RUNNING_REQ] 1772719411.343125 4 0
[RUNNING_REQ] 1772719411.821995 1 0
[RUNNING_REQ] 1772719412.026927 2 0
[RUNNING_REQ] 1772719412.164542 1 1
[RUNNING_REQ] 1772719412.369716 2 1
[RUNNING_REQ] 1772719412.529056 4 0
[RUNNING_REQ] 1772719412.769992 6 0
[RUNNING_REQ] 1772719413.441362 1 0
[RUNNING_REQ] 1772719413.659851 1 0
[RUNNING_REQ] 1772719413.775383 1 1
[RUNNING_REQ] 1772719413.987181 3 0
[RUNNING_REQ] 1772719414.124897 2 1
[RUNNING_REQ] 1772719414.326691 3 1
[RUNNING_REQ] 1772719414.488350 4 0
[RUNNING_REQ] 1772719414.891923 2 1
[RUNNING_REQ] 1772719415.043629 2 1
[RUNNING_REQ] 1772719415.419341 3 1
[RUNNING_REQ] 1772719415.879644 2 1
[RUNNING_REQ] 1772719416.088582 2 0
[RUNNING_REQ] 1772719416.478297 1 1
[RUNNING_REQ] 1772719416.687819 1 1
[RUNNING_REQ] 1772719417.065551 4 0
[RUNNING_REQ] 1772719417.227475 4 1
[RUNNING_REQ] 1772719417.386474 4 1
[RUNNING_REQ] 1772719417.813737 4 0
[RUNNING_REQ] 1772719418.310618 1 1
[RUNNING_REQ] 1772719418.524159 2 0
[RUNNING_REQ] 1772719418.658460 2 1
[RUNNING_REQ] 1772719418.888850 4 0
[RUNNING_REQ] 1772719419.106649 5 1
[RUNNING_REQ] 1772719419.465451 1 0
[RUNNING_REQ] 1772719419.852574 0 1
[RUNNING_REQ] 1772719419.996707 1 1
[RUNNING_REQ] 1772719420.232314 3 1
[RUNNING_REQ] 1772719420.441671 4 1
[RUNNING_REQ] 1772719420.568783 5 1
[RUNNING_REQ] 1772719420.732904 5 1
[RUNNING_REQ] 1772719421.135649 5 0
[RUNNING_REQ] 1772719421.756084 1 1
[RUNNING_REQ] 1772719422.093410 2 1
[RUNNING_REQ] 1772719422.312094 3 1
[RUNNING_REQ] 1772719422.536240 4 1
[RUNNING_REQ] 1772719422.752046 5 1
[RUNNING_REQ] 1772719422.892215 6 1
[RUNNING_REQ] 1772719423.161961 8 0
[RUNNING_REQ] 1772719423.376390 9 0
[RUNNING_REQ] 1772719423.658923 10 0
[RUNNING_REQ] 1772719423.810040 10 1
[RUNNING_REQ] 1772719425.089316 0 0
[RUNNING_REQ] 1772719425.244088 0 1
[RUNNING_REQ] 1772719425.438580 2 0
[RUNNING_REQ] 1772719425.600704 3 0
[RUNNING_REQ] 1772719425.714506 4 0
[RUNNING_REQ] 1772719426.006923 2 0
[RUNNING_REQ] 1772719426.208020 1 1
[RUNNING_REQ] 1772719426.417063 3 0
[RUNNING_REQ] 1772719426.840262 2 0
[RUNNING_REQ] 1772719427.650506 0 0
[RUNNING_REQ] 1772719427.859895 0 1
[RUNNING_REQ] 1772719427.999706 1 1
[RUNNING_REQ] 1772719428.240525 3 1
[RUNNING_REQ] 1772719428.399700 5 0
[RUNNING_REQ] 1772719428.692630 2 0
[RUNNING_REQ] 1772719428.922521 2 0
[RUNNING_REQ] 1772719429.118129 2 0
[RUNNING_REQ] 1772719429.300085 1 1
[RUNNING_REQ] 1772719429.682554 1 1
[RUNNING_REQ] 1772719429.910629 2 1
[RUNNING_REQ] 1772719430.067333 2 1
[RUNNING_REQ] 1772719430.326385 3 1
[RUNNING_REQ] 1772719430.549050 4 2
[RUNNING_REQ] 1772719430.696996 4 2
[RUNNING_REQ] 1772719430.858062 5 2
[RUNNING_REQ] 1772719431.151527 7 1
[RUNNING_REQ] 1772719431.364183 9 1
[RUNNING_REQ] 1772719431.520468 10 1
[RUNNING_REQ] 1772719432.638567 0 0
[RUNNING_REQ] 1772719432.880360 1 0
[RUNNING_REQ] 1772719433.072018 1 1
[RUNNING_REQ] 1772719433.215577 2 1
[RUNNING_REQ] 1772719433.330716 3 1
[RUNNING_REQ] 1772719433.528716 4 1
[RUNNING_REQ] 1772719433.859823 5 1
[RUNNING_REQ] 1772719434.018577 5 1
[RUNNING_REQ] 1772719434.607848 0 0
[RUNNING_REQ] 1772719434.752407 0 1
[RUNNING_REQ] 1772719434.964251 2 0
[RUNNING_REQ] 1772719435.193403 3 1
[RUNNING_REQ] 1772719435.410831 4 1
[RUNNING_REQ] 1772719435.562660 5 1
[RUNNING_REQ] 1772719435.810525 7 1
[RUNNING_REQ] 1772719436.034625 7 1
[RUNNING_REQ] 1772719436.975643 0 0
[RUNNING_REQ] 1772719437.132923 1 0
[RUNNING_REQ] 1772719437.351671 2 0
[RUNNING_REQ] 1772719437.516417 2 0
[RUNNING_REQ] 1772719437.782454 4 0
[RUNNING_REQ] 1772719438.288435 1 0
[RUNNING_REQ] 1772719438.650459 1 1
[RUNNING_REQ] 1772719438.862964 3 0
[RUNNING_REQ] 1772719439.006502 3 0
[RUNNING_REQ] 1772719439.203140 2 0
[RUNNING_REQ] 1772719439.659173 1 1
[RUNNING_REQ] 1772719439.856869 2 0
[RUNNING_REQ] 1772719440.028976 3 0
[RUNNING_REQ] 1772719440.299711 2 0
[RUNNING_REQ] 1772719440.551512 2 0
[RUNNING_REQ] 1772719440.820986 1 1
[RUNNING_REQ] 1772719441.071993 2 0
[RUNNING_REQ] 1772719441.261090 2 0
[RUNNING_REQ] 1772719441.521257 1 0
[RUNNING_REQ] 1772719441.802905 2 1
[RUNNING_REQ] 1772719441.974606 3 1
[RUNNING_REQ] 1772719442.193774 4 1
[RUNNING_REQ] 1772719442.421004 6 0
[RUNNING_REQ] 1772719443.476805 0 0
[RUNNING_REQ] 1772719443.698522 1 0
[RUNNING_REQ] 1772719444.022873 1 1
[RUNNING_REQ] 1772719444.297220 2 1
[RUNNING_REQ] 1772719444.497822 3 1
[RUNNING_REQ] 1772719444.655994 4 0
[RUNNING_REQ] 1772719444.909446 1 0
[RUNNING_REQ] 1772719445.354214 1 1
[RUNNING_REQ] 1772719445.586159 3 0
[RUNNING_REQ] 1772719445.932241 1 1
[RUNNING_REQ] 1772719446.095958 3 0
[RUNNING_REQ] 1772719446.314864 2 1
[RUNNING_REQ] 1772719446.465869 3 1
[RUNNING_REQ] 1772719446.902750 2 1
[RUNNING_REQ] 1772719447.091124 2 1
[RUNNING_REQ] 1772719447.250884 3 1
[RUNNING_REQ] 1772719447.446539 5 0
[RUNNING_REQ] 1772719447.581517 4 1
[RUNNING_REQ] 1772719447.779404 4 1
[RUNNING_REQ] 1772719448.440804 1 0
[RUNNING_REQ] 1772719448.601091 1 1
[RUNNING_REQ] 1772719448.953395 2 0
[RUNNING_REQ] 1772719449.151607 3 0
[RUNNING_REQ] 1772719449.387663 5 1
[RUNNING_REQ] 1772719449.544608 7 0
[RUNNING_REQ] 1772719450.393182 0 0
[RUNNING_REQ] 1772719450.626480 1 0
[RUNNING_REQ] 1772719450.854998 3 0
[RUNNING_REQ] 1772719451.280364 1 0
[RUNNING_REQ] 1772719451.483811 1 1
[RUNNING_REQ] 1772719451.695482 2 0
[RUNNING_REQ] 1772719451.891340 1 0
[RUNNING_REQ] 1772719452.384093 1 0
[RUNNING_REQ] 1772719452.574415 1 0
[RUNNING_REQ] 1772719452.780041 1 1
[RUNNING_REQ] 1772719452.940111 2 1
[RUNNING_REQ] 1772719453.179164 4 0
[RUNNING_REQ] 1772719453.443445 3 1
[RUNNING_REQ] 1772719453.654462 4 1
[RUNNING_REQ] 1772719454.112000 0 0
[RUNNING_REQ] 1772719454.703633 1 1
[RUNNING_REQ] 1772719454.856416 2 1
[RUNNING_REQ] 1772719455.021819 3 0
[RUNNING_REQ] 1772719455.412302 2 0
[RUNNING_REQ] 1772719455.968174 0 1
[RUNNING_REQ] 1772719456.181194 2 0
[RUNNING_REQ] 1772719456.350501 3 0
[RUNNING_REQ] 1772719456.692347 3 1
[RUNNING_REQ] 1772719457.755078 1 0
[RUNNING_REQ] 1772719457.982920 1 1
[RUNNING_REQ] 1772719458.133228 2 1
[RUNNING_REQ] 1772719458.289312 2 1
[RUNNING_REQ] 1772719458.592796 2 1
[RUNNING_REQ] 1772719458.978027 3 1
[RUNNING_REQ] 1772719459.230214 2 1
[RUNNING_REQ] 1772719459.418904 2 1
[RUNNING_REQ] 1772719459.620540 3 0
[RUNNING_REQ] 1772719459.812100 2 1
[RUNNING_REQ] 1772719459.956853 3 1
[RUNNING_REQ] 1772719460.126155 3 1
[RUNNING_REQ] 1772719460.517736 4 0
[RUNNING_REQ] 1772719460.878884 1 0
[RUNNING_REQ] 1772719461.257114 1 1
[RUNNING_REQ] 1772719461.416126 3 0
[RUNNING_REQ] 1772719461.618639 2 1
[RUNNING_REQ] 1772719461.784151 3 1
[RUNNING_REQ] 1772719462.028747 2 0
[RUNNING_REQ] 1772719462.592197 1 0
[RUNNING_REQ] 1772719462.972705 2 0
[RUNNING_REQ] 1772719463.170943 2 0
[RUNNING_REQ] 1772719463.371629 3 0
[RUNNING_REQ] 1772719463.494054 2 1
[RUNNING_REQ] 1772719463.642316 3 1
[RUNNING_REQ] 1772719463.839228 3 1
[RUNNING_REQ] 1772719463.989737 4 0
[RUNNING_REQ] 1772719464.626891 1 0
[RUNNING_REQ] 1772719464.784298 2 0
[RUNNING_REQ] 1772719464.978716 1 1
[RUNNING_REQ] 1772719465.160269 3 0
[RUNNING_REQ] 1772719465.370980 2 0
[RUNNING_REQ] 1772719465.576266 2 1
[RUNNING_REQ] 1772719465.751482 2 1
[RUNNING_REQ] 1772719466.169898 1 1
[RUNNING_REQ] 1772719466.410747 2 0
[RUNNING_REQ] 1772719466.633711 2 1
[RUNNING_REQ] 1772719466.872053 4 1
[RUNNING_REQ] 1772719467.074342 4 1
[RUNNING_REQ] 1772719467.540159 3 0
[RUNNING_REQ] 1772719467.883778 1 0
[RUNNING_REQ] 1772719468.199739 1 1
[RUNNING_REQ] 1772719468.348493 2 1
[RUNNING_REQ] 1772719468.564893 3 1
[RUNNING_REQ] 1772719468.716049 4 1
[RUNNING_REQ] 1772719468.946495 5 1
[RUNNING_REQ] 1772719469.101230 7 1
[RUNNING_REQ] 1772719469.257682 8 0
[RUNNING_REQ] 1772719469.463022 9 1
[RUNNING_REQ] 1772719470.529931 0 0
[RUNNING_REQ] 1772719470.737535 1 0
[RUNNING_REQ] 1772719471.436516 0 1
[RUNNING_REQ] 1772719471.604695 2 0
[RUNNING_REQ] 1772719471.837308 2 0
[RUNNING_REQ] 1772719472.232022 0 1
[RUNNING_REQ] 1772719472.431542 2 0
[RUNNING_REQ] 1772719472.546120 3 0
[RUNNING_REQ] 1772719472.781367 1 0
[RUNNING_REQ] 1772719473.213645 1 1
[RUNNING_REQ] 1772719473.370534 2 1
[RUNNING_REQ] 1772719473.581833 4 0
[RUNNING_REQ] 1772719473.718239 3 1
[RUNNING_REQ] 1772719473.951689 5 0
[RUNNING_REQ] 1772719474.371652 2 0
[RUNNING_REQ] 1772719474.796818 2 0
[RUNNING_REQ] 1772719475.002903 2 0
[RUNNING_REQ] 1772719475.183667 1 1
[RUNNING_REQ] 1772719475.341218 3 0
[RUNNING_REQ] 1772719475.541009 2 1
[RUNNING_REQ] 1772719475.697460 4 0
[RUNNING_REQ] 1772719476.095145 0 0
[RUNNING_REQ] 1772719476.411313 1 1
[RUNNING_REQ] 1772719476.575454 3 0
[RUNNING_REQ] 1772719476.913813 3 1
[RUNNING_REQ] 1772719477.264486 4 0
[RUNNING_REQ] 1772719477.472748 3 1
[RUNNING_REQ] 1772719477.681907 3 1
[RUNNING_REQ] 1772719478.021838 0 1
[RUNNING_REQ] 1772719478.440024 1 1
[RUNNING_REQ] 1772719478.660310 2 1
[RUNNING_REQ] 1772719478.821203 3 1
[RUNNING_REQ] 1772719478.974907 4 1
[RUNNING_REQ] 1772719479.576471 1 0
[RUNNING_REQ] 1772719479.780051 1 0
[RUNNING_REQ] 1772719479.997030 2 0
[RUNNING_REQ] 1772719480.128260 2 1
[RUNNING_REQ] 1772719480.286047 2 0
[RUNNING_REQ] 1772719480.762445 1 0
[RUNNING_REQ] 1772719480.985281 2 0
[RUNNING_REQ] 1772719481.246435 2 1
[RUNNING_REQ] 1772719481.408386 2 1
[RUNNING_REQ] 1772719481.577590 3 1
[RUNNING_REQ] 1772719481.732243 4 0
[RUNNING_REQ] 1772719482.598173 0 0
[RUNNING_REQ] 1772719482.753373 0 1
[RUNNING_REQ] 1772719482.950768 2 0
[RUNNING_REQ] 1772719483.107438 2 1
[RUNNING_REQ] 1772719483.257275 3 1
[RUNNING_REQ] 1772719483.418704 4 1
[RUNNING_REQ] 1772719483.648490 4 2
[RUNNING_REQ] 1772719483.838935 5 1
[RUNNING_REQ] 1772719484.359822 1 0
[RUNNING_REQ] 1772719485.000695 2 0
[RUNNING_REQ] 1772719485.210236 2 0
[RUNNING_REQ] 1772719485.383269 3 0
[RUNNING_REQ] 1772719485.577012 2 1
[RUNNING_REQ] 1772719485.781507 2 1
[RUNNING_REQ] 1772719485.954404 2 0
[RUNNING_REQ] 1772719486.412519 2 0
[RUNNING_REQ] 1772719486.625410 3 0
[RUNNING_REQ] 1772719486.760323 3 0
[RUNNING_REQ] 1772719486.987944 2 0
[RUNNING_REQ] 1772719487.197534 1 1
[RUNNING_REQ] 1772719487.362637 3 0
[RUNNING_REQ] 1772719487.549047 2 1
[RUNNING_REQ] 1772719487.865592 1 0
[RUNNING_REQ] 1772719488.062991 0 1
[RUNNING_REQ] 1772719488.218931 1 1
[RUNNING_REQ] 1772719488.372741 1 1
[RUNNING_REQ] 1772719488.712464 2 1
[RUNNING_REQ] 1772719488.915081 3 1
[RUNNING_REQ] 1772719489.110427 3 1
[RUNNING_REQ] 1772719489.269341 4 1
[RUNNING_REQ] 1772719489.428541 5 0
[RUNNING_REQ] 1772719489.705866 4 0
[RUNNING_REQ] 1772719489.915685 3 1
[RUNNING_REQ] 1772719490.072851 4 1
[RUNNING_REQ] 1772719490.487909 3 1
[RUNNING_REQ] 1772719490.664867 4 0
[RUNNING_REQ] 1772719491.253343 1 0
[RUNNING_REQ] 1772719491.475231 1 0
[RUNNING_REQ] 1772719491.747624 3 0
[RUNNING_REQ] 1772719491.943754 2 0
[RUNNING_REQ] 1772719492.192283 1 1
[RUNNING_REQ] 1772719492.373392 2 0
[RUNNING_REQ] 1772719492.594312 2 1
[RUNNING_REQ] 1772719492.745523 3 1
[RUNNING_REQ] 1772719493.663608 0 1
[RUNNING_REQ] 1772719493.816649 2 0
[RUNNING_REQ] 1772719493.971812 2 1
[RUNNING_REQ] 1772719494.124098 3 0
[RUNNING_REQ] 1772719494.620927 1 1
[RUNNING_REQ] 1772719494.820807 1 1
[RUNNING_REQ] 1772719495.134504 3 1
[RUNNING_REQ] 1772719495.361058 4 1
[RUNNING_REQ] 1772719495.628324 5 1
[RUNNING_REQ] 1772719495.842947 5 1
[RUNNING_REQ] 1772719496.602074 0 0
[RUNNING_REQ] 1772719496.758305 0 1
[RUNNING_REQ] 1772719496.910150 1 1
[RUNNING_REQ] 1772719497.126202 2 1
[RUNNING_REQ] 1772719497.270253 2 1
[RUNNING_REQ] 1772719497.390479 3 1
[RUNNING_REQ] 1772719497.550623 5 1
[RUNNING_REQ] 1772719497.770564 7 0
[RUNNING_REQ] 1772719498.411111 0 0
[RUNNING_REQ] 1772719498.842424 1 1
[RUNNING_REQ] 1772719498.996897 2 0
[RUNNING_REQ] 1772719499.152533 3 1
[RUNNING_REQ] 1772719499.363493 4 1
[RUNNING_REQ] 1772719499.631064 5 1
[RUNNING_REQ] 1772719499.874717 6 0
[RUNNING_REQ] 1772719500.546710 0 1
[RUNNING_REQ] 1772719500.703282 1 1
[RUNNING_REQ] 1772719500.874364 3 0
[RUNNING_REQ] 1772719501.119373 4 1
[RUNNING_REQ] 1772719501.320421 4 0
[RUNNING_REQ] 1772719501.888361 0 1
[RUNNING_REQ] 1772719502.048991 2 0
[RUNNING_REQ] 1772719502.264360 2 1
[RUNNING_REQ] 1772719502.429020 3 1
[RUNNING_REQ] 1772719503.400845 0 1
[RUNNING_REQ] 1772719503.616412 2 0
[RUNNING_REQ] 1772719503.738830 3 0
[RUNNING_REQ] 1772719504.152937 1 1
[RUNNING_REQ] 1772719504.378700 2 0
[RUNNING_REQ] 1772719504.662382 3 1
[RUNNING_REQ] 1772719504.896029 3 0
[RUNNING_REQ] 1772719505.405869 1 0
[RUNNING_REQ] 1772719505.673027 1 0
[RUNNING_REQ] 1772719505.825214 1 1
[RUNNING_REQ] 1772719505.987039 3 0
[RUNNING_REQ] 1772719506.177405 2 1
[RUNNING_REQ] 1772719506.535725 3 0
[RUNNING_REQ] 1772719506.731940 3 1
[RUNNING_REQ] 1772719507.160568 3 0
[RUNNING_REQ] 1772719507.359597 2 1
[RUNNING_REQ] 1772719507.567778 2 1
[RUNNING_REQ] 1772719507.798179 3 0
[RUNNING_REQ] 1772719508.238676 2 0
[RUNNING_REQ] 1772719508.440639 1 1
[RUNNING_REQ] 1772719508.596348 2 1
[RUNNING_REQ] 1772719508.793874 3 0
[RUNNING_REQ] 1772719509.035448 2 0
[RUNNING_REQ] 1772719509.648345 1 1
[RUNNING_REQ] 1772719509.820065 2 1
[RUNNING_REQ] 1772719509.987437 4 0
[RUNNING_REQ] 1772719510.498716 0 1
[RUNNING_REQ] 1772719510.665867 1 1
[RUNNING_REQ] 1772719510.829479 2 1
[RUNNING_REQ] 1772719511.032565 3 1
[RUNNING_REQ] 1772719511.215737 5 0
[RUNNING_REQ] 1772719511.691356 1 0
[RUNNING_REQ] 1772719512.021802 2 0
[RUNNING_REQ] 1772719512.793825 0 0
[RUNNING_REQ] 1772719512.943712 0 1
[RUNNING_REQ] 1772719513.111416 2 0
[RUNNING_REQ] 1772719513.308553 2 0
[RUNNING_REQ] 1772719513.429881 2 1
[RUNNING_REQ] 1772719513.578797 3 1
[RUNNING_REQ] 1772719513.784928 3 1
[RUNNING_REQ] 1772719513.931717 4 1
[RUNNING_REQ] 1772719514.146200 5 1
[RUNNING_REQ] 1772719514.927210 0 1
[RUNNING_REQ] 1772719515.160788 1 1
[RUNNING_REQ] 1772719515.389843 3 0
[RUNNING_REQ] 1772719515.566425 4 0
[RUNNING_REQ] 1772719515.784401 4 1
[RUNNING_REQ] 1772719516.112206 3 1
[RUNNING_REQ] 1772719516.271850 4 1
[RUNNING_REQ] 1772719516.671239 4 0
[RUNNING_REQ] 1772719517.260088 2 0
[RUNNING_REQ] 1772719517.450536 1 1
[RUNNING_REQ] 1772719517.642470 2 1
[RUNNING_REQ] 1772719517.814869 4 0
[RUNNING_REQ] 1772719518.104095 5 0
[RUNNING_REQ] 1772719518.381459 1 0
[RUNNING_REQ] 1772719518.887580 2 0
[RUNNING_REQ] 1772719519.090157 1 1
[RUNNING_REQ] 1772719519.250071 3 0
[RUNNING_REQ] 1772719519.455513 2 0
[RUNNING_REQ] 1772719519.713057 1 1
[RUNNING_REQ] 1772719519.865991 2 1
[RUNNING_REQ] 1772719520.074592 3 0
[RUNNING_REQ] 1772719520.230051 3 0
[RUNNING_REQ] 1772719520.715460 2 0
[RUNNING_REQ] 1772719521.104927 1 1
[RUNNING_REQ] 1772719521.261178 2 0
[RUNNING_REQ] 1772719522.043256 0 0
[RUNNING_REQ] 1772719522.204631 1 0
[RUNNING_REQ] 1772719522.567847 2 0
[RUNNING_REQ] 1772719522.784601 2 0
[RUNNING_REQ] 1772719522.977463 2 0
[RUNNING_REQ] 1772719523.191384 2 0
[RUNNING_REQ] 1772719523.440387 2 0
[RUNNING_REQ] 1772719523.607753 2 1
[RUNNING_REQ] 1772719523.760058 3 0
[RUNNING_REQ] 1772719523.894972 3 1
[RUNNING_REQ] 1772719524.112193 4 1
[RUNNING_REQ] 1772719524.280982 5 1
[RUNNING_REQ] 1772719524.437698 6 1
[RUNNING_REQ] 1772719524.566510 6 1
[RUNNING_REQ] 1772719525.523028 0 0
[RUNNING_REQ] 1772719525.739546 0 1
[RUNNING_REQ] 1772719525.897859 1 1
[RUNNING_REQ] 1772719526.061934 2 1
[RUNNING_REQ] 1772719526.223923 4 0
[RUNNING_REQ] 1772719526.475317 5 1
[RUNNING_REQ] 1772719526.693427 5 1
[RUNNING_REQ] 1772719526.905565 5 1
[RUNNING_REQ] 1772719527.557406 1 0
[RUNNING_REQ] 1772719527.768243 1 0
[RUNNING_REQ] 1772719527.931025 1 1
[RUNNING_REQ] 1772719528.298981 2 0
[RUNNING_REQ] 1772719528.517395 3 0
[RUNNING_REQ] 1772719528.649527 2 1
[RUNNING_REQ] 1772719528.874814 3 1
[RUNNING_REQ] 1772719529.023084 3 1
[RUNNING_REQ] 1772719529.224979 4 0
[RUNNING_REQ] 1772719529.476167 2 0
[RUNNING_REQ] 1772719529.915639 2 0
[RUNNING_REQ] 1772719530.315094 2 0
[RUNNING_REQ] 1772719530.525354 2 1
[RUNNING_REQ] 1772719531.378631 1 0
[RUNNING_REQ] 1772719531.589052 2 0
[RUNNING_REQ] 1772719532.006783 1 0
[RUNNING_REQ] 1772719532.214380 1 1
[RUNNING_REQ] 1772719532.362106 2 0
[RUNNING_REQ] 1772719532.648196 3 1
[RUNNING_REQ] 1772719532.808761 5 0
[RUNNING_REQ] 1772719533.063741 4 0
[RUNNING_REQ] 1772719533.286644 2 0
[RUNNING_REQ] 1772719533.541780 1 1
[RUNNING_REQ] 1772719533.780023 2 0
[RUNNING_REQ] 1772719534.059882 2 2
[RUNNING_REQ] 1772719534.287332 0 3
[RUNNING_REQ] 1772719534.440710 0 4
[RUNNING_REQ] 1772719534.594736 0 5
[RUNNING_REQ] 1772719534.748047 0 6
[RUNNING_REQ] 1772719534.955153 0 6
[RUNNING_REQ] 1772719535.121237 2 6
[RUNNING_REQ] 1772719535.281114 2 6
[RUNNING_REQ] 1772719535.434532 2 6
[RUNNING_REQ] 1772719535.586681 5 6
[RUNNING_REQ] 1772719535.759194 5 6
[RUNNING_REQ] 1772719536.036130 7 6
[RUNNING_REQ] 1772719536.151417 7 6
[RUNNING_REQ] 1772719536.349406 9 5
[RUNNING_REQ] 1772719536.506804 9 7
[RUNNING_REQ] 1772719536.663887 9 7
[RUNNING_REQ] 1772719536.981953 15 4
[RUNNING_REQ] 1772719538.834492 0 1
[RUNNING_REQ] 1772719539.042278 2 0
[RUNNING_REQ] 1772719539.670857 0 0
[RUNNING_REQ] 1772719539.842721 1 0
[RUNNING_REQ] 1772719540.052982 1 0
[RUNNING_REQ] 1772719540.380187 2 0
[RUNNING_REQ] 1772719540.595802 2 0
[RUNNING_REQ] 1772719540.745518 3 0
[RUNNING_REQ] 1772719540.947174 2 0
[RUNNING_REQ] 1772719541.268530 2 0
[RUNNING_REQ] 1772719541.406890 2 0
[RUNNING_REQ] 1772719541.616995 2 1
[RUNNING_REQ] 1772719541.780841 2 1
[RUNNING_REQ] 1772719542.179568 2 1
[RUNNING_REQ] 1772719542.418537 2 0
[RUNNING_REQ] 1772719542.624784 2 0
[RUNNING_REQ] 1772719542.829012 2 0
[RUNNING_REQ] 1772719543.034728 2 0
[RUNNING_REQ] 1772719543.377920 2 0
[RUNNING_REQ] 1772719543.784981 2 0
[RUNNING_REQ] 1772719544.200049 1 1
[RUNNING_REQ] 1772719544.343190 1 1
[RUNNING_REQ] 1772719544.548134 3 0
[RUNNING_REQ] 1772719544.941117 2 0
[RUNNING_REQ] 1772719545.376831 2 0
[RUNNING_REQ] 1772719545.592763 2 0
[RUNNING_REQ] 1772719545.790032 1 1
[RUNNING_REQ] 1772719545.999973 2 0
[RUNNING_REQ] 1772719546.229641 1 0
[RUNNING_REQ] 1772719546.632411 1 1
[RUNNING_REQ] 1772719547.335836 0 0
[RUNNING_REQ] 1772719547.487600 0 1
[RUNNING_REQ] 1772719547.708138 1 1
[RUNNING_REQ] 1772719547.885979 2 1
[RUNNING_REQ] 1772719548.097241 5 0
[RUNNING_REQ] 1772719548.470264 3 1
[RUNNING_REQ] 1772719548.940268 3 1
[RUNNING_REQ] 1772719549.175682 3 0
[RUNNING_REQ] 1772719549.730014 0 1
[RUNNING_REQ] 1772719549.890988 2 0
[RUNNING_REQ] 1772719550.064278 3 0
[RUNNING_REQ] 1772719550.228762 3 1
[RUNNING_REQ] 1772719550.683104 2 0
[RUNNING_REQ] 1772719551.118793 1 1
[RUNNING_REQ] 1772719551.279701 3 0
[RUNNING_REQ] 1772719551.492153 2 1
[RUNNING_REQ] 1772719551.699795 3 1
[RUNNING_REQ] 1772719551.859574 4 0
[RUNNING_REQ] 1772719552.007280 4 0
[RUNNING_REQ] 1772719552.427394 1 0
[RUNNING_REQ] 1772719552.621834 0 1
[RUNNING_REQ] 1772719552.778357 2 0
[RUNNING_REQ] 1772719553.160590 2 0
[RUNNING_REQ] 1772719553.369853 2 0
[RUNNING_REQ] 1772719553.562654 1 1
[RUNNING_REQ] 1772719553.734351 2 0
[RUNNING_REQ] 1772719554.293756 1 0
[RUNNING_REQ] 1772719554.522931 1 0
[RUNNING_REQ] 1772719555.390966 0 1
[RUNNING_REQ] 1772719555.623271 0 1
[RUNNING_REQ] 1772719555.784992 2 1
[RUNNING_REQ] 1772719556.019341 4 0
[RUNNING_REQ] 1772719556.483531 1 0
[RUNNING_REQ] 1772719556.677228 1 1
[RUNNING_REQ] 1772719556.875529 2 0
[RUNNING_REQ] 1772719557.090629 2 0
[RUNNING_REQ] 1772719557.298941 1 1
[RUNNING_REQ] 1772719557.501432 2 1
[RUNNING_REQ] 1772719557.642137 2 1
[RUNNING_REQ] 1772719557.871763 2 0
[RUNNING_REQ] 1772719558.111066 1 1
[RUNNING_REQ] 1772719558.307169 1 1
[RUNNING_REQ] 1772719558.472846 3 0
[RUNNING_REQ] 1772719558.838167 3 0
[RUNNING_REQ] 1772719559.114105 2 0
[RUNNING_REQ] 1772719559.421283 1 0
[RUNNING_REQ] 1772719559.573946 1 0
[RUNNING_REQ] 1772719559.768566 1 1
[RUNNING_REQ] 1772719559.925920 3 0
[RUNNING_REQ] 1772719560.458187 1 0
[RUNNING_REQ] 1772719560.685027 2 0
[RUNNING_REQ] 1772719560.809390 1 1
[RUNNING_REQ] 1772719561.053425 3 0
[RUNNING_REQ] 1772719561.422660 1 0
[RUNNING_REQ] 1772719561.662898 2 0
[RUNNING_REQ] 1772719561.797962 2 0
[RUNNING_REQ] 1772719562.028008 3 0
[RUNNING_REQ] 1772719562.386416 3 0
[RUNNING_REQ] 1772719562.622185 2 0
[RUNNING_REQ] 1772719563.418512 1 0
[RUNNING_REQ] 1772719563.583202 1 1
[RUNNING_REQ] 1772719563.745664 2 1
[RUNNING_REQ] 1772719563.946066 2 1
[RUNNING_REQ] 1772719564.154425 3 0
[RUNNING_REQ] 1772719564.405074 1 0
[RUNNING_REQ] 1772719564.810894 1 1
[RUNNING_REQ] 1772719565.063890 1 0
[RUNNING_REQ] 1772719565.221698 1 1
[RUNNING_REQ] 1772719565.384898 2 1
[RUNNING_REQ] 1772719565.597585 3 0
[RUNNING_REQ] 1772719565.807685 3 1
[RUNNING_REQ] 1772719565.972825 3 1
[RUNNING_REQ] 1772719566.412050 3 0
[RUNNING_REQ] 1772719566.672751 1 0
[RUNNING_REQ] 1772719567.034715 1 1
[RUNNING_REQ] 1772719567.198348 3 0
[RUNNING_REQ] 1772719567.402928 3 1
[RUNNING_REQ] 1772719567.542694 5 0
[RUNNING_REQ] 1772719567.713795 4 1
[RUNNING_REQ] 1772719567.965156 3 1
[RUNNING_REQ] 1772719568.139207 4 1
[RUNNING_REQ] 1772719568.625261 4 0
[RUNNING_REQ] 1772719569.141604 0 1
[RUNNING_REQ] 1772719569.365623 1 1
[RUNNING_REQ] 1772719569.531364 2 1
[RUNNING_REQ] 1772719569.687063 3 1
[RUNNING_REQ] 1772719569.827223 4 1
[RUNNING_REQ] 1772719570.012398 5 0
[RUNNING_REQ] 1772719570.610635 0 1
[RUNNING_REQ] 1772719570.762094 1 1
[RUNNING_REQ] 1772719570.927052 3 0
[RUNNING_REQ] 1772719571.145942 2 1
[RUNNING_REQ] 1772719571.309991 3 1
[RUNNING_REQ] 1772719571.579668 3 0
[RUNNING_REQ] 1772719572.485316 0 0
[RUNNING_REQ] 1772719572.649850 1 0
[RUNNING_REQ] 1772719572.812630 2 0
[RUNNING_REQ] 1772719573.031947 2 0
[RUNNING_REQ] 1772719573.428386 1 0
[RUNNING_REQ] 1772719573.603459 2 0
[RUNNING_REQ] 1772719573.797692 1 1
[RUNNING_REQ] 1772719574.003047 2 1
[RUNNING_REQ] 1772719574.119527 4 0
[RUNNING_REQ] 1772719574.575457 2 0
[RUNNING_REQ] 1772719575.022364 2 0
[RUNNING_REQ] 1772719575.263435 2 0
[RUNNING_REQ] 1772719575.444545 2 0
[RUNNING_REQ] 1772719575.653141 1 1
[RUNNING_REQ] 1772719575.815423 3 0
[RUNNING_REQ] 1772719576.019411 2 0
[RUNNING_REQ] 1772719576.332493 1 0
[RUNNING_REQ] 1772719576.501323 2 0
[RUNNING_REQ] 1772719576.684399 1 1
[RUNNING_REQ] 1772719576.876631 1 1
[RUNNING_REQ] 1772719577.101574 2 0
[RUNNING_REQ] 1772719577.473724 1 1
[RUNNING_REQ] 1772719577.645075 2 0
[RUNNING_REQ] 1772719577.794659 2 1
[RUNNING_REQ] 1772719577.997184 4 0
[RUNNING_REQ] 1772719578.357124 4 1
[RUNNING_REQ] 1772719578.829756 3 1
[RUNNING_REQ] 1772719579.096461 2 1
[RUNNING_REQ] 1772719579.290186 2 0
[RUNNING_REQ] 1772719579.596076 1 0
[RUNNING_REQ] 1772719579.818281 2 0
[RUNNING_REQ] 1772719580.657086 0 0
[RUNNING_REQ] 1772719580.819312 0 1
[RUNNING_REQ] 1772719581.026301 2 0
[RUNNING_REQ] 1772719581.275540 3 1
[RUNNING_REQ] 1772719581.488013 3 1
[RUNNING_REQ] 1772719581.886827 4 0
[RUNNING_REQ] 1772719582.184834 1 0
[RUNNING_REQ] 1772719582.590691 2 0
[RUNNING_REQ] 1772719582.802894 2 0
[RUNNING_REQ] 1772719582.990272 1 1
[RUNNING_REQ] 1772719583.195948 1 1
[RUNNING_REQ] 1772719583.430375 3 0
[RUNNING_REQ] 1772719583.662172 3 0
[RUNNING_REQ] 1772719584.322715 1 0
[RUNNING_REQ] 1772719584.544301 1 0
[RUNNING_REQ] 1772719584.821623 2 1
[RUNNING_REQ] 1772719585.048634 4 0
[RUNNING_REQ] 1772719585.355176 5 0
[RUNNING_REQ] 1772719585.587265 3 1
[RUNNING_REQ] 1772719585.878071 2 0
[RUNNING_REQ] 1772719586.375087 2 0
[RUNNING_REQ] 1772719586.569219 2 0
[RUNNING_REQ] 1772719586.767096 1 1
[RUNNING_REQ] 1772719586.921341 1 1
[RUNNING_REQ] 1772719587.179129 2 0
[RUNNING_REQ] 1772719587.394443 2 0
[RUNNING_REQ] 1772719587.603434 2 0
[RUNNING_REQ] 1772719588.266815 0 0
[RUNNING_REQ] 1772719588.495240 1 0
[RUNNING_REQ] 1772719588.740108 2 1
[RUNNING_REQ] 1772719588.902216 3 1
[RUNNING_REQ] 1772719589.266181 4 1
[RUNNING_REQ] 1772719589.485149 4 1
[RUNNING_REQ] 1772719589.777620 7 0
[RUNNING_REQ] 1772719590.553219 1 0
[RUNNING_REQ] 1772719590.727621 2 0
[RUNNING_REQ] 1772719590.891811 2 1
[RUNNING_REQ] 1772719591.096991 3 0
[RUNNING_REQ] 1772719591.292831 2 0
[RUNNING_REQ] 1772719591.741778 1 1
[RUNNING_REQ] 1772719591.949851 2 0
[RUNNING_REQ] 1772719592.161967 2 0
[RUNNING_REQ] 1772719592.535903 2 0
[RUNNING_REQ] 1772719592.718965 1 1
[RUNNING_REQ] 1772719592.869597 2 1
[RUNNING_REQ] 1772719593.195168 2 1
[RUNNING_REQ] 1772719593.348774 3 1
[RUNNING_REQ] 1772719593.497813 4 2
[RUNNING_REQ] 1772719593.642556 4 2
[RUNNING_REQ] 1772719593.872141 7 1
[RUNNING_REQ] 1772719595.131454 1 0
[RUNNING_REQ] 1772719595.345761 1 1
[RUNNING_REQ] 1772719595.508255 2 0
[RUNNING_REQ] 1772719595.638502 2 1
[RUNNING_REQ] 1772719595.856391 4 0
[RUNNING_REQ] 1772719595.994212 3 1
[RUNNING_REQ] 1772719596.199996 3 1
[RUNNING_REQ] 1772719596.410229 3 1
[RUNNING_REQ] 1772719596.681677 2 0
[RUNNING_REQ] 1772719597.024956 1 0
[RUNNING_REQ] 1772719597.191415 1 1
[RUNNING_REQ] 1772719597.388229 1 1
[RUNNING_REQ] 1772719597.552330 3 0
[RUNNING_REQ] 1772719597.723400 4 0
[RUNNING_REQ] 1772719598.037811 1 0
[RUNNING_REQ] 1772719598.267776 1 0
[RUNNING_REQ] 1772719598.437929 1 1
[RUNNING_REQ] 1772719598.596592 3 0
[RUNNING_REQ] 1772719598.827514 3 0
[RUNNING_REQ] 1772719599.097129 1 0
[RUNNING_REQ] 1772719599.509279 1 1
[RUNNING_REQ] 1772719599.710924 2 0
[RUNNING_REQ] 1772719599.914875 2 0
[RUNNING_REQ] 1772719600.151706 1 0
[RUNNING_REQ] 1772719600.346000 1 0
[RUNNING_REQ] 1772719600.564626 1 1
[RUNNING_REQ] 1772719600.717931 3 0
[RUNNING_REQ] 1772719601.654644 0 0
[RUNNING_REQ] 1772719601.866838 0 1
[RUNNING_REQ] 1772719602.024187 2 0
[RUNNING_REQ] 1772719602.143914 2 1
[RUNNING_REQ] 1772719602.361737 4 0
[RUNNING_REQ] 1772719602.926715 2 1
[RUNNING_REQ] 1772719603.138908 2 1
[RUNNING_REQ] 1772719603.302666 3 0
[RUNNING_REQ] 1772719603.569425 3 1
[RUNNING_REQ] 1772719603.845289 3 1
[RUNNING_REQ] 1772719604.129454 4 0
[RUNNING_REQ] 1772719604.394134 2 1
[RUNNING_REQ] 1772719604.632077 1 1
[RUNNING_REQ] 1772719604.800235 3 0
[RUNNING_REQ] 1772719605.023302 3 0
[RUNNING_REQ] 1772719605.440105 2 1
[RUNNING_REQ] 1772719605.637474 2 1
[RUNNING_REQ] 1772719605.800785 3 1
[RUNNING_REQ] 1772719605.969485 4 1
[RUNNING_REQ] 1772719606.127931 5 1
[RUNNING_REQ] 1772719606.339028 5 1
[RUNNING_REQ] 1772719607.009478 1 0
[RUNNING_REQ] 1772719607.235224 1 1
[RUNNING_REQ] 1772719607.914651 0 0
[RUNNING_REQ] 1772719608.134132 1 0
[RUNNING_REQ] 1772719608.294023 2 0
[RUNNING_REQ] 1772719608.443902 2 0
[RUNNING_REQ] 1772719608.645798 1 0
[RUNNING_REQ] 1772719608.841971 1 1
[RUNNING_REQ] 1772719609.014789 3 0
[RUNNING_REQ] 1772719609.217651 3 0
[RUNNING_REQ] 1772719609.428671 2 1
[RUNNING_REQ] 1772719609.650982 2 0
[RUNNING_REQ] 1772719610.011246 3 0
[RUNNING_REQ] 1772719610.292042 2 0
[RUNNING_REQ] 1772719610.709977 1 1
[RUNNING_REQ] 1772719610.855603 2 1
[RUNNING_REQ] 1772719611.012089 3 1
[RUNNING_REQ] 1772719611.173596 5 0
[RUNNING_REQ] 1772719611.964844 0 0
[RUNNING_REQ] 1772719612.122746 0 1
[RUNNING_REQ] 1772719612.338434 1 0
[RUNNING_REQ] 1772719612.500350 1 1
[RUNNING_REQ] 1772719612.711286 2 1
[RUNNING_REQ] 1772719612.873106 4 0
[RUNNING_REQ] 1772719613.140945 5 0
[RUNNING_REQ] 1772719613.780298 1 0
[RUNNING_REQ] 1772719614.410683 0 0
[RUNNING_REQ] 1772719614.567644 1 0
[RUNNING_REQ] 1772719614.725618 1 1
[RUNNING_REQ] 1772719614.888106 2 1
[RUNNING_REQ] 1772719615.103156 3 0
[RUNNING_REQ] 1772719615.326948 3 1
[RUNNING_REQ] 1772719615.854465 1 0
[RUNNING_REQ] 1772719616.013805 1 1
[RUNNING_REQ] 1772719616.217165 2 0
[RUNNING_REQ] 1772719616.375252 3 0
[RUNNING_REQ] 1772719616.630417 2 0
[RUNNING_REQ] 1772719616.829960 1 1
[RUNNING_REQ] 1772719617.063147 2 0
[RUNNING_REQ] 1772719617.393384 2 1
[RUNNING_REQ] 1772719617.628872 3 0
[RUNNING_REQ] 1772719617.966641 3 0
[RUNNING_REQ] 1772719618.609057 0 1
[RUNNING_REQ] 1772719618.763813 1 1
[RUNNING_REQ] 1772719618.971996 2 0
[RUNNING_REQ] 1772719619.192284 2 0
[RUNNING_REQ] 1772719619.460510 1 0
[RUNNING_REQ] 1772719619.621563 1 1
[RUNNING_REQ] 1772719620.426038 1 0
[RUNNING_REQ] 1772719620.655725 1 1
[RUNNING_REQ] 1772719620.828007 3 0
[RUNNING_REQ] 1772719621.220323 1 1
[RUNNING_REQ] 1772719621.418491 1 1
[RUNNING_REQ] 1772719621.613172 2 0
[RUNNING_REQ] 1772719621.779062 3 0
[RUNNING_REQ] 1772719621.986075 2 1
[RUNNING_REQ] 1772719622.209677 2 1
[RUNNING_REQ] 1772719622.381585 3 1
[RUNNING_REQ] 1772719622.596590 5 0
[RUNNING_REQ] 1772719623.338835 0 1
[RUNNING_REQ] 1772719623.575841 2 0
[RUNNING_REQ] 1772719624.006347 2 0
[RUNNING_REQ] 1772719624.189578 1 1
[RUNNING_REQ] 1772719624.360373 2 1
[RUNNING_REQ] 1772719624.589565 2 0
[RUNNING_REQ] 1772719625.054750 1 1
[RUNNING_REQ] 1772719625.254665 1 1
[RUNNING_REQ] 1772719625.420014 3 0
[RUNNING_REQ] 1772719625.832114 1 1
[RUNNING_REQ] 1772719626.541206 0 0
[RUNNING_REQ] 1772719626.829894 1 1
[RUNNING_REQ] 1772719626.987607 2 1
[RUNNING_REQ] 1772719627.213971 3 0
[RUNNING_REQ] 1772719627.838123 1 1
[RUNNING_REQ] 1772719628.065554 2 1
[RUNNING_REQ] 1772719628.235392 2 0
[RUNNING_REQ] 1772719628.456743 3 0
[RUNNING_REQ] 1772719628.815007 1 1
[RUNNING_REQ] 1772719629.049882 2 0
[RUNNING_REQ] 1772719629.502632 1 0
[RUNNING_REQ] 1772719629.903053 2 0
[RUNNING_REQ] 1772719630.130873 2 0
[RUNNING_REQ] 1772719630.508221 1 1
[RUNNING_REQ] 1772719630.734098 3 0
[RUNNING_REQ] 1772719631.183984 1 1
[RUNNING_REQ] 1772719631.452164 2 1
[RUNNING_REQ] 1772719632.191018 0 0
[RUNNING_REQ] 1772719632.352792 0 1
[RUNNING_REQ] 1772719632.582241 2 0
[RUNNING_REQ] 1772719632.827521 3 0
[RUNNING_REQ] 1772719633.336174 1 0
[RUNNING_REQ] 1772719633.724349 1 1
[RUNNING_REQ] 1772719633.885845 2 1
[RUNNING_REQ] 1772719634.106085 3 0
[RUNNING_REQ] 1772719634.587405 1 1
[RUNNING_REQ] 1772719634.805193 2 0
[RUNNING_REQ] 1772719635.002757 1 1
[RUNNING_REQ] 1772719635.209818 1 1
[RUNNING_REQ] 1772719635.370744 3 0
[RUNNING_REQ] 1772719635.545141 3 0
[RUNNING_REQ] 1772719636.020305 1 1
[RUNNING_REQ] 1772719636.175817 2 0
[RUNNING_REQ] 1772719636.399217 3 0
[RUNNING_REQ] 1772719636.559269 4 0
[RUNNING_REQ] 1772719636.810002 2 0
[RUNNING_REQ] 1772719637.042342 2 0
[RUNNING_REQ] 1772719637.713425 0 0
[RUNNING_REQ] 1772719637.939632 1 0
[RUNNING_REQ] 1772719638.095589 2 0
[RUNNING_REQ] 1772719638.404895 3 0
[RUNNING_REQ] 1772719638.885673 0 1
[RUNNING_REQ] 1772719639.105281 1 0
[RUNNING_REQ] 1772719639.279711 2 0
[RUNNING_REQ] 1772719639.446945 2 1
[RUNNING_REQ] 1772719639.603282 2 1
[RUNNING_REQ] 1772719640.000390 3 1
[RUNNING_REQ] 1772719640.706800 1 0
[RUNNING_REQ] 1772719640.937558 2 0
[RUNNING_REQ] 1772719641.143793 2 0
[RUNNING_REQ] 1772719641.369529 2 1
[RUNNING_REQ] 1772719641.520282 3 1
[RUNNING_REQ] 1772719641.881699 3 0
[RUNNING_REQ] 1772719642.471629 1 0
[RUNNING_REQ] 1772719642.699007 1 0
[RUNNING_REQ] 1772719643.488389 1 0
[RUNNING_REQ] 1772719643.727739 1 0
[RUNNING_REQ] 1772719643.867280 1 1
[RUNNING_REQ] 1772719644.257906 2 0
[RUNNING_REQ] 1772719644.472010 2 0
[RUNNING_REQ] 1772719644.674668 2 0
[RUNNING_REQ] 1772719644.885773 2 1
[RUNNING_REQ] 1772719645.052578 3 0
[RUNNING_REQ] 1772719645.611935 1 0
[RUNNING_REQ] 1772719645.915816 2 0
[RUNNING_REQ] 1772719646.113737 2 0
[RUNNING_REQ] 1772719646.331614 1 1
[RUNNING_REQ] 1772719646.514080 2 0
[RUNNING_REQ] 1772719646.981493 1 0
[RUNNING_REQ] 1772719647.235375 0 0
[RUNNING_REQ] 1772719647.599610 1 1
[RUNNING_REQ] 1772719647.812121 1 1
[RUNNING_REQ] 1772719648.020723 1 1
[RUNNING_REQ] 1772719648.180907 2 1
[RUNNING_REQ] 1772719648.347210 3 1
[RUNNING_REQ] 1772719649.246810 0 0
[RUNNING_REQ] 1772719649.408779 0 1
[RUNNING_REQ] 1772719649.572819 2 0
[RUNNING_REQ] 1772719649.782900 3 0
[RUNNING_REQ] 1772719649.947059 2 0
[RUNNING_REQ] 1772719650.318375 0 1
[RUNNING_REQ] 1772719650.590640 2 0
[RUNNING_REQ] 1772719650.761916 3 0
[RUNNING_REQ] 1772719651.035454 2 0
[RUNNING_REQ] 1772719651.231613 1 0
[RUNNING_REQ] 1772719651.431201 1 1
[RUNNING_REQ] 1772719651.592258 3 0
[RUNNING_REQ] 1772719651.870952 1 0
[RUNNING_REQ] 1772719652.127710 1 0
[RUNNING_REQ] 1772719652.293613 2 0
[RUNNING_REQ] 1772719652.489763 1 1
[RUNNING_REQ] 1772719652.656194 3 0
[RUNNING_REQ] 1772719652.870953 3 0
[RUNNING_REQ] 1772719653.135585 2 0
[RUNNING_REQ] 1772719653.381061 1 0
[RUNNING_REQ] 1772719653.551353 2 0
[RUNNING_REQ] 1772719653.753431 2 0
[RUNNING_REQ] 1772719653.972318 1 1
[RUNNING_REQ] 1772719654.195370 2 0
[RUNNING_REQ] 1772719654.886650 0 0
[RUNNING_REQ] 1772719655.052300 1 0
[RUNNING_REQ] 1772719655.206444 2 0
[RUNNING_REQ] 1772719655.428670 2 1
[RUNNING_REQ] 1772719655.599950 3 0
[RUNNING_REQ] 1772719655.911745 1 0
[RUNNING_REQ] 1772719656.118610 0 1
[RUNNING_REQ] 1772719656.276927 1 1
[RUNNING_REQ] 1772719656.452923 2 1
[RUNNING_REQ] 1772719656.618414 3 0
[RUNNING_REQ] 1772719656.815729 3 1
[RUNNING_REQ] 1772719656.989177 4 1
[RUNNING_REQ] 1772719657.317310 2 0
[RUNNING_REQ] 1772719657.803802 2 0
[RUNNING_REQ] 1772719658.022258 2 0
[RUNNING_REQ] 1772719658.241244 2 0
[RUNNING_REQ] 1772719658.445422 2 0
[RUNNING_REQ] 1772719658.728225 2 0
[RUNNING_REQ] 1772719658.904168 3 0
[RUNNING_REQ] 1772719659.291565 2 0
[RUNNING_REQ] 1772719659.496424 2 0
[RUNNING_REQ] 1772719660.375090 0 0
[RUNNING_REQ] 1772719660.542062 1 0
[RUNNING_REQ] 1772719660.754071 1 1
[RUNNING_REQ] 1772719660.921017 3 0
[RUNNING_REQ] 1772719661.032410 3 0
[RUNNING_REQ] 1772719661.555496 2 0
[RUNNING_REQ] 1772719661.750710 1 1
[RUNNING_REQ] 1772719662.026944 1 0
[RUNNING_REQ] 1772719662.181498 2 0
[RUNNING_REQ] 1772719662.394658 2 0
[RUNNING_REQ] 1772719662.606277 2 0
[RUNNING_REQ] 1772719663.052136 1 0
[RUNNING_REQ] 1772719663.468380 2 0
[RUNNING_REQ] 1772719663.676817 1 1
[RUNNING_REQ] 1772719663.890810 1 1
[RUNNING_REQ] 1772719664.357519 1 1
[RUNNING_REQ] 1772719664.637135 2 1
[RUNNING_REQ] 1772719664.800928 3 0
[RUNNING_REQ] 1772719665.024185 4 0
[RUNNING_REQ] 1772719666.021828 1 0
[RUNNING_REQ] 1772719666.185575 1 1
[RUNNING_REQ] 1772719666.342182 3 0
[RUNNING_REQ] 1772719666.547046 2 1
[RUNNING_REQ] 1772719666.729396 4 0
[RUNNING_REQ] 1772719667.267752 2 0
[RUNNING_REQ] 1772719667.455755 2 0
[RUNNING_REQ] 1772719667.655860 1 1
[RUNNING_REQ] 1772719667.985589 3 0
[RUNNING_REQ] 1772719668.198230 3 1
[RUNNING_REQ] 1772719668.360537 4 0
[RUNNING_REQ] 1772719668.719306 4 1
[RUNNING_REQ] 1772719668.931291 4 1
[RUNNING_REQ] 1772719669.190892 3 0
[RUNNING_REQ] 1772719669.662052 0 0
[RUNNING_REQ] 1772719669.830911 1 0
[RUNNING_REQ] 1772719669.997065 2 0
[RUNNING_REQ] 1772719670.213172 2 0
[RUNNING_REQ] 1772719670.382723 2 1
[RUNNING_REQ] 1772719671.192141 0 0
[RUNNING_REQ] 1772719671.356539 1 0
[RUNNING_REQ] 1772719671.519207 2 0
[RUNNING_REQ] 1772719671.734860 2 0
[RUNNING_REQ] 1772719671.954344 2 0
[RUNNING_REQ] 1772719672.181733 1 1
[RUNNING_REQ] 1772719672.389760 1 1
[RUNNING_REQ] 1772719672.558777 3 0
[RUNNING_REQ] 1772719672.807013 2 0
[RUNNING_REQ] 1772719673.266832 0 1
[RUNNING_REQ] 1772719673.429770 1 1
[RUNNING_REQ] 1772719673.652988 2 1
[RUNNING_REQ] 1772719673.799325 3 0
[RUNNING_REQ] 1772719673.954327 4 0
[RUNNING_REQ] 1772719674.526807 1 0
[RUNNING_REQ] 1772719674.698539 1 1
[RUNNING_REQ] 1772719674.864237 2 1
[RUNNING_REQ] 1772719675.025524 1 1
[RUNNING_REQ] 1772719675.310647 2 1
[RUNNING_REQ] 1772719675.492699 3 0
[RUNNING_REQ] 1772719675.742765 2 1
[RUNNING_REQ] 1772719676.120184 3 0
[RUNNING_REQ] 1772719677.052325 0 0
[RUNNING_REQ] 1772719677.217788 1 0
[RUNNING_REQ] 1772719677.381643 2 0
[RUNNING_REQ] 1772719677.623171 2 0
[RUNNING_REQ] 1772719677.820343 2 0
[RUNNING_REQ] 1772719678.024978 2 0
[RUNNING_REQ] 1772719678.229001 2 0
[RUNNING_REQ] 1772719678.437936 2 0
[RUNNING_REQ] 1772719678.671760 2 0
[RUNNING_REQ] 1772719679.053638 2 0
[RUNNING_REQ] 1772719679.271702 2 0
[RUNNING_REQ] 1772719679.475942 2 0
[RUNNING_REQ] 1772719679.685313 2 0
[RUNNING_REQ] 1772719679.891591 2 0
[RUNNING_REQ] 1772719680.090688 1 1
[RUNNING_REQ] 1772719680.260041 3 0
[RUNNING_REQ] 1772719680.469638 2 1
[RUNNING_REQ] 1772719680.636784 3 0
[RUNNING_REQ] 1772719680.947357 2 1
[RUNNING_REQ] 1772719681.130947 2 1
[RUNNING_REQ] 1772719681.274825 3 1
[RUNNING_REQ] 1772719681.432988 4 1
[RUNNING_REQ] 1772719682.326585 0 0
[RUNNING_REQ] 1772719682.498025 0 1
[RUNNING_REQ] 1772719682.714694 2 0
[RUNNING_REQ] 1772719682.857943 2 1
[RUNNING_REQ] 1772719683.370823 2 0
[RUNNING_REQ] 1772719683.675720 2 0
[RUNNING_REQ] 1772719683.878438 1 1
[RUNNING_REQ] 1772719684.103765 2 0
[RUNNING_REQ] 1772719684.544820 2 0
[RUNNING_REQ] 1772719684.760289 1 1
[RUNNING_REQ] 1772719684.972283 2 0
[RUNNING_REQ] 1772719685.181250 2 0
[RUNNING_REQ] 1772719685.397511 2 0
[RUNNING_REQ] 1772719685.606576 2 0
[RUNNING_REQ] 1772719685.812017 1 1
[RUNNING_REQ] 1772719686.006660 1 1
[RUNNING_REQ] 1772719686.278108 1 0
[RUNNING_REQ] 1772719686.485661 1 0
[RUNNING_REQ] 1772719686.689833 1 0
[RUNNING_REQ] 1772719686.901713 1 0
[RUNNING_REQ] 1772719687.063852 1 1
[RUNNING_REQ] 1772719687.757450 0 0
[RUNNING_REQ] 1772719687.930021 1 0
[RUNNING_REQ] 1772719688.099479 2 0
[RUNNING_REQ] 1772719688.300309 2 0
[RUNNING_REQ] 1772719688.522569 1 0
[RUNNING_REQ] 1772719688.719234 1 1
[RUNNING_REQ] 1772719689.039024 2 1
[RUNNING_REQ] 1772719689.212596 3 0
[RUNNING_REQ] 1772719689.415560 3 1
[RUNNING_REQ] 1772719689.576279 4 1
[RUNNING_REQ] 1772719689.732192 5 0
[RUNNING_REQ] 1772719689.985976 4 1
[RUNNING_REQ] 1772719690.241628 3 1
[RUNNING_REQ] 1772719690.447652 3 1
[RUNNING_REQ] 1772719690.655297 3 1
[RUNNING_REQ] 1772719690.907322 3 0
[RUNNING_REQ] 1772719691.282765 0 0
[RUNNING_REQ] 1772719691.553277 1 0
[RUNNING_REQ] 1772719691.873977 2 0
[RUNNING_REQ] 1772719692.071585 1 1
[RUNNING_REQ] 1772719692.980338 0 0
[RUNNING_REQ] 1772719693.145807 1 0
[RUNNING_REQ] 1772719693.320319 2 0
[RUNNING_REQ] 1772719693.516275 2 0
[RUNNING_REQ] 1772719693.722466 2 0
[RUNNING_REQ] 1772719693.932061 2 0
[RUNNING_REQ] 1772719694.156574 2 0
[RUNNING_REQ] 1772719694.373669 2 0
[RUNNING_REQ] 1772719694.587818 1 0
[RUNNING_REQ] 1772719694.996636 2 0
[RUNNING_REQ] 1772719695.204161 2 0
[RUNNING_REQ] 1772719695.417539 1 1
[RUNNING_REQ] 1772719695.631197 2 0
[RUNNING_REQ] 1772719695.797127 2 1
[RUNNING_REQ] 1772719695.961344 4 0
[RUNNING_REQ] 1772719696.542142 1 0
[RUNNING_REQ] 1772719696.709246 1 1
[RUNNING_REQ] 1772719696.876815 3 0
[RUNNING_REQ] 1772719697.111423 2 0
[RUNNING_REQ] 1772719698.055012 0 0
[RUNNING_REQ] 1772719698.895376 1 0
[RUNNING_REQ] 1772719699.066653 2 0
[RUNNING_REQ] 1772719699.267676 2 0
[RUNNING_REQ] 1772719699.475777 2 0
[RUNNING_REQ] 1772719699.688792 2 0
[RUNNING_REQ] 1772719699.906079 2 0
[RUNNING_REQ] 1772719700.143662 1 0
[RUNNING_REQ] 1772719700.467026 2 1
[RUNNING_REQ] 1772719700.636070 2 0
[RUNNING_REQ] 1772719701.074638 3 0
[RUNNING_REQ] 1772719701.345904 2 0
[RUNNING_REQ] 1772719701.751565 2 0
[RUNNING_REQ] 1772719701.973797 2 0
[RUNNING_REQ] 1772719702.181159 2 0
[RUNNING_REQ] 1772719702.400015 2 0
[RUNNING_REQ] 1772719702.630562 1 0
[RUNNING_REQ] 1772719702.839518 2 0
[RUNNING_REQ] 1772719703.534656 0 0
[RUNNING_REQ] 1772719703.766025 1 0
[RUNNING_REQ] 1772719704.000537 2 1
[RUNNING_REQ] 1772719704.167670 3 0
[RUNNING_REQ] 1772719704.474219 1 0
[RUNNING_REQ] 1772719704.913601 1 0
[RUNNING_REQ] 1772719705.066847 1 1
[RUNNING_REQ] 1772719705.302323 3 0
[RUNNING_REQ] 1772719705.883792 1 1
[RUNNING_REQ] 1772719706.068184 2 0
[RUNNING_REQ] 1772719706.285516 2 1
[RUNNING_REQ] 1772719706.732592 1 1
[RUNNING_REQ] 1772719706.952977 2 0
[RUNNING_REQ] 1772719707.119971 3 0
[RUNNING_REQ] 1772719707.414573 2 0
[RUNNING_REQ] 1772719707.688319 1 0
[RUNNING_REQ] 1772719708.321081 0 0
[RUNNING_REQ] 1772719708.547096 1 0
[RUNNING_REQ] 1772719708.666538 2 0
[RUNNING_REQ] 1772719709.080344 1 0
[RUNNING_REQ] 1772719709.503671 2 0
[RUNNING_REQ] 1772719709.698403 2 0
[RUNNING_REQ] 1772719709.931215 2 0
[RUNNING_REQ] 1772719710.310488 2 0
[RUNNING_REQ] 1772719710.522491 2 0
[RUNNING_REQ] 1772719710.743800 2 0
[RUNNING_REQ] 1772719711.024299 4 0
[RUNNING_REQ] 1772719711.237636 3 1
[RUNNING_REQ] 1772719711.415618 4 1
[RUNNING_REQ] 1772719711.625161 4 0
[RUNNING_REQ] 1772719712.069430 0 0
[RUNNING_REQ] 1772719712.319510 1 0
[RUNNING_REQ] 1772719712.471713 1 1
[RUNNING_REQ] 1772719712.632099 3 0
[RUNNING_REQ] 1772719713.466967 1 0
[RUNNING_REQ] 1772719713.635432 2 0
[RUNNING_REQ] 1772719713.851972 2 0
[RUNNING_REQ] 1772719714.059809 2 0
[RUNNING_REQ] 1772719714.264158 1 0
[RUNNING_REQ] 1772719714.635614 2 0
[RUNNING_REQ] 1772719714.806117 2 1
[RUNNING_REQ] 1772719715.031581 3 1
[RUNNING_REQ] 1772719715.180661 3 0
[RUNNING_REQ] 1772719715.649249 2 0
[RUNNING_REQ] 1772719715.866099 2 0
[RUNNING_REQ] 1772719716.331605 1 1
[RUNNING_REQ] 1772719716.510626 3 0
[RUNNING_REQ] 1772719716.718771 2 1
[RUNNING_REQ] 1772719716.891512 4 0
[RUNNING_REQ] 1772719717.159536 2 0
[RUNNING_REQ] 1772719718.096595 0 0
[RUNNING_REQ] 1772719718.333181 1 0
[RUNNING_REQ] 1772719718.578340 2 1
[RUNNING_REQ] 1772719718.775920 2 1
[RUNNING_REQ] 1772719718.999377 3 0
[RUNNING_REQ] 1772719719.494327 1 0
[RUNNING_REQ] 1772719719.660348 2 0
[RUNNING_REQ] 1772719719.878234 2 0
[RUNNING_REQ] 1772719720.103750 1 1
[RUNNING_REQ] 1772719720.369623 2 0
[RUNNING_REQ] 1772719720.489640 2 0
[RUNNING_REQ] 1772719720.950644 1 1
[RUNNING_REQ] 1772719721.160050 2 0
[RUNNING_REQ] 1772719721.395939 1 0
[RUNNING_REQ] 1772719721.790486 1 1
[RUNNING_REQ] 1772719722.178097 1 1
[RUNNING_REQ] 1772719722.946727 0 0
[RUNNING_REQ] 1772719723.109293 1 0
[RUNNING_REQ] 1772719723.272182 1 1
[RUNNING_REQ] 1772719723.434467 3 0
[RUNNING_REQ] 1772719723.653998 3 0
[RUNNING_REQ] 1772719723.914587 1 0
[RUNNING_REQ] 1772719724.179283 1 0
[RUNNING_REQ] 1772719724.392287 2 0
[RUNNING_REQ] 1772719724.547960 2 0
[RUNNING_REQ] 1772719724.750907 1 1
[RUNNING_REQ] 1772719725.102543 3 0
[RUNNING_REQ] 1772719725.300690 2 1
[RUNNING_REQ] 1772719725.577917 2 0
[RUNNING_REQ] 1772719725.833055 0 1
[RUNNING_REQ] 1772719726.041571 1 0
[RUNNING_REQ] 1772719726.262819 1 1
[RUNNING_REQ] 1772719726.429710 2 0
[RUNNING_REQ] 1772719726.847673 2 0
[RUNNING_REQ] 1772719727.054371 1 1
[RUNNING_REQ] 1772719727.259620 2 1
[RUNNING_REQ] 1772719727.999379 0 0
[RUNNING_REQ] 1772719728.167923 1 0
[RUNNING_REQ] 1772719728.390573 1 1
[RUNNING_REQ] 1772719728.557473 2 1
[RUNNING_REQ] 1772719728.719538 3 1
[RUNNING_REQ] 1772719728.834661 5 0
[RUNNING_REQ] 1772719729.141181 1 0
[RUNNING_REQ] 1772719729.729936 1 0
[RUNNING_REQ] 1772719729.878763 1 1
[RUNNING_REQ] 1772719730.084123 1 1
[RUNNING_REQ] 1772719730.257712 3 0
[RUNNING_REQ] 1772719730.858568 1 0
[RUNNING_REQ] 1772719731.135528 1 1
[RUNNING_REQ] 1772719731.302325 3 0
[RUNNING_REQ] 1772719731.499187 2 1
[RUNNING_REQ] 1772719731.707086 2 1
[RUNNING_REQ] 1772719732.525548 0 0
[RUNNING_REQ] 1772719732.689567 0 1
[RUNNING_REQ] 1772719732.842509 2 0
[RUNNING_REQ] 1772719733.008105 2 1
[RUNNING_REQ] 1772719733.169514 3 0
[RUNNING_REQ] 1772719733.342593 5 0
[RUNNING_REQ] 1772719733.587928 3 1
[RUNNING_REQ] 1772719733.766303 5 0
[RUNNING_REQ] 1772719734.307662 0 0
[RUNNING_REQ] 1772719734.469748 0 1
[RUNNING_REQ] 1772719734.636204 1 0
[RUNNING_REQ] 1772719735.090851 2 0
[RUNNING_REQ] 1772719735.315421 1 0
[RUNNING_REQ] 1772719735.537477 1 0
[RUNNING_REQ] 1772719735.759151 2 0
[RUNNING_REQ] 1772719735.967246 2 0
[RUNNING_REQ] 1772719736.172361 2 0
[RUNNING_REQ] 1772719736.397837 2 0
[RUNNING_REQ] 1772719737.124856 0 0
[RUNNING_REQ] 1772719737.286815 0 1
[RUNNING_REQ] 1772719737.506855 2 0
[RUNNING_REQ] 1772719737.628557 3 0
[RUNNING_REQ] 1772719738.110240 1 1
[RUNNING_REQ] 1772719738.329336 2 0
[RUNNING_REQ] 1772719738.496346 2 1
[RUNNING_REQ] 1772719738.751927 2 0
[RUNNING_REQ] 1772719739.015268 1 0
[RUNNING_REQ] 1772719739.180313 1 0
[RUNNING_REQ] 1772719739.626139 1 1
[RUNNING_REQ] 1772719739.860373 3 0
[RUNNING_REQ] 1772719740.040252 4 0
[RUNNING_REQ] 1772719740.354893 3 1
[RUNNING_REQ] 1772719741.220000 0 0
[RUNNING_REQ] 1772719741.390163 1 0
[RUNNING_REQ] 1772719741.551871 2 0
[RUNNING_REQ] 1772719741.778992 2 1
[RUNNING_REQ] 1772719742.051569 3 0
[RUNNING_REQ] 1772719742.291706 4 0
[RUNNING_REQ] 1772719742.888671 1 0
[RUNNING_REQ] 1772719743.058540 2 0
[RUNNING_REQ] 1772719743.254093 2 0
[RUNNING_REQ] 1772719743.480348 2 0
[RUNNING_REQ] 1772719743.730974 1 0
[RUNNING_REQ] 1772719744.077642 2 0
[RUNNING_REQ] 1772719744.294389 1 1
[RUNNING_REQ] 1772719744.457847 2 1
[RUNNING_REQ] 1772719744.670305 2 0
[RUNNING_REQ] 1772719745.595337 1 0
[RUNNING_REQ] 1772719745.760611 1 1
[RUNNING_REQ] 1772719745.958083 2 0
[RUNNING_REQ] 1772719746.160872 1 1
[RUNNING_REQ] 1772719746.372726 2 0
[RUNNING_REQ] 1772719746.772199 2 0
[RUNNING_REQ] 1772719747.047318 1 0
[RUNNING_REQ] 1772719747.418197 2 0
[RUNNING_REQ] 1772719747.634229 2 0
[RUNNING_REQ] 1772719747.837726 1 1
[RUNNING_REQ] 1772719748.044050 1 1
[RUNNING_REQ] 1772719748.275643 2 1
[RUNNING_REQ] 1772719748.401470 3 0
[RUNNING_REQ] 1772719749.019218 1 0
[RUNNING_REQ] 1772719749.188971 2 0
[RUNNING_REQ] 1772719749.391646 2 0
[RUNNING_REQ] 1772719750.140547 0 0
[RUNNING_REQ] 1772719750.354699 0 0
[RUNNING_REQ] 1772719750.528610 1 0
[RUNNING_REQ] 1772719750.692118 1 1
[RUNNING_REQ] 1772719750.852126 3 0
[RUNNING_REQ] 1772719751.058629 3 0
[RUNNING_REQ] 1772719751.328196 1 0
[RUNNING_REQ] 1772719751.727149 2 0
[RUNNING_REQ] 1772719751.916300 2 0
[RUNNING_REQ] 1772719752.084714 2 1
[RUNNING_REQ] 1772719752.287194 2 1
[RUNNING_REQ] 1772719752.518722 2 0
[RUNNING_REQ] 1772719753.030431 1 0
[RUNNING_REQ] 1772719753.246627 1 1
[RUNNING_REQ] 1772719753.419703 3 0
[RUNNING_REQ] 1772719753.771219 2 0
[RUNNING_REQ] 1772719754.065803 1 0
[RUNNING_REQ] 1772719754.937989 0 1
[RUNNING_REQ] 1772719755.099185 2 0
[RUNNING_REQ] 1772719755.505110 2 0
[RUNNING_REQ] 1772719755.950645 2 0
[RUNNING_REQ] 1772719756.149169 2 0
[RUNNING_REQ] 1772719756.357533 1 1
[RUNNING_REQ] 1772719756.525409 2 1
[RUNNING_REQ] 1772719756.699722 3 1
[RUNNING_REQ] 1772719756.866823 4 1
[RUNNING_REQ] 1772719757.085690 5 0
[RUNNING_REQ] 1772719757.676666 1 0
[RUNNING_REQ] 1772719757.844257 2 0
[RUNNING_REQ] 1772719758.068069 2 0
[RUNNING_REQ] 1772719758.322466 2 0
[RUNNING_REQ] 1772719758.439299 2 1
[RUNNING_REQ] 1772719759.211524 0 0
[RUNNING_REQ] 1772719759.520577 1 1
[RUNNING_REQ] 1772719759.688531 3 0
[RUNNING_REQ] 1772719760.187522 1 1
[RUNNING_REQ] 1772719760.398578 1 1
[RUNNING_REQ] 1772719760.559198 2 1
[RUNNING_REQ] 1772719760.728765 3 0
[RUNNING_REQ] 1772719760.948444 3 1
[RUNNING_REQ] 1772719761.123033 5 0
[RUNNING_REQ] 1772719761.747019 1 0
[RUNNING_REQ] 1772719761.983431 1 0
[RUNNING_REQ] 1772719762.223502 1 0
[RUNNING_REQ] 1772719762.506655 2 1
[RUNNING_REQ] 1772719762.739696 3 0
[RUNNING_REQ] 1772719763.527010 0 0
[RUNNING_REQ] 1772719763.698529 0 1
[RUNNING_REQ] 1772719763.864095 2 0
[RUNNING_REQ] 1772719764.077829 2 0
[RUNNING_REQ] 1772719764.296171 1 0
[RUNNING_REQ] 1772719764.721713 2 0
[RUNNING_REQ] 1772719765.088234 2 1
[RUNNING_REQ] 1772719765.246446 3 0
[RUNNING_REQ] 1772719765.414009 4 0
[RUNNING_REQ] 1772719765.649512 4 0
[RUNNING_REQ] 1772719766.297894 1 0
[RUNNING_REQ] 1772719766.516250 2 0
[RUNNING_REQ] 1772719766.682769 2 0
[RUNNING_REQ] 1772719766.897216 2 1
[RUNNING_REQ] 1772719767.210793 3 0
[RUNNING_REQ] 1772719768.178935 0 1
[RUNNING_REQ] 1772719768.347705 2 0
[RUNNING_REQ] 1772719768.509582 2 1
[RUNNING_REQ] 1772719768.938304 1 1
[RUNNING_REQ] 1772719769.156163 1 1
[RUNNING_REQ] 1772719769.344555 3 0
[RUNNING_REQ] 1772719769.567204 3 0
[RUNNING_REQ] 1772719770.088338 1 0
[RUNNING_REQ] 1772719770.457313 2 0
[RUNNING_REQ] 1772719770.683494 3 0
[RUNNING_REQ] 1772719771.153424 0 1
[RUNNING_REQ] 1772719771.326505 2 0
[RUNNING_REQ] 1772719771.501366 3 0
[RUNNING_REQ] 1772719771.769217 1 0
[RUNNING_REQ] 1772719772.446805 0 0
[RUNNING_REQ] 1772719772.610722 1 0
[RUNNING_REQ] 1772719772.778774 1 1
[RUNNING_REQ] 1772719772.937175 2 1
[RUNNING_REQ] 1772719773.099715 3 1
[RUNNING_REQ] 1772719773.273080 3 1
[RUNNING_REQ] 1772719774.118056 1 0
[RUNNING_REQ] 1772719774.296477 1 1
[RUNNING_REQ] 1772719774.460066 2 1
[RUNNING_REQ] 1772719774.850390 4 0
[RUNNING_REQ] 1772719775.331424 1 0
[RUNNING_REQ] 1772719775.565657 1 1
[RUNNING_REQ] 1772719775.732931 3 0
[RUNNING_REQ] 1772719775.955075 2 1
[RUNNING_REQ] 1772719776.140805 3 0
[RUNNING_REQ] 1772719776.988884 0 0
[RUNNING_REQ] 1772719777.108639 0 1
[RUNNING_REQ] 1772719777.313088 1 0
[RUNNING_REQ] 1772719777.479581 1 1
[RUNNING_REQ] 1772719777.679286 2 1
[RUNNING_REQ] 1772719777.853551 3 0
[RUNNING_REQ] 1772719778.376590 1 0
[RUNNING_REQ] 1772719778.551390 2 0
[RUNNING_REQ] 1772719778.772122 2 0
[RUNNING_REQ] 1772719778.996495 2 0
[RUNNING_REQ] 1772719779.200199 1 1
[RUNNING_REQ] 1772719779.380232 2 0
[RUNNING_REQ] 1772719779.593553 3 0
[RUNNING_REQ] 1772719780.058697 1 1
[RUNNING_REQ] 1772719780.286974 2 0
[RUNNING_REQ] 1772719780.510607 2 0
[RUNNING_REQ] 1772719780.714184 2 0
[RUNNING_REQ] 1772719781.415366 0 0
[RUNNING_REQ] 1772719781.584515 0 1
[RUNNING_REQ] 1772719781.816434 2 0
[RUNNING_REQ] 1772719781.974001 2 1
[RUNNING_REQ] 1772719782.137424 3 1
[RUNNING_REQ] 1772719782.304686 4 0
[RUNNING_REQ] 1772719782.615302 0 0
[RUNNING_REQ] 1772719783.049332 2 0
[RUNNING_REQ] 1772719783.259262 1 1
[RUNNING_REQ] 1772719783.424462 2 1
[RUNNING_REQ] 1772719783.640056 3 0
[RUNNING_REQ] 1772719783.856013 2 0
[RUNNING_REQ] 1772719784.195973 1 0
[RUNNING_REQ] 1772719784.414862 1 0
[RUNNING_REQ] 1772719784.590064 1 0
[RUNNING_REQ] 1772719784.784357 1 1
[RUNNING_REQ] 1772719785.007411 2 0
[RUNNING_REQ] 1772719785.149026 3 0
[RUNNING_REQ] 1772719785.903467 0 0
[RUNNING_REQ] 1772719786.127837 1 0
[RUNNING_REQ] 1772719786.305957 2 0
[RUNNING_REQ] 1772719786.600583 3 0
[RUNNING_REQ] 1772719786.803818 2 1
[RUNNING_REQ] 1772719786.976941 3 1
[RUNNING_REQ] 1772719787.271115 2 0
[RUNNING_REQ] 1772719787.584422 1 0
[RUNNING_REQ] 1772719787.751463 2 0
[RUNNING_REQ] 1772719787.967255 2 0
[RUNNING_REQ] 1772719788.224017 1 1
[RUNNING_REQ] 1772719788.342547 2 1
[RUNNING_REQ] 1772719788.544973 3 0
[RUNNING_REQ] 1772719789.020848 1 0
[RUNNING_REQ] 1772719789.260101 2 0
[RUNNING_REQ] 1772719789.942105 0 0
[RUNNING_REQ] 1772719790.099242 1 0
[RUNNING_REQ] 1772719790.280692 2 0
[RUNNING_REQ] 1772719790.450489 2 1
[RUNNING_REQ] 1772719790.733289 1 0
[RUNNING_REQ] 1772719791.139796 2 0
[RUNNING_REQ] 1772719791.351191 1 0
[RUNNING_REQ] 1772719791.634652 1 0
[RUNNING_REQ] 1772719791.996346 1 0
[RUNNING_REQ] 1772719792.394421 1 1
[RUNNING_REQ] 1772719792.555560 2 1
[RUNNING_REQ] 1772719792.724414 3 1
[RUNNING_REQ] 1772719792.892033 3 1
[RUNNING_REQ] 1772719794.007590 0 0
[RUNNING_REQ] 1772719794.180418 1 0
[RUNNING_REQ] 1772719794.347239 2 0
[RUNNING_REQ] 1772719794.563977 2 0
[RUNNING_REQ] 1772719794.767839 1 0
[RUNNING_REQ] 1772719794.984522 1 0
[RUNNING_REQ] 1772719795.330178 2 1
[RUNNING_REQ] 1772719795.502717 3 1
[RUNNING_REQ] 1772719795.719473 4 0
[RUNNING_REQ] 1772719796.051380 2 0
[RUNNING_REQ] 1772719796.262694 1 1
[RUNNING_REQ] 1772719796.431686 2 1
[RUNNING_REQ] 1772719796.596075 4 0
[RUNNING_REQ] 1772719796.818977 3 1
[RUNNING_REQ] 1772719796.989251 4 1
[RUNNING_REQ] 1772719797.988144 0 1
[RUNNING_REQ] 1772719798.150680 1 1
[RUNNING_REQ] 1772719798.370472 2 0
[RUNNING_REQ] 1772719798.748168 2 0
[RUNNING_REQ] 1772719798.992511 2 0
[RUNNING_REQ] 1772719799.221221 1 0
[RUNNING_REQ] 1772719799.397088 1 1
[RUNNING_REQ] 1772719799.579369 3 0
[RUNNING_REQ] 1772719799.811456 2 0
[RUNNING_REQ] 1772719800.120433 1 0
[RUNNING_REQ] 1772719800.566394 2 0
[RUNNING_REQ] 1772719800.924053 2 1
[RUNNING_REQ] 1772719801.117885 3 0
[RUNNING_REQ] 1772719802.080694 0 0
[RUNNING_REQ] 1772719802.249810 0 1
[RUNNING_REQ] 1772719802.414216 1 1
[RUNNING_REQ] 1772719802.580474 2 0
[RUNNING_REQ] 1772719802.745752 2 1
