[RUNNING_REQ] 1772717556.303233 0 0
[RUNNING_REQ] 1772717556.595072 0 0
[RUNNING_REQ] 1772717556.934517 0 1
[RUNNING_REQ] 1772717557.129432 0 1
[RUNNING_REQ] 1772717557.276563 0 1
[RUNNING_REQ] 1772717557.463601 0 1
[RUNNING_REQ] 1772717557.603085 0 1
[RUNNING_REQ] 1772717557.737502 0 1
[RUNNING_REQ] 1772717557.884367 0 1
[RUNNING_REQ] 1772717558.085461 0 1
[RUNNING_REQ] 1772717558.227654 0 1
[RUNNING_REQ] 1772717558.369012 0 1
[RUNNING_REQ] 1772717558.576085 2 10
[RUNNING_REQ] 1772717558.783288 2 10
[RUNNING_REQ] 1772717558.902772 2 10
[RUNNING_REQ] 1772717559.048579 2 10
[RUNNING_REQ] 1772717559.176342 2 10
[RUNNING_REQ] 1772717559.304383 2 10
[RUNNING_REQ] 1772717559.427212 2 10
[RUNNING_REQ] 1772717559.569179 2 10
[RUNNING_REQ] 1772717559.698859 12 2
[RUNNING_REQ] 1772717559.833636 12 2
[RUNNING_REQ] 1772717560.054538 12 9
[RUNNING_REQ] 1772717560.256156 12 9
[RUNNING_REQ] 1772717560.397846 12 9
[RUNNING_REQ] 1772717560.617178 15 11
[RUNNING_REQ] 1772717561.480608 9 9
[RUNNING_REQ] 1772717561.672554 9 9
[RUNNING_REQ] 1772717569.248981 0 0
[RUNNING_REQ] 1772717569.696507 1 1
[RUNNING_REQ] 1772717570.002964 3 1
[RUNNING_REQ] 1772717572.045310 0 1
[RUNNING_REQ] 1772717572.218334 1 1
[RUNNING_REQ] 1772717572.410241 2 1
[RUNNING_REQ] 1772717572.552332 3 1
[RUNNING_REQ] 1772717572.688781 4 0
[RUNNING_REQ] 1772717572.828262 4 1
[RUNNING_REQ] 1772717572.961993 5 1
[RUNNING_REQ] 1772717573.107656 6 1
[RUNNING_REQ] 1772717573.331276 8 1
[RUNNING_REQ] 1772717573.548810 9 1
[RUNNING_REQ] 1772717573.697090 10 1
[RUNNING_REQ] 1772717573.948972 11 1
[RUNNING_REQ] 1772717574.138700 12 1
[RUNNING_REQ] 1772717575.565067 1 0
[RUNNING_REQ] 1772717575.763277 1 1
[RUNNING_REQ] 1772717575.979708 2 1
[RUNNING_REQ] 1772717576.203815 3 1
[RUNNING_REQ] 1772717576.353673 4 1
[RUNNING_REQ] 1772717576.508163 5 1
[RUNNING_REQ] 1772717576.748141 4 1
[RUNNING_REQ] 1772717577.013509 3 0
[RUNNING_REQ] 1772717577.509088 2 0
[RUNNING_REQ] 1772717577.695517 3 0
[RUNNING_REQ] 1772717577.856336 4 0
[RUNNING_REQ] 1772717578.022958 3 1
[RUNNING_REQ] 1772717578.356759 3 1
[RUNNING_REQ] 1772717578.585712 2 1
[RUNNING_REQ] 1772717578.771376 2 1
[RUNNING_REQ] 1772717578.987890 3 0
[RUNNING_REQ] 1772717579.119001 4 0
[RUNNING_REQ] 1772717579.682021 0 1
[RUNNING_REQ] 1772717579.821018 1 1
[RUNNING_REQ] 1772717580.012507 2 1
[RUNNING_REQ] 1772717580.159775 3 1
[RUNNING_REQ] 1772717580.307394 4 1
[RUNNING_REQ] 1772717580.495667 5 1
[RUNNING_REQ] 1772717580.707059 6 1
[RUNNING_REQ] 1772717581.012264 7 1
[RUNNING_REQ] 1772717581.391984 8 0
[RUNNING_REQ] 1772717582.045561 0 1
[RUNNING_REQ] 1772717582.336847 2 0
[RUNNING_REQ] 1772717582.520500 3 1
[RUNNING_REQ] 1772717582.725757 4 1
[RUNNING_REQ] 1772717582.859847 5 0
[RUNNING_REQ] 1772717583.003277 5 1
[RUNNING_REQ] 1772717583.138400 6 1
[RUNNING_REQ] 1772717583.276634 7 1
[RUNNING_REQ] 1772717583.436423 7 1
[RUNNING_REQ] 1772717584.035899 0 1
[RUNNING_REQ] 1772717584.533945 1 1
[RUNNING_REQ] 1772717584.897877 2 1
[RUNNING_REQ] 1772717585.054840 3 0
[RUNNING_REQ] 1772717585.298938 4 1
[RUNNING_REQ] 1772717585.577858 5 0
[RUNNING_REQ] 1772717585.799754 4 1
[RUNNING_REQ] 1772717585.940760 4 1
[RUNNING_REQ] 1772717586.232184 3 1
[RUNNING_REQ] 1772717586.516420 1 0
[RUNNING_REQ] 1772717586.848989 1 1
[RUNNING_REQ] 1772717587.147521 2 1
[RUNNING_REQ] 1772717587.330517 3 0
[RUNNING_REQ] 1772717587.461701 3 1
[RUNNING_REQ] 1772717587.789698 5 0
[RUNNING_REQ] 1772717588.007908 6 1
[RUNNING_REQ] 1772717588.346783 7 1
[RUNNING_REQ] 1772717588.499214 8 1
[RUNNING_REQ] 1772717588.656551 9 1
[RUNNING_REQ] 1772717589.708465 0 1
[RUNNING_REQ] 1772717589.914126 1 1
[RUNNING_REQ] 1772717590.087072 2 1
[RUNNING_REQ] 1772717590.297783 4 1
[RUNNING_REQ] 1772717590.501440 5 1
[RUNNING_REQ] 1772717590.660033 6 1
[RUNNING_REQ] 1772717591.075485 5 0
[RUNNING_REQ] 1772717591.555704 1 1
[RUNNING_REQ] 1772717591.752230 2 0
[RUNNING_REQ] 1772717592.030434 2 1
[RUNNING_REQ] 1772717592.242274 2 1
[RUNNING_REQ] 1772717592.388847 3 1
[RUNNING_REQ] 1772717592.591514 5 0
[RUNNING_REQ] 1772717592.705393 4 1
[RUNNING_REQ] 1772717592.885848 4 1
[RUNNING_REQ] 1772717593.099802 3 1
[RUNNING_REQ] 1772717593.346236 3 0
[RUNNING_REQ] 1772717593.542707 3 0
[RUNNING_REQ] 1772717593.727805 2 1
[RUNNING_REQ] 1772717593.903187 3 0
[RUNNING_REQ] 1772717594.082364 2 1
[RUNNING_REQ] 1772717594.271509 2 1
[RUNNING_REQ] 1772717594.457190 2 1
[RUNNING_REQ] 1772717594.658393 2 1
[RUNNING_REQ] 1772717594.841985 2 1
[RUNNING_REQ] 1772717595.140807 1 0
[RUNNING_REQ] 1772717595.444883 1 1
[RUNNING_REQ] 1772717595.649718 2 1
[RUNNING_REQ] 1772717595.865073 4 1
[RUNNING_REQ] 1772717595.995369 5 0
[RUNNING_REQ] 1772717596.210442 6 0
[RUNNING_REQ] 1772717596.473494 4 0
[RUNNING_REQ] 1772717597.064337 0 1
[RUNNING_REQ] 1772717597.290869 2 0
[RUNNING_REQ] 1772717597.494514 4 0
[RUNNING_REQ] 1772717597.741678 2 0
[RUNNING_REQ] 1772717598.074621 1 0
[RUNNING_REQ] 1772717598.337156 2 1
[RUNNING_REQ] 1772717598.530140 2 1
[RUNNING_REQ] 1772717598.879698 3 0
[RUNNING_REQ] 1772717599.358031 2 0
[RUNNING_REQ] 1772717599.570362 2 1
[RUNNING_REQ] 1772717599.698691 3 0
[RUNNING_REQ] 1772717599.940302 2 1
[RUNNING_REQ] 1772717600.084088 3 1
[RUNNING_REQ] 1772717600.223456 4 1
[RUNNING_REQ] 1772717600.373794 5 1
[RUNNING_REQ] 1772717600.677028 1 0
[RUNNING_REQ] 1772717601.282082 1 0
[RUNNING_REQ] 1772717601.456115 2 0
[RUNNING_REQ] 1772717601.637947 1 1
[RUNNING_REQ] 1772717601.826182 2 0
[RUNNING_REQ] 1772717602.076041 1 0
[RUNNING_REQ] 1772717602.287198 1 1
[RUNNING_REQ] 1772717602.425246 2 1
[RUNNING_REQ] 1772717602.639669 3 1
[RUNNING_REQ] 1772717602.969620 4 1
[RUNNING_REQ] 1772717603.520306 1 1
[RUNNING_REQ] 1772717603.847701 2 1
[RUNNING_REQ] 1772717604.050266 2 1
[RUNNING_REQ] 1772717604.274736 2 1
[RUNNING_REQ] 1772717604.433948 3 1
[RUNNING_REQ] 1772717604.807166 1 0
[RUNNING_REQ] 1772717605.331014 1 0
[RUNNING_REQ] 1772717605.638326 3 1
[RUNNING_REQ] 1772717605.783371 4 1
[RUNNING_REQ] 1772717605.975838 5 1
[RUNNING_REQ] 1772717606.127669 6 1
[RUNNING_REQ] 1772717606.347761 7 1
[RUNNING_REQ] 1772717606.579684 7 1
[RUNNING_REQ] 1772717606.916606 3 0
[RUNNING_REQ] 1772717607.576847 1 1
[RUNNING_REQ] 1772717607.783622 2 1
[RUNNING_REQ] 1772717607.928798 3 1
[RUNNING_REQ] 1772717608.316649 4 0
[RUNNING_REQ] 1772717608.462027 5 0
[RUNNING_REQ] 1772717608.736251 4 1
[RUNNING_REQ] 1772717609.215168 3 1
[RUNNING_REQ] 1772717609.471175 2 1
[RUNNING_REQ] 1772717609.665689 2 0
[RUNNING_REQ] 1772717609.949450 2 0
[RUNNING_REQ] 1772717610.106093 2 0
[RUNNING_REQ] 1772717610.348445 4 0
[RUNNING_REQ] 1772717610.539998 3 1
[RUNNING_REQ] 1772717610.728206 3 1
[RUNNING_REQ] 1772717610.919030 4 0
[RUNNING_REQ] 1772717611.373445 2 0
[RUNNING_REQ] 1772717611.559958 1 1
[RUNNING_REQ] 1772717611.762260 2 1
[RUNNING_REQ] 1772717611.898881 3 1
[RUNNING_REQ] 1772717612.210127 4 0
[RUNNING_REQ] 1772717612.647897 2 0
[RUNNING_REQ] 1772717612.898960 1 1
[RUNNING_REQ] 1772717613.095847 2 0
[RUNNING_REQ] 1772717613.241261 3 0
[RUNNING_REQ] 1772717613.423291 2 0
[RUNNING_REQ] 1772717613.619078 2 1
[RUNNING_REQ] 1772717613.819871 3 0
[RUNNING_REQ] 1772717614.023076 3 0
[RUNNING_REQ] 1772717614.254680 2 0
[RUNNING_REQ] 1772717614.433978 1 1
[RUNNING_REQ] 1772717614.582837 2 1
[RUNNING_REQ] 1772717614.724738 2 1
[RUNNING_REQ] 1772717614.960076 3 1
[RUNNING_REQ] 1772717615.552703 1 1
[RUNNING_REQ] 1772717615.755239 2 0
[RUNNING_REQ] 1772717615.953088 3 1
[RUNNING_REQ] 1772717616.211636 4 1
[RUNNING_REQ] 1772717616.759944 1 0
[RUNNING_REQ] 1772717617.033267 0 1
[RUNNING_REQ] 1772717617.174077 0 1
[RUNNING_REQ] 1772717617.371647 1 1
[RUNNING_REQ] 1772717617.520399 2 1
[RUNNING_REQ] 1772717617.685149 3 1
[RUNNING_REQ] 1772717617.814065 4 1
[RUNNING_REQ] 1772717617.967594 5 1
[RUNNING_REQ] 1772717618.097231 5 1
[RUNNING_REQ] 1772717618.394050 6 1
[RUNNING_REQ] 1772717618.973953 1 0
[RUNNING_REQ] 1772717619.436885 1 1
[RUNNING_REQ] 1772717619.645983 2 1
[RUNNING_REQ] 1772717619.798896 3 0
[RUNNING_REQ] 1772717620.048484 4 0
[RUNNING_REQ] 1772717620.209674 5 1
[RUNNING_REQ] 1772717620.342431 5 1
[RUNNING_REQ] 1772717620.836025 5 0
[RUNNING_REQ] 1772717621.083355 4 0
[RUNNING_REQ] 1772717621.390844 2 0
[RUNNING_REQ] 1772717621.564892 1 1
[RUNNING_REQ] 1772717621.797299 1 0
[RUNNING_REQ] 1772717622.019435 2 0
[RUNNING_REQ] 1772717622.136322 1 1
[RUNNING_REQ] 1772717622.333374 2 1
[RUNNING_REQ] 1772717622.482146 3 1
[RUNNING_REQ] 1772717622.623075 5 0
[RUNNING_REQ] 1772717622.832699 2 0
[RUNNING_REQ] 1772717623.321649 1 1
[RUNNING_REQ] 1772717623.652619 2 1
[RUNNING_REQ] 1772717624.034137 2 1
[RUNNING_REQ] 1772717624.225353 2 0
[RUNNING_REQ] 1772717624.530197 2 0
[RUNNING_REQ] 1772717624.651289 2 1
[RUNNING_REQ] 1772717624.801103 4 0
[RUNNING_REQ] 1772717624.929082 3 1
[RUNNING_REQ] 1772717625.082206 4 1
[RUNNING_REQ] 1772717625.258163 4 1
[RUNNING_REQ] 1772717625.538616 4 1
[RUNNING_REQ] 1772717625.821742 5 1
[RUNNING_REQ] 1772717626.008859 6 1
[RUNNING_REQ] 1772717626.217215 7 1
[RUNNING_REQ] 1772717626.626825 6 0
[RUNNING_REQ] 1772717627.698908 0 0
[RUNNING_REQ] 1772717627.902806 1 0
[RUNNING_REQ] 1772717628.121374 2 0
[RUNNING_REQ] 1772717628.344920 3 1
[RUNNING_REQ] 1772717628.554734 4 1
[RUNNING_REQ] 1772717628.692128 5 1
[RUNNING_REQ] 1772717628.888183 6 1
[RUNNING_REQ] 1772717629.326725 1 0
[RUNNING_REQ] 1772717630.063715 1 1
[RUNNING_REQ] 1772717630.201236 3 0
[RUNNING_REQ] 1772717630.344421 4 0
[RUNNING_REQ] 1772717630.467227 4 0
[RUNNING_REQ] 1772717630.876236 3 0
[RUNNING_REQ] 1772717631.054446 2 1
[RUNNING_REQ] 1772717631.255488 3 0
[RUNNING_REQ] 1772717631.402137 3 1
[RUNNING_REQ] 1772717631.601748 4 0
[RUNNING_REQ] 1772717631.878445 3 0
[RUNNING_REQ] 1772717632.017011 2 1
[RUNNING_REQ] 1772717632.255262 2 0
[RUNNING_REQ] 1772717632.447601 1 1
[RUNNING_REQ] 1772717632.647121 1 1
[RUNNING_REQ] 1772717632.837785 2 1
[RUNNING_REQ] 1772717632.983424 4 0
[RUNNING_REQ] 1772717633.127569 4 1
[RUNNING_REQ] 1772717633.279231 5 1
[RUNNING_REQ] 1772717633.418366 6 1
[RUNNING_REQ] 1772717633.543117 7 0
[RUNNING_REQ] 1772717633.694949 7 1
[RUNNING_REQ] 1772717634.715831 0 1
[RUNNING_REQ] 1772717634.900381 1 1
[RUNNING_REQ] 1772717635.130807 3 0
[RUNNING_REQ] 1772717635.544517 3 1
[RUNNING_REQ] 1772717635.739073 3 1
[RUNNING_REQ] 1772717635.945950 3 0
[RUNNING_REQ] 1772717636.279875 2 0
[RUNNING_REQ] 1772717636.477144 1 1
[RUNNING_REQ] 1772717636.700146 1 1
[RUNNING_REQ] 1772717636.964542 2 1
[RUNNING_REQ] 1772717637.167680 4 0
[RUNNING_REQ] 1772717637.377036 5 1
[RUNNING_REQ] 1772717637.573083 6 1
[RUNNING_REQ] 1772717637.809364 9 1
[RUNNING_REQ] 1772717638.030160 10 1
[RUNNING_REQ] 1772717638.275387 10 1
[RUNNING_REQ] 1772717638.629059 4 0
[RUNNING_REQ] 1772717639.692175 0 1
[RUNNING_REQ] 1772717639.911392 1 1
[RUNNING_REQ] 1772717640.131823 3 1
[RUNNING_REQ] 1772717640.323547 4 1
[RUNNING_REQ] 1772717640.491217 5 1
[RUNNING_REQ] 1772717640.711115 7 0
[RUNNING_REQ] 1772717640.923059 7 1
[RUNNING_REQ] 1772717641.200671 6 0
[RUNNING_REQ] 1772717641.980720 0 1
[RUNNING_REQ] 1772717642.209057 1 1
[RUNNING_REQ] 1772717642.403038 2 1
[RUNNING_REQ] 1772717642.555409 4 1
[RUNNING_REQ] 1772717642.844879 5 1
[RUNNING_REQ] 1772717643.063261 6 1
[RUNNING_REQ] 1772717643.302026 7 1
[RUNNING_REQ] 1772717643.506310 8 1
[RUNNING_REQ] 1772717644.164969 0 0
[RUNNING_REQ] 1772717644.740421 2 0
[RUNNING_REQ] 1772717644.969485 3 0
[RUNNING_REQ] 1772717645.289691 2 1
[RUNNING_REQ] 1772717645.589589 3 1
[RUNNING_REQ] 1772717645.754880 4 1
[RUNNING_REQ] 1772717646.128677 4 1
[RUNNING_REQ] 1772717646.456296 1 0
[RUNNING_REQ] 1772717646.840044 1 1
[RUNNING_REQ] 1772717647.040377 2 1
[RUNNING_REQ] 1772717647.197194 4 0
[RUNNING_REQ] 1772717647.455528 4 1
[RUNNING_REQ] 1772717647.688752 3 0
[RUNNING_REQ] 1772717647.965892 3 0
[RUNNING_REQ] 1772717648.203722 2 0
[RUNNING_REQ] 1772717648.395692 1 1
[RUNNING_REQ] 1772717649.205466 0 0
[RUNNING_REQ] 1772717649.361306 0 1
[RUNNING_REQ] 1772717649.563680 2 0
[RUNNING_REQ] 1772717649.787330 3 1
[RUNNING_REQ] 1772717649.992270 4 1
[RUNNING_REQ] 1772717650.135675 5 0
[RUNNING_REQ] 1772717650.310674 4 1
[RUNNING_REQ] 1772717650.694504 0 0
[RUNNING_REQ] 1772717651.125729 1 1
[RUNNING_REQ] 1772717651.285558 2 1
[RUNNING_REQ] 1772717651.436732 3 0
[RUNNING_REQ] 1772717651.653688 4 1
[RUNNING_REQ] 1772717651.912558 5 1
[RUNNING_REQ] 1772717652.122533 6 1
[RUNNING_REQ] 1772717652.385069 6 1
[RUNNING_REQ] 1772717653.343777 0 0
[RUNNING_REQ] 1772717653.584651 0 1
[RUNNING_REQ] 1772717653.805243 1 1
[RUNNING_REQ] 1772717654.010874 3 0
[RUNNING_REQ] 1772717654.229016 4 1
[RUNNING_REQ] 1772717654.509329 5 1
[RUNNING_REQ] 1772717654.837386 3 0
[RUNNING_REQ] 1772717655.096192 1 1
[RUNNING_REQ] 1772717655.309705 2 1
[RUNNING_REQ] 1772717655.468566 3 0
[RUNNING_REQ] 1772717655.586378 3 1
[RUNNING_REQ] 1772717655.744197 4 0
[RUNNING_REQ] 1772717655.986686 3 1
[RUNNING_REQ] 1772717656.241358 2 1
[RUNNING_REQ] 1772717656.433945 2 1
[RUNNING_REQ] 1772717656.633396 3 1
[RUNNING_REQ] 1772717656.771942 3 1
[RUNNING_REQ] 1772717657.144646 3 1
[RUNNING_REQ] 1772717657.359632 2 0
[RUNNING_REQ] 1772717657.885901 1 1
[RUNNING_REQ] 1772717658.025178 1 1
[RUNNING_REQ] 1772717658.168295 2 1
[RUNNING_REQ] 1772717658.390869 4 0
[RUNNING_REQ] 1772717658.604377 5 1
[RUNNING_REQ] 1772717658.819014 6 1
[RUNNING_REQ] 1772717658.941771 6 1
[RUNNING_REQ] 1772717659.120348 6 1
[RUNNING_REQ] 1772717659.352324 6 0
[RUNNING_REQ] 1772717659.920861 0 0
[RUNNING_REQ] 1772717660.120655 0 1
[RUNNING_REQ] 1772717660.265944 1 1
[RUNNING_REQ] 1772717660.388631 2 0
[RUNNING_REQ] 1772717660.541416 2 1
[RUNNING_REQ] 1772717660.703140 4 1
[RUNNING_REQ] 1772717660.918260 5 1
[RUNNING_REQ] 1772717661.122131 7 0
[RUNNING_REQ] 1772717661.273794 7 1
[RUNNING_REQ] 1772717661.429148 8 2
[RUNNING_REQ] 1772717661.561220 8 2
[RUNNING_REQ] 1772717661.703498 10 0
[RUNNING_REQ] 1772717661.932162 10 2
[RUNNING_REQ] 1772717662.112615 12 1
[RUNNING_REQ] 1772717662.322754 12 2
[RUNNING_REQ] 1772717663.651028 0 1
[RUNNING_REQ] 1772717663.865542 2 0
[RUNNING_REQ] 1772717664.090890 2 1
[RUNNING_REQ] 1772717664.221312 4 0
[RUNNING_REQ] 1772717664.397852 2 0
[RUNNING_REQ] 1772717664.748287 3 1
[RUNNING_REQ] 1772717664.953301 3 0
[RUNNING_REQ] 1772717665.438858 2 0
[RUNNING_REQ] 1772717665.667456 2 0
[RUNNING_REQ] 1772717666.015581 1 0
[RUNNING_REQ] 1772717666.320621 2 0
[RUNNING_REQ] 1772717666.534272 2 1
[RUNNING_REQ] 1772717666.838527 3 1
[RUNNING_REQ] 1772717667.035408 4 1
[RUNNING_REQ] 1772717667.203282 5 1
[RUNNING_REQ] 1772717667.388976 5 0
[RUNNING_REQ] 1772717667.788316 4 1
[RUNNING_REQ] 1772717668.025137 2 1
[RUNNING_REQ] 1772717668.548029 2 0
[RUNNING_REQ] 1772717668.725312 1 1
[RUNNING_REQ] 1772717668.876834 2 1
[RUNNING_REQ] 1772717669.086401 3 1
[RUNNING_REQ] 1772717669.234797 3 1
[RUNNING_REQ] 1772717669.395495 4 1
[RUNNING_REQ] 1772717669.614027 6 0
[RUNNING_REQ] 1772717669.909239 5 1
[RUNNING_REQ] 1772717670.159527 4 0
[RUNNING_REQ] 1772717670.649909 1 1
[RUNNING_REQ] 1772717670.892564 2 0
[RUNNING_REQ] 1772717671.034945 3 1
[RUNNING_REQ] 1772717671.192271 3 1
[RUNNING_REQ] 1772717671.464182 5 1
[RUNNING_REQ] 1772717671.624915 6 1
[RUNNING_REQ] 1772717672.115153 3 0
[RUNNING_REQ] 1772717672.775835 1 0
[RUNNING_REQ] 1772717672.919806 2 0
[RUNNING_REQ] 1772717673.109982 1 0
[RUNNING_REQ] 1772717673.303817 1 1
[RUNNING_REQ] 1772717673.450295 2 1
[RUNNING_REQ] 1772717673.584901 2 1
[RUNNING_REQ] 1772717673.897783 3 1
[RUNNING_REQ] 1772717674.094350 4 0
[RUNNING_REQ] 1772717674.226166 4 1
[RUNNING_REQ] 1772717674.825371 1 0
[RUNNING_REQ] 1772717675.045623 1 1
[RUNNING_REQ] 1772717675.283187 3 0
[RUNNING_REQ] 1772717675.493288 3 1
[RUNNING_REQ] 1772717675.640996 4 1
[RUNNING_REQ] 1772717675.787805 4 1
[RUNNING_REQ] 1772717675.983566 4 0
[RUNNING_REQ] 1772717676.160213 4 1
[RUNNING_REQ] 1772717676.355866 4 1
[RUNNING_REQ] 1772717676.905115 2 0
[RUNNING_REQ] 1772717677.104160 1 1
[RUNNING_REQ] 1772717677.266430 2 1
[RUNNING_REQ] 1772717677.434574 3 1
[RUNNING_REQ] 1772717677.595415 4 1
[RUNNING_REQ] 1772717677.846941 5 1
[RUNNING_REQ] 1772717678.065048 7 0
[RUNNING_REQ] 1772717678.392708 6 0
[RUNNING_REQ] 1772717679.122478 0 1
[RUNNING_REQ] 1772717679.341384 2 0
[RUNNING_REQ] 1772717679.562325 3 0
[RUNNING_REQ] 1772717679.750164 3 1
[RUNNING_REQ] 1772717679.966649 3 1
[RUNNING_REQ] 1772717680.154866 3 1
[RUNNING_REQ] 1772717680.485057 4 1
[RUNNING_REQ] 1772717681.022697 0 1
[RUNNING_REQ] 1772717681.175733 1 1
[RUNNING_REQ] 1772717681.384467 2 1
[RUNNING_REQ] 1772717681.713003 2 1
[RUNNING_REQ] 1772717681.938068 3 1
[RUNNING_REQ] 1772717682.075950 3 1
[RUNNING_REQ] 1772717682.281902 4 1
[RUNNING_REQ] 1772717682.408748 4 1
[RUNNING_REQ] 1772717682.558241 5 1
[RUNNING_REQ] 1772717682.768050 7 0
[RUNNING_REQ] 1772717682.998509 7 0
[RUNNING_REQ] 1772717683.188704 6 1
[RUNNING_REQ] 1772717684.012602 0 1
[RUNNING_REQ] 1772717684.170465 1 1
[RUNNING_REQ] 1772717684.462777 2 1
[RUNNING_REQ] 1772717684.672756 3 1
[RUNNING_REQ] 1772717684.821504 4 0
[RUNNING_REQ] 1772717685.064718 5 0
[RUNNING_REQ] 1772717685.310128 5 0
[RUNNING_REQ] 1772717685.907305 0 0
[RUNNING_REQ] 1772717686.114394 1 0
[RUNNING_REQ] 1772717686.267442 2 0
[RUNNING_REQ] 1772717686.438301 2 0
[RUNNING_REQ] 1772717686.694595 4 0
[RUNNING_REQ] 1772717686.881716 3 1
[RUNNING_REQ] 1772717687.090943 4 1
[RUNNING_REQ] 1772717687.269229 5 0
[RUNNING_REQ] 1772717688.013021 1 1
[RUNNING_REQ] 1772717688.217765 3 0
[RUNNING_REQ] 1772717688.371819 4 0
[RUNNING_REQ] 1772717688.518637 5 0
[RUNNING_REQ] 1772717688.748874 6 0
[RUNNING_REQ] 1772717689.267361 4 0
[RUNNING_REQ] 1772717689.887378 0 1
[RUNNING_REQ] 1772717690.031319 2 0
[RUNNING_REQ] 1772717690.173101 3 0
[RUNNING_REQ] 1772717690.372229 2 1
[RUNNING_REQ] 1772717690.819260 2 0
[RUNNING_REQ] 1772717691.067546 1 0
[RUNNING_REQ] 1772717691.272352 1 1
[RUNNING_REQ] 1772717691.414583 1 1
[RUNNING_REQ] 1772717691.681383 2 1
[RUNNING_REQ] 1772717691.900229 4 1
[RUNNING_REQ] 1772717692.044453 5 0
[RUNNING_REQ] 1772717692.195754 7 0
[RUNNING_REQ] 1772717693.070252 0 1
[RUNNING_REQ] 1772717693.285594 2 0
[RUNNING_REQ] 1772717693.454058 2 1
[RUNNING_REQ] 1772717693.655637 3 1
[RUNNING_REQ] 1772717693.784392 4 0
[RUNNING_REQ] 1772717694.044632 2 0
[RUNNING_REQ] 1772717694.469769 1 1
[RUNNING_REQ] 1772717694.673983 3 0
[RUNNING_REQ] 1772717694.791943 2 1
[RUNNING_REQ] 1772717694.994539 3 0
[RUNNING_REQ] 1772717695.194234 3 0
[RUNNING_REQ] 1772717695.545714 0 0
[RUNNING_REQ] 1772717695.751057 1 0
[RUNNING_REQ] 1772717695.901668 2 0
[RUNNING_REQ] 1772717696.052612 3 0
[RUNNING_REQ] 1772717696.336728 3 1
[RUNNING_REQ] 1772717696.576635 3 0
[RUNNING_REQ] 1772717696.996179 1 1
[RUNNING_REQ] 1772717697.304721 2 1
[RUNNING_REQ] 1772717697.463561 3 1
[RUNNING_REQ] 1772717697.652009 3 1
[RUNNING_REQ] 1772717698.028533 3 1
[RUNNING_REQ] 1772717698.425805 1 0
[RUNNING_REQ] 1772717698.624094 1 0
[RUNNING_REQ] 1772717698.838362 1 1
[RUNNING_REQ] 1772717698.996880 2 1
[RUNNING_REQ] 1772717699.235429 3 0
[RUNNING_REQ] 1772717699.455407 5 0
[RUNNING_REQ] 1772717699.600811 5 1
[RUNNING_REQ] 1772717699.747120 6 1
[RUNNING_REQ] 1772717699.881411 6 1
[RUNNING_REQ] 1772717700.000923 6 1
[RUNNING_REQ] 1772717700.237260 6 1
[RUNNING_REQ] 1772717700.437188 6 1
[RUNNING_REQ] 1772717701.146992 0 1
[RUNNING_REQ] 1772717701.453455 3 0
[RUNNING_REQ] 1772717701.609553 3 1
[RUNNING_REQ] 1772717702.007502 2 0
[RUNNING_REQ] 1772717702.185158 2 1
[RUNNING_REQ] 1772717702.391443 2 1
[RUNNING_REQ] 1772717703.462944 0 0
[RUNNING_REQ] 1772717703.671430 1 0
[RUNNING_REQ] 1772717703.808814 1 1
[RUNNING_REQ] 1772717703.972379 2 1
[RUNNING_REQ] 1772717704.253199 3 1
[RUNNING_REQ] 1772717704.635510 2 1
[RUNNING_REQ] 1772717704.810026 3 1
[RUNNING_REQ] 1772717705.211641 2 1
[RUNNING_REQ] 1772717705.375130 3 1
[RUNNING_REQ] 1772717705.559223 3 1
[RUNNING_REQ] 1772717705.845602 5 1
[RUNNING_REQ] 1772717706.188176 6 0
[RUNNING_REQ] 1772717706.353505 7 1
[RUNNING_REQ] 1772717706.559608 7 1
[RUNNING_REQ] 1772717706.871011 8 1
[RUNNING_REQ] 1772717707.282880 8 1
[RUNNING_REQ] 1772717707.774351 3 0
[RUNNING_REQ] 1772717708.525156 1 1
[RUNNING_REQ] 1772717708.741190 2 1
[RUNNING_REQ] 1772717709.010383 4 1
[RUNNING_REQ] 1772717709.172329 5 1
[RUNNING_REQ] 1772717709.312146 6 1
[RUNNING_REQ] 1772717709.466960 7 1
[RUNNING_REQ] 1772717710.293143 0 1
[RUNNING_REQ] 1772717710.488469 0 1
[RUNNING_REQ] 1772717710.637071 1 1
[RUNNING_REQ] 1772717710.783948 3 0
[RUNNING_REQ] 1772717711.015862 4 0
[RUNNING_REQ] 1772717711.300984 3 1
[RUNNING_REQ] 1772717711.580043 2 0
[RUNNING_REQ] 1772717712.023260 1 1
[RUNNING_REQ] 1772717712.228224 3 0
[RUNNING_REQ] 1772717712.380998 3 1
[RUNNING_REQ] 1772717712.751127 3 1
[RUNNING_REQ] 1772717712.905559 3 1
[RUNNING_REQ] 1772717713.350254 3 1
[RUNNING_REQ] 1772717713.597124 2 0
[RUNNING_REQ] 1772717714.025261 2 0
[RUNNING_REQ] 1772717714.224149 1 1
[RUNNING_REQ] 1772717714.370785 2 1
[RUNNING_REQ] 1772717714.578434 3 1
[RUNNING_REQ] 1772717714.730114 4 1
[RUNNING_REQ] 1772717714.964059 5 1
[RUNNING_REQ] 1772717715.158716 5 1
[RUNNING_REQ] 1772717715.381645 7 1
[RUNNING_REQ] 1772717715.590886 8 1
[RUNNING_REQ] 1772717716.589712 0 0
[RUNNING_REQ] 1772717716.860202 2 0
[RUNNING_REQ] 1772717717.006637 3 0
[RUNNING_REQ] 1772717717.211617 2 1
[RUNNING_REQ] 1772717717.392470 2 1
[RUNNING_REQ] 1772717717.540102 3 1
[RUNNING_REQ] 1772717717.692899 3 1
[RUNNING_REQ] 1772717717.908791 5 1
[RUNNING_REQ] 1772717718.065159 7 0
[RUNNING_REQ] 1772717718.841397 1 0
[RUNNING_REQ] 1772717719.035187 1 0
[RUNNING_REQ] 1772717719.244513 2 0
[RUNNING_REQ] 1772717719.478653 2 1
[RUNNING_REQ] 1772717719.630457 2 1
[RUNNING_REQ] 1772717719.831987 3 1
[RUNNING_REQ] 1772717720.002349 4 1
[RUNNING_REQ] 1772717720.320988 5 1
[RUNNING_REQ] 1772717720.529204 6 1
[RUNNING_REQ] 1772717720.673933 6 1
[RUNNING_REQ] 1772717721.009367 7 0
[RUNNING_REQ] 1772717721.797773 0 0
[RUNNING_REQ] 1772717722.005181 1 0
[RUNNING_REQ] 1772717722.155682 1 0
[RUNNING_REQ] 1772717722.287220 1 1
[RUNNING_REQ] 1772717722.472862 2 0
[RUNNING_REQ] 1772717722.674517 3 0
[RUNNING_REQ] 1772717722.815574 3 0
[RUNNING_REQ] 1772717722.992284 2 1
[RUNNING_REQ] 1772717723.147223 4 0
[RUNNING_REQ] 1772717723.400324 3 0
[RUNNING_REQ] 1772717723.657238 2 0
[RUNNING_REQ] 1772717723.851155 2 0
[RUNNING_REQ] 1772717724.053952 3 0
[RUNNING_REQ] 1772717724.190913 3 0
[RUNNING_REQ] 1772717724.390217 2 1
[RUNNING_REQ] 1772717724.747500 2 0
[RUNNING_REQ] 1772717725.095059 3 1
[RUNNING_REQ] 1772717725.286402 3 0
[RUNNING_REQ] 1772717725.764661 1 1
[RUNNING_REQ] 1772717725.916986 2 0
[RUNNING_REQ] 1772717726.112406 2 1
[RUNNING_REQ] 1772717726.333255 4 0
[RUNNING_REQ] 1772717726.464252 5 0
[RUNNING_REQ] 1772717726.597205 4 1
[RUNNING_REQ] 1772717726.788586 4 1
[RUNNING_REQ] 1772717726.976479 4 0
[RUNNING_REQ] 1772717727.247460 2 0
[RUNNING_REQ] 1772717727.685654 1 0
[RUNNING_REQ] 1772717728.073718 2 0
[RUNNING_REQ] 1772717728.275058 3 0
[RUNNING_REQ] 1772717728.402071 2 1
[RUNNING_REQ] 1772717728.597534 2 1
[RUNNING_REQ] 1772717728.818169 2 0
[RUNNING_REQ] 1772717729.185401 2 1
[RUNNING_REQ] 1772717729.371526 3 0
[RUNNING_REQ] 1772717729.561875 2 0
[RUNNING_REQ] 1772717730.014605 2 0
[RUNNING_REQ] 1772717730.245840 2 0
[RUNNING_REQ] 1772717730.550873 2 1
[RUNNING_REQ] 1772717731.383068 0 0
[RUNNING_REQ] 1772717731.546183 1 0
[RUNNING_REQ] 1772717731.749336 1 0
[RUNNING_REQ] 1772717732.012228 3 0
[RUNNING_REQ] 1772717732.195125 2 1
[RUNNING_REQ] 1772717732.344369 3 1
[RUNNING_REQ] 1772717732.602612 2 0
[RUNNING_REQ] 1772717733.036001 1 1
[RUNNING_REQ] 1772717733.226416 2 0
[RUNNING_REQ] 1772717733.438822 2 0
[RUNNING_REQ] 1772717733.799197 1 1
[RUNNING_REQ] 1772717733.944704 2 1
[RUNNING_REQ] 1772717734.260132 3 1
[RUNNING_REQ] 1772717734.677105 3 0
[RUNNING_REQ] 1772717734.935879 2 1
[RUNNING_REQ] 1772717735.156387 4 0
[RUNNING_REQ] 1772717735.501386 2 1
[RUNNING_REQ] 1772717736.019281 1 0
[RUNNING_REQ] 1772717736.184798 2 0
[RUNNING_REQ] 1772717736.523175 2 1
[RUNNING_REQ] 1772717736.729475 3 1
[RUNNING_REQ] 1772717736.989125 4 1
[RUNNING_REQ] 1772717737.165117 5 1
[RUNNING_REQ] 1772717737.474826 6 1
[RUNNING_REQ] 1772717737.687465 7 1
[RUNNING_REQ] 1772717737.951698 8 0
[RUNNING_REQ] 1772717738.142083 8 0
[RUNNING_REQ] 1772717738.427528 0 1
[RUNNING_REQ] 1772717739.423109 1 1
[RUNNING_REQ] 1772717739.592958 3 0
[RUNNING_REQ] 1772717739.791667 2 1
[RUNNING_REQ] 1772717739.993023 3 1
[RUNNING_REQ] 1772717740.279067 3 1
[RUNNING_REQ] 1772717740.683757 4 1
[RUNNING_REQ] 1772717740.829139 4 0
[RUNNING_REQ] 1772717741.414372 1 0
[RUNNING_REQ] 1772717741.808366 1 1
[RUNNING_REQ] 1772717742.030987 3 0
[RUNNING_REQ] 1772717742.182041 3 0
[RUNNING_REQ] 1772717742.724356 1 0
[RUNNING_REQ] 1772717742.943819 2 0
[RUNNING_REQ] 1772717743.068545 1 1
[RUNNING_REQ] 1772717743.264198 1 1
[RUNNING_REQ] 1772717743.424394 3 0
[RUNNING_REQ] 1772717743.623196 2 1
[RUNNING_REQ] 1772717743.834375 3 1
[RUNNING_REQ] 1772717743.987354 4 1
[RUNNING_REQ] 1772717744.259059 5 0
[RUNNING_REQ] 1772717744.452970 5 1
[RUNNING_REQ] 1772717744.811334 5 1
[RUNNING_REQ] 1772717745.184617 6 0
[RUNNING_REQ] 1772717745.357637 4 1
[RUNNING_REQ] 1772717746.093767 0 0
[RUNNING_REQ] 1772717746.430133 1 1
[RUNNING_REQ] 1772717746.646166 3 0
[RUNNING_REQ] 1772717746.862825 4 1
[RUNNING_REQ] 1772717747.460461 1 0
[RUNNING_REQ] 1772717747.625363 2 0
[RUNNING_REQ] 1772717747.824138 1 1
[RUNNING_REQ] 1772717748.037821 3 0
[RUNNING_REQ] 1772717748.193923 3 0
[RUNNING_REQ] 1772717748.502451 3 0
[RUNNING_REQ] 1772717748.993397 1 1
[RUNNING_REQ] 1772717749.195695 2 0
[RUNNING_REQ] 1772717749.404511 2 1
[RUNNING_REQ] 1772717749.721256 2 1
[RUNNING_REQ] 1772717749.923455 2 1
[RUNNING_REQ] 1772717750.128122 3 1
[RUNNING_REQ] 1772717750.275978 5 0
[RUNNING_REQ] 1772717750.401714 4 0
[RUNNING_REQ] 1772717750.791690 2 0
[RUNNING_REQ] 1772717750.996138 2 0
[RUNNING_REQ] 1772717751.188690 2 0
[RUNNING_REQ] 1772717751.367848 1 1
[RUNNING_REQ] 1772717751.519669 3 0
[RUNNING_REQ] 1772717751.723216 2 1
[RUNNING_REQ] 1772717751.935189 4 0
[RUNNING_REQ] 1772717752.297344 2 1
[RUNNING_REQ] 1772717752.674032 3 0
[RUNNING_REQ] 1772717752.873970 3 0
[RUNNING_REQ] 1772717753.232643 2 1
[RUNNING_REQ] 1772717753.982587 0 0
[RUNNING_REQ] 1772717754.199496 1 0
[RUNNING_REQ] 1772717754.358394 2 0
[RUNNING_REQ] 1772717754.514094 2 0
[RUNNING_REQ] 1772717754.643390 2 1
[RUNNING_REQ] 1772717754.825214 2 1
[RUNNING_REQ] 1772717754.979467 4 0
[RUNNING_REQ] 1772717755.162247 3 1
[RUNNING_REQ] 1772717755.361063 3 1
[RUNNING_REQ] 1772717755.554208 3 0
[RUNNING_REQ] 1772717755.834272 1 1
[RUNNING_REQ] 1772717756.075768 1 0
[RUNNING_REQ] 1772717756.284817 1 1
[RUNNING_REQ] 1772717756.451330 3 0
[RUNNING_REQ] 1772717756.765015 4 0
[RUNNING_REQ] 1772717756.992935 2 1
[RUNNING_REQ] 1772717757.179979 2 1
[RUNNING_REQ] 1772717757.430840 2 0
[RUNNING_REQ] 1772717757.618713 1 1
[RUNNING_REQ] 1772717757.928731 1 1
[RUNNING_REQ] 1772717758.379498 1 0
[RUNNING_REQ] 1772717758.815513 1 1
[RUNNING_REQ] 1772717759.023962 2 1
[RUNNING_REQ] 1772717759.183245 4 0
[RUNNING_REQ] 1772717759.313311 4 1
[RUNNING_REQ] 1772717759.479650 5 0
[RUNNING_REQ] 1772717760.036232 1 0
[RUNNING_REQ] 1772717760.429168 1 1
[RUNNING_REQ] 1772717760.583659 2 1
[RUNNING_REQ] 1772717760.787163 3 1
[RUNNING_REQ] 1772717760.912832 4 1
[RUNNING_REQ] 1772717761.072109 6 0
[RUNNING_REQ] 1772717761.211448 6 0
[RUNNING_REQ] 1772717761.594772 2 0
[RUNNING_REQ] 1772717762.041106 1 1
[RUNNING_REQ] 1772717762.201893 2 1
[RUNNING_REQ] 1772717762.415021 3 0
[RUNNING_REQ] 1772717762.731459 3 1
[RUNNING_REQ] 1772717762.954964 3 1
[RUNNING_REQ] 1772717763.397135 3 0
[RUNNING_REQ] 1772717763.735695 3 0
[RUNNING_REQ] 1772717764.199290 1 1
[RUNNING_REQ] 1772717764.373014 2 1
[RUNNING_REQ] 1772717764.698685 3 1
[RUNNING_REQ] 1772717764.884935 3 1
[RUNNING_REQ] 1772717765.092520 3 0
[RUNNING_REQ] 1772717765.607250 2 0
[RUNNING_REQ] 1772717765.811956 2 0
[RUNNING_REQ] 1772717766.011579 2 0
[RUNNING_REQ] 1772717766.361516 2 1
[RUNNING_REQ] 1772717766.894604 1 1
[RUNNING_REQ] 1772717767.172078 1 1
[RUNNING_REQ] 1772717767.382147 2 1
[RUNNING_REQ] 1772717767.632978 3 1
[RUNNING_REQ] 1772717767.803988 4 0
[RUNNING_REQ] 1772717768.360650 1 1
[RUNNING_REQ] 1772717768.569593 3 0
[RUNNING_REQ] 1772717768.721738 2 1
[RUNNING_REQ] 1772717769.455205 0 0
[RUNNING_REQ] 1772717769.571144 0 1
[RUNNING_REQ] 1772717769.719851 0 1
[RUNNING_REQ] 1772717769.911749 2 1
[RUNNING_REQ] 1772717770.075752 4 0
[RUNNING_REQ] 1772717770.215127 5 0
[RUNNING_REQ] 1772717770.375945 5 1
[RUNNING_REQ] 1772717770.664841 6 1
[RUNNING_REQ] 1772717770.871395 6 0
[RUNNING_REQ] 1772717771.454217 0 0
[RUNNING_REQ] 1772717771.792019 1 1
[RUNNING_REQ] 1772717772.015256 2 1
[RUNNING_REQ] 1772717772.235033 5 0
[RUNNING_REQ] 1772717772.885996 0 1
[RUNNING_REQ] 1772717773.100227 1 1
[RUNNING_REQ] 1772717773.267816 3 0
[RUNNING_REQ] 1772717773.449408 4 0
[RUNNING_REQ] 1772717774.003754 0 0
[RUNNING_REQ] 1772717774.224479 0 1
[RUNNING_REQ] 1772717774.380911 1 1
[RUNNING_REQ] 1772717774.575533 2 1
[RUNNING_REQ] 1772717774.732398 4 0
[RUNNING_REQ] 1772717775.027330 1 0
[RUNNING_REQ] 1772717775.671132 1 0
[RUNNING_REQ] 1772717775.888022 2 0
[RUNNING_REQ] 1772717776.033630 3 0
[RUNNING_REQ] 1772717776.409334 1 1
[RUNNING_REQ] 1772717776.643331 2 1
[RUNNING_REQ] 1772717776.945011 3 1
[RUNNING_REQ] 1772717777.107090 4 1
[RUNNING_REQ] 1772717777.317634 5 1
[RUNNING_REQ] 1772717777.621738 6 1
[RUNNING_REQ] 1772717777.945660 6 1
[RUNNING_REQ] 1772717778.138685 7 0
[RUNNING_REQ] 1772717778.403562 6 0
[RUNNING_REQ] 1772717779.211619 0 1
[RUNNING_REQ] 1772717779.379147 2 0
[RUNNING_REQ] 1772717779.594704 3 0
[RUNNING_REQ] 1772717779.748662 3 1
[RUNNING_REQ] 1772717779.901075 4 1
[RUNNING_REQ] 1772717780.149193 5 0
[RUNNING_REQ] 1772717780.324327 5 1
[RUNNING_REQ] 1772717780.478365 6 1
[RUNNING_REQ] 1772717781.278004 0 1
[RUNNING_REQ] 1772717781.486364 2 0
[RUNNING_REQ] 1772717781.656107 3 0
[RUNNING_REQ] 1772717781.791886 3 1
[RUNNING_REQ] 1772717781.905534 4 1
[RUNNING_REQ] 1772717782.060760 5 1
[RUNNING_REQ] 1772717782.287416 5 0
[RUNNING_REQ] 1772717782.719555 4 0
[RUNNING_REQ] 1772717783.164156 1 0
[RUNNING_REQ] 1772717783.358752 1 0
[RUNNING_REQ] 1772717783.509180 1 1
[RUNNING_REQ] 1772717783.720124 2 1
[RUNNING_REQ] 1772717783.862556 4 0
[RUNNING_REQ] 1772717783.977982 3 1
[RUNNING_REQ] 1772717784.178850 3 1
[RUNNING_REQ] 1772717784.393183 4 1
[RUNNING_REQ] 1772717784.905571 1 0
[RUNNING_REQ] 1772717785.583875 0 0
[RUNNING_REQ] 1772717785.790277 1 0
[RUNNING_REQ] 1772717786.002551 3 0
[RUNNING_REQ] 1772717786.210121 2 1
[RUNNING_REQ] 1772717786.460195 2 0
[RUNNING_REQ] 1772717786.648992 1 1
[RUNNING_REQ] 1772717786.877670 2 0
[RUNNING_REQ] 1772717787.146746 3 0
[RUNNING_REQ] 1772717787.485992 1 0
[RUNNING_REQ] 1772717787.856207 2 0
[RUNNING_REQ] 1772717788.245991 1 1
[RUNNING_REQ] 1772717788.456048 2 1
[RUNNING_REQ] 1772717788.616480 2 1
[RUNNING_REQ] 1772717788.797147 3 1
[RUNNING_REQ] 1772717788.943239 4 1
[RUNNING_REQ] 1772717789.321770 4 0
[RUNNING_REQ] 1772717790.097104 1 0
[RUNNING_REQ] 1772717790.303843 1 1
[RUNNING_REQ] 1772717790.616866 2 1
[RUNNING_REQ] 1772717790.761352 3 0
[RUNNING_REQ] 1772717791.181605 1 1
[RUNNING_REQ] 1772717791.332291 2 1
[RUNNING_REQ] 1772717791.520313 2 1
[RUNNING_REQ] 1772717791.721866 2 0
[RUNNING_REQ] 1772717792.018055 1 0
[RUNNING_REQ] 1772717792.165131 1 1
[RUNNING_REQ] 1772717792.323199 2 1
[RUNNING_REQ] 1772717792.524502 2 1
[RUNNING_REQ] 1772717792.678123 3 1
[RUNNING_REQ] 1772717792.830115 4 1
[RUNNING_REQ] 1772717792.983982 5 1
[RUNNING_REQ] 1772717793.164149 5 1
[RUNNING_REQ] 1772717793.351745 5 1
[RUNNING_REQ] 1772717793.691234 2 0
[RUNNING_REQ] 1772717794.047630 1 0
[RUNNING_REQ] 1772717794.201566 1 1
[RUNNING_REQ] 1772717794.534553 3 0
[RUNNING_REQ] 1772717794.793872 2 0
[RUNNING_REQ] 1772717794.979827 1 1
[RUNNING_REQ] 1772717795.186433 2 1
[RUNNING_REQ] 1772717795.341326 3 0
[RUNNING_REQ] 1772717795.539999 4 1
[RUNNING_REQ] 1772717795.733655 5 1
[RUNNING_REQ] 1772717795.963913 6 0
[RUNNING_REQ] 1772717796.722077 1 0
[RUNNING_REQ] 1772717796.929143 1 0
[RUNNING_REQ] 1772717797.202838 3 0
[RUNNING_REQ] 1772717797.413513 2 1
[RUNNING_REQ] 1772717797.659722 2 0
[RUNNING_REQ] 1772717798.044556 2 0
[RUNNING_REQ] 1772717798.256306 2 1
[RUNNING_REQ] 1772717798.420457 3 0
[RUNNING_REQ] 1772717798.780463 2 1
[RUNNING_REQ] 1772717798.970589 2 1
[RUNNING_REQ] 1772717799.758467 0 0
[RUNNING_REQ] 1772717799.987508 0 1
[RUNNING_REQ] 1772717800.198577 1 1
[RUNNING_REQ] 1772717800.408365 2 1
[RUNNING_REQ] 1772717800.543540 2 2
[RUNNING_REQ] 1772717800.705191 5 0
[RUNNING_REQ] 1772717800.951303 3 1
[RUNNING_REQ] 1772717801.199486 2 0
[RUNNING_REQ] 1772717801.451595 1 1
[RUNNING_REQ] 1772717801.765857 3 0
[RUNNING_REQ] 1772717802.016351 1 1
[RUNNING_REQ] 1772717802.327438 2 1
[RUNNING_REQ] 1772717802.481839 3 1
[RUNNING_REQ] 1772717802.812347 1 0
[RUNNING_REQ] 1772717803.157499 1 1
[RUNNING_REQ] 1772717803.307562 2 0
[RUNNING_REQ] 1772717803.460520 3 1
[RUNNING_REQ] 1772717803.677232 4 1
[RUNNING_REQ] 1772717803.841929 6 0
[RUNNING_REQ] 1772717803.995014 6 1
[RUNNING_REQ] 1772717804.147908 5 1
[RUNNING_REQ] 1772717804.917013 1 0
[RUNNING_REQ] 1772717805.098223 1 0
[RUNNING_REQ] 1772717805.305624 2 0
[RUNNING_REQ] 1772717805.464725 3 0
[RUNNING_REQ] 1772717805.620247 4 0
[RUNNING_REQ] 1772717805.758365 3 1
[RUNNING_REQ] 1772717805.914842 4 1
[RUNNING_REQ] 1772717806.128359 5 1
[RUNNING_REQ] 1772717806.276469 6 1
[RUNNING_REQ] 1772717806.438608 6 1
[RUNNING_REQ] 1772717806.774045 7 1
[RUNNING_REQ] 1772717806.979311 7 1
[RUNNING_REQ] 1772717807.191766 8 1
[RUNNING_REQ] 1772717808.179273 0 1
[RUNNING_REQ] 1772717808.339691 1 1
[RUNNING_REQ] 1772717808.739988 1 0
[RUNNING_REQ] 1772717809.098583 2 0
[RUNNING_REQ] 1772717809.285650 1 1
[RUNNING_REQ] 1772717809.498574 2 1
[RUNNING_REQ] 1772717809.765415 3 1
[RUNNING_REQ] 1772717809.979773 5 0
[RUNNING_REQ] 1772717810.128963 5 1
[RUNNING_REQ] 1772717810.523897 1 0
[RUNNING_REQ] 1772717811.294290 1 0
[RUNNING_REQ] 1772717811.458316 2 0
[RUNNING_REQ] 1772717811.643310 1 1
[RUNNING_REQ] 1772717811.805444 2 1
[RUNNING_REQ] 1772717811.963059 2 0
[RUNNING_REQ] 1772717812.379878 2 1
[RUNNING_REQ] 1772717812.600965 3 0
[RUNNING_REQ] 1772717812.796170 2 1
[RUNNING_REQ] 1772717812.988724 3 0
[RUNNING_REQ] 1772717813.735580 0 0
[RUNNING_REQ] 1772717813.890031 0 1
[RUNNING_REQ] 1772717814.045508 2 0
[RUNNING_REQ] 1772717814.265520 3 0
[RUNNING_REQ] 1772717814.410683 3 0
[RUNNING_REQ] 1772717814.576753 2 1
[RUNNING_REQ] 1772717814.739682 3 1
[RUNNING_REQ] 1772717814.897889 4 1
[RUNNING_REQ] 1772717815.312355 4 1
[RUNNING_REQ] 1772717815.535226 5 1
[RUNNING_REQ] 1772717816.157953 1 0
[RUNNING_REQ] 1772717816.359634 1 0
[RUNNING_REQ] 1772717816.501149 1 1
[RUNNING_REQ] 1772717816.662164 3 0
[RUNNING_REQ] 1772717816.864404 3 0
[RUNNING_REQ] 1772717817.223742 0 0
[RUNNING_REQ] 1772717817.451552 0 1
[RUNNING_REQ] 1772717817.666618 3 0
[RUNNING_REQ] 1772717818.082033 2 0
[RUNNING_REQ] 1772717818.283321 1 1
[RUNNING_REQ] 1772717818.479024 1 1
[RUNNING_REQ] 1772717818.700912 3 0
[RUNNING_REQ] 1772717818.816406 1 0
[RUNNING_REQ] 1772717819.252640 1 1
[RUNNING_REQ] 1772717819.470224 2 1
[RUNNING_REQ] 1772717819.639148 4 0
[RUNNING_REQ] 1772717819.899656 4 1
[RUNNING_REQ] 1772717820.142075 3 0
[RUNNING_REQ] 1772717820.634828 1 0
[RUNNING_REQ] 1772717820.857138 1 0
[RUNNING_REQ] 1772717821.064275 1 1
[RUNNING_REQ] 1772717821.216395 2 1
[RUNNING_REQ] 1772717821.369253 3 1
[RUNNING_REQ] 1772717821.680141 3 1
[RUNNING_REQ] 1772717821.949200 5 1
[RUNNING_REQ] 1772717822.115952 6 1
[RUNNING_REQ] 1772717822.945527 0 0
[RUNNING_REQ] 1772717823.100244 0 1
[RUNNING_REQ] 1772717823.303515 1 1
[RUNNING_REQ] 1772717823.447210 2 1
[RUNNING_REQ] 1772717823.732748 3 1
[RUNNING_REQ] 1772717823.872056 4 0
[RUNNING_REQ] 1772717824.242088 4 1
[RUNNING_REQ] 1772717824.456028 4 1
[RUNNING_REQ] 1772717824.641216 4 1
[RUNNING_REQ] 1772717824.843379 4 1
[RUNNING_REQ] 1772717825.169694 3 0
[RUNNING_REQ] 1772717825.417655 1 0
[RUNNING_REQ] 1772717825.755365 1 0
[RUNNING_REQ] 1772717825.920738 1 0
[RUNNING_REQ] 1772717826.742702 0 0
[RUNNING_REQ] 1772717826.882856 0 1
[RUNNING_REQ] 1772717827.028414 1 1
[RUNNING_REQ] 1772717827.180422 3 0
[RUNNING_REQ] 1772717827.325651 3 1
[RUNNING_REQ] 1772717827.528046 3 1
[RUNNING_REQ] 1772717827.731077 4 0
[RUNNING_REQ] 1772717827.925534 3 1
[RUNNING_REQ] 1772717828.131465 4 1
[RUNNING_REQ] 1772717828.313508 4 0
[RUNNING_REQ] 1772717829.038379 0 1
[RUNNING_REQ] 1772717829.263990 1 1
[RUNNING_REQ] 1772717829.429988 2 1
[RUNNING_REQ] 1772717829.582679 2 1
[RUNNING_REQ] 1772717829.787037 3 1
[RUNNING_REQ] 1772717830.003422 4 1
[RUNNING_REQ] 1772717830.162757 5 0
[RUNNING_REQ] 1772717830.293226 5 0
[RUNNING_REQ] 1772717830.531948 4 1
[RUNNING_REQ] 1772717831.031011 0 0
[RUNNING_REQ] 1772717831.304958 1 1
[RUNNING_REQ] 1772717831.513904 2 1
[RUNNING_REQ] 1772717831.674018 3 1
[RUNNING_REQ] 1772717832.009546 2 0
[RUNNING_REQ] 1772717832.441771 2 1
[RUNNING_REQ] 1772717832.663703 3 0
[RUNNING_REQ] 1772717832.863571 3 0
[RUNNING_REQ] 1772717833.067863 2 1
[RUNNING_REQ] 1772717833.257470 3 0
[RUNNING_REQ] 1772717833.444881 2 1
[RUNNING_REQ] 1772717833.780793 1 0
[RUNNING_REQ] 1772717833.980353 0 1
[RUNNING_REQ] 1772717834.197960 1 1
[RUNNING_REQ] 1772717834.341773 3 0
[RUNNING_REQ] 1772717834.506337 3 1
[RUNNING_REQ] 1772717834.669436 4 0
[RUNNING_REQ] 1772717835.166920 1 0
[RUNNING_REQ] 1772717835.400153 0 1
[RUNNING_REQ] 1772717835.546844 1 1
[RUNNING_REQ] 1772717835.698707 2 1
[RUNNING_REQ] 1772717835.845503 3 1
[RUNNING_REQ] 1772717835.999298 3 1
[RUNNING_REQ] 1772717836.227196 6 0
[RUNNING_REQ] 1772717836.443758 7 0
[RUNNING_REQ] 1772717836.639176 7 0
[RUNNING_REQ] 1772717837.600024 0 0
[RUNNING_REQ] 1772717838.226335 0 1
[RUNNING_REQ] 1772717838.366556 1 1
[RUNNING_REQ] 1772717838.506655 2 1
[RUNNING_REQ] 1772717838.667160 3 1
[RUNNING_REQ] 1772717838.883575 4 1
[RUNNING_REQ] 1772717839.023974 5 0
[RUNNING_REQ] 1772717839.179226 5 1
[RUNNING_REQ] 1772717839.325980 6 1
[RUNNING_REQ] 1772717839.503381 7 0
[RUNNING_REQ] 1772717840.170685 0 0
[RUNNING_REQ] 1772717840.440374 1 1
[RUNNING_REQ] 1772717840.591336 2 1
[RUNNING_REQ] 1772717840.790900 2 1
[RUNNING_REQ] 1772717840.974605 3 0
[RUNNING_REQ] 1772717841.157472 2 1
[RUNNING_REQ] 1772717841.299548 2 1
[RUNNING_REQ] 1772717841.475912 2 1
[RUNNING_REQ] 1772717841.677274 3 0
[RUNNING_REQ] 1772717841.827931 4 1
[RUNNING_REQ] 1772717842.041589 5 0
[RUNNING_REQ] 1772717842.597064 0 1
[RUNNING_REQ] 1772717842.766944 1 1
[RUNNING_REQ] 1772717842.926891 1 1
[RUNNING_REQ] 1772717843.113607 2 1
[RUNNING_REQ] 1772717843.268176 3 2
[RUNNING_REQ] 1772717843.560390 5 1
[RUNNING_REQ] 1772717844.087026 2 0
[RUNNING_REQ] 1772717844.606474 1 1
[RUNNING_REQ] 1772717844.827733 2 1
[RUNNING_REQ] 1772717844.987161 3 1
[RUNNING_REQ] 1772717845.138419 4 0
[RUNNING_REQ] 1772717845.381143 5 1
[RUNNING_REQ] 1772717845.536431 6 1
[RUNNING_REQ] 1772717845.750389 7 1
[RUNNING_REQ] 1772717845.955545 8 1
[RUNNING_REQ] 1772717846.111922 9 1
[RUNNING_REQ] 1772717847.184170 0 0
[RUNNING_REQ] 1772717847.415042 0 0
[RUNNING_REQ] 1772717847.725927 1 0
[RUNNING_REQ] 1772717847.944285 1 1
[RUNNING_REQ] 1772717848.100735 2 1
[RUNNING_REQ] 1772717848.921477 0 1
[RUNNING_REQ] 1772717849.083682 1 1
[RUNNING_REQ] 1772717849.304600 1 1
[RUNNING_REQ] 1772717849.579551 4 0
[RUNNING_REQ] 1772717850.068122 1 1
[RUNNING_REQ] 1772717850.225866 2 1
[RUNNING_REQ] 1772717850.437513 3 1
[RUNNING_REQ] 1772717850.584756 4 0
[RUNNING_REQ] 1772717850.760755 5 0
[RUNNING_REQ] 1772717851.428622 2 1
[RUNNING_REQ] 1772717851.619318 2 1
[RUNNING_REQ] 1772717851.856173 2 0
[RUNNING_REQ] 1772717852.261719 1 1
[RUNNING_REQ] 1772717852.419299 3 0
[RUNNING_REQ] 1772717852.624494 2 1
[RUNNING_REQ] 1772717852.849327 3 0
[RUNNING_REQ] 1772717853.025595 3 0
[RUNNING_REQ] 1772717853.229063 2 1
[RUNNING_REQ] 1772717853.423295 2 1
[RUNNING_REQ] 1772717853.598181 4 0
[RUNNING_REQ] 1772717853.839694 4 0
[RUNNING_REQ] 1772717854.012953 4 0
[RUNNING_REQ] 1772717854.368993 3 1
[RUNNING_REQ] 1772717854.578020 3 0
[RUNNING_REQ] 1772717855.199610 3 0
[RUNNING_REQ] 1772717855.460322 1 1
[RUNNING_REQ] 1772717855.688190 3 0
[RUNNING_REQ] 1772717855.941392 3 0
[RUNNING_REQ] 1772717856.435543 2 1
[RUNNING_REQ] 1772717856.683391 2 0
[RUNNING_REQ] 1772717856.886781 2 0
[RUNNING_REQ] 1772717857.291845 1 1
[RUNNING_REQ] 1772717857.616974 2 1
[RUNNING_REQ] 1772717857.834945 3 1
[RUNNING_REQ] 1772717858.651732 0 0
[RUNNING_REQ] 1772717858.814692 1 0
[RUNNING_REQ] 1772717859.035734 2 0
[RUNNING_REQ] 1772717859.165640 1 1
[RUNNING_REQ] 1772717859.322716 2 1
[RUNNING_REQ] 1772717859.473501 3 0
[RUNNING_REQ] 1772717859.686978 4 0
[RUNNING_REQ] 1772717859.838735 4 1
[RUNNING_REQ] 1772717860.121717 6 1
[RUNNING_REQ] 1772717860.287541 8 0
[RUNNING_REQ] 1772717860.545221 6 1
[RUNNING_REQ] 1772717861.230530 1 0
[RUNNING_REQ] 1772717861.433834 1 1
[RUNNING_REQ] 1772717861.590912 1 1
[RUNNING_REQ] 1772717861.725178 1 1
[RUNNING_REQ] 1772717861.909682 2 1
[RUNNING_REQ] 1772717862.112226 3 1
[RUNNING_REQ] 1772717862.281426 3 1
[RUNNING_REQ] 1772717862.547775 5 1
[RUNNING_REQ] 1772717862.799537 4 0
[RUNNING_REQ] 1772717863.258327 1 0
[RUNNING_REQ] 1772717863.454958 0 1
[RUNNING_REQ] 1772717863.671609 2 0
[RUNNING_REQ] 1772717863.827665 2 1
[RUNNING_REQ] 1772717864.005533 4 0
[RUNNING_REQ] 1772717864.418431 1 1
[RUNNING_REQ] 1772717864.638943 2 0
[RUNNING_REQ] 1772717864.857184 2 0
[RUNNING_REQ] 1772717864.976370 2 1
[RUNNING_REQ] 1772717865.144519 3 0
[RUNNING_REQ] 1772717865.500800 4 1
[RUNNING_REQ] 1772717866.120711 1 0
[RUNNING_REQ] 1772717866.319837 1 0
[RUNNING_REQ] 1772717866.482864 2 0
[RUNNING_REQ] 1772717867.260458 0 1
[RUNNING_REQ] 1772717867.491245 0 1
[RUNNING_REQ] 1772717867.638513 2 0
[RUNNING_REQ] 1772717867.802956 2 1
[RUNNING_REQ] 1772717868.220234 1 0
[RUNNING_REQ] 1772717868.644728 1 1
[RUNNING_REQ] 1772717868.842246 2 0
[RUNNING_REQ] 1772717868.986336 2 1
[RUNNING_REQ] 1772717869.191644 2 1
[RUNNING_REQ] 1772717869.352970 3 1
[RUNNING_REQ] 1772717869.519444 3 1
[RUNNING_REQ] 1772717869.711615 4 1
[RUNNING_REQ] 1772717869.929154 5 1
[RUNNING_REQ] 1772717870.181088 7 1
[RUNNING_REQ] 1772717870.398470 8 1
[RUNNING_REQ] 1772717870.812545 8 0
[RUNNING_REQ] 1772717871.611893 0 1
[RUNNING_REQ] 1772717871.775172 1 1
[RUNNING_REQ] 1772717872.000963 3 0
[RUNNING_REQ] 1772717872.145178 4 0
[RUNNING_REQ] 1772717872.284378 4 1
[RUNNING_REQ] 1772717872.611096 5 0
[RUNNING_REQ] 1772717873.240919 1 0
[RUNNING_REQ] 1772717873.411219 1 1
[RUNNING_REQ] 1772717873.613173 2 1
[RUNNING_REQ] 1772717873.875812 3 1
[RUNNING_REQ] 1772717874.038520 4 1
[RUNNING_REQ] 1772717874.236820 5 1
[RUNNING_REQ] 1772717874.399828 7 0
[RUNNING_REQ] 1772717874.549190 7 0
[RUNNING_REQ] 1772717875.288844 0 1
[RUNNING_REQ] 1772717875.465630 1 1
[RUNNING_REQ] 1772717875.678388 2 1
[RUNNING_REQ] 1772717875.855490 3 1
[RUNNING_REQ] 1772717876.850916 0 0
[RUNNING_REQ] 1772717877.148275 1 1
[RUNNING_REQ] 1772717877.309438 2 1
[RUNNING_REQ] 1772717877.537358 3 0
[RUNNING_REQ] 1772717877.857072 3 1
[RUNNING_REQ] 1772717878.064804 3 1
[RUNNING_REQ] 1772717878.700232 1 0
[RUNNING_REQ] 1772717878.987841 1 1
[RUNNING_REQ] 1772717879.191070 1 1
[RUNNING_REQ] 1772717879.341950 3 0
[RUNNING_REQ] 1772717879.564200 3 0
[RUNNING_REQ] 1772717879.760890 3 0
[RUNNING_REQ] 1772717880.184708 1 0
[RUNNING_REQ] 1772717880.400750 1 1
[RUNNING_REQ] 1772717880.623215 2 1
[RUNNING_REQ] 1772717880.793623 3 1
[RUNNING_REQ] 1772717881.072300 4 1
[RUNNING_REQ] 1772717881.281918 5 1
[RUNNING_REQ] 1772717881.462463 7 0
[RUNNING_REQ] 1772717881.758030 7 1
[RUNNING_REQ] 1772717882.693549 0 1
[RUNNING_REQ] 1772717882.862005 1 1
[RUNNING_REQ] 1772717883.006382 2 1
[RUNNING_REQ] 1772717883.171892 3 1
[RUNNING_REQ] 1772717883.510600 4 1
[RUNNING_REQ] 1772717883.732561 5 1
[RUNNING_REQ] 1772717884.129776 3 0
[RUNNING_REQ] 1772717884.799107 1 0
[RUNNING_REQ] 1772717885.000397 1 0
[RUNNING_REQ] 1772717885.629406 0 0
[RUNNING_REQ] 1772717885.844190 1 0
[RUNNING_REQ] 1772717885.987603 2 0
[RUNNING_REQ] 1772717886.143596 3 0
[RUNNING_REQ] 1772717886.306935 3 1
[RUNNING_REQ] 1772717886.461667 4 1
[RUNNING_REQ] 1772717886.574482 4 1
[RUNNING_REQ] 1772717886.995033 4 1
[RUNNING_REQ] 1772717887.520281 0 0
[RUNNING_REQ] 1772717887.844964 1 1
[RUNNING_REQ] 1772717888.005530 3 0
[RUNNING_REQ] 1772717888.174034 3 0
[RUNNING_REQ] 1772717888.650769 2 0
[RUNNING_REQ] 1772717888.880359 2 0
[RUNNING_REQ] 1772717889.069355 1 1
[RUNNING_REQ] 1772717889.275065 1 0
[RUNNING_REQ] 1772717889.541189 1 0
[RUNNING_REQ] 1772717889.739268 1 0
[RUNNING_REQ] 1772717889.897401 1 1
[RUNNING_REQ] 1772717890.056650 3 0
[RUNNING_REQ] 1772717890.242468 2 1
[RUNNING_REQ] 1772717890.457559 2 0
[RUNNING_REQ] 1772717890.793596 1 0
[RUNNING_REQ] 1772717890.984603 0 1
[RUNNING_REQ] 1772717891.154276 2 0
[RUNNING_REQ] 1772717891.368953 2 1
[RUNNING_REQ] 1772717891.836557 1 0
[RUNNING_REQ] 1772717892.046370 0 1
[RUNNING_REQ] 1772717892.271691 2 0
[RUNNING_REQ] 1772717892.479333 3 0
[RUNNING_REQ] 1772717893.428046 0 1
[RUNNING_REQ] 1772717893.658337 2 0
[RUNNING_REQ] 1772717893.818003 3 0
[RUNNING_REQ] 1772717893.984358 3 1
[RUNNING_REQ] 1772717894.124709 4 1
[RUNNING_REQ] 1772717894.344127 4 1
[RUNNING_REQ] 1772717894.541624 4 0
[RUNNING_REQ] 1772717895.111040 1 0
[RUNNING_REQ] 1772717895.342929 1 1
[RUNNING_REQ] 1772717895.506747 2 0
[RUNNING_REQ] 1772717895.654304 2 1
[RUNNING_REQ] 1772717895.854194 2 1
[RUNNING_REQ] 1772717896.058186 3 0
[RUNNING_REQ] 1772717896.562221 0 1
[RUNNING_REQ] 1772717896.776435 2 0
[RUNNING_REQ] 1772717896.958177 3 0
[RUNNING_REQ] 1772717897.311392 2 1
[RUNNING_REQ] 1772717897.474338 3 1
[RUNNING_REQ] 1772717897.680254 4 0
[RUNNING_REQ] 1772717897.886778 2 0
[RUNNING_REQ] 1772717898.425566 1 1
[RUNNING_REQ] 1772717898.585304 3 0
[RUNNING_REQ] 1772717898.796590 2 1
[RUNNING_REQ] 1772717899.057684 2 0
[RUNNING_REQ] 1772717899.252587 1 1
[RUNNING_REQ] 1772717899.409096 2 0
[RUNNING_REQ] 1772717899.740932 3 1
[RUNNING_REQ] 1772717899.995405 3 0
[RUNNING_REQ] 1772717900.256574 1 1
[RUNNING_REQ] 1772717900.476549 1 1
[RUNNING_REQ] 1772717901.220140 0 0
[RUNNING_REQ] 1772717901.438633 1 1
[RUNNING_REQ] 1772717901.585438 3 0
[RUNNING_REQ] 1772717901.781013 3 0
[RUNNING_REQ] 1772717902.033197 2 0
[RUNNING_REQ] 1772717902.229100 1 1
[RUNNING_REQ] 1772717902.395638 2 1
[RUNNING_REQ] 1772717902.880806 1 1
[RUNNING_REQ] 1772717903.316298 2 1
[RUNNING_REQ] 1772717903.518798 2 1
[RUNNING_REQ] 1772717903.725938 2 1
[RUNNING_REQ] 1772717903.940699 3 0
[RUNNING_REQ] 1772717904.275956 3 0
[RUNNING_REQ] 1772717904.681188 3 0
[RUNNING_REQ] 1772717905.096328 3 1
[RUNNING_REQ] 1772717905.375674 3 0
[RUNNING_REQ] 1772717905.871893 1 0
[RUNNING_REQ] 1772717906.095299 2 0
[RUNNING_REQ] 1772717906.343809 4 0
[RUNNING_REQ] 1772717906.560091 3 1
[RUNNING_REQ] 1772717906.880197 1 0
[RUNNING_REQ] 1772717907.312302 1 1
[RUNNING_REQ] 1772717907.528052 2 1
[RUNNING_REQ] 1772717908.226762 0 0
[RUNNING_REQ] 1772717908.443980 1 0
[RUNNING_REQ] 1772717908.687403 2 1
[RUNNING_REQ] 1772717908.906405 3 1
[RUNNING_REQ] 1772717909.056004 3 1
[RUNNING_REQ] 1772717909.290417 5 0
[RUNNING_REQ] 1772717910.036674 1 0
[RUNNING_REQ] 1772717910.207502 1 1
[RUNNING_REQ] 1772717910.371468 2 0
[RUNNING_REQ] 1772717910.804497 1 1
[RUNNING_REQ] 1772717910.958647 2 1
[RUNNING_REQ] 1772717911.218995 1 0
[RUNNING_REQ] 1772717911.592193 1 1
[RUNNING_REQ] 1772717911.792795 1 1
[RUNNING_REQ] 1772717912.019690 3 0
[RUNNING_REQ] 1772717912.160638 3 1
[RUNNING_REQ] 1772717912.283861 4 1
[RUNNING_REQ] 1772717912.499484 5 1
[RUNNING_REQ] 1772717912.933273 4 0
[RUNNING_REQ] 1772717913.472697 0 1
[RUNNING_REQ] 1772717913.644035 1 1
[RUNNING_REQ] 1772717913.856637 2 1
[RUNNING_REQ] 1772717914.015443 3 1
[RUNNING_REQ] 1772717914.177498 4 1
[RUNNING_REQ] 1772717914.533258 4 0
[RUNNING_REQ] 1772717914.918834 2 0
[RUNNING_REQ] 1772717915.123145 1 1
[RUNNING_REQ] 1772717915.356169 2 0
[RUNNING_REQ] 1772717915.472175 3 0
[RUNNING_REQ] 1772717916.270209 0 0
[RUNNING_REQ] 1772717916.427881 1 0
[RUNNING_REQ] 1772717916.643784 2 0
[RUNNING_REQ] 1772717916.806246 2 0
[RUNNING_REQ] 1772717917.143524 2 1
[RUNNING_REQ] 1772717917.357210 3 1
[RUNNING_REQ] 1772717917.473387 4 1
[RUNNING_REQ] 1772717917.674518 6 0
[RUNNING_REQ] 1772717917.825411 5 1
[RUNNING_REQ] 1772717917.999871 6 0
[RUNNING_REQ] 1772717918.557421 0 0
[RUNNING_REQ] 1772717918.887643 1 1
[RUNNING_REQ] 1772717919.052398 2 1
[RUNNING_REQ] 1772717919.274266 3 1
[RUNNING_REQ] 1772717919.435724 4 1
[RUNNING_REQ] 1772717919.749475 5 1
[RUNNING_REQ] 1772717920.615529 0 0
[RUNNING_REQ] 1772717920.834466 2 0
[RUNNING_REQ] 1772717921.012408 3 0
[RUNNING_REQ] 1772717921.154017 2 0
[RUNNING_REQ] 1772717921.596025 1 1
[RUNNING_REQ] 1772717921.751147 2 1
[RUNNING_REQ] 1772717921.967790 3 0
[RUNNING_REQ] 1772717922.689857 0 0
[RUNNING_REQ] 1772717922.903395 1 0
[RUNNING_REQ] 1772717923.067775 2 0
[RUNNING_REQ] 1772717923.512414 0 1
[RUNNING_REQ] 1772717923.817439 1 1
[RUNNING_REQ] 1772717923.966152 2 1
[RUNNING_REQ] 1772717924.106897 3 1
[RUNNING_REQ] 1772717924.281208 4 1
[RUNNING_REQ] 1772717925.054568 0 1
[RUNNING_REQ] 1772717925.284923 1 1
[RUNNING_REQ] 1772717925.596923 4 0
[RUNNING_REQ] 1772717926.112757 2 0
[RUNNING_REQ] 1772717926.322481 1 1
[RUNNING_REQ] 1772717926.532493 2 0
[RUNNING_REQ] 1772717926.765204 2 0
[RUNNING_REQ] 1772717927.162221 2 0
[RUNNING_REQ] 1772717927.372620 1 1
[RUNNING_REQ] 1772717927.531638 3 0
[RUNNING_REQ] 1772717928.279568 0 0
[RUNNING_REQ] 1772717928.447962 1 0
[RUNNING_REQ] 1772717928.665292 1 1
[RUNNING_REQ] 1772717928.833783 2 0
[RUNNING_REQ] 1772717929.193158 2 0
[RUNNING_REQ] 1772717929.396585 2 0
[RUNNING_REQ] 1772717929.569954 2 0
[RUNNING_REQ] 1772717930.145115 2 0
[RUNNING_REQ] 1772717930.458976 2 0
[RUNNING_REQ] 1772717930.741601 2 1
[RUNNING_REQ] 1772717930.955101 3 1
[RUNNING_REQ] 1772717931.229208 4 1
[RUNNING_REQ] 1772717931.494221 4 0
[RUNNING_REQ] 1772717932.072678 0 1
[RUNNING_REQ] 1772717932.228552 1 1
[RUNNING_REQ] 1772717932.397850 3 0
[RUNNING_REQ] 1772717932.614341 4 0
[RUNNING_REQ] 1772717932.768381 4 1
[RUNNING_REQ] 1772717932.919586 3 1
[RUNNING_REQ] 1772717933.805266 0 0
[RUNNING_REQ] 1772717934.020996 1 0
[RUNNING_REQ] 1772717934.185791 2 0
[RUNNING_REQ] 1772717934.349661 2 0
[RUNNING_REQ] 1772717934.753556 2 0
[RUNNING_REQ] 1772717934.978452 2 0
[RUNNING_REQ] 1772717935.197007 2 1
[RUNNING_REQ] 1772717935.355569 2 1
[RUNNING_REQ] 1772717935.647501 4 1
[RUNNING_REQ] 1772717935.805041 4 1
[RUNNING_REQ] 1772717935.962272 5 1
[RUNNING_REQ] 1772717936.191003 5 0
[RUNNING_REQ] 1772717937.034191 0 1
[RUNNING_REQ] 1772717937.255272 2 0
[RUNNING_REQ] 1772717937.428680 3 0
[RUNNING_REQ] 1772717937.932679 0 1
[RUNNING_REQ] 1772717938.358269 0 1
[RUNNING_REQ] 1772717938.583854 2 0
[RUNNING_REQ] 1772717938.815667 2 0
[RUNNING_REQ] 1772717939.171377 1 1
[RUNNING_REQ] 1772717939.390791 2 1
[RUNNING_REQ] 1772717939.560470 3 1
[RUNNING_REQ] 1772717940.505167 0 1
[RUNNING_REQ] 1772717940.668378 1 1
[RUNNING_REQ] 1772717940.831541 2 1
[RUNNING_REQ] 1772717940.991808 4 0
[RUNNING_REQ] 1772717941.207660 5 0
[RUNNING_REQ] 1772717941.352941 4 1
[RUNNING_REQ] 1772717941.614819 2 0
[RUNNING_REQ] 1772717942.186249 1 1
[RUNNING_REQ] 1772717942.406205 2 1
[RUNNING_REQ] 1772717942.567097 2 1
[RUNNING_REQ] 1772717942.700613 3 1
[RUNNING_REQ] 1772717942.921490 5 0
[RUNNING_REQ] 1772717943.090451 5 1
[RUNNING_REQ] 1772717943.964809 1 0
[RUNNING_REQ] 1772717944.178973 2 0
[RUNNING_REQ] 1772717944.321441 1 1
[RUNNING_REQ] 1772717944.541305 2 0
[RUNNING_REQ] 1772717944.679066 3 0
[RUNNING_REQ] 1772717944.902609 2 0
[RUNNING_REQ] 1772717945.148318 1 1
[RUNNING_REQ] 1772717945.296110 3 0
[RUNNING_REQ] 1772717945.510447 2 0
[RUNNING_REQ] 1772717945.892620 1 0
[RUNNING_REQ] 1772717946.142862 2 1
[RUNNING_REQ] 1772717946.409359 1 0
[RUNNING_REQ] 1772717947.377366 1 0
[RUNNING_REQ] 1772717947.736086 2 1
[RUNNING_REQ] 1772717947.955532 3 1
[RUNNING_REQ] 1772717948.101971 3 1
[RUNNING_REQ] 1772717948.319649 4 1
[RUNNING_REQ] 1772717948.483206 5 1
[RUNNING_REQ] 1772717948.636082 6 1
[RUNNING_REQ] 1772717949.047599 5 1
[RUNNING_REQ] 1772717949.277400 6 1
[RUNNING_REQ] 1772717950.109277 1 0
[RUNNING_REQ] 1772717950.346819 2 0
[RUNNING_REQ] 1772717950.548994 1 1
[RUNNING_REQ] 1772717950.710958 2 1
[RUNNING_REQ] 1772717950.877076 3 1
[RUNNING_REQ] 1772717951.027650 3 1
[RUNNING_REQ] 1772717951.591388 1 0
[RUNNING_REQ] 1772717951.954139 2 1
[RUNNING_REQ] 1772717952.121679 3 1
[RUNNING_REQ] 1772717952.303898 3 1
[RUNNING_REQ] 1772717952.533243 4 1
[RUNNING_REQ] 1772717953.462305 0 0
[RUNNING_REQ] 1772717953.626845 1 0
[RUNNING_REQ] 1772717953.849786 2 0
[RUNNING_REQ] 1772717953.986787 1 1
[RUNNING_REQ] 1772717954.155567 2 1
[RUNNING_REQ] 1772717954.558117 2 1
[RUNNING_REQ] 1772717954.771986 2 0
[RUNNING_REQ] 1772717955.192641 1 1
[RUNNING_REQ] 1772717955.340103 2 0
[RUNNING_REQ] 1772717955.497180 2 1
[RUNNING_REQ] 1772717955.703804 3 1
[RUNNING_REQ] 1772717955.907152 5 0
[RUNNING_REQ] 1772717956.020555 5 1
[RUNNING_REQ] 1772717956.183778 7 0
[RUNNING_REQ] 1772717956.940307 0 1
[RUNNING_REQ] 1772717957.111648 1 1
[RUNNING_REQ] 1772717957.267662 2 0
[RUNNING_REQ] 1772717957.480061 3 1
[RUNNING_REQ] 1772717957.660522 5 0
[RUNNING_REQ] 1772717958.362496 0 1
[RUNNING_REQ] 1772717958.634062 1 0
[RUNNING_REQ] 1772717958.794611 1 1
[RUNNING_REQ] 1772717959.015233 3 0
[RUNNING_REQ] 1772717959.163484 3 1
[RUNNING_REQ] 1772717959.339166 4 0
[RUNNING_REQ] 1772717960.179765 0 0
[RUNNING_REQ] 1772717960.346129 1 0
[RUNNING_REQ] 1772717960.513510 2 0
[RUNNING_REQ] 1772717960.717931 1 1
[RUNNING_REQ] 1772717960.879439 2 1
[RUNNING_REQ] 1772717961.087767 3 0
[RUNNING_REQ] 1772717961.263545 3 1
[RUNNING_REQ] 1772717961.475990 3 0
[RUNNING_REQ] 1772717962.041761 1 0
[RUNNING_REQ] 1772717962.268593 1 0
[RUNNING_REQ] 1772717962.485372 1 1
[RUNNING_REQ] 1772717962.633045 1 0
[RUNNING_REQ] 1772717962.879475 1 0
[RUNNING_REQ] 1772717963.043417 2 0
[RUNNING_REQ] 1772717963.230602 1 1
[RUNNING_REQ] 1772717963.431411 1 1
[RUNNING_REQ] 1772717963.705885 1 0
[RUNNING_REQ] 1772717963.867972 1 1
[RUNNING_REQ] 1772717964.025642 2 1
[RUNNING_REQ] 1772717964.219653 2 1
[RUNNING_REQ] 1772717964.432753 4 0
[RUNNING_REQ] 1772717964.605837 3 0
[RUNNING_REQ] 1772717965.128772 1 1
[RUNNING_REQ] 1772717965.334762 2 0
[RUNNING_REQ] 1772717966.017221 0 0
[RUNNING_REQ] 1772717966.173447 1 0
[RUNNING_REQ] 1772717966.384045 1 1
[RUNNING_REQ] 1772717966.556453 2 1
[RUNNING_REQ] 1772717966.695584 3 1
[RUNNING_REQ] 1772717967.108078 2 1
[RUNNING_REQ] 1772717967.348606 4 0
[RUNNING_REQ] 1772717967.486279 3 1
[RUNNING_REQ] 1772717967.687513 3 1
[RUNNING_REQ] 1772717967.917442 4 0
[RUNNING_REQ] 1772717968.344264 2 1
[RUNNING_REQ] 1772717968.553054 2 1
[RUNNING_REQ] 1772717968.764722 2 1
[RUNNING_REQ] 1772717968.924364 4 0
[RUNNING_REQ] 1772717969.121235 3 1
[RUNNING_REQ] 1772717969.750816 1 0
[RUNNING_REQ] 1772717969.907012 1 1
[RUNNING_REQ] 1772717970.068016 2 0
[RUNNING_REQ] 1772717970.528247 2 0
[RUNNING_REQ] 1772717970.730583 2 0
[RUNNING_REQ] 1772717971.150033 1 0
[RUNNING_REQ] 1772717971.392413 2 0
[RUNNING_REQ] 1772717971.533659 2 0
[RUNNING_REQ] 1772717972.228399 0 0
[RUNNING_REQ] 1772717972.392067 1 0
[RUNNING_REQ] 1772717972.555496 1 1
[RUNNING_REQ] 1772717972.770626 2 1
[RUNNING_REQ] 1772717972.931577 3 1
[RUNNING_REQ] 1772717973.087278 4 1
[RUNNING_REQ] 1772717973.805644 0 1
[RUNNING_REQ] 1772717974.035831 1 1
[RUNNING_REQ] 1772717974.202966 2 1
[RUNNING_REQ] 1772717974.361612 3 1
[RUNNING_REQ] 1772717974.525085 3 1
[RUNNING_REQ] 1772717974.947308 5 0
[RUNNING_REQ] 1772717975.601471 1 0
[RUNNING_REQ] 1772717975.812535 1 1
[RUNNING_REQ] 1772717975.944680 1 1
[RUNNING_REQ] 1772717976.168836 2 1
[RUNNING_REQ] 1772717976.325509 4 0
[RUNNING_REQ] 1772717976.481650 4 1
[RUNNING_REQ] 1772717976.635625 5 1
[RUNNING_REQ] 1772717977.004344 5 0
[RUNNING_REQ] 1772717978.119892 0 1
[RUNNING_REQ] 1772717978.285266 1 1
[RUNNING_REQ] 1772717978.502916 3 0
[RUNNING_REQ] 1772717978.657623 3 1
[RUNNING_REQ] 1772717978.814216 4 0
[RUNNING_REQ] 1772717979.021037 3 0
[RUNNING_REQ] 1772717979.566150 2 0
[RUNNING_REQ] 1772717979.943752 1 1
[RUNNING_REQ] 1772717980.099326 3 0
[RUNNING_REQ] 1772717980.299935 2 1
[RUNNING_REQ] 1772717980.466053 3 1
[RUNNING_REQ] 1772717980.675841 3 0
[RUNNING_REQ] 1772717981.236965 1 1
[RUNNING_REQ] 1772717981.395966 2 1
[RUNNING_REQ] 1772717981.610062 3 0
[RUNNING_REQ] 1772717982.062842 2 0
[RUNNING_REQ] 1772717982.280141 2 0
[RUNNING_REQ] 1772717982.481631 2 0
[RUNNING_REQ] 1772717982.694663 1 1
[RUNNING_REQ] 1772717982.858676 2 1
[RUNNING_REQ] 1772717983.071998 3 0
[RUNNING_REQ] 1772717983.856604 0 0
[RUNNING_REQ] 1772717984.123330 1 1
[RUNNING_REQ] 1772717984.276031 2 1
[RUNNING_REQ] 1772717984.428719 3 0
[RUNNING_REQ] 1772717984.600108 4 1
[RUNNING_REQ] 1772717984.769584 5 1
[RUNNING_REQ] 1772717985.038139 6 0
[RUNNING_REQ] 1772717985.763014 0 1
[RUNNING_REQ] 1772717986.054779 1 1
[RUNNING_REQ] 1772717986.225557 2 1
[RUNNING_REQ] 1772717986.384803 3 1
[RUNNING_REQ] 1772717986.744722 4 1
[RUNNING_REQ] 1772717986.910043 5 1
[RUNNING_REQ] 1772717987.655780 0 0
[RUNNING_REQ] 1772717987.819984 0 1
[RUNNING_REQ] 1772717987.976384 1 1
[RUNNING_REQ] 1772717988.139681 2 1
[RUNNING_REQ] 1772717988.297773 3 1
[RUNNING_REQ] 1772717988.506221 4 1
[RUNNING_REQ] 1772717989.125140 0 0
[RUNNING_REQ] 1772717989.935030 0 1
[RUNNING_REQ] 1772717990.154239 1 1
[RUNNING_REQ] 1772717990.334434 3 0
[RUNNING_REQ] 1772717990.789636 0 0
[RUNNING_REQ] 1772717991.136866 2 0
[RUNNING_REQ] 1772717991.342987 2 0
[RUNNING_REQ] 1772717991.557396 2 0
[RUNNING_REQ] 1772717991.775253 1 1
[RUNNING_REQ] 1772717991.944002 3 0
[RUNNING_REQ] 1772717992.194484 0 0
[RUNNING_REQ] 1772717992.442122 1 0
[RUNNING_REQ] 1772717992.596584 1 1
[RUNNING_REQ] 1772717992.796234 1 1
[RUNNING_REQ] 1772717993.013758 3 0
[RUNNING_REQ] 1772717993.175048 4 0
[RUNNING_REQ] 1772717993.291988 5 0
[RUNNING_REQ] 1772717993.762113 0 0
[RUNNING_REQ] 1772717994.042975 1 1
[RUNNING_REQ] 1772717994.265115 3 0
[RUNNING_REQ] 1772717994.980803 0 0
[RUNNING_REQ] 1772717995.140210 0 1
[RUNNING_REQ] 1772717995.300956 1 1
[RUNNING_REQ] 1772717995.498826 1 1
[RUNNING_REQ] 1772717995.659346 2 1
[RUNNING_REQ] 1772717995.817239 3 1
[RUNNING_REQ] 1772717995.977672 4 1
[RUNNING_REQ] 1772717996.337990 5 1
[RUNNING_REQ] 1772717996.520262 6 0
[RUNNING_REQ] 1772717997.299269 0 1
[RUNNING_REQ] 1772717997.475357 1 1
[RUNNING_REQ] 1772717997.634232 3 0
[RUNNING_REQ] 1772717997.825260 2 0
[RUNNING_REQ] 1772717998.163304 1 0
[RUNNING_REQ] 1772717998.324700 1 1
[RUNNING_REQ] 1772717998.582422 1 0
[RUNNING_REQ] 1772717998.925670 2 0
[RUNNING_REQ] 1772717999.127576 1 0
[RUNNING_REQ] 1772717999.472477 2 1
[RUNNING_REQ] 1772718000.261673 0 0
[RUNNING_REQ] 1772718000.422673 0 1
[RUNNING_REQ] 1772718000.593802 1 1
[RUNNING_REQ] 1772718000.816364 2 1
[RUNNING_REQ] 1772718001.122270 3 1
[RUNNING_REQ] 1772718001.328107 3 0
[RUNNING_REQ] 1772718001.816891 1 1
[RUNNING_REQ] 1772718002.032006 2 0
[RUNNING_REQ] 1772718002.207091 2 1
[RUNNING_REQ] 1772718002.404727 2 0
[RUNNING_REQ] 1772718002.658113 2 0
[RUNNING_REQ] 1772718002.887924 2 0
[RUNNING_REQ] 1772718003.093690 1 1
[RUNNING_REQ] 1772718003.252145 2 1
[RUNNING_REQ] 1772718003.412307 3 1
[RUNNING_REQ] 1772718003.616707 3 1
[RUNNING_REQ] 1772718003.792660 4 1
[RUNNING_REQ] 1772718004.435988 1 0
[RUNNING_REQ] 1772718004.608443 1 1
[RUNNING_REQ] 1772718004.973363 1 1
[RUNNING_REQ] 1772718005.142829 2 1
[RUNNING_REQ] 1772718005.335617 2 1
[RUNNING_REQ] 1772718006.390543 0 0
[RUNNING_REQ] 1772718006.552597 0 1
[RUNNING_REQ] 1772718006.779798 2 0
[RUNNING_REQ] 1772718007.131443 1 1
[RUNNING_REQ] 1772718007.298126 3 0
[RUNNING_REQ] 1772718007.499758 2 1
[RUNNING_REQ] 1772718007.668769 3 1
[RUNNING_REQ] 1772718007.876849 3 1
[RUNNING_REQ] 1772718008.042926 4 1
[RUNNING_REQ] 1772718008.750865 0 0
[RUNNING_REQ] 1772718008.903450 1 0
[RUNNING_REQ] 1772718009.064388 2 0
[RUNNING_REQ] 1772718009.281801 2 0
[RUNNING_REQ] 1772718009.489237 1 1
[RUNNING_REQ] 1772718009.694435 1 1
[RUNNING_REQ] 1772718009.910539 3 0
[RUNNING_REQ] 1772718010.067557 3 0
[RUNNING_REQ] 1772718010.347253 1 0
[RUNNING_REQ] 1772718010.784917 1 0
[RUNNING_REQ] 1772718010.948206 1 1
[RUNNING_REQ] 1772718011.156729 3 0
[RUNNING_REQ] 1772718011.352701 2 1
[RUNNING_REQ] 1772718012.071517 0 0
[RUNNING_REQ] 1772718012.284997 1 0
[RUNNING_REQ] 1772718012.394911 2 0
[RUNNING_REQ] 1772718012.607495 2 1
[RUNNING_REQ] 1772718012.977033 2 1
[RUNNING_REQ] 1772718013.197342 3 1
[RUNNING_REQ] 1772718013.362466 4 1
[RUNNING_REQ] 1772718013.868683 1 0
[RUNNING_REQ] 1772718014.273098 2 0
[RUNNING_REQ] 1772718014.494824 3 0
[RUNNING_REQ] 1772718014.639729 2 1
[RUNNING_REQ] 1772718014.853641 3 0
[RUNNING_REQ] 1772718015.124028 2 0
[RUNNING_REQ] 1772718015.336893 2 0
[RUNNING_REQ] 1772718015.543275 1 1
[RUNNING_REQ] 1772718015.753871 1 1
[RUNNING_REQ] 1772718015.917546 2 1
[RUNNING_REQ] 1772718016.091222 3 1
[RUNNING_REQ] 1772718016.255942 4 1
[RUNNING_REQ] 1772718016.436223 5 1
[RUNNING_REQ] 1772718016.676085 5 0
[RUNNING_REQ] 1772718017.831562 0 0
[RUNNING_REQ] 1772718018.041564 1 0
[RUNNING_REQ] 1772718018.205492 2 0
[RUNNING_REQ] 1772718018.358635 3 0
[RUNNING_REQ] 1772718018.653037 3 1
[RUNNING_REQ] 1772718018.878317 3 1
[RUNNING_REQ] 1772718019.212675 5 0
[RUNNING_REQ] 1772718019.450974 3 1
[RUNNING_REQ] 1772718020.003034 0 1
[RUNNING_REQ] 1772718020.190331 1 1
[RUNNING_REQ] 1772718020.347108 2 0
[RUNNING_REQ] 1772718020.711114 2 1
[RUNNING_REQ] 1772718020.886830 4 0
[RUNNING_REQ] 1772718021.144445 1 0
[RUNNING_REQ] 1772718021.583860 1 1
[RUNNING_REQ] 1772718022.507164 0 0
[RUNNING_REQ] 1772718022.631783 1 0
[RUNNING_REQ] 1772718022.842891 1 1
[RUNNING_REQ] 1772718022.958004 2 1
[RUNNING_REQ] 1772718023.166619 2 1
[RUNNING_REQ] 1772718023.336225 3 1
[RUNNING_REQ] 1772718023.763522 2 0
[RUNNING_REQ] 1772718024.256750 2 0
[RUNNING_REQ] 1772718024.418173 3 0
[RUNNING_REQ] 1772718024.665047 2 0
[RUNNING_REQ] 1772718024.859510 1 1
[RUNNING_REQ] 1772718025.081677 2 0
[RUNNING_REQ] 1772718025.298934 2 0
[RUNNING_REQ] 1772718025.454067 2 1
[RUNNING_REQ] 1772718025.923074 1 0
[RUNNING_REQ] 1772718026.347658 2 0
[RUNNING_REQ] 1772718026.551973 2 0
[RUNNING_REQ] 1772718026.738659 1 1
[RUNNING_REQ] 1772718026.912618 3 0
[RUNNING_REQ] 1772718027.131156 2 1
[RUNNING_REQ] 1772718027.404640 2 0
[RUNNING_REQ] 1772718028.107089 0 0
[RUNNING_REQ] 1772718028.267575 0 1
[RUNNING_REQ] 1772718028.490992 1 1
[RUNNING_REQ] 1772718028.655564 3 0
[RUNNING_REQ] 1772718028.805845 3 1
[RUNNING_REQ] 1772718029.012187 4 0
[RUNNING_REQ] 1772718029.164011 3 0
[RUNNING_REQ] 1772718029.544768 1 0
[RUNNING_REQ] 1772718029.951915 2 0
[RUNNING_REQ] 1772718030.160517 1 1
[RUNNING_REQ] 1772718030.371567 2 0
[RUNNING_REQ] 1772718030.577746 1 1
[RUNNING_REQ] 1772718030.797170 2 0
[RUNNING_REQ] 1772718031.175580 2 0
[RUNNING_REQ] 1772718031.383112 1 1
[RUNNING_REQ] 1772718031.592437 2 1
[RUNNING_REQ] 1772718031.747760 4 0
[RUNNING_REQ] 1772718031.935063 3 0
[RUNNING_REQ] 1772718032.489041 0 1
[RUNNING_REQ] 1772718032.711048 0 0
[RUNNING_REQ] 1772718032.907302 1 0
[RUNNING_REQ] 1772718033.544791 0 0
[RUNNING_REQ] 1772718033.752247 1 0
[RUNNING_REQ] 1772718033.924048 1 0
[RUNNING_REQ] 1772718034.071545 1 1
[RUNNING_REQ] 1772718034.290817 3 0
[RUNNING_REQ] 1772718034.454565 4 0
[RUNNING_REQ] 1772718035.065925 0 0
[RUNNING_REQ] 1772718035.275951 1 0
[RUNNING_REQ] 1772718035.428749 1 1
[RUNNING_REQ] 1772718035.586528 2 1
[RUNNING_REQ] 1772718035.706846 3 0
[RUNNING_REQ] 1772718035.901352 4 1
[RUNNING_REQ] 1772718036.012191 5 0
[RUNNING_REQ] 1772718036.183222 5 1
[RUNNING_REQ] 1772718036.407245 6 1
[RUNNING_REQ] 1772718036.567358 8 1
[RUNNING_REQ] 1772718036.696201 8 1
[RUNNING_REQ] 1772718036.918904 8 1
[RUNNING_REQ] 1772718037.072931 9 0
[RUNNING_REQ] 1772718037.268261 9 0
[RUNNING_REQ] 1772718038.388841 0 1
[RUNNING_REQ] 1772718038.566669 1 1
[RUNNING_REQ] 1772718039.272989 0 0
[RUNNING_REQ] 1772718039.483719 1 0
[RUNNING_REQ] 1772718039.645600 2 0
[RUNNING_REQ] 1772718039.787257 2 1
[RUNNING_REQ] 1772718039.908983 3 0
[RUNNING_REQ] 1772718040.162408 2 1
[RUNNING_REQ] 1772718040.375021 2 1
[RUNNING_REQ] 1772718040.579959 2 1
[RUNNING_REQ] 1772718040.769337 4 0
[RUNNING_REQ] 1772718041.368641 1 0
[RUNNING_REQ] 1772718041.587478 1 1
[RUNNING_REQ] 1772718041.973973 2 0
[RUNNING_REQ] 1772718042.178967 2 0
[RUNNING_REQ] 1772718042.382979 2 0
[RUNNING_REQ] 1772718042.610036 2 0
[RUNNING_REQ] 1772718042.782605 2 1
[RUNNING_REQ] 1772718042.994399 3 0
[RUNNING_REQ] 1772718043.185574 2 1
[RUNNING_REQ] 1772718043.644099 2 0
[RUNNING_REQ] 1772718044.336511 0 0
[RUNNING_REQ] 1772718044.626848 1 1
[RUNNING_REQ] 1772718044.795702 3 0
[RUNNING_REQ] 1772718045.057153 1 0
[RUNNING_REQ] 1772718045.277616 1 0
[RUNNING_REQ] 1772718045.545682 2 0
[RUNNING_REQ] 1772718045.743959 2 0
[RUNNING_REQ] 1772718045.901690 1 0
[RUNNING_REQ] 1772718046.305118 2 0
[RUNNING_REQ] 1772718046.505301 1 1
[RUNNING_REQ] 1772718046.715881 1 1
[RUNNING_REQ] 1772718046.941710 2 1
[RUNNING_REQ] 1772718047.302188 2 0
[RUNNING_REQ] 1772718047.546778 1 0
[RUNNING_REQ] 1772718047.921404 2 0
[RUNNING_REQ] 1772718048.088287 2 1
[RUNNING_REQ] 1772718048.473496 2 1
[RUNNING_REQ] 1772718049.276080 0 0
[RUNNING_REQ] 1772718049.440929 1 0
[RUNNING_REQ] 1772718049.608693 1 1
[RUNNING_REQ] 1772718049.763437 2 1
[RUNNING_REQ] 1772718049.980726 3 0
[RUNNING_REQ] 1772718050.369864 3 1
[RUNNING_REQ] 1772718050.908501 1 0
[RUNNING_REQ] 1772718051.084298 1 1
[RUNNING_REQ] 1772718051.307149 2 0
[RUNNING_REQ] 1772718051.522573 1 1
[RUNNING_REQ] 1772718051.737594 2 0
[RUNNING_REQ] 1772718051.909212 3 0
[RUNNING_REQ] 1772718052.112166 2 1
[RUNNING_REQ] 1772718052.394227 1 1
[RUNNING_REQ] 1772718052.610533 3 0
[RUNNING_REQ] 1772718052.790279 3 0
[RUNNING_REQ] 1772718053.003881 1 0
[RUNNING_REQ] 1772718053.474531 1 1
[RUNNING_REQ] 1772718053.644230 2 1
[RUNNING_REQ] 1772718054.412925 0 0
[RUNNING_REQ] 1772718054.580235 0 1
[RUNNING_REQ] 1772718054.791043 1 1
[RUNNING_REQ] 1772718054.964130 3 0
[RUNNING_REQ] 1772718055.373210 0 0
[RUNNING_REQ] 1772718055.788953 2 0
[RUNNING_REQ] 1772718055.953644 2 1
[RUNNING_REQ] 1772718056.160031 1 1
[RUNNING_REQ] 1772718056.407120 1 1
[RUNNING_REQ] 1772718056.622107 2 0
[RUNNING_REQ] 1772718056.888488 1 0
[RUNNING_REQ] 1772718057.102383 1 1
[RUNNING_REQ] 1772718057.281441 2 0
[RUNNING_REQ] 1772718057.619235 2 1
[RUNNING_REQ] 1772718057.787895 3 1
[RUNNING_REQ] 1772718057.955783 4 1
[RUNNING_REQ] 1772718058.166819 5 0
[RUNNING_REQ] 1772718058.435572 1 0
[RUNNING_REQ] 1772718059.388930 0 1
[RUNNING_REQ] 1772718059.612220 2 0
[RUNNING_REQ] 1772718059.777413 2 0
[RUNNING_REQ] 1772718060.121743 2 1
[RUNNING_REQ] 1772718060.392360 2 0
[RUNNING_REQ] 1772718060.592964 1 1
[RUNNING_REQ] 1772718060.774648 3 0
[RUNNING_REQ] 1772718060.990090 2 1
[RUNNING_REQ] 1772718061.419321 1 1
[RUNNING_REQ] 1772718061.604153 2 1
[RUNNING_REQ] 1772718061.859809 2 0
[RUNNING_REQ] 1772718062.056390 1 1
[RUNNING_REQ] 1772718062.272645 2 1
[RUNNING_REQ] 1772718062.419359 2 1
[RUNNING_REQ] 1772718062.583117 3 1
[RUNNING_REQ] 1772718062.798121 4 1
[RUNNING_REQ] 1772718062.977445 4 0
[RUNNING_REQ] 1772718064.059883 0 0
[RUNNING_REQ] 1772718064.219104 0 1
[RUNNING_REQ] 1772718064.424025 1 0
[RUNNING_REQ] 1772718064.648325 1 1
[RUNNING_REQ] 1772718064.789366 2 1
[RUNNING_REQ] 1772718064.959989 3 0
[RUNNING_REQ] 1772718065.158937 2 0
[RUNNING_REQ] 1772718065.409141 1 1
[RUNNING_REQ] 1772718065.574661 2 1
[RUNNING_REQ] 1772718065.839198 2 0
[RUNNING_REQ] 1772718066.237924 2 0
[RUNNING_REQ] 1772718066.672535 2 0
[RUNNING_REQ] 1772718066.881522 1 1
[RUNNING_REQ] 1772718067.062392 3 0
[RUNNING_REQ] 1772718067.254950 2 1
[RUNNING_REQ] 1772718067.407376 3 1
[RUNNING_REQ] 1772718067.682427 2 0
[RUNNING_REQ] 1772718068.227057 1 0
[RUNNING_REQ] 1772718068.394330 2 0
[RUNNING_REQ] 1772718069.081592 0 0
[RUNNING_REQ] 1772718069.242723 0 1
[RUNNING_REQ] 1772718069.409293 1 1
[RUNNING_REQ] 1772718069.577368 3 0
[RUNNING_REQ] 1772718069.784124 2 1
[RUNNING_REQ] 1772718070.003942 2 1
[RUNNING_REQ] 1772718070.215412 3 0
[RUNNING_REQ] 1772718070.594867 4 0
[RUNNING_REQ] 1772718070.882680 2 0
[RUNNING_REQ] 1772718071.227568 0 0
[RUNNING_REQ] 1772718071.585019 1 1
[RUNNING_REQ] 1772718071.756940 3 0
[RUNNING_REQ] 1772718071.952204 2 1
[RUNNING_REQ] 1772718072.118508 4 0
[RUNNING_REQ] 1772718072.366157 2 1
[RUNNING_REQ] 1772718072.568673 2 1
[RUNNING_REQ] 1772718072.775938 2 1
[RUNNING_REQ] 1772718072.952553 3 0
[RUNNING_REQ] 1772718073.943050 0 0
[RUNNING_REQ] 1772718074.102074 0 1
[RUNNING_REQ] 1772718074.329463 1 1
[RUNNING_REQ] 1772718074.495678 3 0
[RUNNING_REQ] 1772718074.613003 4 0
[RUNNING_REQ] 1772718075.102725 2 0
[RUNNING_REQ] 1772718075.365431 1 1
[RUNNING_REQ] 1772718075.570500 1 1
[RUNNING_REQ] 1772718075.752523 3 0
[RUNNING_REQ] 1772718076.196687 2 0
[RUNNING_REQ] 1772718076.399066 2 0
[RUNNING_REQ] 1772718076.656739 1 1
[RUNNING_REQ] 1772718076.774129 3 0
[RUNNING_REQ] 1772718077.034067 3 0
[RUNNING_REQ] 1772718077.196966 3 1
[RUNNING_REQ] 1772718077.519281 4 1
[RUNNING_REQ] 1772718077.733357 5 0
[RUNNING_REQ] 1772718078.314058 1 0
[RUNNING_REQ] 1772718079.155050 0 1
[RUNNING_REQ] 1772718079.326176 1 1
[RUNNING_REQ] 1772718079.489200 2 1
[RUNNING_REQ] 1772718079.703993 4 0
[RUNNING_REQ] 1772718079.893769 5 0
[RUNNING_REQ] 1772718080.219440 5 0
[RUNNING_REQ] 1772718080.820094 0 1
[RUNNING_REQ] 1772718080.986910 2 0
[RUNNING_REQ] 1772718081.149956 3 0
[RUNNING_REQ] 1772718081.416662 1 0
[RUNNING_REQ] 1772718081.944689 1 1
[RUNNING_REQ] 1772718082.226171 2 0
[RUNNING_REQ] 1772718082.393851 2 1
[RUNNING_REQ] 1772718082.579384 3 1
[RUNNING_REQ] 1772718082.844656 3 0
[RUNNING_REQ] 1772718083.099172 1 1
[RUNNING_REQ] 1772718083.350311 1 0
[RUNNING_REQ] 1772718084.018131 0 0
[RUNNING_REQ] 1772718084.183230 0 1
[RUNNING_REQ] 1772718084.408804 1 1
[RUNNING_REQ] 1772718084.583593 3 0
[RUNNING_REQ] 1772718084.751804 4 0
[RUNNING_REQ] 1772718085.326917 0 0
[RUNNING_REQ] 1772718085.625254 1 1
[RUNNING_REQ] 1772718085.791368 2 1
[RUNNING_REQ] 1772718085.963112 4 0
[RUNNING_REQ] 1772718086.180549 3 1
[RUNNING_REQ] 1772718086.779573 0 1
[RUNNING_REQ] 1772718086.959490 1 1
[RUNNING_REQ] 1772718087.118394 2 1
[RUNNING_REQ] 1772718087.349383 3 1
[RUNNING_REQ] 1772718087.512812 4 1
[RUNNING_REQ] 1772718087.671185 5 1
[RUNNING_REQ] 1772718087.986067 6 0
[RUNNING_REQ] 1772718089.040524 0 0
[RUNNING_REQ] 1772718089.210118 0 1
[RUNNING_REQ] 1772718089.429440 1 0
[RUNNING_REQ] 1772718089.617621 1 0
[RUNNING_REQ] 1772718089.805183 1 1
[RUNNING_REQ] 1772718090.029695 1 1
[RUNNING_REQ] 1772718090.228761 1 1
[RUNNING_REQ] 1772718090.397749 2 1
[RUNNING_REQ] 1772718090.603200 3 0
[RUNNING_REQ] 1772718091.071892 2 0
[RUNNING_REQ] 1772718091.284010 2 0
[RUNNING_REQ] 1772718091.532150 1 0
[RUNNING_REQ] 1772718091.703892 1 1
[RUNNING_REQ] 1772718091.950299 1 0
[RUNNING_REQ] 1772718092.321932 1 1
[RUNNING_REQ] 1772718092.490305 3 0
[RUNNING_REQ] 1772718092.661042 3 0
[RUNNING_REQ] 1772718093.268491 1 0
[RUNNING_REQ] 1772718093.926181 0 0
[RUNNING_REQ] 1772718094.089015 0 1
[RUNNING_REQ] 1772718094.290838 0 1
[RUNNING_REQ] 1772718094.454812 1 1
[RUNNING_REQ] 1772718094.680133 2 1
[RUNNING_REQ] 1772718094.794489 3 1
[RUNNING_REQ] 1772718094.972656 5 0
[RUNNING_REQ] 1772718095.397776 0 0
[RUNNING_REQ] 1772718095.766710 1 1
[RUNNING_REQ] 1772718096.003001 2 0
[RUNNING_REQ] 1772718096.141563 2 1
[RUNNING_REQ] 1772718096.604911 2 0
[RUNNING_REQ] 1772718096.799790 1 1
[RUNNING_REQ] 1772718096.963203 2 1
[RUNNING_REQ] 1772718097.131248 3 1
[RUNNING_REQ] 1772718097.356970 4 0
[RUNNING_REQ] 1772718098.077809 0 1
[RUNNING_REQ] 1772718098.856688 0 0
[RUNNING_REQ] 1772718099.020210 0 1
[RUNNING_REQ] 1772718099.181518 2 0
[RUNNING_REQ] 1772718099.364092 2 0
[RUNNING_REQ] 1772718099.696172 0 1
[RUNNING_REQ] 1772718099.868847 2 0
[RUNNING_REQ] 1772718100.042541 2 1
[RUNNING_REQ] 1772718100.236249 3 0
[RUNNING_REQ] 1772718100.777735 1 0
[RUNNING_REQ] 1772718100.943813 1 1
[RUNNING_REQ] 1772718101.144605 2 0
[RUNNING_REQ] 1772718101.366691 2 1
[RUNNING_REQ] 1772718101.530045 3 0
[RUNNING_REQ] 1772718102.011560 0 1
[RUNNING_REQ] 1772718102.253891 2 0
[RUNNING_REQ] 1772718102.522503 3 1
[RUNNING_REQ] 1772718102.683459 4 1
[RUNNING_REQ] 1772718103.635083 0 0
[RUNNING_REQ] 1772718103.802137 0 1
[RUNNING_REQ] 1772718104.006832 1 1
[RUNNING_REQ] 1772718104.130845 2 0
[RUNNING_REQ] 1772718104.534182 2 0
[RUNNING_REQ] 1772718104.760457 2 0
[RUNNING_REQ] 1772718104.973423 2 1
[RUNNING_REQ] 1772718105.139585 3 0
[RUNNING_REQ] 1772718105.593163 1 0
[RUNNING_REQ] 1772718105.845449 1 1
[RUNNING_REQ] 1772718105.967648 1 0
[RUNNING_REQ] 1772718106.439717 2 0
[RUNNING_REQ] 1772718106.650449 1 1
[RUNNING_REQ] 1772718106.862705 2 0
[RUNNING_REQ] 1772718107.069939 2 1
[RUNNING_REQ] 1772718107.834987 0 0
[RUNNING_REQ] 1772718108.003203 0 1
[RUNNING_REQ] 1772718108.198404 0 1
[RUNNING_REQ] 1772718108.357280 1 1
[RUNNING_REQ] 1772718108.526775 2 1
[RUNNING_REQ] 1772718108.688458 3 1
[RUNNING_REQ] 1772718108.936193 5 0
[RUNNING_REQ] 1772718109.454525 1 0
[RUNNING_REQ] 1772718109.657017 1 1
[RUNNING_REQ] 1772718109.824013 2 1
[RUNNING_REQ] 1772718110.036479 3 0
[RUNNING_REQ] 1772718110.570437 1 0
[RUNNING_REQ] 1772718110.906427 1 1
[RUNNING_REQ] 1772718111.076898 2 1
[RUNNING_REQ] 1772718111.241566 3 1
[RUNNING_REQ] 1772718111.458393 2 0
[RUNNING_REQ] 1772718112.411215 0 1
[RUNNING_REQ] 1772718112.568976 1 1
[RUNNING_REQ] 1772718112.727232 1 1
[RUNNING_REQ] 1772718113.145455 2 1
[RUNNING_REQ] 1772718113.380997 3 0
[RUNNING_REQ] 1772718113.876346 0 1
[RUNNING_REQ] 1772718114.074745 1 1
[RUNNING_REQ] 1772718114.245807 3 0
[RUNNING_REQ] 1772718114.428749 4 0
[RUNNING_REQ] 1772718114.733006 4 1
[RUNNING_REQ] 1772718114.987301 4 0
[RUNNING_REQ] 1772718115.204532 4 0
[RUNNING_REQ] 1772718115.522218 2 0
[RUNNING_REQ] 1772718115.739016 2 0
[RUNNING_REQ] 1772718115.970318 2 0
[RUNNING_REQ] 1772718116.714752 0 0
[RUNNING_REQ] 1772718116.880646 1 0
[RUNNING_REQ] 1772718117.058537 1 1
[RUNNING_REQ] 1772718117.217889 2 1
[RUNNING_REQ] 1772718117.614988 3 0
[RUNNING_REQ] 1772718118.177234 0 1
[RUNNING_REQ] 1772718118.346166 2 0
[RUNNING_REQ] 1772718118.756994 2 0
[RUNNING_REQ] 1772718118.984611 2 0
[RUNNING_REQ] 1772718119.149804 2 1
[RUNNING_REQ] 1772718119.321841 2 1
[RUNNING_REQ] 1772718119.701977 4 1
[RUNNING_REQ] 1772718119.935114 4 1
[RUNNING_REQ] 1772718120.170191 3 0
[RUNNING_REQ] 1772718121.255445 0 0
[RUNNING_REQ] 1772718121.439479 1 0
[RUNNING_REQ] 1772718121.617413 1 0
[RUNNING_REQ] 1772718122.031863 1 1
[RUNNING_REQ] 1772718122.217894 3 0
[RUNNING_REQ] 1772718122.429957 2 1
[RUNNING_REQ] 1772718122.654415 2 0
[RUNNING_REQ] 1772718123.096731 2 0
[RUNNING_REQ] 1772718123.313183 1 1
[RUNNING_REQ] 1772718123.533542 3 0
[RUNNING_REQ] 1772718123.674493 2 1
[RUNNING_REQ] 1772718123.892933 3 1
[RUNNING_REQ] 1772718124.066838 4 1
[RUNNING_REQ] 1772718124.188807 5 1
[RUNNING_REQ] 1772718124.922585 1 0
[RUNNING_REQ] 1772718125.084298 1 1
[RUNNING_REQ] 1772718125.825214 0 0
[RUNNING_REQ] 1772718125.989714 1 0
[RUNNING_REQ] 1772718126.205630 2 0
[RUNNING_REQ] 1772718126.328469 2 1
[RUNNING_REQ] 1772718127.009791 1 0
[RUNNING_REQ] 1772718127.186712 1 1
[RUNNING_REQ] 1772718127.400392 2 0
[RUNNING_REQ] 1772718127.549721 2 1
[RUNNING_REQ] 1772718127.934092 2 1
[RUNNING_REQ] 1772718128.103732 3 1
[RUNNING_REQ] 1772718128.424956 2 0
[RUNNING_REQ] 1772718128.684673 1 0
[RUNNING_REQ] 1772718128.857651 1 1
[RUNNING_REQ] 1772718129.063395 1 0
[RUNNING_REQ] 1772718130.047851 0 0
[RUNNING_REQ] 1772718130.216531 1 0
[RUNNING_REQ] 1772718130.333538 1 1
[RUNNING_REQ] 1772718130.566653 2 0
[RUNNING_REQ] 1772718130.770420 2 0
[RUNNING_REQ] 1772718130.993441 1 0
[RUNNING_REQ] 1772718131.441537 1 1
[RUNNING_REQ] 1772718131.668151 3 0
[RUNNING_REQ] 1772718132.144607 1 0
[RUNNING_REQ] 1772718132.355760 1 0
[RUNNING_REQ] 1772718132.517265 1 1
[RUNNING_REQ] 1772718132.724450 1 0
[RUNNING_REQ] 1772718133.144828 2 0
[RUNNING_REQ] 1772718133.321083 3 0
[RUNNING_REQ] 1772718134.250094 0 0
[RUNNING_REQ] 1772718134.425751 1 0
[RUNNING_REQ] 1772718134.635697 1 1
[RUNNING_REQ] 1772718134.807973 3 0
[RUNNING_REQ] 1772718135.249109 1 0
[RUNNING_REQ] 1772718135.504299 1 0
[RUNNING_REQ] 1772718135.709779 2 0
[RUNNING_REQ] 1772718135.827296 2 1
[RUNNING_REQ] 1772718136.029277 2 1
[RUNNING_REQ] 1772718136.280400 2 0
[RUNNING_REQ] 1772718136.792649 1 0
[RUNNING_REQ] 1772718136.957914 2 0
[RUNNING_REQ] 1772718137.166909 1 1
[RUNNING_REQ] 1772718137.347551 2 0
[RUNNING_REQ] 1772718137.825987 0 1
[RUNNING_REQ] 1772718138.019448 2 0
[RUNNING_REQ] 1772718138.191093 2 1
[RUNNING_REQ] 1772718139.019951 0 0
[RUNNING_REQ] 1772718139.235266 0 1
[RUNNING_REQ] 1772718139.358220 1 1
[RUNNING_REQ] 1772718139.562281 2 1
[RUNNING_REQ] 1772718139.715718 2 1
[RUNNING_REQ] 1772718139.886447 3 1
[RUNNING_REQ] 1772718140.050534 4 1
[RUNNING_REQ] 1772718140.331118 4 0
[RUNNING_REQ] 1772718140.597321 2 1
[RUNNING_REQ] 1772718140.843567 1 1
[RUNNING_REQ] 1772718141.008820 2 1
[RUNNING_REQ] 1772718141.284692 3 0
[RUNNING_REQ] 1772718141.404658 3 1
[RUNNING_REQ] 1772718141.619593 3 1
[RUNNING_REQ] 1772718141.786783 4 1
[RUNNING_REQ] 1772718141.954837 5 1
[RUNNING_REQ] 1772718142.175519 5 1
[RUNNING_REQ] 1772718142.354024 6 1
[RUNNING_REQ] 1772718143.627826 0 1
[RUNNING_REQ] 1772718143.799663 1 1
[RUNNING_REQ] 1772718143.968121 3 0
[RUNNING_REQ] 1772718144.138675 3 1
[RUNNING_REQ] 1772718144.338343 4 0
[RUNNING_REQ] 1772718144.732187 1 0
[RUNNING_REQ] 1772718144.923144 1 0
[RUNNING_REQ] 1772718145.093550 2 0
[RUNNING_REQ] 1772718145.261287 2 1
[RUNNING_REQ] 1772718145.480468 2 0
[RUNNING_REQ] 1772718145.957333 2 0
[RUNNING_REQ] 1772718146.167567 2 0
[RUNNING_REQ] 1772718146.383512 2 0
[RUNNING_REQ] 1772718146.612459 2 0
[RUNNING_REQ] 1772718146.812170 2 0
[RUNNING_REQ] 1772718147.019948 2 0
[RUNNING_REQ] 1772718147.186188 2 1
[RUNNING_REQ] 1772718147.387314 2 1
[RUNNING_REQ] 1772718148.162234 0 0
[RUNNING_REQ] 1772718148.327156 1 0
[RUNNING_REQ] 1772718148.485409 1 1
[RUNNING_REQ] 1772718148.711102 2 1
[RUNNING_REQ] 1772718148.827739 3 1
[RUNNING_REQ] 1772718149.048933 3 1
[RUNNING_REQ] 1772718149.293274 2 0
[RUNNING_REQ] 1772718149.872833 1 1
[RUNNING_REQ] 1772718150.042408 2 1
[RUNNING_REQ] 1772718150.269593 2 1
[RUNNING_REQ] 1772718150.441132 3 1
[RUNNING_REQ] 1772718150.618291 4 1
[RUNNING_REQ] 1772718150.948324 1 0
[RUNNING_REQ] 1772718151.395207 1 1
[RUNNING_REQ] 1772718151.565724 3 0
[RUNNING_REQ] 1772718152.626936 0 0
[RUNNING_REQ] 1772718152.793535 0 1
[RUNNING_REQ] 1772718152.970624 1 1
[RUNNING_REQ] 1772718153.140549 3 0
[RUNNING_REQ] 1772718153.373473 3 1
[RUNNING_REQ] 1772718153.539197 4 1
[RUNNING_REQ] 1772718153.718646 4 1
[RUNNING_REQ] 1772718154.034107 5 1
[RUNNING_REQ] 1772718154.320505 4 1
[RUNNING_REQ] 1772718154.720881 1 0
[RUNNING_REQ] 1772718155.120788 1 1
[RUNNING_REQ] 1772718155.288072 3 0
[RUNNING_REQ] 1772718155.740760 2 0
[RUNNING_REQ] 1772718155.971672 2 0
[RUNNING_REQ] 1772718156.181459 1 1
