[RUNNING_REQ] 1772718380.542478 0 0
[RUNNING_REQ] 1772718381.036116 0 0
[RUNNING_REQ] 1772718381.342254 0 1
[RUNNING_REQ] 1772718381.544047 0 1
[RUNNING_REQ] 1772718381.659663 0 1
[RUNNING_REQ] 1772718381.800941 0 1
[RUNNING_REQ] 1772718381.944673 0 1
[RUNNING_REQ] 1772718382.143779 0 1
[RUNNING_REQ] 1772718382.336126 0 1
[RUNNING_REQ] 1772718382.478422 0 1
[RUNNING_REQ] 1772718382.598867 0 1
[RUNNING_REQ] 1772718382.748824 0 1
[RUNNING_REQ] 1772718382.937675 0 1
[RUNNING_REQ] 1772718383.144186 0 1
[RUNNING_REQ] 1772718383.268961 0 1
[RUNNING_REQ] 1772718383.410515 0 1
[RUNNING_REQ] 1772718383.539843 0 1
[RUNNING_REQ] 1772718383.731107 2 17
[RUNNING_REQ] 1772718383.867358 2 17
[RUNNING_REQ] 1772718384.003277 2 17
[RUNNING_REQ] 1772718384.145627 2 17
[RUNNING_REQ] 1772718384.341411 2 17
[RUNNING_REQ] 1772718384.477761 2 17
[RUNNING_REQ] 1772718384.613038 2 17
[RUNNING_REQ] 1772718384.742462 2 17
[RUNNING_REQ] 1772718384.872229 2 17
[RUNNING_REQ] 1772718385.018336 2 17
[RUNNING_REQ] 1772718385.168313 13 8
[RUNNING_REQ] 1772718385.358513 13 8
[RUNNING_REQ] 1772718385.513430 13 8
[RUNNING_REQ] 1772718385.713943 14 16
[RUNNING_REQ] 1772718385.912854 14 16
[RUNNING_REQ] 1772718386.247812 16 22
[RUNNING_REQ] 1772718386.538239 15 21
[RUNNING_REQ] 1772718386.680544 15 21
[RUNNING_REQ] 1772718386.990318 7 22
[RUNNING_REQ] 1772718387.203546 7 22
[RUNNING_REQ] 1772718393.080617 0 1
[RUNNING_REQ] 1772718410.051155 0 1
[RUNNING_REQ] 1772718412.606821 2 0
[RUNNING_REQ] 1772718417.594036 0 1
[RUNNING_REQ] 1772718417.786926 0 1
[RUNNING_REQ] 1772718417.917146 1 2
[RUNNING_REQ] 1772718418.126416 3 0
[RUNNING_REQ] 1772718418.305923 4 1
[RUNNING_REQ] 1772718418.443613 5 2
[RUNNING_REQ] 1772718418.575479 5 2
[RUNNING_REQ] 1772718418.720702 7 0
[RUNNING_REQ] 1772718418.857875 7 2
[RUNNING_REQ] 1772718419.003958 9 2
[RUNNING_REQ] 1772718419.216658 11 1
[RUNNING_REQ] 1772718419.462122 12 2
[RUNNING_REQ] 1772718419.591989 12 2
[RUNNING_REQ] 1772718419.808696 13 2
[RUNNING_REQ] 1772718421.363191 0 0
[RUNNING_REQ] 1772718421.733294 1 1
[RUNNING_REQ] 1772718421.925040 2 1
[RUNNING_REQ] 1772718422.089493 3 1
[RUNNING_REQ] 1772718422.285155 4 2
[RUNNING_REQ] 1772718422.422838 4 3
[RUNNING_REQ] 1772718422.631549 4 4
[RUNNING_REQ] 1772718422.780983 3 5
[RUNNING_REQ] 1772718423.188856 0 7
[RUNNING_REQ] 1772718423.407150 0 8
[RUNNING_REQ] 1772718423.593111 0 8
[RUNNING_REQ] 1772718423.733101 0 8
[RUNNING_REQ] 1772718423.867630 0 8
[RUNNING_REQ] 1772718424.007716 0 8
[RUNNING_REQ] 1772718424.151167 8 0
[RUNNING_REQ] 1772718424.288329 8 6
[RUNNING_REQ] 1772718424.429185 8 6
[RUNNING_REQ] 1772718424.561773 8 6
[RUNNING_REQ] 1772718424.683442 8 6
[RUNNING_REQ] 1772718424.827020 8 6
[RUNNING_REQ] 1772718424.947371 8 6
[RUNNING_REQ] 1772718425.103040 14 1
[RUNNING_REQ] 1772718425.245187 15 6
[RUNNING_REQ] 1772718425.507272 15 8
[RUNNING_REQ] 1772718426.293224 8 8
[RUNNING_REQ] 1772718426.471177 12 4
[RUNNING_REQ] 1772718426.629755 12 4
[RUNNING_REQ] 1772718426.832060 11 1
[RUNNING_REQ] 1772718427.836448 0 0
[RUNNING_REQ] 1772718428.963924 1 1
[RUNNING_REQ] 1772718429.131333 2 1
[RUNNING_REQ] 1772718429.334424 3 1
[RUNNING_REQ] 1772718429.527891 5 0
[RUNNING_REQ] 1772718429.744731 5 1
[RUNNING_REQ] 1772718430.051699 6 0
[RUNNING_REQ] 1772718430.268199 7 0
[RUNNING_REQ] 1772718430.470911 7 1
[RUNNING_REQ] 1772718430.666321 8 1
[RUNNING_REQ] 1772718430.876868 8 1
[RUNNING_REQ] 1772718431.121216 9 1
[RUNNING_REQ] 1772718431.321033 10 1
[RUNNING_REQ] 1772718431.689701 10 1
[RUNNING_REQ] 1772718431.946949 10 2
[RUNNING_REQ] 1772718432.157928 12 0
[RUNNING_REQ] 1772718432.311340 12 1
[RUNNING_REQ] 1772718432.630175 9 0
[RUNNING_REQ] 1772718433.967522 0 1
[RUNNING_REQ] 1772718434.104441 1 1
[RUNNING_REQ] 1772718434.250132 2 1
[RUNNING_REQ] 1772718434.393762 3 1
[RUNNING_REQ] 1772718434.544289 4 1
[RUNNING_REQ] 1772718434.693678 5 1
[RUNNING_REQ] 1772718434.898713 6 1
[RUNNING_REQ] 1772718435.048557 7 1
[RUNNING_REQ] 1772718435.235422 7 1
[RUNNING_REQ] 1772718436.244969 0 0
[RUNNING_REQ] 1772718436.535625 0 1
[RUNNING_REQ] 1772718436.682560 1 1
[RUNNING_REQ] 1772718436.826511 3 0
[RUNNING_REQ] 1772718436.966891 3 1
[RUNNING_REQ] 1772718437.118929 4 1
[RUNNING_REQ] 1772718437.315184 5 1
[RUNNING_REQ] 1772718437.512020 6 1
[RUNNING_REQ] 1772718437.651782 8 1
[RUNNING_REQ] 1772718437.803839 8 1
[RUNNING_REQ] 1772718437.967420 8 1
[RUNNING_REQ] 1772718438.919849 0 0
[RUNNING_REQ] 1772718439.126823 0 1
[RUNNING_REQ] 1772718439.259226 2 0
[RUNNING_REQ] 1772718439.567834 1 1
[RUNNING_REQ] 1772718439.743699 2 1
[RUNNING_REQ] 1772718439.898915 2 1
[RUNNING_REQ] 1772718440.076050 3 1
[RUNNING_REQ] 1772718440.222816 4 1
[RUNNING_REQ] 1772718440.494533 6 1
[RUNNING_REQ] 1772718440.640952 7 1
[RUNNING_REQ] 1772718440.994393 7 1
[RUNNING_REQ] 1772718441.230949 8 0
[RUNNING_REQ] 1772718442.150205 0 1
[RUNNING_REQ] 1772718442.353248 1 1
[RUNNING_REQ] 1772718442.486415 2 1
[RUNNING_REQ] 1772718442.626581 3 1
[RUNNING_REQ] 1772718442.767836 3 1
[RUNNING_REQ] 1772718443.000012 5 0
[RUNNING_REQ] 1772718443.174017 5 1
[RUNNING_REQ] 1772718443.559580 6 0
[RUNNING_REQ] 1772718444.138425 1 1
[RUNNING_REQ] 1772718444.332875 2 1
[RUNNING_REQ] 1772718444.568630 2 1
[RUNNING_REQ] 1772718444.771723 3 1
[RUNNING_REQ] 1772718444.934662 6 0
[RUNNING_REQ] 1772718445.810584 0 0
[RUNNING_REQ] 1772718446.040553 0 1
[RUNNING_REQ] 1772718446.255595 0 1
[RUNNING_REQ] 1772718446.550204 1 1
[RUNNING_REQ] 1772718446.750664 2 1
[RUNNING_REQ] 1772718446.884394 3 1
[RUNNING_REQ] 1772718447.027323 4 1
[RUNNING_REQ] 1772718447.234546 6 1
[RUNNING_REQ] 1772718447.376721 6 1
[RUNNING_REQ] 1772718447.742120 7 0
[RUNNING_REQ] 1772718448.528903 0 1
[RUNNING_REQ] 1772718448.743418 1 1
[RUNNING_REQ] 1772718448.929547 2 1
[RUNNING_REQ] 1772718449.085799 4 1
[RUNNING_REQ] 1772718449.504658 3 1
[RUNNING_REQ] 1772718449.755111 3 0
[RUNNING_REQ] 1772718449.944104 2 1
[RUNNING_REQ] 1772718450.079190 2 1
[RUNNING_REQ] 1772718450.432363 3 0
[RUNNING_REQ] 1772718450.578951 4 0
[RUNNING_REQ] 1772718450.765011 5 1
[RUNNING_REQ] 1772718450.915852 5 1
[RUNNING_REQ] 1772718451.144703 6 1
[RUNNING_REQ] 1772718451.289073 5 1
[RUNNING_REQ] 1772718451.629732 7 1
[RUNNING_REQ] 1772718451.891716 7 1
[RUNNING_REQ] 1772718452.034598 8 1
[RUNNING_REQ] 1772718452.309073 7 1
[RUNNING_REQ] 1772718452.485632 7 1
[RUNNING_REQ] 1772718452.689654 7 1
[RUNNING_REQ] 1772718452.865397 8 0
[RUNNING_REQ] 1772718453.034735 8 0
[RUNNING_REQ] 1772718453.208761 7 0
[RUNNING_REQ] 1772718454.180211 1 0
[RUNNING_REQ] 1772718454.384358 1 1
[RUNNING_REQ] 1772718454.575373 2 0
[RUNNING_REQ] 1772718454.835386 2 1
[RUNNING_REQ] 1772718454.976163 3 1
[RUNNING_REQ] 1772718455.167351 4 0
[RUNNING_REQ] 1772718455.476363 3 0
[RUNNING_REQ] 1772718455.718536 2 0
[RUNNING_REQ] 1772718455.901891 1 1
[RUNNING_REQ] 1772718456.099325 2 1
[RUNNING_REQ] 1772718456.240231 3 1
[RUNNING_REQ] 1772718456.383595 4 1
[RUNNING_REQ] 1772718456.584426 6 0
[RUNNING_REQ] 1772718456.824877 5 1
[RUNNING_REQ] 1772718457.018714 5 1
[RUNNING_REQ] 1772718457.674498 1 0
[RUNNING_REQ] 1772718457.875055 1 1
[RUNNING_REQ] 1772718458.002511 2 1
[RUNNING_REQ] 1772718458.128305 4 0
[RUNNING_REQ] 1772718458.281810 4 0
[RUNNING_REQ] 1772718458.498390 4 0
[RUNNING_REQ] 1772718458.981995 2 0
[RUNNING_REQ] 1772718459.182612 3 0
[RUNNING_REQ] 1772718459.326313 3 0
[RUNNING_REQ] 1772718459.522193 2 1
[RUNNING_REQ] 1772718459.710557 2 1
[RUNNING_REQ] 1772718459.912776 2 1
[RUNNING_REQ] 1772718460.026039 3 1
[RUNNING_REQ] 1772718460.241154 4 1
[RUNNING_REQ] 1772718460.475772 6 1
[RUNNING_REQ] 1772718461.235480 0 1
[RUNNING_REQ] 1772718461.608007 1 1
[RUNNING_REQ] 1772718461.759861 1 1
[RUNNING_REQ] 1772718461.891775 2 2
[RUNNING_REQ] 1772718462.037355 2 2
[RUNNING_REQ] 1772718462.193757 4 2
[RUNNING_REQ] 1772718462.403397 5 2
[RUNNING_REQ] 1772718462.572527 5 2
[RUNNING_REQ] 1772718462.773460 7 0
[RUNNING_REQ] 1772718462.934994 7 2
[RUNNING_REQ] 1772718463.130659 10 1
[RUNNING_REQ] 1772718463.336392 11 1
[RUNNING_REQ] 1772718463.485621 12 1
[RUNNING_REQ] 1772718463.673782 13 1
[RUNNING_REQ] 1772718463.879822 14 1
[RUNNING_REQ] 1772718464.165492 15 2
[RUNNING_REQ] 1772718464.506171 14 2
[RUNNING_REQ] 1772718464.633819 14 2
[RUNNING_REQ] 1772718466.271508 0 0
[RUNNING_REQ] 1772718466.424793 1 0
[RUNNING_REQ] 1772718466.572191 1 1
[RUNNING_REQ] 1772718466.775014 2 1
[RUNNING_REQ] 1772718466.908297 3 1
[RUNNING_REQ] 1772718467.055388 4 0
[RUNNING_REQ] 1772718467.308624 6 0
[RUNNING_REQ] 1772718468.027043 1 0
[RUNNING_REQ] 1772718468.221584 2 0
[RUNNING_REQ] 1772718468.355597 1 1
[RUNNING_REQ] 1772718468.501141 3 0
[RUNNING_REQ] 1772718468.751115 2 1
[RUNNING_REQ] 1772718468.891501 4 0
[RUNNING_REQ] 1772718469.098963 4 1
[RUNNING_REQ] 1772718469.296160 4 1
[RUNNING_REQ] 1772718469.510486 4 1
[RUNNING_REQ] 1772718469.668670 5 1
[RUNNING_REQ] 1772718469.850011 5 1
[RUNNING_REQ] 1772718470.044738 5 1
[RUNNING_REQ] 1772718470.240069 5 1
[RUNNING_REQ] 1772718470.443581 6 1
[RUNNING_REQ] 1772718470.593761 6 1
[RUNNING_REQ] 1772718470.869201 6 1
[RUNNING_REQ] 1772718471.197731 6 1
[RUNNING_REQ] 1772718471.653805 2 0
[RUNNING_REQ] 1772718472.533949 1 1
[RUNNING_REQ] 1772718472.682433 2 0
[RUNNING_REQ] 1772718472.878433 3 1
[RUNNING_REQ] 1772718473.101197 4 2
[RUNNING_REQ] 1772718473.312799 6 0
[RUNNING_REQ] 1772718473.456019 7 1
[RUNNING_REQ] 1772718473.614594 8 1
[RUNNING_REQ] 1772718473.830484 9 0
[RUNNING_REQ] 1772718474.169393 10 0
[RUNNING_REQ] 1772718475.256498 0 1
[RUNNING_REQ] 1772718475.457002 1 1
[RUNNING_REQ] 1772718475.623835 2 1
[RUNNING_REQ] 1772718475.752233 3 1
[RUNNING_REQ] 1772718475.910733 4 1
[RUNNING_REQ] 1772718476.133962 6 0
[RUNNING_REQ] 1772718476.319383 6 1
[RUNNING_REQ] 1772718476.529570 7 1
[RUNNING_REQ] 1772718477.408875 0 0
[RUNNING_REQ] 1772718477.543198 0 1
[RUNNING_REQ] 1772718477.695033 0 1
[RUNNING_REQ] 1772718477.902710 2 1
[RUNNING_REQ] 1772718478.043765 3 1
[RUNNING_REQ] 1772718478.178054 4 0
[RUNNING_REQ] 1772718478.313069 4 1
[RUNNING_REQ] 1772718478.467448 5 1
[RUNNING_REQ] 1772718478.614648 6 1
[RUNNING_REQ] 1772718478.743954 7 1
[RUNNING_REQ] 1772718478.896559 8 1
[RUNNING_REQ] 1772718479.110251 10 1
[RUNNING_REQ] 1772718479.250020 11 1
[RUNNING_REQ] 1772718479.513890 11 1
[RUNNING_REQ] 1772718480.702833 0 1
[RUNNING_REQ] 1772718480.862895 1 1
[RUNNING_REQ] 1772718481.075032 3 0
[RUNNING_REQ] 1772718481.297134 4 1
[RUNNING_REQ] 1772718481.503890 5 1
[RUNNING_REQ] 1772718481.637635 5 1
[RUNNING_REQ] 1772718481.791590 6 2
[RUNNING_REQ] 1772718481.927670 6 2
[RUNNING_REQ] 1772718482.076947 8 2
[RUNNING_REQ] 1772718482.203370 8 2
[RUNNING_REQ] 1772718482.365034 9 2
[RUNNING_REQ] 1772718482.759986 10 1
[RUNNING_REQ] 1772718483.051882 10 1
[RUNNING_REQ] 1772718483.264779 11 1
[RUNNING_REQ] 1772718483.424483 12 0
[RUNNING_REQ] 1772718484.778476 0 1
[RUNNING_REQ] 1772718484.928835 1 1
[RUNNING_REQ] 1772718485.069319 1 1
[RUNNING_REQ] 1772718485.209104 2 1
[RUNNING_REQ] 1772718485.348713 3 1
[RUNNING_REQ] 1772718485.557938 5 0
[RUNNING_REQ] 1772718485.778692 5 2
[RUNNING_REQ] 1772718485.929003 7 0
[RUNNING_REQ] 1772718486.066757 7 2
[RUNNING_REQ] 1772718486.281863 7 2
[RUNNING_REQ] 1772718486.806982 6 1
[RUNNING_REQ] 1772718487.965029 0 0
[RUNNING_REQ] 1772718488.097722 0 1
[RUNNING_REQ] 1772718488.245583 1 1
[RUNNING_REQ] 1772718488.387742 2 0
[RUNNING_REQ] 1772718488.599172 3 1
[RUNNING_REQ] 1772718488.714372 3 1
[RUNNING_REQ] 1772718488.885379 4 1
[RUNNING_REQ] 1772718489.093396 6 1
[RUNNING_REQ] 1772718489.279067 6 1
[RUNNING_REQ] 1772718489.488976 7 1
[RUNNING_REQ] 1772718489.696545 8 0
[RUNNING_REQ] 1772718489.847500 9 0
[RUNNING_REQ] 1772718489.969970 10 0
[RUNNING_REQ] 1772718490.151748 9 1
[RUNNING_REQ] 1772718490.381292 9 1
[RUNNING_REQ] 1772718491.347565 0 1
[RUNNING_REQ] 1772718491.521185 1 1
[RUNNING_REQ] 1772718491.718695 2 1
[RUNNING_REQ] 1772718491.856440 4 0
[RUNNING_REQ] 1772718492.179006 4 1
[RUNNING_REQ] 1772718492.508628 4 1
[RUNNING_REQ] 1772718492.746963 5 1
[RUNNING_REQ] 1772718493.548821 0 1
[RUNNING_REQ] 1772718493.759223 1 1
[RUNNING_REQ] 1772718493.911266 2 1
[RUNNING_REQ] 1772718494.045568 3 1
[RUNNING_REQ] 1772718494.186549 4 1
[RUNNING_REQ] 1772718494.335774 4 1
[RUNNING_REQ] 1772718494.480410 5 2
[RUNNING_REQ] 1772718494.630700 7 1
[RUNNING_REQ] 1772718494.778509 8 1
[RUNNING_REQ] 1772718494.904143 8 1
[RUNNING_REQ] 1772718495.197649 9 0
[RUNNING_REQ] 1772718495.434510 8 1
[RUNNING_REQ] 1772718495.702967 6 0
[RUNNING_REQ] 1772718496.559549 0 1
[RUNNING_REQ] 1772718496.768152 1 1
[RUNNING_REQ] 1772718496.915386 3 0
[RUNNING_REQ] 1772718497.057691 3 1
[RUNNING_REQ] 1772718497.218937 4 1
[RUNNING_REQ] 1772718497.347622 4 1
[RUNNING_REQ] 1772718497.502176 5 2
[RUNNING_REQ] 1772718497.638378 5 2
[RUNNING_REQ] 1772718497.781964 6 0
[RUNNING_REQ] 1772718497.905750 6 3
[RUNNING_REQ] 1772718498.127773 8 1
[RUNNING_REQ] 1772718498.408031 9 1
[RUNNING_REQ] 1772718498.651011 9 0
[RUNNING_REQ] 1772718499.827952 0 1
[RUNNING_REQ] 1772718500.081995 0 1
[RUNNING_REQ] 1772718500.291931 1 1
[RUNNING_REQ] 1772718500.443393 2 1
[RUNNING_REQ] 1772718500.582379 3 1
[RUNNING_REQ] 1772718500.716060 4 1
[RUNNING_REQ] 1772718500.856256 4 1
[RUNNING_REQ] 1772718501.003783 6 1
[RUNNING_REQ] 1772718501.141455 7 0
[RUNNING_REQ] 1772718501.281654 7 1
[RUNNING_REQ] 1772718501.422549 8 1
[RUNNING_REQ] 1772718501.544419 9 1
[RUNNING_REQ] 1772718501.688997 9 1
[RUNNING_REQ] 1772718501.831198 10 2
[RUNNING_REQ] 1772718501.983177 12 1
[RUNNING_REQ] 1772718502.222031 13 2
[RUNNING_REQ] 1772718502.626822 14 1
[RUNNING_REQ] 1772718504.276222 0 1
[RUNNING_REQ] 1772718504.490905 1 1
[RUNNING_REQ] 1772718504.680278 2 1
[RUNNING_REQ] 1772718504.827444 3 1
[RUNNING_REQ] 1772718504.970022 4 1
[RUNNING_REQ] 1772718505.244917 5 1
[RUNNING_REQ] 1772718505.465189 6 1
[RUNNING_REQ] 1772718505.686992 6 2
[RUNNING_REQ] 1772718506.060843 7 2
[RUNNING_REQ] 1772718506.265104 8 0
[RUNNING_REQ] 1772718506.596305 8 2
[RUNNING_REQ] 1772718506.737678 9 2
[RUNNING_REQ] 1772718506.995174 9 2
[RUNNING_REQ] 1772718507.171239 10 2
[RUNNING_REQ] 1772718507.364441 12 1
[RUNNING_REQ] 1772718507.491242 12 1
[RUNNING_REQ] 1772718507.622641 12 1
[RUNNING_REQ] 1772718507.940126 14 0
[RUNNING_REQ] 1772718508.151264 14 1
[RUNNING_REQ] 1772718509.758501 0 1
[RUNNING_REQ] 1772718509.914920 1 1
[RUNNING_REQ] 1772718510.107556 2 0
[RUNNING_REQ] 1772718510.304932 1 1
[RUNNING_REQ] 1772718510.508447 3 0
[RUNNING_REQ] 1772718510.628915 2 1
[RUNNING_REQ] 1772718510.910838 5 0
[RUNNING_REQ] 1772718511.196411 1 0
[RUNNING_REQ] 1772718511.632100 1 1
[RUNNING_REQ] 1772718511.852148 2 0
[RUNNING_REQ] 1772718512.157012 2 1
[RUNNING_REQ] 1772718512.373537 3 1
[RUNNING_REQ] 1772718512.611493 4 0
[RUNNING_REQ] 1772718512.802864 4 1
[RUNNING_REQ] 1772718512.952136 4 2
[RUNNING_REQ] 1772718513.138459 5 1
[RUNNING_REQ] 1772718513.269340 6 0
[RUNNING_REQ] 1772718513.470803 6 1
[RUNNING_REQ] 1772718513.610718 7 1
[RUNNING_REQ] 1772718513.815590 7 1
[RUNNING_REQ] 1772718513.993361 8 1
[RUNNING_REQ] 1772718515.061771 0 1
[RUNNING_REQ] 1772718515.267411 1 1
[RUNNING_REQ] 1772718515.414922 3 0
[RUNNING_REQ] 1772718515.634998 3 1
[RUNNING_REQ] 1772718515.778613 3 1
[RUNNING_REQ] 1772718515.894031 4 1
[RUNNING_REQ] 1772718516.108447 5 1
[RUNNING_REQ] 1772718516.268068 6 0
[RUNNING_REQ] 1772718516.596261 6 1
[RUNNING_REQ] 1772718516.741341 6 1
[RUNNING_REQ] 1772718516.938662 7 1
[RUNNING_REQ] 1772718517.136642 7 1
[RUNNING_REQ] 1772718517.987613 1 0
[RUNNING_REQ] 1772718518.135882 2 0
[RUNNING_REQ] 1772718518.334177 2 0
[RUNNING_REQ] 1772718518.490096 2 0
[RUNNING_REQ] 1772718518.858574 2 1
[RUNNING_REQ] 1772718519.072883 3 1
[RUNNING_REQ] 1772718519.207378 3 1
[RUNNING_REQ] 1772718519.366095 3 2
[RUNNING_REQ] 1772718519.617135 4 0
[RUNNING_REQ] 1772718519.934772 5 2
[RUNNING_REQ] 1772718520.121777 7 0
[RUNNING_REQ] 1772718520.302492 7 0
[RUNNING_REQ] 1772718520.438835 7 0
[RUNNING_REQ] 1772718521.375766 0 0
[RUNNING_REQ] 1772718521.694842 1 1
[RUNNING_REQ] 1772718521.848158 1 1
[RUNNING_REQ] 1772718522.003395 3 1
[RUNNING_REQ] 1772718522.201543 4 1
[RUNNING_REQ] 1772718522.415892 6 1
[RUNNING_REQ] 1772718522.564525 6 1
[RUNNING_REQ] 1772718522.713277 7 1
[RUNNING_REQ] 1772718522.944121 8 2
[RUNNING_REQ] 1772718523.162836 8 2
[RUNNING_REQ] 1772718523.356259 9 2
[RUNNING_REQ] 1772718523.523810 11 1
[RUNNING_REQ] 1772718523.706304 11 1
[RUNNING_REQ] 1772718524.113772 12 1
[RUNNING_REQ] 1772718524.329472 12 1
[RUNNING_REQ] 1772718525.693347 0 0
[RUNNING_REQ] 1772718525.906140 1 0
[RUNNING_REQ] 1772718526.049318 2 0
[RUNNING_REQ] 1772718526.178401 2 1
[RUNNING_REQ] 1772718526.339097 3 1
[RUNNING_REQ] 1772718526.479640 4 1
[RUNNING_REQ] 1772718526.747265 5 0
[RUNNING_REQ] 1772718526.946972 5 1
[RUNNING_REQ] 1772718527.542786 0 0
[RUNNING_REQ] 1772718527.977280 1 1
[RUNNING_REQ] 1772718528.132911 2 1
[RUNNING_REQ] 1772718528.446764 2 1
[RUNNING_REQ] 1772718528.595699 4 0
[RUNNING_REQ] 1772718528.803895 5 1
[RUNNING_REQ] 1772718528.948509 6 0
[RUNNING_REQ] 1772718529.073952 6 1
[RUNNING_REQ] 1772718529.292658 7 1
[RUNNING_REQ] 1772718529.427121 7 1
[RUNNING_REQ] 1772718530.442349 0 0
[RUNNING_REQ] 1772718530.642011 0 1
[RUNNING_REQ] 1772718530.770189 1 0
[RUNNING_REQ] 1772718530.920815 1 1
[RUNNING_REQ] 1772718531.135958 2 1
[RUNNING_REQ] 1772718531.275566 3 0
[RUNNING_REQ] 1772718531.419051 3 1
[RUNNING_REQ] 1772718531.569847 5 1
[RUNNING_REQ] 1772718532.282893 1 0
[RUNNING_REQ] 1772718532.538073 2 0
[RUNNING_REQ] 1772718532.745986 2 0
[RUNNING_REQ] 1772718532.969809 2 1
[RUNNING_REQ] 1772718533.225801 3 1
[RUNNING_REQ] 1772718533.374893 3 1
[RUNNING_REQ] 1772718533.864220 2 0
[RUNNING_REQ] 1772718534.283054 1 0
[RUNNING_REQ] 1772718534.513177 2 1
[RUNNING_REQ] 1772718534.685277 3 1
[RUNNING_REQ] 1772718535.104326 2 1
[RUNNING_REQ] 1772718535.259906 2 0
[RUNNING_REQ] 1772718535.592835 4 1
[RUNNING_REQ] 1772718535.801615 4 1
[RUNNING_REQ] 1772718536.080200 7 0
[RUNNING_REQ] 1772718536.859282 1 0
[RUNNING_REQ] 1772718537.063251 1 1
[RUNNING_REQ] 1772718537.293430 2 0
[RUNNING_REQ] 1772718537.521264 1 1
[RUNNING_REQ] 1772718537.725710 2 1
[RUNNING_REQ] 1772718537.869220 3 1
[RUNNING_REQ] 1772718538.028165 4 1
[RUNNING_REQ] 1772718538.176802 5 1
[RUNNING_REQ] 1772718538.322388 6 0
[RUNNING_REQ] 1772718539.161077 0 1
[RUNNING_REQ] 1772718539.360957 0 1
[RUNNING_REQ] 1772718539.698214 1 1
[RUNNING_REQ] 1772718539.921624 2 1
[RUNNING_REQ] 1772718540.048343 2 1
[RUNNING_REQ] 1772718540.204463 3 1
[RUNNING_REQ] 1772718540.394897 3 1
[RUNNING_REQ] 1772718540.673825 3 0
[RUNNING_REQ] 1772718540.853233 2 1
[RUNNING_REQ] 1772718541.167770 1 0
[RUNNING_REQ] 1772718541.503804 1 1
[RUNNING_REQ] 1772718541.855882 1 1
[RUNNING_REQ] 1772718542.083016 2 1
[RUNNING_REQ] 1772718542.229388 4 0
[RUNNING_REQ] 1772718542.549877 3 1
[RUNNING_REQ] 1772718542.849417 3 1
[RUNNING_REQ] 1772718543.236096 4 0
[RUNNING_REQ] 1772718543.792241 1 1
[RUNNING_REQ] 1772718544.012509 2 1
[RUNNING_REQ] 1772718544.145653 3 0
[RUNNING_REQ] 1772718544.537198 3 0
[RUNNING_REQ] 1772718545.319025 0 0
[RUNNING_REQ] 1772718545.535397 0 1
[RUNNING_REQ] 1772718545.675554 1 1
[RUNNING_REQ] 1772718545.805671 2 1
[RUNNING_REQ] 1772718545.961624 3 0
[RUNNING_REQ] 1772718546.089933 3 1
[RUNNING_REQ] 1772718546.298711 4 1
[RUNNING_REQ] 1772718546.458843 5 1
[RUNNING_REQ] 1772718546.671769 6 1
[RUNNING_REQ] 1772718546.894894 6 2
[RUNNING_REQ] 1772718547.206349 8 0
[RUNNING_REQ] 1772718547.728163 6 1
[RUNNING_REQ] 1772718548.356910 0 1
[RUNNING_REQ] 1772718548.690974 1 0
[RUNNING_REQ] 1772718548.905652 2 0
[RUNNING_REQ] 1772718549.052258 2 1
[RUNNING_REQ] 1772718549.267529 4 1
[RUNNING_REQ] 1772718549.411359 4 1
[RUNNING_REQ] 1772718549.679747 4 0
[RUNNING_REQ] 1772718550.189351 2 0
[RUNNING_REQ] 1772718550.386741 2 0
[RUNNING_REQ] 1772718550.589802 1 1
[RUNNING_REQ] 1772718550.738914 1 1
[RUNNING_REQ] 1772718550.933660 3 0
[RUNNING_REQ] 1772718551.134641 2 1
[RUNNING_REQ] 1772718551.345026 3 1
[RUNNING_REQ] 1772718551.489864 3 1
[RUNNING_REQ] 1772718551.755836 5 1
[RUNNING_REQ] 1772718551.903311 5 1
[RUNNING_REQ] 1772718552.089801 5 1
[RUNNING_REQ] 1772718552.236166 6 1
[RUNNING_REQ] 1772718552.387460 7 1
[RUNNING_REQ] 1772718552.605163 7 2
[RUNNING_REQ] 1772718552.875859 9 2
[RUNNING_REQ] 1772718553.088307 9 2
[RUNNING_REQ] 1772718553.249152 10 2
[RUNNING_REQ] 1772718553.538362 11 1
[RUNNING_REQ] 1772718553.692621 12 1
[RUNNING_REQ] 1772718553.900387 13 1
[RUNNING_REQ] 1772718555.506107 0 0
[RUNNING_REQ] 1772718555.715335 0 1
[RUNNING_REQ] 1772718555.931653 1 1
[RUNNING_REQ] 1772718556.063793 2 1
[RUNNING_REQ] 1772718556.207402 2 1
[RUNNING_REQ] 1772718556.337367 4 0
[RUNNING_REQ] 1772718556.536458 3 1
[RUNNING_REQ] 1772718556.722774 3 1
[RUNNING_REQ] 1772718556.923084 3 1
[RUNNING_REQ] 1772718557.110847 4 0
[RUNNING_REQ] 1772718557.314416 3 1
[RUNNING_REQ] 1772718557.693651 1 1
[RUNNING_REQ] 1772718557.953128 2 0
[RUNNING_REQ] 1772718558.300870 3 1
[RUNNING_REQ] 1772718558.560895 3 0
[RUNNING_REQ] 1772718558.729445 3 1
[RUNNING_REQ] 1772718558.998569 4 0
[RUNNING_REQ] 1772718559.291498 5 1
[RUNNING_REQ] 1772718559.507892 6 1
[RUNNING_REQ] 1772718560.190895 0 0
[RUNNING_REQ] 1772718560.534057 1 1
[RUNNING_REQ] 1772718560.731003 2 1
[RUNNING_REQ] 1772718560.890669 3 0
[RUNNING_REQ] 1772718561.037681 4 1
[RUNNING_REQ] 1772718561.195754 4 1
[RUNNING_REQ] 1772718561.466659 4 2
[RUNNING_REQ] 1772718561.616856 6 2
[RUNNING_REQ] 1772718561.844719 7 1
[RUNNING_REQ] 1772718562.096525 8 1
[RUNNING_REQ] 1772718562.330934 9 1
[RUNNING_REQ] 1772718563.249868 1 0
[RUNNING_REQ] 1772718563.444726 1 0
[RUNNING_REQ] 1772718563.590010 1 1
[RUNNING_REQ] 1772718563.804142 2 1
[RUNNING_REQ] 1772718563.956616 3 0
[RUNNING_REQ] 1772718564.167281 3 1
[RUNNING_REQ] 1772718564.353964 4 1
[RUNNING_REQ] 1772718564.559407 6 0
[RUNNING_REQ] 1772718565.157729 1 0
[RUNNING_REQ] 1772718565.367152 2 0
[RUNNING_REQ] 1772718565.524915 2 1
[RUNNING_REQ] 1772718565.673338 2 1
[RUNNING_REQ] 1772718565.958864 3 1
[RUNNING_REQ] 1772718566.107258 4 0
[RUNNING_REQ] 1772718566.295039 4 1
[RUNNING_REQ] 1772718566.458719 5 2
[RUNNING_REQ] 1772718566.683333 7 0
[RUNNING_REQ] 1772718566.891534 8 0
[RUNNING_REQ] 1772718567.042750 8 1
[RUNNING_REQ] 1772718567.201232 9 1
[RUNNING_REQ] 1772718568.449321 0 0
[RUNNING_REQ] 1772718568.667068 1 0
[RUNNING_REQ] 1772718568.815242 1 1
[RUNNING_REQ] 1772718569.007274 2 1
[RUNNING_REQ] 1772718569.171749 3 1
[RUNNING_REQ] 1772718569.324677 4 0
[RUNNING_REQ] 1772718569.449315 5 0
[RUNNING_REQ] 1772718569.716957 2 0
[RUNNING_REQ] 1772718570.240829 1 1
[RUNNING_REQ] 1772718570.383424 2 1
[RUNNING_REQ] 1772718570.534754 3 1
[RUNNING_REQ] 1772718570.696630 4 1
[RUNNING_REQ] 1772718571.093305 1 0
[RUNNING_REQ] 1772718571.459230 1 1
[RUNNING_REQ] 1772718571.693158 2 0
[RUNNING_REQ] 1772718571.880383 3 0
[RUNNING_REQ] 1772718572.644278 0 0
[RUNNING_REQ] 1772718572.857670 1 0
[RUNNING_REQ] 1772718573.026942 2 0
[RUNNING_REQ] 1772718573.289395 2 1
[RUNNING_REQ] 1772718573.474363 2 1
[RUNNING_REQ] 1772718573.627463 3 1
[RUNNING_REQ] 1772718573.794255 5 0
[RUNNING_REQ] 1772718573.978290 4 1
[RUNNING_REQ] 1772718574.485999 2 0
[RUNNING_REQ] 1772718574.926907 2 0
[RUNNING_REQ] 1772718575.142490 2 1
[RUNNING_REQ] 1772718575.299626 3 0
[RUNNING_REQ] 1772718575.497081 2 1
[RUNNING_REQ] 1772718575.720814 2 0
[RUNNING_REQ] 1772718576.201841 2 1
[RUNNING_REQ] 1772718576.694364 1 1
[RUNNING_REQ] 1772718576.982336 2 1
[RUNNING_REQ] 1772718577.190998 3 1
[RUNNING_REQ] 1772718577.327772 4 1
[RUNNING_REQ] 1772718577.480389 4 1
[RUNNING_REQ] 1772718577.629367 5 2
[RUNNING_REQ] 1772718577.775046 7 0
[RUNNING_REQ] 1772718578.111469 6 0
[RUNNING_REQ] 1772718579.029152 0 1
[RUNNING_REQ] 1772718579.171274 2 0
[RUNNING_REQ] 1772718579.393179 2 0
[RUNNING_REQ] 1772718579.509218 2 1
[RUNNING_REQ] 1772718579.785721 2 0
[RUNNING_REQ] 1772718580.033757 1 0
[RUNNING_REQ] 1772718580.178741 2 0
[RUNNING_REQ] 1772718580.372375 1 1
[RUNNING_REQ] 1772718580.519534 2 1
[RUNNING_REQ] 1772718580.677587 4 0
[RUNNING_REQ] 1772718581.042427 4 1
[RUNNING_REQ] 1772718581.197083 5 1
[RUNNING_REQ] 1772718581.510849 4 0
[RUNNING_REQ] 1772718581.701894 3 1
[RUNNING_REQ] 1772718581.967040 2 0
[RUNNING_REQ] 1772718582.424055 2 0
[RUNNING_REQ] 1772718582.629864 3 0
[RUNNING_REQ] 1772718582.782436 3 0
[RUNNING_REQ] 1772718583.099615 3 1
[RUNNING_REQ] 1772718583.522499 2 1
[RUNNING_REQ] 1772718583.739732 3 1
[RUNNING_REQ] 1772718584.024680 4 1
[RUNNING_REQ] 1772718584.366358 5 1
[RUNNING_REQ] 1772718584.767270 5 1
[RUNNING_REQ] 1772718584.968176 5 1
[RUNNING_REQ] 1772718585.503221 1 0
[RUNNING_REQ] 1772718585.861956 2 1
[RUNNING_REQ] 1772718586.208221 3 1
[RUNNING_REQ] 1772718586.420007 4 1
[RUNNING_REQ] 1772718586.570233 5 0
[RUNNING_REQ] 1772718586.691220 4 1
[RUNNING_REQ] 1772718586.841968 5 1
[RUNNING_REQ] 1772718587.139352 4 1
[RUNNING_REQ] 1772718587.454991 5 0
[RUNNING_REQ] 1772718588.313187 1 0
[RUNNING_REQ] 1772718588.523286 1 1
[RUNNING_REQ] 1772718588.654922 2 1
[RUNNING_REQ] 1772718588.828881 3 1
[RUNNING_REQ] 1772718588.962079 3 1
[RUNNING_REQ] 1772718589.150343 3 1
[RUNNING_REQ] 1772718589.373187 4 0
[RUNNING_REQ] 1772718589.712342 3 1
[RUNNING_REQ] 1772718589.865992 4 1
[RUNNING_REQ] 1772718590.060050 5 1
[RUNNING_REQ] 1772718590.212219 5 1
[RUNNING_REQ] 1772718590.536881 5 1
[RUNNING_REQ] 1772718590.709146 6 0
[RUNNING_REQ] 1772718590.856543 7 0
[RUNNING_REQ] 1772718591.070705 7 1
[RUNNING_REQ] 1772718591.357855 7 1
[RUNNING_REQ] 1772718591.513216 8 1
[RUNNING_REQ] 1772718591.821769 8 2
[RUNNING_REQ] 1772718591.972059 8 2
[RUNNING_REQ] 1772718592.268656 9 1
[RUNNING_REQ] 1772718593.118542 0 0
[RUNNING_REQ] 1772718593.328751 1 0
[RUNNING_REQ] 1772718593.489214 1 1
[RUNNING_REQ] 1772718593.742801 3 0
[RUNNING_REQ] 1772718593.929677 3 1
[RUNNING_REQ] 1772718594.166045 1 0
[RUNNING_REQ] 1772718594.625114 1 1
[RUNNING_REQ] 1772718594.810850 1 1
[RUNNING_REQ] 1772718595.027900 3 0
[RUNNING_REQ] 1772718595.877970 0 1
[RUNNING_REQ] 1772718596.094869 2 0
[RUNNING_REQ] 1772718596.243819 3 0
[RUNNING_REQ] 1772718596.527529 2 1
[RUNNING_REQ] 1772718596.827405 1 1
[RUNNING_REQ] 1772718597.036355 2 1
[RUNNING_REQ] 1772718597.194316 3 1
[RUNNING_REQ] 1772718597.339809 3 1
[RUNNING_REQ] 1772718597.617486 6 0
[RUNNING_REQ] 1772718598.236981 1 0
[RUNNING_REQ] 1772718598.455743 1 1
[RUNNING_REQ] 1772718598.599510 3 0
[RUNNING_REQ] 1772718598.895928 2 1
[RUNNING_REQ] 1772718599.183447 1 1
[RUNNING_REQ] 1772718599.382909 1 1
[RUNNING_REQ] 1772718599.599454 2 1
[RUNNING_REQ] 1772718599.867511 3 1
[RUNNING_REQ] 1772718600.020489 4 1
[RUNNING_REQ] 1772718600.223452 4 1
[RUNNING_REQ] 1772718600.481556 3 0
[RUNNING_REQ] 1772718600.892252 0 0
[RUNNING_REQ] 1772718601.107375 1 0
[RUNNING_REQ] 1772718601.340100 3 0
[RUNNING_REQ] 1772718601.547633 3 0
[RUNNING_REQ] 1772718601.961389 1 1
[RUNNING_REQ] 1772718602.117319 2 1
[RUNNING_REQ] 1772718602.265250 3 0
[RUNNING_REQ] 1772718602.593001 3 1
[RUNNING_REQ] 1772718602.956209 2 0
[RUNNING_REQ] 1772718603.309057 1 1
[RUNNING_REQ] 1772718603.469502 2 0
[RUNNING_REQ] 1772718603.660681 2 1
[RUNNING_REQ] 1772718603.874215 3 1
[RUNNING_REQ] 1772718604.019049 4 1
[RUNNING_REQ] 1772718604.192691 4 0
[RUNNING_REQ] 1772718604.887208 1 0
[RUNNING_REQ] 1772718605.096577 2 0
[RUNNING_REQ] 1772718605.287314 1 1
[RUNNING_REQ] 1772718605.442364 2 1
[RUNNING_REQ] 1772718605.652912 2 1
[RUNNING_REQ] 1772718605.772290 2 1
[RUNNING_REQ] 1772718605.981255 4 1
[RUNNING_REQ] 1772718606.152939 5 0
[RUNNING_REQ] 1772718606.739770 1 0
[RUNNING_REQ] 1772718607.129784 2 0
[RUNNING_REQ] 1772718607.514369 1 0
[RUNNING_REQ] 1772718607.714873 1 1
[RUNNING_REQ] 1772718607.877595 3 0
[RUNNING_REQ] 1772718608.148794 3 1
[RUNNING_REQ] 1772718608.359211 4 1
[RUNNING_REQ] 1772718608.520685 5 1
[RUNNING_REQ] 1772718608.833048 2 0
[RUNNING_REQ] 1772718609.455154 2 0
[RUNNING_REQ] 1772718609.662397 1 1
[RUNNING_REQ] 1772718609.859475 1 1
[RUNNING_REQ] 1772718610.116770 3 0
[RUNNING_REQ] 1772718610.287899 4 1
[RUNNING_REQ] 1772718610.627953 5 1
[RUNNING_REQ] 1772718610.788732 5 1
[RUNNING_REQ] 1772718611.455059 0 1
[RUNNING_REQ] 1772718611.673723 1 1
[RUNNING_REQ] 1772718611.882247 3 0
[RUNNING_REQ] 1772718612.111278 4 0
[RUNNING_REQ] 1772718613.153100 0 1
[RUNNING_REQ] 1772718613.375785 2 0
[RUNNING_REQ] 1772718613.540175 2 1
[RUNNING_REQ] 1772718613.697557 3 1
[RUNNING_REQ] 1772718613.988316 4 0
[RUNNING_REQ] 1772718614.183571 4 1
[RUNNING_REQ] 1772718614.511742 4 1
[RUNNING_REQ] 1772718614.957090 4 0
[RUNNING_REQ] 1772718615.281208 2 0
[RUNNING_REQ] 1772718615.730742 1 1
[RUNNING_REQ] 1772718615.941998 2 1
[RUNNING_REQ] 1772718616.095085 3 1
[RUNNING_REQ] 1772718616.234671 4 0
[RUNNING_REQ] 1772718616.381038 4 1
[RUNNING_REQ] 1772718616.528176 5 1
[RUNNING_REQ] 1772718616.674228 6 1
[RUNNING_REQ] 1772718616.978515 8 1
[RUNNING_REQ] 1772718617.146704 8 1
[RUNNING_REQ] 1772718617.513194 9 0
[RUNNING_REQ] 1772718617.759427 8 1
[RUNNING_REQ] 1772718618.756235 0 1
[RUNNING_REQ] 1772718618.952953 1 1
[RUNNING_REQ] 1772718619.123216 3 0
[RUNNING_REQ] 1772718619.624919 2 1
[RUNNING_REQ] 1772718619.835655 2 1
[RUNNING_REQ] 1772718620.017982 2 1
[RUNNING_REQ] 1772718620.216197 3 0
[RUNNING_REQ] 1772718620.685716 1 0
[RUNNING_REQ] 1772718620.850877 2 0
[RUNNING_REQ] 1772718621.044352 1 1
[RUNNING_REQ] 1772718621.325539 3 0
[RUNNING_REQ] 1772718621.678727 4 0
[RUNNING_REQ] 1772718622.222947 1 1
[RUNNING_REQ] 1772718622.541186 1 1
[RUNNING_REQ] 1772718622.928905 1 1
[RUNNING_REQ] 1772718623.146729 2 1
[RUNNING_REQ] 1772718623.284535 3 1
[RUNNING_REQ] 1772718623.437162 4 0
[RUNNING_REQ] 1772718623.588121 4 1
[RUNNING_REQ] 1772718623.732901 5 1
[RUNNING_REQ] 1772718623.892658 5 1
[RUNNING_REQ] 1772718624.083302 6 1
[RUNNING_REQ] 1772718624.218025 6 1
[RUNNING_REQ] 1772718624.427906 7 1
[RUNNING_REQ] 1772718624.584081 9 1
[RUNNING_REQ] 1772718624.801883 11 0
[RUNNING_REQ] 1772718625.962787 1 0
[RUNNING_REQ] 1772718626.180820 1 1
[RUNNING_REQ] 1772718626.331611 2 1
[RUNNING_REQ] 1772718626.543505 2 1
[RUNNING_REQ] 1772718626.700081 3 1
[RUNNING_REQ] 1772718626.877290 5 0
[RUNNING_REQ] 1772718627.064140 5 1
[RUNNING_REQ] 1772718627.243435 6 0
[RUNNING_REQ] 1772718627.700668 3 0
[RUNNING_REQ] 1772718628.175850 1 1
[RUNNING_REQ] 1772718628.840899 0 0
[RUNNING_REQ] 1772718629.050597 0 1
[RUNNING_REQ] 1772718629.207915 2 0
[RUNNING_REQ] 1772718629.373335 3 0
[RUNNING_REQ] 1772718629.510784 3 1
[RUNNING_REQ] 1772718629.653948 4 1
[RUNNING_REQ] 1772718629.827419 6 0
[RUNNING_REQ] 1772718630.468035 0 1
[RUNNING_REQ] 1772718630.749627 2 0
[RUNNING_REQ] 1772718630.965547 2 1
[RUNNING_REQ] 1772718631.120020 2 0
[RUNNING_REQ] 1772718631.371118 2 0
[RUNNING_REQ] 1772718631.605141 1 0
[RUNNING_REQ] 1772718631.799003 2 0
[RUNNING_REQ] 1772718631.961634 2 0
[RUNNING_REQ] 1772718632.334345 1 0
[RUNNING_REQ] 1772718632.713446 2 0
[RUNNING_REQ] 1772718632.913562 1 1
[RUNNING_REQ] 1772718633.068360 3 0
[RUNNING_REQ] 1772718633.499650 2 0
[RUNNING_REQ] 1772718633.829633 3 0
[RUNNING_REQ] 1772718634.353276 1 0
[RUNNING_REQ] 1772718634.727789 1 0
[RUNNING_REQ] 1772718634.868020 1 1
[RUNNING_REQ] 1772718635.021451 1 1
[RUNNING_REQ] 1772718635.238579 3 1
[RUNNING_REQ] 1772718635.373917 3 1
[RUNNING_REQ] 1772718635.525240 3 2
[RUNNING_REQ] 1772718635.826633 6 1
[RUNNING_REQ] 1772718636.477584 0 0
[RUNNING_REQ] 1772718636.693458 1 0
[RUNNING_REQ] 1772718636.845094 1 1
[RUNNING_REQ] 1772718637.120699 2 1
[RUNNING_REQ] 1772718637.328186 3 1
[RUNNING_REQ] 1772718637.613468 4 0
[RUNNING_REQ] 1772718638.160391 1 1
[RUNNING_REQ] 1772718638.400384 1 0
[RUNNING_REQ] 1772718638.618995 1 0
[RUNNING_REQ] 1772718638.901818 3 0
[RUNNING_REQ] 1772718639.100728 2 1
[RUNNING_REQ] 1772718639.323524 3 0
[RUNNING_REQ] 1772718639.635873 3 1
[RUNNING_REQ] 1772718639.883394 3 1
[RUNNING_REQ] 1772718640.089190 4 0
[RUNNING_REQ] 1772718640.257056 4 0
[RUNNING_REQ] 1772718640.383544 4 1
[RUNNING_REQ] 1772718640.816676 2 0
[RUNNING_REQ] 1772718641.376561 0 0
[RUNNING_REQ] 1772718641.679299 0 1
[RUNNING_REQ] 1772718641.887850 1 1
[RUNNING_REQ] 1772718642.038898 2 2
[RUNNING_REQ] 1772718642.205014 5 0
[RUNNING_REQ] 1772718643.196862 0 1
[RUNNING_REQ] 1772718643.424421 2 0
[RUNNING_REQ] 1772718643.569984 3 0
[RUNNING_REQ] 1772718643.709529 3 0
[RUNNING_REQ] 1772718644.118924 2 0
[RUNNING_REQ] 1772718644.314176 1 0
[RUNNING_REQ] 1772718644.707434 2 0
[RUNNING_REQ] 1772718644.911306 2 0
[RUNNING_REQ] 1772718645.118800 1 1
[RUNNING_REQ] 1772718645.387802 1 0
[RUNNING_REQ] 1772718645.588796 1 0
[RUNNING_REQ] 1772718645.749734 1 1
[RUNNING_REQ] 1772718645.912673 2 1
[RUNNING_REQ] 1772718646.118263 3 1
[RUNNING_REQ] 1772718646.270344 5 0
[RUNNING_REQ] 1772718646.563387 4 0
[RUNNING_REQ] 1772718646.779157 5 0
[RUNNING_REQ] 1772718647.203748 1 0
[RUNNING_REQ] 1772718647.695221 1 1
[RUNNING_REQ] 1772718647.883984 1 1
[RUNNING_REQ] 1772718648.047771 3 0
[RUNNING_REQ] 1772718648.254822 4 0
[RUNNING_REQ] 1772718648.402270 3 0
[RUNNING_REQ] 1772718648.815032 1 0
[RUNNING_REQ] 1772718648.976192 1 1
[RUNNING_REQ] 1772718649.146244 1 1
[RUNNING_REQ] 1772718649.311844 3 0
[RUNNING_REQ] 1772718649.523203 2 1
[RUNNING_REQ] 1772718649.730848 2 1
[RUNNING_REQ] 1772718649.892058 3 1
[RUNNING_REQ] 1772718650.210898 3 0
[RUNNING_REQ] 1772718650.558828 5 1
[RUNNING_REQ] 1772718650.704839 5 1
[RUNNING_REQ] 1772718651.049261 4 0
[RUNNING_REQ] 1772718651.290648 2 1
[RUNNING_REQ] 1772718651.695857 1 1
[RUNNING_REQ] 1772718651.905564 1 1
[RUNNING_REQ] 1772718652.068977 2 1
[RUNNING_REQ] 1772718652.273642 4 0
[RUNNING_REQ] 1772718652.403313 3 1
[RUNNING_REQ] 1772718652.575634 4 1
[RUNNING_REQ] 1772718652.784081 4 1
[RUNNING_REQ] 1772718652.950487 5 0
[RUNNING_REQ] 1772718653.566834 0 1
[RUNNING_REQ] 1772718653.728044 2 0
[RUNNING_REQ] 1772718653.941318 2 1
[RUNNING_REQ] 1772718654.108902 2 0
[RUNNING_REQ] 1772718654.401348 2 1
[RUNNING_REQ] 1772718655.127223 1 0
[RUNNING_REQ] 1772718655.345915 1 0
[RUNNING_REQ] 1772718655.462944 2 0
[RUNNING_REQ] 1772718655.669446 2 1
[RUNNING_REQ] 1772718655.803471 3 0
[RUNNING_REQ] 1772718656.581336 0 0
[RUNNING_REQ] 1772718656.744665 0 1
[RUNNING_REQ] 1772718656.921010 0 1
[RUNNING_REQ] 1772718657.073359 2 0
[RUNNING_REQ] 1772718657.303578 3 0
[RUNNING_REQ] 1772718657.619094 2 0
[RUNNING_REQ] 1772718658.073312 2 0
[RUNNING_REQ] 1772718658.271594 1 1
[RUNNING_REQ] 1772718658.479028 2 1
[RUNNING_REQ] 1772718658.631273 1 1
[RUNNING_REQ] 1772718658.853426 3 0
[RUNNING_REQ] 1772718659.042811 2 1
[RUNNING_REQ] 1772718659.205423 3 1
[RUNNING_REQ] 1772718659.446317 3 0
[RUNNING_REQ] 1772718659.641670 2 1
[RUNNING_REQ] 1772718659.893364 2 0
[RUNNING_REQ] 1772718660.053790 2 1
[RUNNING_REQ] 1772718660.269520 3 0
[RUNNING_REQ] 1772718660.610359 4 0
[RUNNING_REQ] 1772718660.836707 2 1
[RUNNING_REQ] 1772718661.044802 3 1
[RUNNING_REQ] 1772718661.183360 3 1
[RUNNING_REQ] 1772718661.407101 4 1
[RUNNING_REQ] 1772718661.666203 5 0
[RUNNING_REQ] 1772718661.818266 5 1
[RUNNING_REQ] 1772718662.025567 7 1
[RUNNING_REQ] 1772718662.197451 8 1
[RUNNING_REQ] 1772718663.253344 1 0
[RUNNING_REQ] 1772718663.478570 2 0
[RUNNING_REQ] 1772718663.625002 2 1
[RUNNING_REQ] 1772718663.875605 3 1
[RUNNING_REQ] 1772718664.078346 4 0
[RUNNING_REQ] 1772718664.384653 1 0
[RUNNING_REQ] 1772718664.625128 0 1
[RUNNING_REQ] 1772718664.783695 2 0
[RUNNING_REQ] 1772718665.006748 2 0
[RUNNING_REQ] 1772718665.391372 2 0
[RUNNING_REQ] 1772718665.607671 1 1
[RUNNING_REQ] 1772718665.758176 2 1
[RUNNING_REQ] 1772718665.911199 3 0
[RUNNING_REQ] 1772718666.104728 3 1
[RUNNING_REQ] 1772718666.928272 0 0
[RUNNING_REQ] 1772718667.141149 0 1
[RUNNING_REQ] 1772718667.306726 2 0
[RUNNING_REQ] 1772718667.646329 2 0
[RUNNING_REQ] 1772718667.831398 1 0
[RUNNING_REQ] 1772718668.072034 1 1
[RUNNING_REQ] 1772718668.227880 2 0
[RUNNING_REQ] 1772718668.502176 3 1
[RUNNING_REQ] 1772718668.991544 1 1
[RUNNING_REQ] 1772718669.192128 1 1
[RUNNING_REQ] 1772718669.429290 3 0
[RUNNING_REQ] 1772718669.813208 2 0
[RUNNING_REQ] 1772718670.018663 1 1
[RUNNING_REQ] 1772718670.229275 3 0
[RUNNING_REQ] 1772718670.351536 2 1
[RUNNING_REQ] 1772718670.497372 3 1
[RUNNING_REQ] 1772718670.663451 4 1
[RUNNING_REQ] 1772718671.209996 2 1
[RUNNING_REQ] 1772718671.425595 2 1
[RUNNING_REQ] 1772718671.633680 2 1
[RUNNING_REQ] 1772718671.851765 3 0
[RUNNING_REQ] 1772718672.102647 1 0
[RUNNING_REQ] 1772718672.501514 1 1
[RUNNING_REQ] 1772718672.726029 2 0
[RUNNING_REQ] 1772718672.863582 2 1
[RUNNING_REQ] 1772718673.374164 1 0
[RUNNING_REQ] 1772718673.708853 2 0
[RUNNING_REQ] 1772718673.938078 2 1
[RUNNING_REQ] 1772718674.073070 2 1
[RUNNING_REQ] 1772718674.233224 3 1
[RUNNING_REQ] 1772718674.428160 3 1
[RUNNING_REQ] 1772718674.590895 4 1
[RUNNING_REQ] 1772718674.751060 4 1
[RUNNING_REQ] 1772718674.966537 6 1
[RUNNING_REQ] 1772718675.306297 6 0
[RUNNING_REQ] 1772718676.005991 1 1
[RUNNING_REQ] 1772718676.820783 0 0
[RUNNING_REQ] 1772718677.035054 0 1
[RUNNING_REQ] 1772718677.198092 2 0
[RUNNING_REQ] 1772718677.415376 3 1
[RUNNING_REQ] 1772718677.571740 3 0
[RUNNING_REQ] 1772718678.127092 1 0
[RUNNING_REQ] 1772718678.293762 1 1
[RUNNING_REQ] 1772718678.486981 2 1
[RUNNING_REQ] 1772718678.652578 4 0
[RUNNING_REQ] 1772718679.208406 1 0
[RUNNING_REQ] 1772718679.501455 1 1
[RUNNING_REQ] 1772718679.665993 2 1
[RUNNING_REQ] 1772718679.892572 3 1
[RUNNING_REQ] 1772718680.225959 3 1
[RUNNING_REQ] 1772718680.785661 0 1
[RUNNING_REQ] 1772718680.996938 1 1
[RUNNING_REQ] 1772718681.280912 2 1
[RUNNING_REQ] 1772718681.507767 3 1
[RUNNING_REQ] 1772718681.791539 4 1
[RUNNING_REQ] 1772718681.992276 4 1
[RUNNING_REQ] 1772718682.155707 6 0
[RUNNING_REQ] 1772718682.685399 2 1
[RUNNING_REQ] 1772718682.864959 2 1
[RUNNING_REQ] 1772718683.032619 4 0
[RUNNING_REQ] 1772718683.235714 3 1
[RUNNING_REQ] 1772718683.444965 3 0
[RUNNING_REQ] 1772718683.963350 1 0
[RUNNING_REQ] 1772718684.190205 2 0
[RUNNING_REQ] 1772718684.388891 1 1
[RUNNING_REQ] 1772718684.807182 1 0
[RUNNING_REQ] 1772718685.083258 0 1
[RUNNING_REQ] 1772718685.245921 2 0
[RUNNING_REQ] 1772718685.454399 2 1
[RUNNING_REQ] 1772718685.599799 3 1
[RUNNING_REQ] 1772718685.736178 4 0
[RUNNING_REQ] 1772718685.890333 3 1
[RUNNING_REQ] 1772718686.109850 5 0
[RUNNING_REQ] 1772718686.634966 2 0
[RUNNING_REQ] 1772718686.826165 2 0
[RUNNING_REQ] 1772718687.485770 0 0
[RUNNING_REQ] 1772718687.636228 0 1
[RUNNING_REQ] 1772718687.791459 2 0
[RUNNING_REQ] 1772718687.996661 2 1
[RUNNING_REQ] 1772718688.164321 3 1
[RUNNING_REQ] 1772718688.315609 4 0
[RUNNING_REQ] 1772718688.483820 5 1
[RUNNING_REQ] 1772718688.780542 7 0
[RUNNING_REQ] 1772718689.106143 2 0
[RUNNING_REQ] 1772718689.640783 1 1
[RUNNING_REQ] 1772718689.795910 2 0
[RUNNING_REQ] 1772718690.011929 2 1
[RUNNING_REQ] 1772718690.164581 3 2
[RUNNING_REQ] 1772718690.314134 4 1
[RUNNING_REQ] 1772718690.806410 1 0
[RUNNING_REQ] 1772718691.272892 2 0
[RUNNING_REQ] 1772718691.467720 1 1
[RUNNING_REQ] 1772718691.627656 3 0
[RUNNING_REQ] 1772718691.831450 2 1
[RUNNING_REQ] 1772718691.995814 3 1
[RUNNING_REQ] 1772718692.164603 4 1
[RUNNING_REQ] 1772718692.415804 3 1
[RUNNING_REQ] 1772718692.662011 2 0
[RUNNING_REQ] 1772718692.887140 2 0
[RUNNING_REQ] 1772718693.092681 1 1
[RUNNING_REQ] 1772718693.299198 1 1
[RUNNING_REQ] 1772718693.503890 3 0
[RUNNING_REQ] 1772718693.646257 2 1
[RUNNING_REQ] 1772718693.845943 3 1
[RUNNING_REQ] 1772718693.980996 3 1
[RUNNING_REQ] 1772718694.345896 1 0
[RUNNING_REQ] 1772718694.585415 0 1
[RUNNING_REQ] 1772718694.760662 2 1
[RUNNING_REQ] 1772718694.988808 3 1
[RUNNING_REQ] 1772718695.202111 5 0
[RUNNING_REQ] 1772718695.774569 1 0
[RUNNING_REQ] 1772718696.078326 2 0
[RUNNING_REQ] 1772718696.817879 0 1
[RUNNING_REQ] 1772718697.039940 1 1
[RUNNING_REQ] 1772718697.192029 2 0
[RUNNING_REQ] 1772718697.425227 3 0
[RUNNING_REQ] 1772718697.698638 4 1
[RUNNING_REQ] 1772718697.978563 3 0
[RUNNING_REQ] 1772718698.217378 2 0
[RUNNING_REQ] 1772718698.413573 2 0
[RUNNING_REQ] 1772718698.608394 1 1
[RUNNING_REQ] 1772718698.817828 2 1
[RUNNING_REQ] 1772718698.936598 3 0
[RUNNING_REQ] 1772718699.194182 3 1
[RUNNING_REQ] 1772718699.374275 2 1
[RUNNING_REQ] 1772718699.838852 1 1
[RUNNING_REQ] 1772718700.049049 2 1
[RUNNING_REQ] 1772718700.219384 2 0
[RUNNING_REQ] 1772718700.427636 2 0
[RUNNING_REQ] 1772718700.736866 1 0
[RUNNING_REQ] 1772718700.948832 1 1
[RUNNING_REQ] 1772718701.115412 2 1
[RUNNING_REQ] 1772718701.359341 4 0
[RUNNING_REQ] 1772718701.560047 4 0
[RUNNING_REQ] 1772718701.998804 0 0
[RUNNING_REQ] 1772718702.206834 0 1
[RUNNING_REQ] 1772718702.371187 1 1
[RUNNING_REQ] 1772718702.577236 3 0
[RUNNING_REQ] 1772718702.760139 4 0
[RUNNING_REQ] 1772718703.090426 3 1
[RUNNING_REQ] 1772718703.486789 4 0
[RUNNING_REQ] 1772718703.950965 1 0
[RUNNING_REQ] 1772718704.287216 2 1
[RUNNING_REQ] 1772718704.451162 3 0
[RUNNING_REQ] 1772718704.688587 3 0
[RUNNING_REQ] 1772718705.110524 2 0
[RUNNING_REQ] 1772718705.474936 1 1
[RUNNING_REQ] 1772718705.628137 1 1
[RUNNING_REQ] 1772718706.573833 0 1
[RUNNING_REQ] 1772718706.803668 2 0
[RUNNING_REQ] 1772718706.975104 3 0
[RUNNING_REQ] 1772718707.288667 3 1
[RUNNING_REQ] 1772718707.432690 3 1
[RUNNING_REQ] 1772718707.648471 4 0
[RUNNING_REQ] 1772718708.133502 1 1
[RUNNING_REQ] 1772718708.306237 2 0
[RUNNING_REQ] 1772718708.557600 1 1
[RUNNING_REQ] 1772718708.776440 2 1
[RUNNING_REQ] 1772718708.945534 2 1
[RUNNING_REQ] 1772718709.201547 4 1
[RUNNING_REQ] 1772718709.416763 5 0
[RUNNING_REQ] 1772718709.656749 4 0
[RUNNING_REQ] 1772718709.975381 2 0
[RUNNING_REQ] 1772718710.172490 1 1
[RUNNING_REQ] 1772718710.364545 1 1
[RUNNING_REQ] 1772718710.526439 3 0
[RUNNING_REQ] 1772718710.746516 3 0
[RUNNING_REQ] 1772718711.178886 1 0
[RUNNING_REQ] 1772718711.391961 1 1
[RUNNING_REQ] 1772718711.593812 2 0
[RUNNING_REQ] 1772718711.815660 2 0
[RUNNING_REQ] 1772718711.942398 2 1
[RUNNING_REQ] 1772718712.140988 2 1
[RUNNING_REQ] 1772718712.434921 2 0
[RUNNING_REQ] 1772718712.700657 1 0
[RUNNING_REQ] 1772718712.915072 1 0
[RUNNING_REQ] 1772718713.102812 1 0
[RUNNING_REQ] 1772718713.420765 1 1
[RUNNING_REQ] 1772718713.574675 2 1
[RUNNING_REQ] 1772718713.736121 4 0
[RUNNING_REQ] 1772718714.196975 0 0
[RUNNING_REQ] 1772718714.694657 2 0
[RUNNING_REQ] 1772718714.925840 3 0
[RUNNING_REQ] 1772718715.053872 3 0
[RUNNING_REQ] 1772718715.928250 0 1
[RUNNING_REQ] 1772718716.149979 2 0
[RUNNING_REQ] 1772718716.311455 2 1
[RUNNING_REQ] 1772718716.463687 3 1
[RUNNING_REQ] 1772718716.622998 4 1
[RUNNING_REQ] 1772718716.777304 5 1
[RUNNING_REQ] 1772718716.937336 7 0
[RUNNING_REQ] 1772718717.335608 0 1
[RUNNING_REQ] 1772718718.136553 1 1
[RUNNING_REQ] 1772718718.286070 2 1
[RUNNING_REQ] 1772718718.494600 3 0
[RUNNING_REQ] 1772718718.625222 4 1
[RUNNING_REQ] 1772718718.796955 6 0
[RUNNING_REQ] 1772718718.953661 6 1
[RUNNING_REQ] 1772718719.115101 7 1
[RUNNING_REQ] 1772718719.958304 0 0
[RUNNING_REQ] 1772718720.167234 1 0
[RUNNING_REQ] 1772718720.321515 2 0
[RUNNING_REQ] 1772718720.485298 2 0
[RUNNING_REQ] 1772718720.796597 2 1
[RUNNING_REQ] 1772718720.994114 2 1
[RUNNING_REQ] 1772718721.187336 3 1
[RUNNING_REQ] 1772718721.297857 4 1
[RUNNING_REQ] 1772718721.491782 5 0
[RUNNING_REQ] 1772718721.764414 1 0
[RUNNING_REQ] 1772718722.274747 2 0
[RUNNING_REQ] 1772718722.497762 2 1
[RUNNING_REQ] 1772718722.891519 1 1
[RUNNING_REQ] 1772718723.216599 2 1
[RUNNING_REQ] 1772718723.714558 1 0
[RUNNING_REQ] 1772718723.968931 1 0
[RUNNING_REQ] 1772718724.817793 0 0
[RUNNING_REQ] 1772718724.971770 0 1
[RUNNING_REQ] 1772718725.193416 2 0
[RUNNING_REQ] 1772718725.440956 3 1
[RUNNING_REQ] 1772718725.747865 1 0
[RUNNING_REQ] 1772718726.023951 1 1
[RUNNING_REQ] 1772718726.310477 3 0
[RUNNING_REQ] 1772718726.903087 1 1
[RUNNING_REQ] 1772718727.172202 2 0
[RUNNING_REQ] 1772718727.370500 1 1
[RUNNING_REQ] 1772718727.538604 2 1
[RUNNING_REQ] 1772718727.744969 3 1
[RUNNING_REQ] 1772718727.908486 3 1
[RUNNING_REQ] 1772718728.194371 5 1
[RUNNING_REQ] 1772718728.402373 5 1
[RUNNING_REQ] 1772718728.640808 5 0
[RUNNING_REQ] 1772718729.195563 1 0
[RUNNING_REQ] 1772718729.377387 1 1
[RUNNING_REQ] 1772718729.514698 2 0
[RUNNING_REQ] 1772718729.682108 4 0
[RUNNING_REQ] 1772718729.876547 4 0
[RUNNING_REQ] 1772718730.195415 1 0
[RUNNING_REQ] 1772718730.587360 2 0
[RUNNING_REQ] 1772718730.812666 2 0
[RUNNING_REQ] 1772718731.239579 1 0
[RUNNING_REQ] 1772718731.646643 1 0
[RUNNING_REQ] 1772718731.809890 1 1
[RUNNING_REQ] 1772718732.005035 1 1
[RUNNING_REQ] 1772718732.222979 2 0
[RUNNING_REQ] 1772718732.929807 0 0
[RUNNING_REQ] 1772718733.141318 0 1
[RUNNING_REQ] 1772718733.322279 2 0
[RUNNING_REQ] 1772718733.548140 2 1
[RUNNING_REQ] 1772718733.746496 1 0
[RUNNING_REQ] 1772718734.264647 1 0
[RUNNING_REQ] 1772718734.649112 2 0
[RUNNING_REQ] 1772718734.806424 2 1
[RUNNING_REQ] 1772718735.279247 1 0
[RUNNING_REQ] 1772718735.450107 1 1
[RUNNING_REQ] 1772718735.667681 2 1
[RUNNING_REQ] 1772718736.080439 1 0
[RUNNING_REQ] 1772718736.466797 2 0
[RUNNING_REQ] 1772718736.669792 1 1
[RUNNING_REQ] 1772718737.090494 1 0
[RUNNING_REQ] 1772718737.510527 2 0
[RUNNING_REQ] 1772718737.710496 1 1
[RUNNING_REQ] 1772718738.091793 2 0
[RUNNING_REQ] 1772718738.302316 2 0
[RUNNING_REQ] 1772718738.501901 2 0
[RUNNING_REQ] 1772718738.838915 2 1
[RUNNING_REQ] 1772718739.003387 3 1
[RUNNING_REQ] 1772718739.212868 3 1
[RUNNING_REQ] 1772718739.439863 4 0
[RUNNING_REQ] 1772718740.011085 0 1
[RUNNING_REQ] 1772718740.198945 0 1
[RUNNING_REQ] 1772718740.819167 0 0
[RUNNING_REQ] 1772718741.009067 0 1
[RUNNING_REQ] 1772718741.166511 1 0
[RUNNING_REQ] 1772718741.383687 1 0
[RUNNING_REQ] 1772718741.521523 1 1
[RUNNING_REQ] 1772718741.683646 2 0
[RUNNING_REQ] 1772718742.056988 2 1
[RUNNING_REQ] 1772718742.266682 3 0
[RUNNING_REQ] 1772718742.472615 2 0
[RUNNING_REQ] 1772718742.949255 2 0
[RUNNING_REQ] 1772718743.186444 2 0
[RUNNING_REQ] 1772718743.500387 2 1
[RUNNING_REQ] 1772718743.657518 3 1
[RUNNING_REQ] 1772718743.853588 4 0
[RUNNING_REQ] 1772718744.411898 1 0
[RUNNING_REQ] 1772718744.647614 2 0
[RUNNING_REQ] 1772718744.849700 1 0
[RUNNING_REQ] 1772718744.990574 1 0
[RUNNING_REQ] 1772718745.396616 1 1
[RUNNING_REQ] 1772718745.563121 2 0
[RUNNING_REQ] 1772718746.017498 0 1
[RUNNING_REQ] 1772718746.242813 2 0
[RUNNING_REQ] 1772718746.562540 2 1
[RUNNING_REQ] 1772718746.748890 3 0
[RUNNING_REQ] 1772718746.920175 3 1
[RUNNING_REQ] 1772718747.070893 4 2
[RUNNING_REQ] 1772718747.239842 6 0
[RUNNING_REQ] 1772718747.935472 0 0
[RUNNING_REQ] 1772718748.617307 2 0
[RUNNING_REQ] 1772718748.842669 2 0
[RUNNING_REQ] 1772718749.012770 1 1
[RUNNING_REQ] 1772718749.237412 2 1
[RUNNING_REQ] 1772718749.395915 2 0
[RUNNING_REQ] 1772718749.886829 1 0
[RUNNING_REQ] 1772718750.101241 1 1
[RUNNING_REQ] 1772718750.219163 3 0
[RUNNING_REQ] 1772718750.450317 2 1
[RUNNING_REQ] 1772718750.640362 3 0
[RUNNING_REQ] 1772718751.136460 1 0
[RUNNING_REQ] 1772718751.368248 1 0
[RUNNING_REQ] 1772718751.640945 3 0
[RUNNING_REQ] 1772718751.842606 3 0
[RUNNING_REQ] 1772718752.334579 1 0
[RUNNING_REQ] 1772718752.494447 1 1
[RUNNING_REQ] 1772718752.651799 3 0
[RUNNING_REQ] 1772718752.855722 3 0
[RUNNING_REQ] 1772718753.172477 1 0
[RUNNING_REQ] 1772718753.346275 1 0
[RUNNING_REQ] 1772718753.571563 2 0
[RUNNING_REQ] 1772718753.721106 2 0
[RUNNING_REQ] 1772718753.856858 2 1
[RUNNING_REQ] 1772718754.025715 4 0
[RUNNING_REQ] 1772718754.507779 2 1
[RUNNING_REQ] 1772718754.960988 0 1
[RUNNING_REQ] 1772718755.140166 1 1
[RUNNING_REQ] 1772718755.899695 0 0
[RUNNING_REQ] 1772718756.056587 1 0
[RUNNING_REQ] 1772718756.204980 2 0
[RUNNING_REQ] 1772718756.543651 2 0
[RUNNING_REQ] 1772718756.742240 2 0
[RUNNING_REQ] 1772718756.959320 1 1
[RUNNING_REQ] 1772718757.161523 2 1
[RUNNING_REQ] 1772718757.284571 4 0
[RUNNING_REQ] 1772718757.489931 3 1
[RUNNING_REQ] 1772718757.982566 1 1
[RUNNING_REQ] 1772718758.216965 2 0
[RUNNING_REQ] 1772718758.364533 2 0
[RUNNING_REQ] 1772718758.676798 0 1
[RUNNING_REQ] 1772718758.836595 1 1
[RUNNING_REQ] 1772718759.059665 3 0
[RUNNING_REQ] 1772718759.312786 4 0
[RUNNING_REQ] 1772718759.922992 2 1
[RUNNING_REQ] 1772718760.211324 3 1
[RUNNING_REQ] 1772718760.985312 0 0
[RUNNING_REQ] 1772718761.196106 1 0
[RUNNING_REQ] 1772718761.341177 1 1
[RUNNING_REQ] 1772718761.501163 2 1
[RUNNING_REQ] 1772718761.647504 3 1
[RUNNING_REQ] 1772718761.811856 4 1
[RUNNING_REQ] 1772718761.960371 5 0
[RUNNING_REQ] 1772718762.666245 0 0
[RUNNING_REQ] 1772718762.827560 1 0
[RUNNING_REQ] 1772718762.990744 2 0
[RUNNING_REQ] 1772718763.204483 2 0
[RUNNING_REQ] 1772718763.338778 2 1
[RUNNING_REQ] 1772718763.572362 3 0
[RUNNING_REQ] 1772718763.947339 2 0
[RUNNING_REQ] 1772718764.264543 1 0
[RUNNING_REQ] 1772718764.600950 2 0
[RUNNING_REQ] 1772718764.796878 1 1
[RUNNING_REQ] 1772718765.209282 1 0
[RUNNING_REQ] 1772718765.378196 2 0
[RUNNING_REQ] 1772718765.587711 1 1
[RUNNING_REQ] 1772718765.752548 2 1
[RUNNING_REQ] 1772718765.961441 3 0
[RUNNING_REQ] 1772718766.528949 1 0
[RUNNING_REQ] 1772718766.804842 2 0
[RUNNING_REQ] 1772718766.999425 2 0
[RUNNING_REQ] 1772718767.188138 2 0
[RUNNING_REQ] 1772718767.376771 1 1
[RUNNING_REQ] 1772718767.596608 2 0
[RUNNING_REQ] 1772718768.059064 1 0
[RUNNING_REQ] 1772718768.258133 1 0
[RUNNING_REQ] 1772718768.471198 1 1
[RUNNING_REQ] 1772718768.634959 3 0
[RUNNING_REQ] 1772718768.822344 2 0
[RUNNING_REQ] 1772718769.072461 1 0
[RUNNING_REQ] 1772718769.287657 1 1
[RUNNING_REQ] 1772718769.459620 1 1
[RUNNING_REQ] 1772718769.812759 3 0
[RUNNING_REQ] 1772718770.001937 2 1
[RUNNING_REQ] 1772718770.214068 2 1
[RUNNING_REQ] 1772718770.379221 2 1
[RUNNING_REQ] 1772718770.710371 1 1
[RUNNING_REQ] 1772718770.917216 1 1
[RUNNING_REQ] 1772718771.144602 3 0
[RUNNING_REQ] 1772718771.319343 2 0
[RUNNING_REQ] 1772718771.762700 0 1
[RUNNING_REQ] 1772718771.931172 2 0
[RUNNING_REQ] 1772718772.140335 2 1
[RUNNING_REQ] 1772718772.294721 2 0
[RUNNING_REQ] 1772718773.250365 0 0
[RUNNING_REQ] 1772718773.470051 0 1
[RUNNING_REQ] 1772718773.633640 2 0
[RUNNING_REQ] 1772718773.872578 4 0
[RUNNING_REQ] 1772718774.235179 1 0
[RUNNING_REQ] 1772718774.569982 2 0
[RUNNING_REQ] 1772718774.782246 1 1
[RUNNING_REQ] 1772718774.993089 2 1
[RUNNING_REQ] 1772718775.337645 2 1
[RUNNING_REQ] 1772718775.501028 3 1
[RUNNING_REQ] 1772718775.782840 2 0
[RUNNING_REQ] 1772718776.250593 1 0
[RUNNING_REQ] 1772718776.590539 2 0
[RUNNING_REQ] 1772718776.756965 3 0
[RUNNING_REQ] 1772718776.965363 3 1
[RUNNING_REQ] 1772718777.106462 5 0
[RUNNING_REQ] 1772718777.379901 3 1
[RUNNING_REQ] 1772718778.220625 0 0
[RUNNING_REQ] 1772718778.393924 0 1
[RUNNING_REQ] 1772718778.613734 2 0
[RUNNING_REQ] 1772718778.893092 2 1
[RUNNING_REQ] 1772718779.204718 1 0
[RUNNING_REQ] 1772718779.446388 1 0
[RUNNING_REQ] 1772718779.610945 1 1
[RUNNING_REQ] 1772718779.954277 2 0
[RUNNING_REQ] 1772718780.230396 1 1
[RUNNING_REQ] 1772718780.382920 3 0
[RUNNING_REQ] 1772718780.580859 2 1
[RUNNING_REQ] 1772718780.756691 3 1
[RUNNING_REQ] 1772718780.915009 3 0
[RUNNING_REQ] 1772718781.288206 3 1
[RUNNING_REQ] 1772718781.505897 4 1
[RUNNING_REQ] 1772718781.668176 6 0
[RUNNING_REQ] 1772718781.832639 6 0
[RUNNING_REQ] 1772718782.670242 0 1
[RUNNING_REQ] 1772718782.834160 1 1
[RUNNING_REQ] 1772718783.209309 3 0
[RUNNING_REQ] 1772718783.450687 1 0
[RUNNING_REQ] 1772718783.890156 1 0
[RUNNING_REQ] 1772718784.046522 2 0
[RUNNING_REQ] 1772718784.264507 2 0
[RUNNING_REQ] 1772718784.463976 1 0
[RUNNING_REQ] 1772718784.863038 1 1
[RUNNING_REQ] 1772718785.057170 2 1
[RUNNING_REQ] 1772718785.904690 0 1
[RUNNING_REQ] 1772718786.071891 1 1
[RUNNING_REQ] 1772718786.225209 2 1
[RUNNING_REQ] 1772718786.390889 3 1
[RUNNING_REQ] 1772718786.599419 5 0
[RUNNING_REQ] 1772718787.007589 3 0
[RUNNING_REQ] 1772718787.531106 1 1
[RUNNING_REQ] 1772718787.739429 2 0
[RUNNING_REQ] 1772718787.899296 2 1
[RUNNING_REQ] 1772718788.123831 2 1
[RUNNING_REQ] 1772718788.262974 3 0
[RUNNING_REQ] 1772718788.505502 3 0
[RUNNING_REQ] 1772718788.998088 2 0
[RUNNING_REQ] 1772718789.209548 2 1
[RUNNING_REQ] 1772718789.570670 3 0
[RUNNING_REQ] 1772718789.885597 1 0
[RUNNING_REQ] 1772718790.084068 1 0
[RUNNING_REQ] 1772718790.246169 1 1
[RUNNING_REQ] 1772718790.408930 3 0
[RUNNING_REQ] 1772718790.848453 2 0
[RUNNING_REQ] 1772718791.060518 1 0
[RUNNING_REQ] 1772718791.792574 0 0
[RUNNING_REQ] 1772718791.912140 1 0
[RUNNING_REQ] 1772718792.127956 2 0
[RUNNING_REQ] 1772718792.287553 2 0
[RUNNING_REQ] 1772718792.704519 1 1
[RUNNING_REQ] 1772718792.926409 2 0
[RUNNING_REQ] 1772718793.133212 1 1
[RUNNING_REQ] 1772718793.355006 1 1
[RUNNING_REQ] 1772718793.580789 2 1
[RUNNING_REQ] 1772718793.882274 3 1
[RUNNING_REQ] 1772718794.108623 3 0
[RUNNING_REQ] 1772718794.365796 3 0
[RUNNING_REQ] 1772718794.606978 2 0
[RUNNING_REQ] 1772718794.811921 1 1
[RUNNING_REQ] 1772718795.022036 2 1
[RUNNING_REQ] 1772718795.183861 3 1
[RUNNING_REQ] 1772718795.451787 4 1
[RUNNING_REQ] 1772718795.620852 6 0
[RUNNING_REQ] 1772718795.854486 7 0
[RUNNING_REQ] 1772718796.092866 7 0
[RUNNING_REQ] 1772718797.142474 0 1
[RUNNING_REQ] 1772718797.378065 1 1
[RUNNING_REQ] 1772718797.542783 2 1
[RUNNING_REQ] 1772718798.331198 0 0
[RUNNING_REQ] 1772718798.491162 0 1
[RUNNING_REQ] 1772718798.647444 1 1
[RUNNING_REQ] 1772718798.807340 2 1
[RUNNING_REQ] 1772718799.022276 4 0
[RUNNING_REQ] 1772718799.545180 1 1
[RUNNING_REQ] 1772718799.872032 2 0
[RUNNING_REQ] 1772718800.092854 2 0
[RUNNING_REQ] 1772718800.290066 2 0
[RUNNING_REQ] 1772718800.508805 1 0
[RUNNING_REQ] 1772718800.813566 1 0
[RUNNING_REQ] 1772718801.058191 3 0
[RUNNING_REQ] 1772718801.224096 3 1
[RUNNING_REQ] 1772718801.445773 4 0
[RUNNING_REQ] 1772718801.639247 3 1
[RUNNING_REQ] 1772718801.891936 3 0
[RUNNING_REQ] 1772718802.175975 1 0
[RUNNING_REQ] 1772718802.463583 2 1
[RUNNING_REQ] 1772718802.609411 2 1
[RUNNING_REQ] 1772718802.813213 2 1
[RUNNING_REQ] 1772718802.979371 4 1
[RUNNING_REQ] 1772718803.134705 6 0
[RUNNING_REQ] 1772718803.801610 0 1
[RUNNING_REQ] 1772718804.028604 1 0
[RUNNING_REQ] 1772718804.664543 0 0
[RUNNING_REQ] 1772718804.878918 1 0
[RUNNING_REQ] 1772718805.014678 1 0
[RUNNING_REQ] 1772718805.230715 1 1
[RUNNING_REQ] 1772718805.348289 3 0
[RUNNING_REQ] 1772718805.544743 3 0
[RUNNING_REQ] 1772718805.872293 1 0
[RUNNING_REQ] 1772718806.070343 1 0
[RUNNING_REQ] 1772718806.302536 1 0
[RUNNING_REQ] 1772718806.594421 2 1
[RUNNING_REQ] 1772718806.790849 2 1
[RUNNING_REQ] 1772718806.997051 2 1
[RUNNING_REQ] 1772718807.245776 1 0
[RUNNING_REQ] 1772718807.669401 1 1
[RUNNING_REQ] 1772718808.024552 3 0
[RUNNING_REQ] 1772718808.281552 2 0
[RUNNING_REQ] 1772718808.484840 1 1
[RUNNING_REQ] 1772718808.694613 2 0
[RUNNING_REQ] 1772718809.108189 1 1
[RUNNING_REQ] 1772718809.329859 3 0
[RUNNING_REQ] 1772718809.493124 3 1
[RUNNING_REQ] 1772718810.011734 1 0
[RUNNING_REQ] 1772718810.787811 0 1
[RUNNING_REQ] 1772718810.993611 1 0
[RUNNING_REQ] 1772718811.232115 1 0
[RUNNING_REQ] 1772718811.564721 1 1
[RUNNING_REQ] 1772718811.728721 2 1
[RUNNING_REQ] 1772718811.968551 3 0
[RUNNING_REQ] 1772718812.253110 5 0
[RUNNING_REQ] 1772718812.882962 0 1
[RUNNING_REQ] 1772718813.113316 1 1
[RUNNING_REQ] 1772718813.252592 3 0
[RUNNING_REQ] 1772718813.514556 4 1
[RUNNING_REQ] 1772718813.684453 4 1
[RUNNING_REQ] 1772718814.055921 4 1
[RUNNING_REQ] 1772718814.352708 5 0
[RUNNING_REQ] 1772718814.763798 0 0
[RUNNING_REQ] 1772718815.112767 2 0
[RUNNING_REQ] 1772718815.345237 2 0
[RUNNING_REQ] 1772718815.721454 2 0
[RUNNING_REQ] 1772718815.915853 1 1
[RUNNING_REQ] 1772718816.616248 0 0
[RUNNING_REQ] 1772718816.774266 1 0
[RUNNING_REQ] 1772718816.929770 1 1
[RUNNING_REQ] 1772718817.093299 2 1
[RUNNING_REQ] 1772718817.271776 3 0
[RUNNING_REQ] 1772718817.799706 1 1
[RUNNING_REQ] 1772718818.001422 1 1
[RUNNING_REQ] 1772718818.154181 1 1
[RUNNING_REQ] 1772718818.533346 3 0
[RUNNING_REQ] 1772718818.753606 4 0
[RUNNING_REQ] 1772718819.114797 1 0
[RUNNING_REQ] 1772718819.306940 1 0
[RUNNING_REQ] 1772718819.469013 1 1
[RUNNING_REQ] 1772718819.792952 3 0
[RUNNING_REQ] 1772718820.081468 2 0
[RUNNING_REQ] 1772718820.513132 1 1
[RUNNING_REQ] 1772718820.735297 2 0
[RUNNING_REQ] 1772718821.186740 1 0
[RUNNING_REQ] 1772718821.506681 2 0
[RUNNING_REQ] 1772718821.682079 3 0
[RUNNING_REQ] 1772718822.452375 0 0
[RUNNING_REQ] 1772718822.610482 0 1
[RUNNING_REQ] 1772718822.765073 1 1
[RUNNING_REQ] 1772718822.928977 3 0
[RUNNING_REQ] 1772718823.154128 3 0
[RUNNING_REQ] 1772718823.276068 3 0
[RUNNING_REQ] 1772718823.545526 3 0
[RUNNING_REQ] 1772718823.796285 1 1
[RUNNING_REQ] 1772718823.990685 2 0
[RUNNING_REQ] 1772718824.200775 2 0
[RUNNING_REQ] 1772718824.404754 1 1
[RUNNING_REQ] 1772718824.568601 3 0
[RUNNING_REQ] 1772718824.766933 3 0
[RUNNING_REQ] 1772718825.251113 1 0
[RUNNING_REQ] 1772718825.393759 1 1
[RUNNING_REQ] 1772718825.547195 2 1
[RUNNING_REQ] 1772718825.764323 4 0
[RUNNING_REQ] 1772718826.164105 2 1
[RUNNING_REQ] 1772718826.488954 1 0
[RUNNING_REQ] 1772718826.678491 0 1
[RUNNING_REQ] 1772718826.839981 1 1
[RUNNING_REQ] 1772718826.993452 2 0
[RUNNING_REQ] 1772718827.157632 4 0
[RUNNING_REQ] 1772718827.356119 3 0
[RUNNING_REQ] 1772718827.650388 2 0
[RUNNING_REQ] 1772718827.889592 2 0
[RUNNING_REQ] 1772718828.558207 0 0
[RUNNING_REQ] 1772718828.726473 1 0
[RUNNING_REQ] 1772718828.947514 2 0
[RUNNING_REQ] 1772718829.244019 2 1
[RUNNING_REQ] 1772718829.403072 3 0
[RUNNING_REQ] 1772718829.809006 3 1
[RUNNING_REQ] 1772718829.980515 5 0
[RUNNING_REQ] 1772718830.324074 1 0
[RUNNING_REQ] 1772718830.831300 1 0
[RUNNING_REQ] 1772718831.054819 2 0
[RUNNING_REQ] 1772718831.209635 2 1
[RUNNING_REQ] 1772718831.499225 4 0
[RUNNING_REQ] 1772718831.710044 4 1
[RUNNING_REQ] 1772718831.886748 4 0
[RUNNING_REQ] 1772718832.492119 1 0
[RUNNING_REQ] 1772718832.659938 2 0
[RUNNING_REQ] 1772718832.860818 2 0
[RUNNING_REQ] 1772718833.032270 2 1
[RUNNING_REQ] 1772718833.223128 2 1
[RUNNING_REQ] 1772718833.389823 4 0
[RUNNING_REQ] 1772718834.425031 0 0
[RUNNING_REQ] 1772718834.584290 0 0
[RUNNING_REQ] 1772718834.926519 1 1
[RUNNING_REQ] 1772718835.086186 3 0
[RUNNING_REQ] 1772718835.316243 2 0
[RUNNING_REQ] 1772718835.579694 2 0
[RUNNING_REQ] 1772718835.835532 1 0
[RUNNING_REQ] 1772718835.998958 1 0
[RUNNING_REQ] 1772718836.425892 1 1
[RUNNING_REQ] 1772718836.669205 2 1
[RUNNING_REQ] 1772718837.167077 2 0
[RUNNING_REQ] 1772718837.627166 1 1
[RUNNING_REQ] 1772718837.957064 0 0
[RUNNING_REQ] 1772718838.113042 0 1
[RUNNING_REQ] 1772718838.281997 2 0
[RUNNING_REQ] 1772718838.440527 2 0
[RUNNING_REQ] 1772718838.712104 1 0
[RUNNING_REQ] 1772718839.153500 1 1
[RUNNING_REQ] 1772718839.889256 0 0
[RUNNING_REQ] 1772718840.060174 0 1
[RUNNING_REQ] 1772718840.272733 1 1
[RUNNING_REQ] 1772718840.437151 2 1
[RUNNING_REQ] 1772718840.580944 3 1
[RUNNING_REQ] 1772718840.728352 4 0
[RUNNING_REQ] 1772718840.841964 5 1
[RUNNING_REQ] 1772718841.009405 7 0
[RUNNING_REQ] 1772718841.792059 0 0
[RUNNING_REQ] 1772718842.135662 1 1
[RUNNING_REQ] 1772718842.301985 3 0
[RUNNING_REQ] 1772718842.501279 3 0
[RUNNING_REQ] 1772718842.764036 1 0
[RUNNING_REQ] 1772718843.198878 0 1
[RUNNING_REQ] 1772718843.396648 1 0
[RUNNING_REQ] 1772718843.558832 2 0
[RUNNING_REQ] 1772718843.767825 2 0
[RUNNING_REQ] 1772718844.019021 0 0
[RUNNING_REQ] 1772718844.308080 0 1
[RUNNING_REQ] 1772718844.546763 3 0
[RUNNING_REQ] 1772718845.558514 0 0
[RUNNING_REQ] 1772718845.719827 0 1
[RUNNING_REQ] 1772718845.883849 2 0
[RUNNING_REQ] 1772718846.092431 2 1
[RUNNING_REQ] 1772718846.254692 2 0
[RUNNING_REQ] 1772718846.689150 2 0
[RUNNING_REQ] 1772718846.887640 2 0
[RUNNING_REQ] 1772718847.093305 1 1
[RUNNING_REQ] 1772718847.326358 2 0
[RUNNING_REQ] 1772718847.701092 1 1
[RUNNING_REQ] 1772718847.901259 1 1
[RUNNING_REQ] 1772718848.071135 2 1
[RUNNING_REQ] 1772718848.299858 4 0
[RUNNING_REQ] 1772718848.634148 3 1
[RUNNING_REQ] 1772718848.952013 1 0
[RUNNING_REQ] 1772718849.346654 0 0
[RUNNING_REQ] 1772718849.763543 2 0
[RUNNING_REQ] 1772718850.458133 0 0
[RUNNING_REQ] 1772718850.615263 0 1
[RUNNING_REQ] 1772718850.771273 1 1
[RUNNING_REQ] 1772718850.948994 3 0
[RUNNING_REQ] 1772718851.123540 3 1
[RUNNING_REQ] 1772718851.382514 2 0
[RUNNING_REQ] 1772718851.679766 1 0
[RUNNING_REQ] 1772718851.845610 1 0
[RUNNING_REQ] 1772718852.041163 2 0
[RUNNING_REQ] 1772718852.244599 1 1
[RUNNING_REQ] 1772718852.406775 3 0
[RUNNING_REQ] 1772718852.624751 2 0
[RUNNING_REQ] 1772718852.886795 2 0
[RUNNING_REQ] 1772718853.151799 2 0
[RUNNING_REQ] 1772718853.308957 1 0
[RUNNING_REQ] 1772718853.754639 1 0
[RUNNING_REQ] 1772718853.925316 2 0
[RUNNING_REQ] 1772718854.119895 1 1
[RUNNING_REQ] 1772718854.289685 3 0
[RUNNING_REQ] 1772718854.486607 2 0
[RUNNING_REQ] 1772718854.955626 2 0
[RUNNING_REQ] 1772718855.169189 1 1
[RUNNING_REQ] 1772718855.372077 1 1
[RUNNING_REQ] 1772718855.719522 2 0
[RUNNING_REQ] 1772718856.458509 0 0
[RUNNING_REQ] 1772718856.629198 0 1
[RUNNING_REQ] 1772718856.782986 2 0
[RUNNING_REQ] 1772718857.001221 2 0
[RUNNING_REQ] 1772718857.211164 1 0
[RUNNING_REQ] 1772718857.467296 1 0
[RUNNING_REQ] 1772718857.630030 1 1
[RUNNING_REQ] 1772718858.073977 0 1
[RUNNING_REQ] 1772718858.242528 0 1
[RUNNING_REQ] 1772718858.444912 2 0
[RUNNING_REQ] 1772718858.619857 2 1
[RUNNING_REQ] 1772718858.782169 3 0
[RUNNING_REQ] 1772718859.356321 1 1
[RUNNING_REQ] 1772718859.535746 2 0
[RUNNING_REQ] 1772718859.851927 4 0
[RUNNING_REQ] 1772718860.090119 2 1
[RUNNING_REQ] 1772718860.314423 3 1
[RUNNING_REQ] 1772718860.472885 4 1
[RUNNING_REQ] 1772718860.981076 0 0
[RUNNING_REQ] 1772718861.915839 1 0
[RUNNING_REQ] 1772718862.080684 2 0
[RUNNING_REQ] 1772718862.281294 1 1
[RUNNING_REQ] 1772718862.441143 2 1
[RUNNING_REQ] 1772718862.601730 4 0
[RUNNING_REQ] 1772718862.825049 3 0
[RUNNING_REQ] 1772718863.200909 1 0
[RUNNING_REQ] 1772718863.464456 1 0
[RUNNING_REQ] 1772718863.622421 1 1
[RUNNING_REQ] 1772718863.742877 2 1
[RUNNING_REQ] 1772718863.903460 3 0
[RUNNING_REQ] 1772718864.466044 0 1
[RUNNING_REQ] 1772718864.803802 1 1
[RUNNING_REQ] 1772718865.026527 2 1
[RUNNING_REQ] 1772718865.193487 4 0
[RUNNING_REQ] 1772718865.372441 3 0
[RUNNING_REQ] 1772718865.909537 0 1
[RUNNING_REQ] 1772718866.116721 2 0
[RUNNING_REQ] 1772718866.259571 2 1
[RUNNING_REQ] 1772718866.980372 0 0
[RUNNING_REQ] 1772718867.189468 0 1
[RUNNING_REQ] 1772718867.364604 2 0
[RUNNING_REQ] 1772718867.611902 3 1
[RUNNING_REQ] 1772718867.774002 4 0
[RUNNING_REQ] 1772718868.033639 4 0
[RUNNING_REQ] 1772718868.530715 0 0
[RUNNING_REQ] 1772718868.697247 1 0
[RUNNING_REQ] 1772718868.858359 2 0
[RUNNING_REQ] 1772718869.067617 2 0
[RUNNING_REQ] 1772718869.268894 2 0
[RUNNING_REQ] 1772718869.477463 2 0
[RUNNING_REQ] 1772718869.673734 1 1
[RUNNING_REQ] 1772718869.906673 2 0
[RUNNING_REQ] 1772718870.119268 2 0
[RUNNING_REQ] 1772718870.468120 3 0
[RUNNING_REQ] 1772718870.955071 1 0
[RUNNING_REQ] 1772718871.329637 2 0
[RUNNING_REQ] 1772718871.547657 2 1
[RUNNING_REQ] 1772718872.303621 0 0
[RUNNING_REQ] 1772718872.524448 0 1
[RUNNING_REQ] 1772718872.686824 2 0
[RUNNING_REQ] 1772718872.852463 2 1
[RUNNING_REQ] 1772718873.100459 3 1
[RUNNING_REQ] 1772718873.336030 4 1
[RUNNING_REQ] 1772718873.755396 5 0
[RUNNING_REQ] 1772718874.173374 0 0
[RUNNING_REQ] 1772718874.447423 1 0
[RUNNING_REQ] 1772718874.617277 2 0
[RUNNING_REQ] 1772718874.972255 2 0
[RUNNING_REQ] 1772718875.217741 1 0
[RUNNING_REQ] 1772718875.366983 1 1
[RUNNING_REQ] 1772718875.583541 2 0
[RUNNING_REQ] 1772718875.819658 1 0
[RUNNING_REQ] 1772718876.213765 1 1
[RUNNING_REQ] 1772718876.894850 0 0
[RUNNING_REQ] 1772718877.118605 1 0
[RUNNING_REQ] 1772718877.280031 2 0
[RUNNING_REQ] 1772718877.985771 1 0
[RUNNING_REQ] 1772718878.225170 1 1
[RUNNING_REQ] 1772718878.407811 2 0
[RUNNING_REQ] 1772718878.877309 1 1
[RUNNING_REQ] 1772718879.039365 2 0
[RUNNING_REQ] 1772718879.247338 3 0
[RUNNING_REQ] 1772718879.746410 1 0
[RUNNING_REQ] 1772718880.137613 1 1
[RUNNING_REQ] 1772718880.305186 2 1
[RUNNING_REQ] 1772718880.463844 3 1
[RUNNING_REQ] 1772718880.684468 4 0
[RUNNING_REQ] 1772718880.880369 3 1
[RUNNING_REQ] 1772718881.049944 3 1
[RUNNING_REQ] 1772718881.247251 4 0
[RUNNING_REQ] 1772718881.514570 3 1
[RUNNING_REQ] 1772718881.718749 3 1
[RUNNING_REQ] 1772718881.921406 3 1
[RUNNING_REQ] 1772718882.765811 0 0
[RUNNING_REQ] 1772718882.986101 1 0
[RUNNING_REQ] 1772718883.151084 2 0
[RUNNING_REQ] 1772718883.307576 2 0
[RUNNING_REQ] 1772718883.535302 2 0
[RUNNING_REQ] 1772718883.725593 2 0
[RUNNING_REQ] 1772718883.944352 1 1
[RUNNING_REQ] 1772718884.151686 2 0
[RUNNING_REQ] 1772718884.364383 1 0
[RUNNING_REQ] 1772718884.775945 2 0
[RUNNING_REQ] 1772718884.990561 2 0
[RUNNING_REQ] 1772718885.208586 2 0
[RUNNING_REQ] 1772718885.410578 1 0
[RUNNING_REQ] 1772718885.823862 2 0
[RUNNING_REQ] 1772718886.221670 2 0
[RUNNING_REQ] 1772718886.441605 2 0
[RUNNING_REQ] 1772718886.648672 1 0
[RUNNING_REQ] 1772718887.040247 1 1
[RUNNING_REQ] 1772718887.206558 2 1
[RUNNING_REQ] 1772718887.435752 4 0
[RUNNING_REQ] 1772718887.590728 3 0
[RUNNING_REQ] 1772718888.537731 0 1
[RUNNING_REQ] 1772718888.707714 2 0
[RUNNING_REQ] 1772718888.867770 3 0
[RUNNING_REQ] 1772718889.127451 2 0
[RUNNING_REQ] 1772718889.327698 2 0
[RUNNING_REQ] 1772718889.543814 2 0
[RUNNING_REQ] 1772718889.763417 1 0
[RUNNING_REQ] 1772718890.164647 2 0
[RUNNING_REQ] 1772718890.388696 1 0
[RUNNING_REQ] 1772718890.655117 1 0
[RUNNING_REQ] 1772718890.813661 2 0
[RUNNING_REQ] 1772718890.985032 2 0
[RUNNING_REQ] 1772718891.386367 2 1
[RUNNING_REQ] 1772718891.550430 1 1
[RUNNING_REQ] 1772718891.994550 3 0
[RUNNING_REQ] 1772718892.235527 2 0
[RUNNING_REQ] 1772718892.630805 2 0
[RUNNING_REQ] 1772718893.339837 0 0
[RUNNING_REQ] 1772718893.561770 1 0
[RUNNING_REQ] 1772718893.680790 2 0
[RUNNING_REQ] 1772718893.906698 2 0
[RUNNING_REQ] 1772718894.123300 1 0
[RUNNING_REQ] 1772718894.321683 1 1
[RUNNING_REQ] 1772718894.485710 2 1
[RUNNING_REQ] 1772718894.679906 2 1
[RUNNING_REQ] 1772718894.900126 3 1
[RUNNING_REQ] 1772718895.444923 1 0
[RUNNING_REQ] 1772718895.670745 1 0
[RUNNING_REQ] 1772718895.888377 1 0
[RUNNING_REQ] 1772718896.098847 2 0
[RUNNING_REQ] 1772718896.253647 3 0
[RUNNING_REQ] 1772718896.430391 3 0
[RUNNING_REQ] 1772718896.924039 0 1
[RUNNING_REQ] 1772718897.088955 2 0
[RUNNING_REQ] 1772718897.323638 3 0
[RUNNING_REQ] 1772718897.527543 2 0
[RUNNING_REQ] 1772718898.332408 1 0
[RUNNING_REQ] 1772718898.554631 2 0
[RUNNING_REQ] 1772718898.707086 2 0
[RUNNING_REQ] 1772718898.862943 2 0
[RUNNING_REQ] 1772718899.346013 2 0
[RUNNING_REQ] 1772718899.552778 2 0
[RUNNING_REQ] 1772718899.781631 1 0
[RUNNING_REQ] 1772718900.230323 2 0
[RUNNING_REQ] 1772718900.445801 2 0
[RUNNING_REQ] 1772718900.659483 2 0
[RUNNING_REQ] 1772718900.865102 2 0
[RUNNING_REQ] 1772718901.071805 2 0
[RUNNING_REQ] 1772718901.264913 2 0
[RUNNING_REQ] 1772718901.664356 1 0
[RUNNING_REQ] 1772718901.860925 1 1
[RUNNING_REQ] 1772718902.082134 2 0
[RUNNING_REQ] 1772718902.250662 2 1
[RUNNING_REQ] 1772718903.033555 0 0
[RUNNING_REQ] 1772718903.248059 1 0
[RUNNING_REQ] 1772718903.402620 2 0
[RUNNING_REQ] 1772718903.584623 2 0
[RUNNING_REQ] 1772718903.923198 2 0
[RUNNING_REQ] 1772718904.369139 2 0
[RUNNING_REQ] 1772718904.585228 2 0
[RUNNING_REQ] 1772718904.789417 1 0
[RUNNING_REQ] 1772718905.075230 1 0
[RUNNING_REQ] 1772718905.247899 2 0
[RUNNING_REQ] 1772718905.466668 2 0
[RUNNING_REQ] 1772718905.682408 2 0
[RUNNING_REQ] 1772718905.887080 1 1
[RUNNING_REQ] 1772718906.116934 2 1
[RUNNING_REQ] 1772718906.268467 2 0
[RUNNING_REQ] 1772718906.522322 1 1
[RUNNING_REQ] 1772718906.684055 1 1
[RUNNING_REQ] 1772718906.902785 3 0
[RUNNING_REQ] 1772718907.185632 1 0
[RUNNING_REQ] 1772718908.033047 1 0
[RUNNING_REQ] 1772718908.193046 1 1
[RUNNING_REQ] 1772718908.355053 3 0
[RUNNING_REQ] 1772718908.568643 3 0
[RUNNING_REQ] 1772718908.882742 0 0
[RUNNING_REQ] 1772718909.239623 1 1
[RUNNING_REQ] 1772718909.491920 3 0
[RUNNING_REQ] 1772718909.781751 3 1
[RUNNING_REQ] 1772718910.286124 1 0
[RUNNING_REQ] 1772718910.684662 2 0
[RUNNING_REQ] 1772718910.919939 2 0
[RUNNING_REQ] 1772718911.101228 2 0
[RUNNING_REQ] 1772718911.428321 2 0
[RUNNING_REQ] 1772718911.874356 2 0
[RUNNING_REQ] 1772718912.625641 0 0
[RUNNING_REQ] 1772718912.864463 1 0
[RUNNING_REQ] 1772718913.163189 1 1
[RUNNING_REQ] 1772718913.564050 1 1
[RUNNING_REQ] 1772718913.814488 2 0
[RUNNING_REQ] 1772718913.961738 3 0
[RUNNING_REQ] 1772718914.164109 2 1
[RUNNING_REQ] 1772718914.374454 2 0
[RUNNING_REQ] 1772718914.830013 2 0
[RUNNING_REQ] 1772718915.035157 2 0
[RUNNING_REQ] 1772718915.230068 1 1
[RUNNING_REQ] 1772718915.439186 2 0
[RUNNING_REQ] 1772718915.644570 1 1
[RUNNING_REQ] 1772718915.870771 2 0
[RUNNING_REQ] 1772718916.076059 2 0
[RUNNING_REQ] 1772718916.417089 3 0
[RUNNING_REQ] 1772718916.623236 2 1
[RUNNING_REQ] 1772718917.415643 0 0
[RUNNING_REQ] 1772718917.634251 0 1
[RUNNING_REQ] 1772718917.752627 2 0
[RUNNING_REQ] 1772718917.909764 3 0
[RUNNING_REQ] 1772718918.141507 1 1
[RUNNING_REQ] 1772718918.305273 2 1
[RUNNING_REQ] 1772718918.524792 2 1
[RUNNING_REQ] 1772718918.730032 3 1
[RUNNING_REQ] 1772718918.901888 4 0
[RUNNING_REQ] 1772718919.177266 2 1
[RUNNING_REQ] 1772718919.443376 2 0
[RUNNING_REQ] 1772718919.668344 2 1
[RUNNING_REQ] 1772718919.845582 3 0
[RUNNING_REQ] 1772718920.276449 1 0
[RUNNING_REQ] 1772718920.700110 1 1
[RUNNING_REQ] 1772718920.957290 0 1
[RUNNING_REQ] 1772718921.175084 2 0
[RUNNING_REQ] 1772718921.296659 2 0
[RUNNING_REQ] 1772718921.563442 1 0
[RUNNING_REQ] 1772718921.849366 1 0
[RUNNING_REQ] 1772718922.492612 0 0
[RUNNING_REQ] 1772718922.701308 1 0
[RUNNING_REQ] 1772718922.892657 2 0
[RUNNING_REQ] 1772718923.149082 4 0
[RUNNING_REQ] 1772718923.348387 3 1
[RUNNING_REQ] 1772718923.512895 4 0
[RUNNING_REQ] 1772718923.830997 2 1
[RUNNING_REQ] 1772718923.993330 4 0
[RUNNING_REQ] 1772718924.248003 2 0
[RUNNING_REQ] 1772718924.508484 1 1
[RUNNING_REQ] 1772718924.709752 2 0
[RUNNING_REQ] 1772718924.878790 3 0
[RUNNING_REQ] 1772718925.287383 3 0
[RUNNING_REQ] 1772718925.475474 3 0
[RUNNING_REQ] 1772718925.913692 1 0
[RUNNING_REQ] 1772718926.124731 2 0
[RUNNING_REQ] 1772718926.323610 2 0
[RUNNING_REQ] 1772718926.550497 1 0
[RUNNING_REQ] 1772718927.377459 1 0
[RUNNING_REQ] 1772718927.547944 2 0
[RUNNING_REQ] 1772718927.749249 1 1
[RUNNING_REQ] 1772718927.919394 3 0
[RUNNING_REQ] 1772718928.450838 1 0
[RUNNING_REQ] 1772718928.803789 2 0
[RUNNING_REQ] 1772718928.971328 2 1
[RUNNING_REQ] 1772718929.179618 2 0
[RUNNING_REQ] 1772718929.514027 1 0
[RUNNING_REQ] 1772718929.736526 1 0
[RUNNING_REQ] 1772718929.947215 1 1
[RUNNING_REQ] 1772718930.060465 2 0
[RUNNING_REQ] 1772718930.285640 2 1
[RUNNING_REQ] 1772718930.413763 3 1
[RUNNING_REQ] 1772718930.590468 5 0
[RUNNING_REQ] 1772718930.811609 4 1
[RUNNING_REQ] 1772718931.038423 3 0
[RUNNING_REQ] 1772718932.058103 0 0
[RUNNING_REQ] 1772718932.254734 0 1
[RUNNING_REQ] 1772718932.422938 1 1
[RUNNING_REQ] 1772718932.579833 2 1
[RUNNING_REQ] 1772718932.756891 4 0
[RUNNING_REQ] 1772718933.009999 2 0
[RUNNING_REQ] 1772718933.499963 1 0
[RUNNING_REQ] 1772718933.730192 2 0
[RUNNING_REQ] 1772718933.935035 1 1
[RUNNING_REQ] 1772718934.303643 2 0
[RUNNING_REQ] 1772718934.568530 0 0
[RUNNING_REQ] 1772718934.777874 0 1
[RUNNING_REQ] 1772718934.947770 1 1
[RUNNING_REQ] 1772718935.154102 2 0
[RUNNING_REQ] 1772718935.370514 1 1
[RUNNING_REQ] 1772718935.539952 2 0
[RUNNING_REQ] 1772718936.333747 0 0
[RUNNING_REQ] 1772718936.506842 1 0
[RUNNING_REQ] 1772718936.732221 2 0
[RUNNING_REQ] 1772718937.067595 2 0
[RUNNING_REQ] 1772718937.545846 1 0
[RUNNING_REQ] 1772718938.001237 0 0
[RUNNING_REQ] 1772718938.390619 0 1
[RUNNING_REQ] 1772718938.599056 1 1
[RUNNING_REQ] 1772718938.758453 2 1
[RUNNING_REQ] 1772718938.927305 4 0
[RUNNING_REQ] 1772718939.104252 4 0
[RUNNING_REQ] 1772718939.660131 0 0
[RUNNING_REQ] 1772718940.257690 0 0
[RUNNING_REQ] 1772718940.423254 0 1
[RUNNING_REQ] 1772718940.590288 2 0
[RUNNING_REQ] 1772718940.760786 3 0
[RUNNING_REQ] 1772718940.955879 3 0
[RUNNING_REQ] 1772718941.257778 1 0
[RUNNING_REQ] 1772718941.517025 1 0
[RUNNING_REQ] 1772718941.687412 1 0
[RUNNING_REQ] 1772718941.911355 1 0
[RUNNING_REQ] 1772718942.285902 1 1
[RUNNING_REQ] 1772718942.472773 2 1
[RUNNING_REQ] 1772718942.670475 2 1
[RUNNING_REQ] 1772718942.901930 3 0
[RUNNING_REQ] 1772718943.392322 1 0
[RUNNING_REQ] 1772718943.623990 1 1
[RUNNING_REQ] 1772718943.779993 2 0
[RUNNING_REQ] 1772718943.922061 3 0
[RUNNING_REQ] 1772718944.719576 0 0
[RUNNING_REQ] 1772718944.885415 1 0
[RUNNING_REQ] 1772718945.053167 2 0
[RUNNING_REQ] 1772718945.254881 1 1
[RUNNING_REQ] 1772718945.430035 2 0
[RUNNING_REQ] 1772718945.919064 2 0
[RUNNING_REQ] 1772718946.141051 1 0
[RUNNING_REQ] 1772718946.554968 2 0
[RUNNING_REQ] 1772718946.783194 2 1
[RUNNING_REQ] 1772718946.897345 2 1
[RUNNING_REQ] 1772718947.082599 3 0
[RUNNING_REQ] 1772718947.252767 3 1
[RUNNING_REQ] 1772718947.615528 6 0
[RUNNING_REQ] 1772718948.143276 0 0
[RUNNING_REQ] 1772718948.381709 1 0
[RUNNING_REQ] 1772718949.239176 0 0
[RUNNING_REQ] 1772718949.475157 1 0
[RUNNING_REQ] 1772718949.743439 3 0
[RUNNING_REQ] 1772718949.963564 3 0
[RUNNING_REQ] 1772718950.250909 2 0
[RUNNING_REQ] 1772718950.498786 1 0
[RUNNING_REQ] 1772718950.714303 2 0
[RUNNING_REQ] 1772718950.866741 1 1
[RUNNING_REQ] 1772718951.072054 1 1
[RUNNING_REQ] 1772718951.242952 3 0
[RUNNING_REQ] 1772718951.405300 3 1
[RUNNING_REQ] 1772718951.764972 5 0
[RUNNING_REQ] 1772718952.403454 1 0
[RUNNING_REQ] 1772718952.592246 2 0
[RUNNING_REQ] 1772718952.815463 1 1
[RUNNING_REQ] 1772718953.034545 3 0
[RUNNING_REQ] 1772718953.193765 3 0
[RUNNING_REQ] 1772718953.972765 0 0
[RUNNING_REQ] 1772718954.133084 0 1
[RUNNING_REQ] 1772718954.303650 2 0
[RUNNING_REQ] 1772718954.508046 2 0
[RUNNING_REQ] 1772718954.717945 2 0
[RUNNING_REQ] 1772718954.934036 2 0
[RUNNING_REQ] 1772718955.134506 2 0
[RUNNING_REQ] 1772718955.348766 1 1
[RUNNING_REQ] 1772718955.580878 2 1
[RUNNING_REQ] 1772718955.743213 3 1
[RUNNING_REQ] 1772718955.866166 4 0
[RUNNING_REQ] 1772718956.464589 1 0
[RUNNING_REQ] 1772718956.699270 1 0
[RUNNING_REQ] 1772718957.045420 3 0
[RUNNING_REQ] 1772718957.201983 2 1
[RUNNING_REQ] 1772718957.366385 4 0
[RUNNING_REQ] 1772718957.644179 2 0
[RUNNING_REQ] 1772718958.652827 0 0
[RUNNING_REQ] 1772718958.814458 1 0
[RUNNING_REQ] 1772718958.984296 1 1
[RUNNING_REQ] 1772718959.140636 3 0
[RUNNING_REQ] 1772718959.352424 2 1
[RUNNING_REQ] 1772718959.559787 2 1
[RUNNING_REQ] 1772718959.780936 3 0
[RUNNING_REQ] 1772718959.988729 3 0
[RUNNING_REQ] 1772718960.284565 2 0
[RUNNING_REQ] 1772718960.506007 1 0
[RUNNING_REQ] 1772718960.911420 2 0
[RUNNING_REQ] 1772718961.121951 1 1
[RUNNING_REQ] 1772718961.459721 1 1
[RUNNING_REQ] 1772718961.720712 3 0
[RUNNING_REQ] 1772718962.190083 1 0
[RUNNING_REQ] 1772718963.054393 0 0
[RUNNING_REQ] 1772718963.217274 0 1
[RUNNING_REQ] 1772718963.385692 1 1
[RUNNING_REQ] 1772718963.548148 2 1
[RUNNING_REQ] 1772718963.722426 3 1
[RUNNING_REQ] 1772718963.894364 5 0
[RUNNING_REQ] 1772718964.083308 5 0
[RUNNING_REQ] 1772718964.779389 1 1
[RUNNING_REQ] 1772718964.996994 1 1
[RUNNING_REQ] 1772718965.165670 3 0
[RUNNING_REQ] 1772718965.336542 4 0
[RUNNING_REQ] 1772718965.646021 1 0
[RUNNING_REQ] 1772718965.890581 1 0
[RUNNING_REQ] 1772718966.099978 1 1
[RUNNING_REQ] 1772718966.259862 2 0
[RUNNING_REQ] 1772718966.396742 2 1
[RUNNING_REQ] 1772718966.557952 3 0
[RUNNING_REQ] 1772718966.830111 1 1
[RUNNING_REQ] 1772718967.546195 0 0
[RUNNING_REQ] 1772718967.706881 0 1
[RUNNING_REQ] 1772718967.862524 1 1
[RUNNING_REQ] 1772718968.032282 2 1
[RUNNING_REQ] 1772718968.265315 3 0
[RUNNING_REQ] 1772718968.795684 1 0
[RUNNING_REQ] 1772718969.037663 1 0
[RUNNING_REQ] 1772718969.468725 2 0
[RUNNING_REQ] 1772718969.634832 1 1
[RUNNING_REQ] 1772718969.854609 2 0
[RUNNING_REQ] 1772718970.081229 1 0
[RUNNING_REQ] 1772718970.481213 1 1
[RUNNING_REQ] 1772718970.677800 2 0
[RUNNING_REQ] 1772718970.889680 2 0
[RUNNING_REQ] 1772718971.331536 2 0
[RUNNING_REQ] 1772718972.034621 0 0
[RUNNING_REQ] 1772718972.208756 1 0
[RUNNING_REQ] 1772718972.380963 1 1
[RUNNING_REQ] 1772718972.800374 3 0
[RUNNING_REQ] 1772718973.056898 3 0
[RUNNING_REQ] 1772718973.446782 1 0
[RUNNING_REQ] 1772718973.655890 1 0
[RUNNING_REQ] 1772718973.857408 2 0
[RUNNING_REQ] 1772718974.013299 3 0
[RUNNING_REQ] 1772718974.451499 0 1
[RUNNING_REQ] 1772718974.869631 2 0
[RUNNING_REQ] 1772718975.065486 1 1
[RUNNING_REQ] 1772718975.232996 2 1
[RUNNING_REQ] 1772718975.429773 2 1
[RUNNING_REQ] 1772718976.214883 0 0
[RUNNING_REQ] 1772718976.388657 1 0
[RUNNING_REQ] 1772718976.554491 2 0
[RUNNING_REQ] 1772718976.768802 1 1
[RUNNING_REQ] 1772718976.992973 1 0
[RUNNING_REQ] 1772718977.411201 1 1
[RUNNING_REQ] 1772718977.580695 3 0
[RUNNING_REQ] 1772718978.029072 1 0
[RUNNING_REQ] 1772718978.461221 1 1
[RUNNING_REQ] 1772718978.631006 3 0
[RUNNING_REQ] 1772718978.838240 3 0
[RUNNING_REQ] 1772718979.355153 1 0
[RUNNING_REQ] 1772718979.594704 2 0
[RUNNING_REQ] 1772718979.757286 2 0
