[RUNNING_REQ] 1772716731.696607 0 0
[RUNNING_REQ] 1772716732.088209 0 0
[RUNNING_REQ] 1772716732.382834 0 1
[RUNNING_REQ] 1772716732.586714 0 1
[RUNNING_REQ] 1772716732.722515 0 1
[RUNNING_REQ] 1772716732.850123 0 1
[RUNNING_REQ] 1772716732.988497 0 1
[RUNNING_REQ] 1772716733.130383 0 1
[RUNNING_REQ] 1772716733.260594 0 1
[RUNNING_REQ] 1772716733.405129 0 1
[RUNNING_REQ] 1772716733.542328 0 1
[RUNNING_REQ] 1772716733.672349 0 1
[RUNNING_REQ] 1772716733.816516 0 1
[RUNNING_REQ] 1772716733.967148 2 10
[RUNNING_REQ] 1772716734.094404 2 10
[RUNNING_REQ] 1772716734.237161 2 10
[RUNNING_REQ] 1772716734.365267 2 10
[RUNNING_REQ] 1772716734.501378 2 10
[RUNNING_REQ] 1772716734.642189 2 10
[RUNNING_REQ] 1772716734.761144 2 10
[RUNNING_REQ] 1772716734.892578 2 10
[RUNNING_REQ] 1772716735.032834 2 10
[RUNNING_REQ] 1772716735.168553 12 2
[RUNNING_REQ] 1772716735.310561 12 2
[RUNNING_REQ] 1772716735.469832 12 9
[RUNNING_REQ] 1772716735.658616 12 9
[RUNNING_REQ] 1772716735.792271 12 9
[RUNNING_REQ] 1772716736.090591 15 11
[RUNNING_REQ] 1772716736.456827 15 12
[RUNNING_REQ] 1772716737.602130 9 9
[RUNNING_REQ] 1772716744.973120 0 0
[RUNNING_REQ] 1772716745.194957 0 1
[RUNNING_REQ] 1772716745.536664 1 1
[RUNNING_REQ] 1772716745.676723 2 1
[RUNNING_REQ] 1772716747.497310 0 1
[RUNNING_REQ] 1772716747.771932 2 0
[RUNNING_REQ] 1772716747.965776 3 1
[RUNNING_REQ] 1772716748.085371 3 1
[RUNNING_REQ] 1772716748.229367 4 2
[RUNNING_REQ] 1772716748.356959 4 2
[RUNNING_REQ] 1772716748.513186 6 0
[RUNNING_REQ] 1772716748.712211 6 2
[RUNNING_REQ] 1772716748.895278 8 1
[RUNNING_REQ] 1772716749.037804 9 2
[RUNNING_REQ] 1772716749.179247 9 2
[RUNNING_REQ] 1772716749.315812 12 2
[RUNNING_REQ] 1772716749.523886 12 2
[RUNNING_REQ] 1772716749.714579 13 2
[RUNNING_REQ] 1772716749.908663 14 1
[RUNNING_REQ] 1772716750.100488 14 1
[RUNNING_REQ] 1772716751.570892 0 1
[RUNNING_REQ] 1772716751.774364 2 0
[RUNNING_REQ] 1772716752.004595 3 1
[RUNNING_REQ] 1772716752.211184 5 0
[RUNNING_REQ] 1772716752.348455 4 1
[RUNNING_REQ] 1772716752.543730 4 1
[RUNNING_REQ] 1772716752.778488 3 1
[RUNNING_REQ] 1772716752.970985 4 0
[RUNNING_REQ] 1772716753.157935 3 1
[RUNNING_REQ] 1772716753.674524 2 0
[RUNNING_REQ] 1772716753.848280 2 1
[RUNNING_REQ] 1772716754.089772 3 1
[RUNNING_REQ] 1772716754.232682 4 1
[RUNNING_REQ] 1772716754.581627 6 0
[RUNNING_REQ] 1772716755.240125 0 1
[RUNNING_REQ] 1772716755.382432 1 1
[RUNNING_REQ] 1772716755.591579 2 1
[RUNNING_REQ] 1772716755.726398 3 1
[RUNNING_REQ] 1772716755.870888 4 1
[RUNNING_REQ] 1772716756.056567 6 0
[RUNNING_REQ] 1772716756.183967 6 1
[RUNNING_REQ] 1772716756.360900 6 1
[RUNNING_REQ] 1772716756.500002 7 1
[RUNNING_REQ] 1772716756.699405 7 0
[RUNNING_REQ] 1772716757.004052 5 0
[RUNNING_REQ] 1772716757.731426 0 1
[RUNNING_REQ] 1772716757.941730 2 0
[RUNNING_REQ] 1772716758.069118 2 1
[RUNNING_REQ] 1772716758.196160 3 1
[RUNNING_REQ] 1772716758.344545 4 1
[RUNNING_REQ] 1772716758.489765 5 1
[RUNNING_REQ] 1772716758.708819 6 2
[RUNNING_REQ] 1772716758.899266 8 0
[RUNNING_REQ] 1772716759.040887 8 1
[RUNNING_REQ] 1772716759.298523 6 0
[RUNNING_REQ] 1772716760.128491 0 1
[RUNNING_REQ] 1772716760.334681 1 1
[RUNNING_REQ] 1772716760.572029 2 1
[RUNNING_REQ] 1772716760.780694 4 0
[RUNNING_REQ] 1772716761.044562 4 1
[RUNNING_REQ] 1772716761.422772 3 1
[RUNNING_REQ] 1772716761.872663 3 1
[RUNNING_REQ] 1772716762.036091 4 1
[RUNNING_REQ] 1772716762.208341 3 1
[RUNNING_REQ] 1772716762.409240 3 1
[RUNNING_REQ] 1772716762.731721 4 1
[RUNNING_REQ] 1772716762.946521 4 1
[RUNNING_REQ] 1772716763.252001 5 1
[RUNNING_REQ] 1772716763.443532 5 1
[RUNNING_REQ] 1772716763.638614 5 1
[RUNNING_REQ] 1772716763.950721 6 1
[RUNNING_REQ] 1772716764.152681 6 1
[RUNNING_REQ] 1772716764.557950 5 0
[RUNNING_REQ] 1772716765.304112 0 1
[RUNNING_REQ] 1772716765.509997 2 0
[RUNNING_REQ] 1772716765.631059 2 1
[RUNNING_REQ] 1772716765.770541 3 1
[RUNNING_REQ] 1772716765.907469 4 1
[RUNNING_REQ] 1772716766.110754 6 0
[RUNNING_REQ] 1772716766.327792 6 1
[RUNNING_REQ] 1772716767.250939 0 0
[RUNNING_REQ] 1772716767.496855 0 1
[RUNNING_REQ] 1772716767.697082 2 1
[RUNNING_REQ] 1772716767.847694 4 0
[RUNNING_REQ] 1772716768.065606 4 1
[RUNNING_REQ] 1772716768.192271 4 1
[RUNNING_REQ] 1772716768.381398 5 0
[RUNNING_REQ] 1772716768.965871 1 0
[RUNNING_REQ] 1772716769.145225 0 1
[RUNNING_REQ] 1772716769.358185 2 0
[RUNNING_REQ] 1772716769.557011 3 1
[RUNNING_REQ] 1772716769.708227 5 0
[RUNNING_REQ] 1772716770.079957 4 1
[RUNNING_REQ] 1772716770.313343 3 0
[RUNNING_REQ] 1772716770.595408 2 0
[RUNNING_REQ] 1772716770.764457 1 1
[RUNNING_REQ] 1772716771.010575 1 0
[RUNNING_REQ] 1772716771.152052 1 1
[RUNNING_REQ] 1772716771.366095 1 1
[RUNNING_REQ] 1772716771.554584 2 1
[RUNNING_REQ] 1772716771.722920 4 0
[RUNNING_REQ] 1772716771.957511 4 1
[RUNNING_REQ] 1772716772.285141 3 0
[RUNNING_REQ] 1772716772.781459 1 0
[RUNNING_REQ] 1772716772.919076 1 1
[RUNNING_REQ] 1772716773.128990 2 1
[RUNNING_REQ] 1772716773.284524 4 0
[RUNNING_REQ] 1772716773.698790 1 0
[RUNNING_REQ] 1772716773.966817 0 1
[RUNNING_REQ] 1772716774.174635 2 0
[RUNNING_REQ] 1772716774.391166 2 1
[RUNNING_REQ] 1772716774.622329 2 1
[RUNNING_REQ] 1772716774.788953 3 0
[RUNNING_REQ] 1772716774.971517 2 1
[RUNNING_REQ] 1772716775.117651 3 0
[RUNNING_REQ] 1772716775.460260 3 1
[RUNNING_REQ] 1772716775.651161 4 1
[RUNNING_REQ] 1772716775.799573 4 1
[RUNNING_REQ] 1772716776.086985 5 0
[RUNNING_REQ] 1772716776.533504 3 0
[RUNNING_REQ] 1772716777.183010 1 0
[RUNNING_REQ] 1772716777.375207 1 0
[RUNNING_REQ] 1772716777.503364 1 1
[RUNNING_REQ] 1772716777.703508 3 0
[RUNNING_REQ] 1772716777.831272 2 1
[RUNNING_REQ] 1772716778.023596 2 1
[RUNNING_REQ] 1772716778.214606 3 1
[RUNNING_REQ] 1772716778.361990 4 1
[RUNNING_REQ] 1772716778.686498 4 0
[RUNNING_REQ] 1772716779.270386 0 1
[RUNNING_REQ] 1772716779.458092 1 1
[RUNNING_REQ] 1772716779.596993 3 0
[RUNNING_REQ] 1772716779.747470 4 0
[RUNNING_REQ] 1772716779.943589 5 1
[RUNNING_REQ] 1772716780.062025 5 1
[RUNNING_REQ] 1772716780.260582 6 0
[RUNNING_REQ] 1772716780.943641 1 0
[RUNNING_REQ] 1772716781.157254 1 1
[RUNNING_REQ] 1772716781.307054 2 1
[RUNNING_REQ] 1772716781.499475 4 0
[RUNNING_REQ] 1772716781.661501 4 1
[RUNNING_REQ] 1772716781.965549 6 1
[RUNNING_REQ] 1772716782.174343 7 1
[RUNNING_REQ] 1772716782.451539 8 1
[RUNNING_REQ] 1772716783.352468 0 1
[RUNNING_REQ] 1772716783.503982 1 1
[RUNNING_REQ] 1772716783.657495 2 1
[RUNNING_REQ] 1772716783.865729 3 1
[RUNNING_REQ] 1772716784.114290 4 1
[RUNNING_REQ] 1772716784.267261 5 1
[RUNNING_REQ] 1772716784.465642 6 1
[RUNNING_REQ] 1772716784.614807 6 1
[RUNNING_REQ] 1772716784.745258 6 1
[RUNNING_REQ] 1772716785.101570 7 1
[RUNNING_REQ] 1772716786.016104 0 0
[RUNNING_REQ] 1772716786.224069 1 0
[RUNNING_REQ] 1772716786.370138 2 0
[RUNNING_REQ] 1772716786.583070 3 1
[RUNNING_REQ] 1772716786.794949 4 1
[RUNNING_REQ] 1772716786.934165 4 1
[RUNNING_REQ] 1772716787.494986 1 0
[RUNNING_REQ] 1772716787.632306 1 1
[RUNNING_REQ] 1772716787.939133 2 0
[RUNNING_REQ] 1772716788.144589 3 1
[RUNNING_REQ] 1772716788.404973 4 1
[RUNNING_REQ] 1772716789.004702 1 1
[RUNNING_REQ] 1772716789.382807 1 0
[RUNNING_REQ] 1772716789.577867 1 0
[RUNNING_REQ] 1772716789.786002 1 1
[RUNNING_REQ] 1772716789.927474 2 1
[RUNNING_REQ] 1772716790.059679 3 0
[RUNNING_REQ] 1772716790.265689 4 0
[RUNNING_REQ] 1772716790.384995 4 0
[RUNNING_REQ] 1772716790.752772 3 1
[RUNNING_REQ] 1772716790.932853 3 0
[RUNNING_REQ] 1772716791.182870 2 0
[RUNNING_REQ] 1772716791.474598 0 1
[RUNNING_REQ] 1772716791.621496 1 1
[RUNNING_REQ] 1772716791.857055 2 1
[RUNNING_REQ] 1772716792.052765 4 1
[RUNNING_REQ] 1772716792.280186 6 0
[RUNNING_REQ] 1772716792.897210 0 0
[RUNNING_REQ] 1772716793.220270 1 1
[RUNNING_REQ] 1772716793.421052 2 1
[RUNNING_REQ] 1772716793.560151 3 1
[RUNNING_REQ] 1772716793.705032 4 1
[RUNNING_REQ] 1772716793.828011 4 1
[RUNNING_REQ] 1772716793.961938 5 2
[RUNNING_REQ] 1772716794.074975 6 1
[RUNNING_REQ] 1772716794.253796 7 0
[RUNNING_REQ] 1772716794.531294 8 0
[RUNNING_REQ] 1772716795.552232 0 0
[RUNNING_REQ] 1772716795.739757 0 1
[RUNNING_REQ] 1772716795.904061 1 1
[RUNNING_REQ] 1772716796.031160 2 1
[RUNNING_REQ] 1772716796.174583 3 1
[RUNNING_REQ] 1772716796.316403 5 0
[RUNNING_REQ] 1772716796.541681 6 0
[RUNNING_REQ] 1772716796.743453 7 1
[RUNNING_REQ] 1772716796.892741 7 1
[RUNNING_REQ] 1772716797.186521 7 0
[RUNNING_REQ] 1772716797.433569 7 0
[RUNNING_REQ] 1772716798.315770 0 1
[RUNNING_REQ] 1772716798.525917 1 1
[RUNNING_REQ] 1772716798.668686 2 1
[RUNNING_REQ] 1772716798.875282 4 0
[RUNNING_REQ] 1772716799.620627 0 1
[RUNNING_REQ] 1772716799.817867 2 0
[RUNNING_REQ] 1772716800.041324 2 1
[RUNNING_REQ] 1772716800.349687 2 1
[RUNNING_REQ] 1772716800.556338 4 0
[RUNNING_REQ] 1772716800.733451 2 1
[RUNNING_REQ] 1772716800.953628 3 0
[RUNNING_REQ] 1772716801.351136 2 0
[RUNNING_REQ] 1772716801.516674 2 1
[RUNNING_REQ] 1772716801.688456 2 1
[RUNNING_REQ] 1772716801.896283 3 1
[RUNNING_REQ] 1772716802.033411 4 1
[RUNNING_REQ] 1772716802.176595 4 1
[RUNNING_REQ] 1772716802.355272 4 1
[RUNNING_REQ] 1772716802.667660 5 1
[RUNNING_REQ] 1772716802.914849 4 1
[RUNNING_REQ] 1772716803.104317 4 1
[RUNNING_REQ] 1772716803.341672 3 0
[RUNNING_REQ] 1772716803.821266 2 0
[RUNNING_REQ] 1772716804.007262 1 1
[RUNNING_REQ] 1772716804.321488 2 1
[RUNNING_REQ] 1772716804.531307 3 1
[RUNNING_REQ] 1772716804.673608 4 1
[RUNNING_REQ] 1772716804.820508 4 1
[RUNNING_REQ] 1772716805.111265 5 1
[RUNNING_REQ] 1772716805.433897 2 0
[RUNNING_REQ] 1772716805.888121 1 1
[RUNNING_REQ] 1772716806.102878 2 1
[RUNNING_REQ] 1772716806.367664 3 1
[RUNNING_REQ] 1772716806.588984 4 0
[RUNNING_REQ] 1772716806.966336 3 0
[RUNNING_REQ] 1772716807.317162 1 0
[RUNNING_REQ] 1772716807.581499 2 1
[RUNNING_REQ] 1772716807.729330 3 0
[RUNNING_REQ] 1772716808.126610 3 1
[RUNNING_REQ] 1772716808.658079 0 1
[RUNNING_REQ] 1772716808.817987 1 1
[RUNNING_REQ] 1772716809.026267 2 1
[RUNNING_REQ] 1772716809.178813 3 1
[RUNNING_REQ] 1772716809.339720 4 1
[RUNNING_REQ] 1772716809.532354 5 1
[RUNNING_REQ] 1772716809.745778 6 1
[RUNNING_REQ] 1772716810.018086 7 1
[RUNNING_REQ] 1772716810.732373 1 0
[RUNNING_REQ] 1772716811.048827 1 0
[RUNNING_REQ] 1772716811.164215 2 0
[RUNNING_REQ] 1772716811.433309 2 1
[RUNNING_REQ] 1772716811.826139 2 0
[RUNNING_REQ] 1772716812.223966 1 1
[RUNNING_REQ] 1772716812.374777 2 1
[RUNNING_REQ] 1772716812.578819 3 1
[RUNNING_REQ] 1772716812.715873 4 0
[RUNNING_REQ] 1772716812.929583 4 2
[RUNNING_REQ] 1772716813.103636 5 2
[RUNNING_REQ] 1772716813.250634 7 1
[RUNNING_REQ] 1772716813.464091 8 1
[RUNNING_REQ] 1772716813.755761 9 1
[RUNNING_REQ] 1772716814.004479 10 1
[RUNNING_REQ] 1772716814.180715 10 1
[RUNNING_REQ] 1772716815.354639 1 0
[RUNNING_REQ] 1772716815.658384 2 1
[RUNNING_REQ] 1772716815.799851 3 0
[RUNNING_REQ] 1772716815.946334 4 1
[RUNNING_REQ] 1772716816.271183 5 1
[RUNNING_REQ] 1772716816.485826 6 1
[RUNNING_REQ] 1772716816.699508 8 0
[RUNNING_REQ] 1772716816.887135 8 1
[RUNNING_REQ] 1772716817.867583 0 1
[RUNNING_REQ] 1772716818.085383 1 1
[RUNNING_REQ] 1772716818.222207 2 0
[RUNNING_REQ] 1772716818.415679 3 1
[RUNNING_REQ] 1772716818.573417 4 1
[RUNNING_REQ] 1772716818.732671 5 1
[RUNNING_REQ] 1772716818.962831 6 1
[RUNNING_REQ] 1772716819.151124 8 0
[RUNNING_REQ] 1772716819.345206 7 1
[RUNNING_REQ] 1772716819.597394 5 0
[RUNNING_REQ] 1772716820.224540 1 1
[RUNNING_REQ] 1772716820.434470 2 0
[RUNNING_REQ] 1772716820.647230 3 0
[RUNNING_REQ] 1772716820.760871 2 1
[RUNNING_REQ] 1772716820.998998 3 0
[RUNNING_REQ] 1772716821.153996 3 1
[RUNNING_REQ] 1772716821.430548 4 1
[RUNNING_REQ] 1772716821.924737 2 0
[RUNNING_REQ] 1772716822.330026 1 1
[RUNNING_REQ] 1772716822.523624 2 1
[RUNNING_REQ] 1772716822.784589 3 0
[RUNNING_REQ] 1772716823.006845 4 0
[RUNNING_REQ] 1772716823.119702 4 1
[RUNNING_REQ] 1772716823.346674 4 0
[RUNNING_REQ] 1772716823.597409 3 0
[RUNNING_REQ] 1772716823.829236 2 0
[RUNNING_REQ] 1772716824.013212 1 1
[RUNNING_REQ] 1772716824.159658 2 1
[RUNNING_REQ] 1772716824.305156 3 1
[RUNNING_REQ] 1772716824.453244 4 1
[RUNNING_REQ] 1772716824.890594 3 1
[RUNNING_REQ] 1772716825.130416 2 1
[RUNNING_REQ] 1772716825.447120 2 1
[RUNNING_REQ] 1772716825.674346 1 0
[RUNNING_REQ] 1772716826.125285 2 1
[RUNNING_REQ] 1772716827.079016 0 0
[RUNNING_REQ] 1772716827.300225 1 0
[RUNNING_REQ] 1772716827.443607 2 0
[RUNNING_REQ] 1772716827.584509 2 1
[RUNNING_REQ] 1772716827.733152 3 1
[RUNNING_REQ] 1772716827.881327 4 1
[RUNNING_REQ] 1772716828.006062 4 1
[RUNNING_REQ] 1772716828.145287 4 2
[RUNNING_REQ] 1772716828.286388 4 2
[RUNNING_REQ] 1772716828.439572 6 1
[RUNNING_REQ] 1772716828.724020 8 0
[RUNNING_REQ] 1772716829.172681 3 0
[RUNNING_REQ] 1772716829.889884 0 1
[RUNNING_REQ] 1772716830.102264 2 0
[RUNNING_REQ] 1772716830.242551 3 0
[RUNNING_REQ] 1772716830.372378 2 1
[RUNNING_REQ] 1772716830.587295 3 1
[RUNNING_REQ] 1772716830.720732 4 1
[RUNNING_REQ] 1772716830.877789 5 1
[RUNNING_REQ] 1772716831.146002 6 0
[RUNNING_REQ] 1772716831.839975 0 1
[RUNNING_REQ] 1772716832.025223 1 1
[RUNNING_REQ] 1772716832.183400 2 1
[RUNNING_REQ] 1772716832.393330 4 1
[RUNNING_REQ] 1772716832.592808 5 1
[RUNNING_REQ] 1772716832.730247 6 1
[RUNNING_REQ] 1772716833.601831 0 1
[RUNNING_REQ] 1772716833.953107 1 1
[RUNNING_REQ] 1772716834.180378 2 1
[RUNNING_REQ] 1772716834.313771 3 1
[RUNNING_REQ] 1772716834.469200 4 1
[RUNNING_REQ] 1772716834.617735 5 1
[RUNNING_REQ] 1772716834.940354 5 1
[RUNNING_REQ] 1772716835.247527 1 0
[RUNNING_REQ] 1772716835.774508 1 1
[RUNNING_REQ] 1772716835.922926 2 0
[RUNNING_REQ] 1772716836.115287 2 0
[RUNNING_REQ] 1772716836.408509 4 1
[RUNNING_REQ] 1772716836.575830 5 1
[RUNNING_REQ] 1772716836.775566 6 1
[RUNNING_REQ] 1772716836.923715 6 1
[RUNNING_REQ] 1772716837.113227 7 1
[RUNNING_REQ] 1772716837.266393 8 0
[RUNNING_REQ] 1772716837.762758 8 1
[RUNNING_REQ] 1772716838.297584 1 0
[RUNNING_REQ] 1772716838.864263 1 1
[RUNNING_REQ] 1772716839.022902 2 1
[RUNNING_REQ] 1772716839.236469 3 0
[RUNNING_REQ] 1772716839.493323 4 1
[RUNNING_REQ] 1772716839.746192 2 0
[RUNNING_REQ] 1772716840.196124 1 1
[RUNNING_REQ] 1772716840.412613 3 0
[RUNNING_REQ] 1772716840.559778 3 1
[RUNNING_REQ] 1772716840.711483 4 0
[RUNNING_REQ] 1772716841.246582 1 0
[RUNNING_REQ] 1772716841.433541 1 0
[RUNNING_REQ] 1772716841.583661 1 1
[RUNNING_REQ] 1772716841.791739 2 1
[RUNNING_REQ] 1772716842.154956 2 1
[RUNNING_REQ] 1772716842.315967 4 0
[RUNNING_REQ] 1772716842.518962 5 0
[RUNNING_REQ] 1772716842.737511 5 1
[RUNNING_REQ] 1772716843.053094 6 1
[RUNNING_REQ] 1772716843.215139 6 1
[RUNNING_REQ] 1772716843.961736 0 1
[RUNNING_REQ] 1772716844.257489 1 1
[RUNNING_REQ] 1772716844.465806 3 0
[RUNNING_REQ] 1772716844.611361 3 1
[RUNNING_REQ] 1772716844.756436 4 1
[RUNNING_REQ] 1772716844.902958 5 1
[RUNNING_REQ] 1772716845.109070 7 0
[RUNNING_REQ] 1772716845.317829 7 1
[RUNNING_REQ] 1772716845.506346 7 1
[RUNNING_REQ] 1772716845.807170 5 1
[RUNNING_REQ] 1772716846.194658 0 0
[RUNNING_REQ] 1772716846.593719 1 1
[RUNNING_REQ] 1772716846.756743 2 1
[RUNNING_REQ] 1772716846.957357 3 1
[RUNNING_REQ] 1772716847.092472 4 1
[RUNNING_REQ] 1772716847.253265 5 0
[RUNNING_REQ] 1772716847.837470 1 0
[RUNNING_REQ] 1772716848.033180 1 0
[RUNNING_REQ] 1772716848.254083 1 0
[RUNNING_REQ] 1772716848.508157 2 1
[RUNNING_REQ] 1772716848.736630 3 1
[RUNNING_REQ] 1772716848.990907 3 1
[RUNNING_REQ] 1772716849.307478 4 1
[RUNNING_REQ] 1772716849.456820 6 1
[RUNNING_REQ] 1772716849.672495 7 0
[RUNNING_REQ] 1772716849.819010 6 1
[RUNNING_REQ] 1772716850.562736 1 0
[RUNNING_REQ] 1772716850.703236 2 0
[RUNNING_REQ] 1772716850.879992 1 1
[RUNNING_REQ] 1772716851.083963 2 1
[RUNNING_REQ] 1772716851.240224 3 1
[RUNNING_REQ] 1772716851.460587 5 1
[RUNNING_REQ] 1772716851.591493 5 1
[RUNNING_REQ] 1772716851.772131 6 0
[RUNNING_REQ] 1772716851.936080 7 1
[RUNNING_REQ] 1772716852.073774 7 1
[RUNNING_REQ] 1772716852.276741 7 0
[RUNNING_REQ] 1772716852.522571 7 1
[RUNNING_REQ] 1772716852.697227 7 1
[RUNNING_REQ] 1772716853.018117 7 0
[RUNNING_REQ] 1772716853.281014 8 0
[RUNNING_REQ] 1772716854.052495 0 0
[RUNNING_REQ] 1772716854.164367 0 1
[RUNNING_REQ] 1772716854.359515 1 1
[RUNNING_REQ] 1772716854.519076 2 1
[RUNNING_REQ] 1772716854.660655 4 0
[RUNNING_REQ] 1772716854.900341 5 1
[RUNNING_REQ] 1772716855.091657 5 1
[RUNNING_REQ] 1772716855.412285 2 0
[RUNNING_REQ] 1772716855.860152 1 1
[RUNNING_REQ] 1772716856.001492 3 0
[RUNNING_REQ] 1772716856.487402 1 0
[RUNNING_REQ] 1772716856.694673 2 0
[RUNNING_REQ] 1772716856.840589 2 1
[RUNNING_REQ] 1772716857.109683 2 1
[RUNNING_REQ] 1772716857.260899 3 1
[RUNNING_REQ] 1772716857.454686 4 1
[RUNNING_REQ] 1772716857.625459 5 1
[RUNNING_REQ] 1772716857.882757 6 0
[RUNNING_REQ] 1772716858.090127 6 0
[RUNNING_REQ] 1772716858.219755 7 1
[RUNNING_REQ] 1772716858.365283 8 1
[RUNNING_REQ] 1772716859.466516 0 1
[RUNNING_REQ] 1772716859.673040 1 1
[RUNNING_REQ] 1772716859.886570 2 0
[RUNNING_REQ] 1772716860.098831 2 1
[RUNNING_REQ] 1772716860.376590 3 1
[RUNNING_REQ] 1772716860.524496 4 1
[RUNNING_REQ] 1772716860.750428 5 0
[RUNNING_REQ] 1772716861.346938 1 0
[RUNNING_REQ] 1772716861.556780 1 0
[RUNNING_REQ] 1772716861.681049 2 0
[RUNNING_REQ] 1772716861.895133 2 0
[RUNNING_REQ] 1772716862.280510 2 0
[RUNNING_REQ] 1772716862.589420 2 1
[RUNNING_REQ] 1772716862.946141 4 0
[RUNNING_REQ] 1772716863.217251 2 0
[RUNNING_REQ] 1772716863.528921 2 1
[RUNNING_REQ] 1772716863.725291 3 0
[RUNNING_REQ] 1772716863.920661 3 0
[RUNNING_REQ] 1772716864.158697 1 1
[RUNNING_REQ] 1772716864.388113 3 0
[RUNNING_REQ] 1772716864.590100 3 1
[RUNNING_REQ] 1772716864.889168 5 1
[RUNNING_REQ] 1772716865.118037 5 0
[RUNNING_REQ] 1772716865.741008 0 1
[RUNNING_REQ] 1772716865.893617 1 1
[RUNNING_REQ] 1772716866.097915 2 1
[RUNNING_REQ] 1772716866.485347 1 1
[RUNNING_REQ] 1772716866.688502 2 1
[RUNNING_REQ] 1772716866.823047 3 1
[RUNNING_REQ] 1772716867.082140 4 1
[RUNNING_REQ] 1772716867.371638 6 1
[RUNNING_REQ] 1772716868.108213 0 1
[RUNNING_REQ] 1772716868.317181 0 0
[RUNNING_REQ] 1772716868.512092 1 0
[RUNNING_REQ] 1772716868.660376 1 1
[RUNNING_REQ] 1772716868.858013 2 1
[RUNNING_REQ] 1772716869.010654 3 0
[RUNNING_REQ] 1772716869.469144 2 0
[RUNNING_REQ] 1772716869.662766 1 1
[RUNNING_REQ] 1772716870.018613 1 1
[RUNNING_REQ] 1772716870.171455 3 0
[RUNNING_REQ] 1772716870.355992 2 1
[RUNNING_REQ] 1772716870.852711 1 0
[RUNNING_REQ] 1772716870.995239 1 1
[RUNNING_REQ] 1772716871.144361 2 0
[RUNNING_REQ] 1772716871.555628 2 1
[RUNNING_REQ] 1772716871.869403 2 1
[RUNNING_REQ] 1772716872.081779 3 1
[RUNNING_REQ] 1772716872.295872 3 0
[RUNNING_REQ] 1772716872.525002 2 1
[RUNNING_REQ] 1772716872.730363 1 1
[RUNNING_REQ] 1772716872.943752 2 1
[RUNNING_REQ] 1772716873.068704 4 0
[RUNNING_REQ] 1772716873.454623 2 0
[RUNNING_REQ] 1772716873.784071 1 0
[RUNNING_REQ] 1772716873.954778 0 1
[RUNNING_REQ] 1772716874.094415 1 1
[RUNNING_REQ] 1772716874.242068 2 1
[RUNNING_REQ] 1772716874.388530 3 0
[RUNNING_REQ] 1772716874.626898 5 0
[RUNNING_REQ] 1772716874.834221 5 1
[RUNNING_REQ] 1772716875.035483 5 1
[RUNNING_REQ] 1772716875.208406 6 0
[RUNNING_REQ] 1772716875.695145 4 1
[RUNNING_REQ] 1772716876.285509 1 0
[RUNNING_REQ] 1772716876.495656 1 1
[RUNNING_REQ] 1772716876.652860 3 0
[RUNNING_REQ] 1772716876.975231 3 0
[RUNNING_REQ] 1772716877.246097 1 0
[RUNNING_REQ] 1772716877.626592 1 1
[RUNNING_REQ] 1772716877.772066 2 1
[RUNNING_REQ] 1772716877.927165 3 0
[RUNNING_REQ] 1772716878.089369 5 0
[RUNNING_REQ] 1772716878.311821 3 1
[RUNNING_REQ] 1772716878.576873 2 0
[RUNNING_REQ] 1772716879.014063 1 1
[RUNNING_REQ] 1772716879.166514 2 1
[RUNNING_REQ] 1772716879.390186 3 1
[RUNNING_REQ] 1772716879.520950 3 1
[RUNNING_REQ] 1772716879.671724 4 1
[RUNNING_REQ] 1772716879.875304 4 1
[RUNNING_REQ] 1772716880.037280 5 1
[RUNNING_REQ] 1772716880.216094 5 1
[RUNNING_REQ] 1772716880.611117 5 1
[RUNNING_REQ] 1772716881.802084 0 0
[RUNNING_REQ] 1772716882.004450 1 0
[RUNNING_REQ] 1772716882.148815 1 1
[RUNNING_REQ] 1772716882.291273 2 1
[RUNNING_REQ] 1772716882.452168 3 1
[RUNNING_REQ] 1772716882.596623 4 1
[RUNNING_REQ] 1772716882.761368 5 1
[RUNNING_REQ] 1772716882.966845 6 1
[RUNNING_REQ] 1772716883.170571 7 1
[RUNNING_REQ] 1772716883.422631 8 1
[RUNNING_REQ] 1772716883.569641 9 1
[RUNNING_REQ] 1772716883.763014 9 1
[RUNNING_REQ] 1772716884.880917 0 0
[RUNNING_REQ] 1772716885.037657 0 1
[RUNNING_REQ] 1772716885.183005 1 1
[RUNNING_REQ] 1772716885.341046 3 0
[RUNNING_REQ] 1772716885.600729 2 0
[RUNNING_REQ] 1772716885.950588 1 1
[RUNNING_REQ] 1772716886.094788 3 0
[RUNNING_REQ] 1772716886.297547 3 0
[RUNNING_REQ] 1772716886.423671 4 0
[RUNNING_REQ] 1772716886.602012 3 1
[RUNNING_REQ] 1772716886.844756 2 0
[RUNNING_REQ] 1772716887.342929 1 1
[RUNNING_REQ] 1772716887.617738 2 1
[RUNNING_REQ] 1772716887.820957 2 1
[RUNNING_REQ] 1772716888.107633 4 1
[RUNNING_REQ] 1772716888.337964 6 0
[RUNNING_REQ] 1772716889.121408 0 1
[RUNNING_REQ] 1772716889.319367 2 0
[RUNNING_REQ] 1772716889.517104 2 1
[RUNNING_REQ] 1772716889.746792 3 1
[RUNNING_REQ] 1772716889.880983 4 1
[RUNNING_REQ] 1772716890.092009 4 1
[RUNNING_REQ] 1772716890.301793 5 1
[RUNNING_REQ] 1772716890.458002 6 1
[RUNNING_REQ] 1772716890.585941 6 1
[RUNNING_REQ] 1772716890.743375 8 0
[RUNNING_REQ] 1772716890.957850 8 1
[RUNNING_REQ] 1772716891.078843 8 1
[RUNNING_REQ] 1772716892.063628 0 1
[RUNNING_REQ] 1772716892.265766 2 0
[RUNNING_REQ] 1772716892.418175 3 0
[RUNNING_REQ] 1772716892.563704 3 1
[RUNNING_REQ] 1772716892.721272 4 1
[RUNNING_REQ] 1772716892.973030 4 1
[RUNNING_REQ] 1772716893.177571 4 1
[RUNNING_REQ] 1772716893.505985 6 1
[RUNNING_REQ] 1772716894.338024 1 0
[RUNNING_REQ] 1772716894.550612 1 1
[RUNNING_REQ] 1772716894.748884 2 1
[RUNNING_REQ] 1772716895.105952 3 1
[RUNNING_REQ] 1772716895.266888 4 1
[RUNNING_REQ] 1772716895.410743 5 1
[RUNNING_REQ] 1772716895.564649 6 1
[RUNNING_REQ] 1772716895.812118 6 1
[RUNNING_REQ] 1772716896.047009 5 1
[RUNNING_REQ] 1772716896.858633 0 1
[RUNNING_REQ] 1772716897.077690 1 0
[RUNNING_REQ] 1772716897.189997 1 1
[RUNNING_REQ] 1772716897.424788 1 0
[RUNNING_REQ] 1772716897.613606 2 0
[RUNNING_REQ] 1772716897.757035 3 0
[RUNNING_REQ] 1772716897.895481 3 0
[RUNNING_REQ] 1772716898.110580 3 1
[RUNNING_REQ] 1772716898.520414 2 0
[RUNNING_REQ] 1772716898.934006 2 0
[RUNNING_REQ] 1772716899.082999 2 1
[RUNNING_REQ] 1772716899.490419 2 1
[RUNNING_REQ] 1772716899.686637 2 1
[RUNNING_REQ] 1772716899.929092 2 0
[RUNNING_REQ] 1772716900.110261 1 1
[RUNNING_REQ] 1772716900.312275 2 1
[RUNNING_REQ] 1772716900.454740 3 0
[RUNNING_REQ] 1772716900.672782 3 0
[RUNNING_REQ] 1772716901.045651 3 0
[RUNNING_REQ] 1772716901.333228 1 0
[RUNNING_REQ] 1772716901.606694 2 1
[RUNNING_REQ] 1772716901.819916 2 1
[RUNNING_REQ] 1772716901.978734 3 1
[RUNNING_REQ] 1772716902.490398 1 0
[RUNNING_REQ] 1772716902.710294 1 1
[RUNNING_REQ] 1772716903.060083 1 1
[RUNNING_REQ] 1772716903.227448 2 1
[RUNNING_REQ] 1772716903.465617 3 0
[RUNNING_REQ] 1772716903.590984 3 1
[RUNNING_REQ] 1772716903.749346 5 0
[RUNNING_REQ] 1772716904.175121 2 1
[RUNNING_REQ] 1772716904.646384 2 0
[RUNNING_REQ] 1772716904.840291 2 0
[RUNNING_REQ] 1772716905.028593 1 1
[RUNNING_REQ] 1772716905.228129 2 1
[RUNNING_REQ] 1772716905.515463 2 1
[RUNNING_REQ] 1772716905.814752 3 1
[RUNNING_REQ] 1772716906.033630 4 1
[RUNNING_REQ] 1772716906.176152 5 1
[RUNNING_REQ] 1772716906.544670 7 0
[RUNNING_REQ] 1772716907.285246 0 1
[RUNNING_REQ] 1772716907.465476 2 0
[RUNNING_REQ] 1772716907.673847 2 0
[RUNNING_REQ] 1772716907.800287 2 1
[RUNNING_REQ] 1772716908.061096 1 0
[RUNNING_REQ] 1772716908.427493 2 0
[RUNNING_REQ] 1772716908.651935 1 1
[RUNNING_REQ] 1772716908.869896 3 0
[RUNNING_REQ] 1772716909.210194 2 1
[RUNNING_REQ] 1772716909.404757 2 1
[RUNNING_REQ] 1772716909.642920 1 0
[RUNNING_REQ] 1772716909.938125 0 1
[RUNNING_REQ] 1772716910.164446 2 1
[RUNNING_REQ] 1772716910.361704 2 1
[RUNNING_REQ] 1772716910.523924 3 0
[RUNNING_REQ] 1772716910.947068 2 1
[RUNNING_REQ] 1772716911.285274 2 1
[RUNNING_REQ] 1772716911.597004 4 1
[RUNNING_REQ] 1772716911.760135 5 1
[RUNNING_REQ] 1772716912.162178 6 0
[RUNNING_REQ] 1772716913.222346 0 0
[RUNNING_REQ] 1772716913.423850 0 1
[RUNNING_REQ] 1772716913.568090 1 1
[RUNNING_REQ] 1772716913.719951 2 1
[RUNNING_REQ] 1772716913.862494 2 1
[RUNNING_REQ] 1772716914.134197 4 1
[RUNNING_REQ] 1772716914.332075 4 1
[RUNNING_REQ] 1772716914.773551 2 0
[RUNNING_REQ] 1772716915.256373 1 1
[RUNNING_REQ] 1772716915.474823 2 1
[RUNNING_REQ] 1772716915.624217 3 1
[RUNNING_REQ] 1772716915.924197 3 1
[RUNNING_REQ] 1772716916.258548 5 0
[RUNNING_REQ] 1772716916.838618 2 0
[RUNNING_REQ] 1772716917.031218 1 1
[RUNNING_REQ] 1772716917.325769 3 1
[RUNNING_REQ] 1772716917.521574 3 0
[RUNNING_REQ] 1772716918.015470 2 0
[RUNNING_REQ] 1772716918.292446 2 1
[RUNNING_REQ] 1772716918.688184 3 1
[RUNNING_REQ] 1772716918.890744 4 1
[RUNNING_REQ] 1772716919.043949 5 1
[RUNNING_REQ] 1772716919.310256 5 0
[RUNNING_REQ] 1772716919.555548 5 1
[RUNNING_REQ] 1772716919.885977 5 1
[RUNNING_REQ] 1772716920.240020 6 0
[RUNNING_REQ] 1772716920.441272 4 1
[RUNNING_REQ] 1772716921.123885 1 0
[RUNNING_REQ] 1772716921.343670 1 1
[RUNNING_REQ] 1772716921.499871 3 0
[RUNNING_REQ] 1772716921.783796 3 1
[RUNNING_REQ] 1772716921.992543 3 0
[RUNNING_REQ] 1772716922.376021 1 0
[RUNNING_REQ] 1772716922.558422 0 1
[RUNNING_REQ] 1772716922.776996 2 0
[RUNNING_REQ] 1772716922.977998 2 1
[RUNNING_REQ] 1772716923.283466 2 0
[RUNNING_REQ] 1772716923.441164 2 1
[RUNNING_REQ] 1772716923.654566 2 0
[RUNNING_REQ] 1772716923.846009 2 0
[RUNNING_REQ] 1772716924.154594 2 0
[RUNNING_REQ] 1772716924.489537 1 1
[RUNNING_REQ] 1772716924.641098 2 0
[RUNNING_REQ] 1772716924.890723 1 1
[RUNNING_REQ] 1772716925.042866 2 1
[RUNNING_REQ] 1772716925.195938 3 1
[RUNNING_REQ] 1772716925.398244 5 0
[RUNNING_REQ] 1772716925.559269 5 0
[RUNNING_REQ] 1772716926.316917 1 0
[RUNNING_REQ] 1772716926.592080 1 1
[RUNNING_REQ] 1772716926.877341 2 1
[RUNNING_REQ] 1772716927.253137 1 0
[RUNNING_REQ] 1772716927.723432 2 0
[RUNNING_REQ] 1772716927.994846 3 1
[RUNNING_REQ] 1772716928.195460 3 1
[RUNNING_REQ] 1772716928.393863 3 1
[RUNNING_REQ] 1772716928.639605 2 0
[RUNNING_REQ] 1772716928.962770 1 0
[RUNNING_REQ] 1772716929.126046 2 0
[RUNNING_REQ] 1772716929.334991 2 0
[RUNNING_REQ] 1772716929.536124 2 0
[RUNNING_REQ] 1772716929.735125 1 1
[RUNNING_REQ] 1772716929.995763 3 1
[RUNNING_REQ] 1772716930.162071 4 1
[RUNNING_REQ] 1772716930.579220 3 1
[RUNNING_REQ] 1772716930.947005 1 0
[RUNNING_REQ] 1772716931.123854 0 1
[RUNNING_REQ] 1772716931.334551 2 0
[RUNNING_REQ] 1772716931.478683 2 1
[RUNNING_REQ] 1772716932.527472 3 1
[RUNNING_REQ] 1772716932.712051 3 1
[RUNNING_REQ] 1772716933.181572 1 1
[RUNNING_REQ] 1772716933.382073 1 1
[RUNNING_REQ] 1772716933.569242 1 1
[RUNNING_REQ] 1772716933.763553 2 0
[RUNNING_REQ] 1772716933.944764 2 0
[RUNNING_REQ] 1772716934.145708 2 0
[RUNNING_REQ] 1772716934.353782 2 1
[RUNNING_REQ] 1772716934.939137 0 0
[RUNNING_REQ] 1772716935.317124 1 1
[RUNNING_REQ] 1772716935.523606 3 0
[RUNNING_REQ] 1772716935.670739 4 0
[RUNNING_REQ] 1772716935.811684 4 0
[RUNNING_REQ] 1772716936.236181 3 1
[RUNNING_REQ] 1772716936.473630 2 0
[RUNNING_REQ] 1772716936.867170 2 1
[RUNNING_REQ] 1772716937.070572 3 0
[RUNNING_REQ] 1772716937.276690 3 1
[RUNNING_REQ] 1772716937.415606 3 1
[RUNNING_REQ] 1772716937.785092 4 0
[RUNNING_REQ] 1772716938.271920 1 0
[RUNNING_REQ] 1772716938.638061 1 1
[RUNNING_REQ] 1772716938.796957 2 1
[RUNNING_REQ] 1772716939.002774 2 1
[RUNNING_REQ] 1772716939.128604 2 1
[RUNNING_REQ] 1772716939.275989 3 1
[RUNNING_REQ] 1772716939.427387 5 1
[RUNNING_REQ] 1772716939.710121 5 0
[RUNNING_REQ] 1772716939.961805 4 0
[RUNNING_REQ] 1772716940.336996 2 0
[RUNNING_REQ] 1772716940.564451 1 1
[RUNNING_REQ] 1772716940.716971 2 1
[RUNNING_REQ] 1772716940.944688 3 0
[RUNNING_REQ] 1772716941.256366 4 0
[RUNNING_REQ] 1772716941.555126 2 0
[RUNNING_REQ] 1772716941.979017 2 0
[RUNNING_REQ] 1772716942.270628 2 0
[RUNNING_REQ] 1772716942.436641 3 0
[RUNNING_REQ] 1772716942.619074 3 1
[RUNNING_REQ] 1772716942.773714 4 1
[RUNNING_REQ] 1772716942.930124 4 0
[RUNNING_REQ] 1772716943.355988 4 1
[RUNNING_REQ] 1772716943.964953 0 1
[RUNNING_REQ] 1772716944.184549 2 0
[RUNNING_REQ] 1772716944.337368 3 0
[RUNNING_REQ] 1772716944.497909 3 1
[RUNNING_REQ] 1772716944.721055 4 0
[RUNNING_REQ] 1772716944.922276 5 0
[RUNNING_REQ] 1772716945.067306 5 1
[RUNNING_REQ] 1772716945.273915 7 0
[RUNNING_REQ] 1772716945.415123 7 1
[RUNNING_REQ] 1772716946.388593 0 0
[RUNNING_REQ] 1772716946.606101 0 1
[RUNNING_REQ] 1772716946.763191 2 0
[RUNNING_REQ] 1772716946.986149 3 1
[RUNNING_REQ] 1772716947.172578 4 0
[RUNNING_REQ] 1772716947.650839 2 0
[RUNNING_REQ] 1772716948.105941 2 0
[RUNNING_REQ] 1772716948.258149 2 1
[RUNNING_REQ] 1772716948.615466 2 1
[RUNNING_REQ] 1772716949.068932 1 0
[RUNNING_REQ] 1772716949.321691 1 0
[RUNNING_REQ] 1772716949.459722 1 1
[RUNNING_REQ] 1772716949.689905 2 1
[RUNNING_REQ] 1772716949.943677 3 1
[RUNNING_REQ] 1772716950.164610 4 0
[RUNNING_REQ] 1772716950.443462 1 0
[RUNNING_REQ] 1772716950.810112 1 1
[RUNNING_REQ] 1772716951.023695 3 0
[RUNNING_REQ] 1772716951.164855 3 1
[RUNNING_REQ] 1772716951.314466 3 1
[RUNNING_REQ] 1772716952.287668 0 1
[RUNNING_REQ] 1772716952.449871 1 1
[RUNNING_REQ] 1772716952.664907 2 1
[RUNNING_REQ] 1772716952.807538 3 1
[RUNNING_REQ] 1772716952.984704 4 1
[RUNNING_REQ] 1772716953.247854 5 1
[RUNNING_REQ] 1772716953.411527 6 1
[RUNNING_REQ] 1772716953.556880 6 1
[RUNNING_REQ] 1772716953.800472 6 0
[RUNNING_REQ] 1772716954.042338 5 0
[RUNNING_REQ] 1772716954.787523 0 1
[RUNNING_REQ] 1772716954.925354 2 0
[RUNNING_REQ] 1772716955.130103 2 1
[RUNNING_REQ] 1772716955.250381 4 0
[RUNNING_REQ] 1772716955.568089 4 1
[RUNNING_REQ] 1772716955.718628 5 0
[RUNNING_REQ] 1772716956.156750 4 0
[RUNNING_REQ] 1772716956.676376 0 0
[RUNNING_REQ] 1772716956.886165 0 1
[RUNNING_REQ] 1772716957.033401 2 0
[RUNNING_REQ] 1772716957.165011 2 1
[RUNNING_REQ] 1772716957.327262 3 1
[RUNNING_REQ] 1772716957.483815 4 1
[RUNNING_REQ] 1772716957.621323 5 1
[RUNNING_REQ] 1772716957.776565 6 0
[RUNNING_REQ] 1772716958.550128 0 0
[RUNNING_REQ] 1772716958.955036 1 1
[RUNNING_REQ] 1772716959.156329 2 1
[RUNNING_REQ] 1772716959.326328 4 0
[RUNNING_REQ] 1772716959.571066 4 1
[RUNNING_REQ] 1772716959.787983 4 1
[RUNNING_REQ] 1772716960.138832 4 1
[RUNNING_REQ] 1772716960.286883 6 0
[RUNNING_REQ] 1772716960.959738 0 0
[RUNNING_REQ] 1772716961.209673 1 0
[RUNNING_REQ] 1772716961.433458 2 1
[RUNNING_REQ] 1772716961.659546 4 0
[RUNNING_REQ] 1772716961.931663 4 1
[RUNNING_REQ] 1772716962.072852 5 0
[RUNNING_REQ] 1772716962.704735 0 1
[RUNNING_REQ] 1772716962.922852 2 0
[RUNNING_REQ] 1772716963.265163 1 0
[RUNNING_REQ] 1772716963.600913 2 0
[RUNNING_REQ] 1772716963.796878 2 1
[RUNNING_REQ] 1772716963.961139 3 1
[RUNNING_REQ] 1772716964.170654 5 0
[RUNNING_REQ] 1772716964.403057 6 1
[RUNNING_REQ] 1772716965.351729 0 1
[RUNNING_REQ] 1772716965.545009 0 1
[RUNNING_REQ] 1772716965.687131 0 1
[RUNNING_REQ] 1772716965.831579 0 1
[RUNNING_REQ] 1772716965.967970 0 1
[RUNNING_REQ] 1772716966.115304 0 1
[RUNNING_REQ] 1772716966.318768 0 1
[RUNNING_REQ] 1772716966.455101 0 1
[RUNNING_REQ] 1772716966.581999 0 1
[RUNNING_REQ] 1772716966.733736 0 1
[RUNNING_REQ] 1772716966.860207 0 1
[RUNNING_REQ] 1772716967.884449 1 11
[RUNNING_REQ] 1772716968.046232 1 11
[RUNNING_REQ] 1772716968.263626 8 5
[RUNNING_REQ] 1772716968.407481 8 5
[RUNNING_REQ] 1772716968.552601 8 5
[RUNNING_REQ] 1772716968.727928 12 2
[RUNNING_REQ] 1772716968.974788 14 3
[RUNNING_REQ] 1772716969.450783 15 4
[RUNNING_REQ] 1772716971.496330 1 0
[RUNNING_REQ] 1772716971.726822 1 1
[RUNNING_REQ] 1772716971.857793 2 1
[RUNNING_REQ] 1772716972.016074 2 1
[RUNNING_REQ] 1772716972.305428 4 1
[RUNNING_REQ] 1772716972.473029 6 0
[RUNNING_REQ] 1772716973.254831 0 0
[RUNNING_REQ] 1772716973.515689 1 1
[RUNNING_REQ] 1772716973.669009 3 0
[RUNNING_REQ] 1772716973.880836 4 0
[RUNNING_REQ] 1772716974.031629 3 0
[RUNNING_REQ] 1772716974.339205 2 0
[RUNNING_REQ] 1772716974.696102 1 1
[RUNNING_REQ] 1772716974.891414 1 1
[RUNNING_REQ] 1772716975.205524 3 1
[RUNNING_REQ] 1772716975.552307 4 1
[RUNNING_REQ] 1772716975.758900 4 1
[RUNNING_REQ] 1772716975.979507 5 1
[RUNNING_REQ] 1772716976.134206 6 1
[RUNNING_REQ] 1772716976.287750 4 1
[RUNNING_REQ] 1772716977.007972 1 0
[RUNNING_REQ] 1772716977.224361 1 1
[RUNNING_REQ] 1772716977.442819 3 1
[RUNNING_REQ] 1772716977.581183 3 1
[RUNNING_REQ] 1772716977.803146 5 0
[RUNNING_REQ] 1772716978.039871 3 0
[RUNNING_REQ] 1772716978.443251 1 1
[RUNNING_REQ] 1772716978.835267 3 0
[RUNNING_REQ] 1772716979.056925 2 1
[RUNNING_REQ] 1772716979.270335 3 1
[RUNNING_REQ] 1772716979.563290 4 1
[RUNNING_REQ] 1772716980.155346 1 1
[RUNNING_REQ] 1772716980.498790 2 0
[RUNNING_REQ] 1772716980.755716 1 0
[RUNNING_REQ] 1772716980.966912 1 1
[RUNNING_REQ] 1772716981.206369 3 1
[RUNNING_REQ] 1772716981.406443 3 1
[RUNNING_REQ] 1772716981.612067 4 0
[RUNNING_REQ] 1772716981.752676 4 1
[RUNNING_REQ] 1772716981.958398 4 1
[RUNNING_REQ] 1772716982.179513 5 0
[RUNNING_REQ] 1772716982.363022 4 1
[RUNNING_REQ] 1772716982.613156 3 1
[RUNNING_REQ] 1772716982.766732 4 1
[RUNNING_REQ] 1772716983.623672 0 0
[RUNNING_REQ] 1772716983.905170 1 1
[RUNNING_REQ] 1772716984.051991 3 0
[RUNNING_REQ] 1772716984.212635 3 1
[RUNNING_REQ] 1772716984.408213 4 1
[RUNNING_REQ] 1772716984.810469 2 0
[RUNNING_REQ] 1772716985.324551 1 0
[RUNNING_REQ] 1772716985.637851 1 1
[RUNNING_REQ] 1772716985.792576 3 1
[RUNNING_REQ] 1772716986.002463 4 0
[RUNNING_REQ] 1772716986.226341 5 0
[RUNNING_REQ] 1772716986.700223 1 0
[RUNNING_REQ] 1772716987.361279 1 0
[RUNNING_REQ] 1772716987.510841 1 1
[RUNNING_REQ] 1772716987.741729 2 0
[RUNNING_REQ] 1772716988.086229 1 1
[RUNNING_REQ] 1772716988.271334 2 0
[RUNNING_REQ] 1772716988.619617 1 1
[RUNNING_REQ] 1772716988.993594 2 1
[RUNNING_REQ] 1772716989.142139 3 1
[RUNNING_REQ] 1772716989.616433 2 1
[RUNNING_REQ] 1772716990.027925 3 0
[RUNNING_REQ] 1772716990.266734 2 0
[RUNNING_REQ] 1772716990.460520 1 1
[RUNNING_REQ] 1772716990.615771 2 1
[RUNNING_REQ] 1772716990.818068 2 1
[RUNNING_REQ] 1772716991.027421 3 1
[RUNNING_REQ] 1772716991.198146 4 1
[RUNNING_REQ] 1772716991.433353 7 0
[RUNNING_REQ] 1772716992.172499 0 0
[RUNNING_REQ] 1772716992.491748 2 0
[RUNNING_REQ] 1772716992.643443 3 0
[RUNNING_REQ] 1772716992.830835 2 1
[RUNNING_REQ] 1772716993.039665 3 1
[RUNNING_REQ] 1772716993.377621 4 0
[RUNNING_REQ] 1772716993.691308 1 0
[RUNNING_REQ] 1772716994.114454 1 1
[RUNNING_REQ] 1772716994.325071 1 1
[RUNNING_REQ] 1772716994.529963 3 0
[RUNNING_REQ] 1772716994.671839 2 0
[RUNNING_REQ] 1772716995.084581 1 1
[RUNNING_REQ] 1772716995.226816 2 1
[RUNNING_REQ] 1772716996.061034 0 0
[RUNNING_REQ] 1772716996.213474 0 1
[RUNNING_REQ] 1772716996.374003 2 0
[RUNNING_REQ] 1772716996.585152 3 0
[RUNNING_REQ] 1772716996.740739 3 1
[RUNNING_REQ] 1772716997.145453 1 0
[RUNNING_REQ] 1772716997.584054 1 1
[RUNNING_REQ] 1772716997.812726 3 0
[RUNNING_REQ] 1772716998.045467 4 1
[RUNNING_REQ] 1772716998.276055 6 0
[RUNNING_REQ] 1772716998.569707 6 1
[RUNNING_REQ] 1772716999.278598 1 0
[RUNNING_REQ] 1772716999.514496 2 0
[RUNNING_REQ] 1772716999.670236 2 1
[RUNNING_REQ] 1772716999.894412 4 1
[RUNNING_REQ] 1772717000.222245 5 1
[RUNNING_REQ] 1772717000.420139 5 1
[RUNNING_REQ] 1772717000.625468 5 1
[RUNNING_REQ] 1772717000.831681 5 1
[RUNNING_REQ] 1772717001.532175 0 0
[RUNNING_REQ] 1772717001.694463 0 1
[RUNNING_REQ] 1772717001.911983 2 0
[RUNNING_REQ] 1772717002.149556 4 0
[RUNNING_REQ] 1772717002.431535 3 0
[RUNNING_REQ] 1772717002.680333 2 0
[RUNNING_REQ] 1772717002.881306 1 1
[RUNNING_REQ] 1772717003.091291 2 0
[RUNNING_REQ] 1772717003.250581 2 0
[RUNNING_REQ] 1772717003.646492 2 1
[RUNNING_REQ] 1772717003.876114 3 0
[RUNNING_REQ] 1772717004.156275 4 1
[RUNNING_REQ] 1772717004.321612 5 1
[RUNNING_REQ] 1772717004.574203 4 1
[RUNNING_REQ] 1772717005.223792 0 1
[RUNNING_REQ] 1772717005.441868 1 1
[RUNNING_REQ] 1772717006.066613 0 0
[RUNNING_REQ] 1772717006.256952 1 0
[RUNNING_REQ] 1772717006.403156 1 1
[RUNNING_REQ] 1772717006.574907 2 1
[RUNNING_REQ] 1772717006.801045 4 1
[RUNNING_REQ] 1772717007.026151 5 1
[RUNNING_REQ] 1772717007.719444 0 0
[RUNNING_REQ] 1772717007.874608 0 1
[RUNNING_REQ] 1772717008.058735 1 1
[RUNNING_REQ] 1772717008.252591 2 1
[RUNNING_REQ] 1772717008.544586 4 0
[RUNNING_REQ] 1772717008.968809 2 1
[RUNNING_REQ] 1772717009.155675 3 0
[RUNNING_REQ] 1772717009.360222 2 1
[RUNNING_REQ] 1772717009.626034 2 0
[RUNNING_REQ] 1772717009.830199 2 0
[RUNNING_REQ] 1772717010.010122 2 0
[RUNNING_REQ] 1772717010.197511 2 0
[RUNNING_REQ] 1772717010.393124 1 1
[RUNNING_REQ] 1772717010.553732 2 1
[RUNNING_REQ] 1772717010.901724 3 1
[RUNNING_REQ] 1772717011.123401 4 0
[RUNNING_REQ] 1772717011.321097 3 0
[RUNNING_REQ] 1772717011.689116 1 0
[RUNNING_REQ] 1772717011.901819 1 1
[RUNNING_REQ] 1772717012.049898 2 1
[RUNNING_REQ] 1772717012.338190 3 1
[RUNNING_REQ] 1772717012.508327 4 1
[RUNNING_REQ] 1772717012.727711 6 0
[RUNNING_REQ] 1772717012.964006 6 1
[RUNNING_REQ] 1772717013.804332 1 0
[RUNNING_REQ] 1772717014.030865 1 0
[RUNNING_REQ] 1772717014.174142 2 0
[RUNNING_REQ] 1772717014.382896 2 1
[RUNNING_REQ] 1772717014.506012 2 1
[RUNNING_REQ] 1772717014.669276 3 1
[RUNNING_REQ] 1772717014.864821 3 1
[RUNNING_REQ] 1772717015.027703 4 1
[RUNNING_REQ] 1772717015.192829 4 0
[RUNNING_REQ] 1772717015.377063 4 0
[RUNNING_REQ] 1772717015.614647 6 0
[RUNNING_REQ] 1772717015.771695 6 0
[RUNNING_REQ] 1772717016.455158 0 1
[RUNNING_REQ] 1772717017.073751 0 0
[RUNNING_REQ] 1772717017.294668 1 0
[RUNNING_REQ] 1772717017.437678 1 1
[RUNNING_REQ] 1772717017.596721 3 0
[RUNNING_REQ] 1772717017.752544 3 1
[RUNNING_REQ] 1772717017.903758 4 1
[RUNNING_REQ] 1772717018.158689 4 1
[RUNNING_REQ] 1772717018.306611 5 1
[RUNNING_REQ] 1772717018.463043 6 0
[RUNNING_REQ] 1772717018.704799 7 0
[RUNNING_REQ] 1772717019.426727 0 1
[RUNNING_REQ] 1772717019.594095 1 1
[RUNNING_REQ] 1772717019.747405 2 1
[RUNNING_REQ] 1772717019.955230 2 1
[RUNNING_REQ] 1772717020.235541 4 1
[RUNNING_REQ] 1772717020.449632 5 1
[RUNNING_REQ] 1772717020.627819 5 0
[RUNNING_REQ] 1772717021.298506 1 0
[RUNNING_REQ] 1772717021.515250 1 1
[RUNNING_REQ] 1772717021.668374 2 1
[RUNNING_REQ] 1772717021.840453 3 1
[RUNNING_REQ] 1772717022.110167 4 1
[RUNNING_REQ] 1772717022.337406 6 0
[RUNNING_REQ] 1772717022.587048 7 0
[RUNNING_REQ] 1772717022.754619 8 1
[RUNNING_REQ] 1772717023.791718 0 0
[RUNNING_REQ] 1772717023.968850 0 1
[RUNNING_REQ] 1772717024.159271 0 0
[RUNNING_REQ] 1772717024.500693 1 1
[RUNNING_REQ] 1772717024.643415 2 1
[RUNNING_REQ] 1772717024.859259 3 1
[RUNNING_REQ] 1772717025.015720 4 1
[RUNNING_REQ] 1772717025.334530 3 1
[RUNNING_REQ] 1772717025.961410 0 0
[RUNNING_REQ] 1772717026.692878 0 1
[RUNNING_REQ] 1772717026.911243 1 1
[RUNNING_REQ] 1772717027.055777 2 1
[RUNNING_REQ] 1772717027.221271 3 1
[RUNNING_REQ] 1772717027.378841 5 0
[RUNNING_REQ] 1772717027.614972 6 1
[RUNNING_REQ] 1772717027.817803 6 1
[RUNNING_REQ] 1772717028.311555 2 0
[RUNNING_REQ] 1772717028.903551 1 1
[RUNNING_REQ] 1772717029.273281 2 1
[RUNNING_REQ] 1772717029.518217 2 0
[RUNNING_REQ] 1772717029.849355 3 1
[RUNNING_REQ] 1772717030.058793 3 1
[RUNNING_REQ] 1772717030.262134 3 1
[RUNNING_REQ] 1772717030.481635 5 0
[RUNNING_REQ] 1772717030.617898 4 1
[RUNNING_REQ] 1772717030.821706 4 1
[RUNNING_REQ] 1772717031.252636 1 0
[RUNNING_REQ] 1772717031.730683 1 1
[RUNNING_REQ] 1772717031.924749 3 0
[RUNNING_REQ] 1772717032.075943 3 1
[RUNNING_REQ] 1772717032.219069 4 1
[RUNNING_REQ] 1772717032.364524 5 1
[RUNNING_REQ] 1772717032.491574 6 0
[RUNNING_REQ] 1772717033.214275 0 1
[RUNNING_REQ] 1772717033.434925 2 0
[RUNNING_REQ] 1772717033.566185 2 0
[RUNNING_REQ] 1772717033.767648 2 1
[RUNNING_REQ] 1772717033.914338 3 1
[RUNNING_REQ] 1772717034.220162 3 1
[RUNNING_REQ] 1772717034.693842 2 0
[RUNNING_REQ] 1772717034.887163 2 0
[RUNNING_REQ] 1772717035.271530 1 1
[RUNNING_REQ] 1772717035.425508 2 1
[RUNNING_REQ] 1772717035.636247 3 1
[RUNNING_REQ] 1772717035.781234 3 1
[RUNNING_REQ] 1772717035.927260 4 1
[RUNNING_REQ] 1772717037.073878 0 1
[RUNNING_REQ] 1772717037.598630 1 2
[RUNNING_REQ] 1772717037.788140 2 1
[RUNNING_REQ] 1772717038.013224 4 0
[RUNNING_REQ] 1772717038.296114 5 1
[RUNNING_REQ] 1772717038.467780 6 0
[RUNNING_REQ] 1772717038.681349 7 1
[RUNNING_REQ] 1772717038.877620 8 2
[RUNNING_REQ] 1772717039.057495 8 2
[RUNNING_REQ] 1772717040.128545 0 0
[RUNNING_REQ] 1772717040.288499 0 1
[RUNNING_REQ] 1772717040.442555 1 1
[RUNNING_REQ] 1772717040.653332 3 0
[RUNNING_REQ] 1772717040.804065 3 1
[RUNNING_REQ] 1772717041.118339 3 0
[RUNNING_REQ] 1772717041.690806 1 1
[RUNNING_REQ] 1772717041.892573 2 1
[RUNNING_REQ] 1772717042.048593 3 1
[RUNNING_REQ] 1772717042.205323 3 1
[RUNNING_REQ] 1772717042.360963 4 1
[RUNNING_REQ] 1772717042.517416 5 1
[RUNNING_REQ] 1772717043.247072 0 0
[RUNNING_REQ] 1772717043.411129 0 1
[RUNNING_REQ] 1772717043.577250 1 1
[RUNNING_REQ] 1772717043.737352 3 0
[RUNNING_REQ] 1772717043.891107 2 1
[RUNNING_REQ] 1772717044.125533 3 1
[RUNNING_REQ] 1772717044.562851 1 1
[RUNNING_REQ] 1772717044.763694 2 0
[RUNNING_REQ] 1772717044.993542 3 0
[RUNNING_REQ] 1772717045.124202 2 1
[RUNNING_REQ] 1772717045.328459 3 0
[RUNNING_REQ] 1772717045.525539 2 0
[RUNNING_REQ] 1772717045.765619 1 1
[RUNNING_REQ] 1772717045.972359 1 1
[RUNNING_REQ] 1772717046.796020 0 1
[RUNNING_REQ] 1772717047.024766 1 1
[RUNNING_REQ] 1772717047.173376 2 1
[RUNNING_REQ] 1772717047.328022 3 1
[RUNNING_REQ] 1772717047.501736 4 1
[RUNNING_REQ] 1772717047.654527 5 1
[RUNNING_REQ] 1772717047.924621 6 1
[RUNNING_REQ] 1772717048.322823 7 1
[RUNNING_REQ] 1772717048.484432 8 0
[RUNNING_REQ] 1772717049.415368 0 1
[RUNNING_REQ] 1772717049.571119 1 1
[RUNNING_REQ] 1772717049.714495 2 0
[RUNNING_REQ] 1772717049.864852 3 0
[RUNNING_REQ] 1772717050.527118 1 1
[RUNNING_REQ] 1772717050.786408 1 1
[RUNNING_REQ] 1772717050.951138 2 1
[RUNNING_REQ] 1772717051.153716 4 0
[RUNNING_REQ] 1772717051.266936 4 1
[RUNNING_REQ] 1772717051.483323 5 1
[RUNNING_REQ] 1772717051.633771 5 1
[RUNNING_REQ] 1772717052.148030 0 0
[RUNNING_REQ] 1772717052.476834 1 1
[RUNNING_REQ] 1772717052.631623 2 1
[RUNNING_REQ] 1772717052.864068 3 1
[RUNNING_REQ] 1772717053.012599 4 1
[RUNNING_REQ] 1772717053.208430 4 0
[RUNNING_REQ] 1772717053.429342 4 1
[RUNNING_REQ] 1772717053.800551 3 0
[RUNNING_REQ] 1772717054.011154 3 0
[RUNNING_REQ] 1772717054.338635 1 0
[RUNNING_REQ] 1772717054.713560 1 1
[RUNNING_REQ] 1772717055.554410 1 0
[RUNNING_REQ] 1772717055.878584 2 1
[RUNNING_REQ] 1772717056.080933 3 0
[RUNNING_REQ] 1772717056.275060 2 1
[RUNNING_REQ] 1772717056.688723 2 0
[RUNNING_REQ] 1772717057.173125 1 0
[RUNNING_REQ] 1772717057.327459 2 0
[RUNNING_REQ] 1772717057.512306 1 1
[RUNNING_REQ] 1772717057.676344 2 1
[RUNNING_REQ] 1772717057.879272 3 1
[RUNNING_REQ] 1772717058.043118 4 1
[RUNNING_REQ] 1772717058.187836 4 1
[RUNNING_REQ] 1772717058.484551 6 1
[RUNNING_REQ] 1772717058.691763 6 1
[RUNNING_REQ] 1772717059.479913 1 0
[RUNNING_REQ] 1772717059.637884 1 1
[RUNNING_REQ] 1772717059.855579 2 1
[RUNNING_REQ] 1772717060.019703 3 1
[RUNNING_REQ] 1772717060.381690 3 1
[RUNNING_REQ] 1772717060.544863 3 1
[RUNNING_REQ] 1772717060.968309 4 0
[RUNNING_REQ] 1772717061.367092 3 1
[RUNNING_REQ] 1772717061.809290 1 0
[RUNNING_REQ] 1772717062.282107 1 0
[RUNNING_REQ] 1772717062.496967 2 0
[RUNNING_REQ] 1772717062.667849 2 0
[RUNNING_REQ] 1772717062.964055 3 1
[RUNNING_REQ] 1772717063.168252 4 1
[RUNNING_REQ] 1772717063.314820 5 1
[RUNNING_REQ] 1772717064.418399 0 0
[RUNNING_REQ] 1772717064.630382 1 0
[RUNNING_REQ] 1772717064.884085 3 0
[RUNNING_REQ] 1772717065.097851 3 0
[RUNNING_REQ] 1772717065.339996 2 0
[RUNNING_REQ] 1772717065.546639 2 0
[RUNNING_REQ] 1772717065.772192 1 0
[RUNNING_REQ] 1772717066.022399 2 0
[RUNNING_REQ] 1772717066.150207 2 0
[RUNNING_REQ] 1772717066.367185 1 0
[RUNNING_REQ] 1772717066.602002 1 0
[RUNNING_REQ] 1772717066.738116 1 1
[RUNNING_REQ] 1772717066.899089 2 1
[RUNNING_REQ] 1772717067.101518 3 1
[RUNNING_REQ] 1772717067.278931 3 1
[RUNNING_REQ] 1772717067.807796 1 0
[RUNNING_REQ] 1772717067.975545 2 0
[RUNNING_REQ] 1772717068.184922 2 1
[RUNNING_REQ] 1772717068.608029 1 1
[RUNNING_REQ] 1772717068.812365 1 1
[RUNNING_REQ] 1772717068.971539 2 1
[RUNNING_REQ] 1772717069.130038 3 1
[RUNNING_REQ] 1772717069.296558 4 1
[RUNNING_REQ] 1772717069.516491 4 1
[RUNNING_REQ] 1772717069.640538 5 1
[RUNNING_REQ] 1772717069.800675 6 1
[RUNNING_REQ] 1772717070.021749 6 0
[RUNNING_REQ] 1772717070.871038 0 1
[RUNNING_REQ] 1772717071.084342 1 1
[RUNNING_REQ] 1772717071.237091 2 1
[RUNNING_REQ] 1772717071.401338 3 1
[RUNNING_REQ] 1772717071.555129 4 1
[RUNNING_REQ] 1772717071.674756 5 1
[RUNNING_REQ] 1772717072.701418 0 0
[RUNNING_REQ] 1772717072.927732 0 0
[RUNNING_REQ] 1772717073.213560 1 1
[RUNNING_REQ] 1772717073.404685 1 1
[RUNNING_REQ] 1772717073.569648 2 1
[RUNNING_REQ] 1772717073.743496 3 1
[RUNNING_REQ] 1772717074.105433 4 1
[RUNNING_REQ] 1772717074.310483 3 1
[RUNNING_REQ] 1772717074.770571 3 0
[RUNNING_REQ] 1772717075.088968 1 0
[RUNNING_REQ] 1772717075.534631 1 0
[RUNNING_REQ] 1772717075.745888 2 0
[RUNNING_REQ] 1772717075.861162 2 1
[RUNNING_REQ] 1772717076.050777 2 1
[RUNNING_REQ] 1772717076.215786 3 1
[RUNNING_REQ] 1772717076.369961 3 1
[RUNNING_REQ] 1772717076.582275 4 1
[RUNNING_REQ] 1772717076.743504 5 1
[RUNNING_REQ] 1772717077.446415 0 1
[RUNNING_REQ] 1772717077.628090 1 1
[RUNNING_REQ] 1772717077.784938 2 1
[RUNNING_REQ] 1772717077.992081 4 0
[RUNNING_REQ] 1772717078.164820 5 0
[RUNNING_REQ] 1772717078.314885 4 0
[RUNNING_REQ] 1772717078.964463 0 1
[RUNNING_REQ] 1772717079.154329 0 1
[RUNNING_REQ] 1772717079.313223 1 1
[RUNNING_REQ] 1772717079.496701 3 0
[RUNNING_REQ] 1772717079.690325 2 1
[RUNNING_REQ] 1772717080.425731 0 0
[RUNNING_REQ] 1772717080.589231 0 1
[RUNNING_REQ] 1772717080.773805 1 0
[RUNNING_REQ] 1772717080.999529 2 0
[RUNNING_REQ] 1772717081.252290 3 1
[RUNNING_REQ] 1772717081.448541 3 1
[RUNNING_REQ] 1772717081.630225 5 0
[RUNNING_REQ] 1772717082.084470 0 0
[RUNNING_REQ] 1772717082.561486 1 1
[RUNNING_REQ] 1772717082.771182 3 0
[RUNNING_REQ] 1772717082.934601 2 0
[RUNNING_REQ] 1772717083.270244 1 0
[RUNNING_REQ] 1772717083.483536 2 0
[RUNNING_REQ] 1772717083.632753 3 0
[RUNNING_REQ] 1772717083.774879 3 0
[RUNNING_REQ] 1772717083.982031 2 1
[RUNNING_REQ] 1772717084.227437 2 0
[RUNNING_REQ] 1772717084.430263 1 0
[RUNNING_REQ] 1772717084.760575 1 1
[RUNNING_REQ] 1772717084.974830 2 1
[RUNNING_REQ] 1772717085.140873 4 0
[RUNNING_REQ] 1772717085.369979 4 1
[RUNNING_REQ] 1772717085.765706 1 0
[RUNNING_REQ] 1772717086.257410 1 1
[RUNNING_REQ] 1772717086.419806 2 1
[RUNNING_REQ] 1772717086.574112 3 1
[RUNNING_REQ] 1772717086.739050 4 0
[RUNNING_REQ] 1772717087.208706 2 0
[RUNNING_REQ] 1772717087.659439 1 1
[RUNNING_REQ] 1772717087.826839 2 1
[RUNNING_REQ] 1772717088.592692 0 0
[RUNNING_REQ] 1772717088.816857 0 1
[RUNNING_REQ] 1772717089.091028 1 1
[RUNNING_REQ] 1772717089.247102 2 1
[RUNNING_REQ] 1772717089.408980 3 1
[RUNNING_REQ] 1772717089.575762 4 1
[RUNNING_REQ] 1772717089.714203 4 1
[RUNNING_REQ] 1772717089.889099 7 0
[RUNNING_REQ] 1772717090.704525 0 0
[RUNNING_REQ] 1772717090.907586 1 0
[RUNNING_REQ] 1772717091.072086 1 1
[RUNNING_REQ] 1772717091.222440 2 1
[RUNNING_REQ] 1772717091.388086 3 1
[RUNNING_REQ] 1772717091.532465 4 1
[RUNNING_REQ] 1772717091.647689 6 0
[RUNNING_REQ] 1772717092.162501 3 0
[RUNNING_REQ] 1772717092.655609 2 0
[RUNNING_REQ] 1772717092.823530 2 0
[RUNNING_REQ] 1772717093.263187 2 0
[RUNNING_REQ] 1772717093.476941 2 0
[RUNNING_REQ] 1772717093.676341 1 1
[RUNNING_REQ] 1772717093.899696 2 1
[RUNNING_REQ] 1772717094.040992 2 1
[RUNNING_REQ] 1772717095.014684 0 0
[RUNNING_REQ] 1772717095.170995 0 1
[RUNNING_REQ] 1772717095.384839 1 1
[RUNNING_REQ] 1772717095.533946 3 0
[RUNNING_REQ] 1772717095.693187 3 1
[RUNNING_REQ] 1772717095.866304 4 0
[RUNNING_REQ] 1772717096.267038 4 0
[RUNNING_REQ] 1772717096.732690 2 1
[RUNNING_REQ] 1772717096.937252 2 1
[RUNNING_REQ] 1772717097.095714 3 1
[RUNNING_REQ] 1772717097.378669 3 0
[RUNNING_REQ] 1772717097.848854 1 0
[RUNNING_REQ] 1772717098.065352 2 0
[RUNNING_REQ] 1772717098.395232 2 0
[RUNNING_REQ] 1772717098.581609 1 1
[RUNNING_REQ] 1772717098.808727 3 0
[RUNNING_REQ] 1772717098.940911 3 0
[RUNNING_REQ] 1772717099.153964 3 1
[RUNNING_REQ] 1772717099.303791 3 1
[RUNNING_REQ] 1772717099.502195 3 1
[RUNNING_REQ] 1772717099.716060 4 0
[RUNNING_REQ] 1772717100.050491 2 0
[RUNNING_REQ] 1772717100.310043 1 0
[RUNNING_REQ] 1772717100.526369 1 1
[RUNNING_REQ] 1772717100.668808 1 1
[RUNNING_REQ] 1772717100.891659 1 0
[RUNNING_REQ] 1772717101.298682 1 1
[RUNNING_REQ] 1772717101.502535 1 1
[RUNNING_REQ] 1772717101.723177 2 0
[RUNNING_REQ] 1772717101.915528 1 1
[RUNNING_REQ] 1772717102.134089 2 1
[RUNNING_REQ] 1772717102.455287 4 0
[RUNNING_REQ] 1772717102.934925 1 1
[RUNNING_REQ] 1772717103.094614 2 1
[RUNNING_REQ] 1772717103.291607 2 1
[RUNNING_REQ] 1772717103.530564 3 0
[RUNNING_REQ] 1772717104.008942 0 0
[RUNNING_REQ] 1772717104.202082 0 1
[RUNNING_REQ] 1772717104.361497 2 0
[RUNNING_REQ] 1772717104.583331 2 1
[RUNNING_REQ] 1772717104.822180 4 1
[RUNNING_REQ] 1772717105.041065 4 0
[RUNNING_REQ] 1772717105.705615 1 0
[RUNNING_REQ] 1772717105.856625 1 1
[RUNNING_REQ] 1772717106.021222 3 0
[RUNNING_REQ] 1772717106.234414 2 1
[RUNNING_REQ] 1772717106.402184 3 0
[RUNNING_REQ] 1772717106.677831 2 1
[RUNNING_REQ] 1772717106.940901 2 0
[RUNNING_REQ] 1772717107.163165 2 1
[RUNNING_REQ] 1772717107.315464 3 1
[RUNNING_REQ] 1772717107.482424 3 1
[RUNNING_REQ] 1772717108.463617 0 1
[RUNNING_REQ] 1772717108.719627 1 0
[RUNNING_REQ] 1772717108.934510 1 1
[RUNNING_REQ] 1772717109.269770 3 1
[RUNNING_REQ] 1772717109.427969 4 1
[RUNNING_REQ] 1772717109.636129 4 1
[RUNNING_REQ] 1772717109.844360 4 1
[RUNNING_REQ] 1772717110.346083 2 0
[RUNNING_REQ] 1772717110.591626 2 0
[RUNNING_REQ] 1772717110.793389 1 0
[RUNNING_REQ] 1772717111.067328 2 0
[RUNNING_REQ] 1772717111.360827 3 0
[RUNNING_REQ] 1772717111.554910 2 1
[RUNNING_REQ] 1772717111.774220 3 1
[RUNNING_REQ] 1772717111.934242 4 1
[RUNNING_REQ] 1772717112.278673 5 1
[RUNNING_REQ] 1772717112.566444 6 1
[RUNNING_REQ] 1772717112.774970 6 1
[RUNNING_REQ] 1772717113.097991 4 0
[RUNNING_REQ] 1772717113.724290 2 0
[RUNNING_REQ] 1772717113.934794 2 0
[RUNNING_REQ] 1772717114.142127 1 0
[RUNNING_REQ] 1772717114.703978 0 1
[RUNNING_REQ] 1772717114.874948 2 0
[RUNNING_REQ] 1772717115.040379 3 0
[RUNNING_REQ] 1772717115.283669 2 0
[RUNNING_REQ] 1772717115.490209 1 1
[RUNNING_REQ] 1772717115.657609 2 1
[RUNNING_REQ] 1772717115.882293 3 1
[RUNNING_REQ] 1772717116.671491 0 0
[RUNNING_REQ] 1772717116.955339 1 1
[RUNNING_REQ] 1772717117.123249 2 1
[RUNNING_REQ] 1772717117.287596 3 0
[RUNNING_REQ] 1772717117.508996 5 0
[RUNNING_REQ] 1772717118.415820 0 0
[RUNNING_REQ] 1772717118.624977 0 1
[RUNNING_REQ] 1772717118.739508 1 1
[RUNNING_REQ] 1772717118.949284 2 1
[RUNNING_REQ] 1772717119.105105 2 1
[RUNNING_REQ] 1772717119.397892 4 1
[RUNNING_REQ] 1772717120.073555 0 1
[RUNNING_REQ] 1772717120.450123 1 1
[RUNNING_REQ] 1772717120.608122 1 1
[RUNNING_REQ] 1772717120.956037 3 1
[RUNNING_REQ] 1772717121.186085 4 0
[RUNNING_REQ] 1772717121.577008 3 1
[RUNNING_REQ] 1772717122.062629 1 0
[RUNNING_REQ] 1772717122.500170 2 0
[RUNNING_REQ] 1772717122.664273 2 1
[RUNNING_REQ] 1772717123.494881 0 0
[RUNNING_REQ] 1772717123.662278 0 1
[RUNNING_REQ] 1772717123.877777 2 0
[RUNNING_REQ] 1772717124.032449 3 0
[RUNNING_REQ] 1772717124.259385 4 1
[RUNNING_REQ] 1772717124.492086 5 1
[RUNNING_REQ] 1772717124.653207 6 1
[RUNNING_REQ] 1772717124.965402 6 1
[RUNNING_REQ] 1772717125.427753 7 1
[RUNNING_REQ] 1772717125.712386 7 0
[RUNNING_REQ] 1772717126.564250 0 1
[RUNNING_REQ] 1772717126.976040 2 0
[RUNNING_REQ] 1772717127.132992 2 1
[RUNNING_REQ] 1772717127.274687 3 1
[RUNNING_REQ] 1772717127.454040 5 0
[RUNNING_REQ] 1772717127.786934 4 1
[RUNNING_REQ] 1772717128.039788 3 0
[RUNNING_REQ] 1772717128.502927 2 0
[RUNNING_REQ] 1772717128.707683 2 1
[RUNNING_REQ] 1772717128.867747 3 1
[RUNNING_REQ] 1772717129.759093 0 0
[RUNNING_REQ] 1772717129.917036 1 0
[RUNNING_REQ] 1772717130.074021 2 0
[RUNNING_REQ] 1772717130.284909 2 0
[RUNNING_REQ] 1772717130.452458 2 1
[RUNNING_REQ] 1772717130.663748 2 1
[RUNNING_REQ] 1772717130.878092 3 1
[RUNNING_REQ] 1772717131.068856 3 0
[RUNNING_REQ] 1772717131.556704 1 1
[RUNNING_REQ] 1772717131.770035 2 0
[RUNNING_REQ] 1772717131.986326 3 0
[RUNNING_REQ] 1772717132.226917 4 0
[RUNNING_REQ] 1772717132.397009 5 1
[RUNNING_REQ] 1772717132.623490 5 0
[RUNNING_REQ] 1772717133.026432 5 1
[RUNNING_REQ] 1772717133.703173 2 0
[RUNNING_REQ] 1772717133.926542 2 0
[RUNNING_REQ] 1772717134.339118 2 0
[RUNNING_REQ] 1772717134.549821 2 0
[RUNNING_REQ] 1772717134.742115 1 1
[RUNNING_REQ] 1772717134.914787 2 1
[RUNNING_REQ] 1772717135.097199 2 1
[RUNNING_REQ] 1772717135.257389 3 1
[RUNNING_REQ] 1772717135.467992 4 1
[RUNNING_REQ] 1772717135.614373 5 1
[RUNNING_REQ] 1772717136.526515 0 0
[RUNNING_REQ] 1772717136.693312 0 1
[RUNNING_REQ] 1772717136.914748 1 1
[RUNNING_REQ] 1772717137.062562 2 1
[RUNNING_REQ] 1772717137.207621 3 1
[RUNNING_REQ] 1772717137.356763 4 0
[RUNNING_REQ] 1772717137.568804 5 0
[RUNNING_REQ] 1772717137.734030 4 0
[RUNNING_REQ] 1772717138.390523 1 0
[RUNNING_REQ] 1772717138.547816 1 1
[RUNNING_REQ] 1772717138.728096 1 1
[RUNNING_REQ] 1772717138.948535 1 0
[RUNNING_REQ] 1772717139.183844 1 0
[RUNNING_REQ] 1772717139.415951 1 0
[RUNNING_REQ] 1772717139.803440 0 0
[RUNNING_REQ] 1772717140.202836 1 1
[RUNNING_REQ] 1772717140.365855 2 1
[RUNNING_REQ] 1772717140.526477 3 1
[RUNNING_REQ] 1772717140.724139 3 1
[RUNNING_REQ] 1772717141.320252 1 0
[RUNNING_REQ] 1772717141.518292 1 1
[RUNNING_REQ] 1772717141.630070 2 1
[RUNNING_REQ] 1772717141.853347 1 0
[RUNNING_REQ] 1772717142.800006 0 0
[RUNNING_REQ] 1772717142.961323 0 1
[RUNNING_REQ] 1772717143.180845 2 0
[RUNNING_REQ] 1772717143.343535 1 1
[RUNNING_REQ] 1772717143.557703 1 1
[RUNNING_REQ] 1772717143.793348 3 0
[RUNNING_REQ] 1772717144.089434 3 1
[RUNNING_REQ] 1772717144.249134 4 1
[RUNNING_REQ] 1772717144.408154 5 0
[RUNNING_REQ] 1772717144.567814 6 1
[RUNNING_REQ] 1772717144.793360 6 1
[RUNNING_REQ] 1772717145.101371 6 1
[RUNNING_REQ] 1772717145.316026 7 1
[RUNNING_REQ] 1772717146.210677 0 1
[RUNNING_REQ] 1772717146.377223 1 1
[RUNNING_REQ] 1772717146.716333 2 1
[RUNNING_REQ] 1772717146.925347 4 0
[RUNNING_REQ] 1772717147.104792 4 0
[RUNNING_REQ] 1772717147.569113 2 0
[RUNNING_REQ] 1772717148.025256 1 1
[RUNNING_REQ] 1772717148.738701 0 0
[RUNNING_REQ] 1772717149.042401 1 1
[RUNNING_REQ] 1772717149.217781 2 1
[RUNNING_REQ] 1772717149.420884 3 1
[RUNNING_REQ] 1772717149.571697 4 1
[RUNNING_REQ] 1772717149.743546 4 1
[RUNNING_REQ] 1772717150.019333 6 1
[RUNNING_REQ] 1772717150.184771 7 1
[RUNNING_REQ] 1772717150.442829 6 1
[RUNNING_REQ] 1772717150.711494 6 0
[RUNNING_REQ] 1772717151.362811 0 1
[RUNNING_REQ] 1772717151.523874 1 1
[RUNNING_REQ] 1772717151.770189 3 0
[RUNNING_REQ] 1772717152.007629 4 1
[RUNNING_REQ] 1772717152.265167 3 1
[RUNNING_REQ] 1772717152.462810 3 1
[RUNNING_REQ] 1772717152.749209 2 0
[RUNNING_REQ] 1772717153.055666 0 1
[RUNNING_REQ] 1772717153.225398 1 1
[RUNNING_REQ] 1772717153.542488 3 1
[RUNNING_REQ] 1772717153.767345 3 0
[RUNNING_REQ] 1772717154.773382 0 1
[RUNNING_REQ] 1772717154.927730 1 1
[RUNNING_REQ] 1772717155.080325 2 1
[RUNNING_REQ] 1772717155.250942 3 1
[RUNNING_REQ] 1772717155.633463 3 1
[RUNNING_REQ] 1772717156.014379 1 0
[RUNNING_REQ] 1772717156.324625 1 1
[RUNNING_REQ] 1772717156.492489 2 0
[RUNNING_REQ] 1772717156.699143 2 1
[RUNNING_REQ] 1772717156.858528 3 1
[RUNNING_REQ] 1772717157.020035 4 1
[RUNNING_REQ] 1772717157.599509 1 1
[RUNNING_REQ] 1772717157.762839 2 1
[RUNNING_REQ] 1772717157.977672 3 0
[RUNNING_REQ] 1772717158.182563 2 1
[RUNNING_REQ] 1772717158.354047 3 0
[RUNNING_REQ] 1772717158.633687 2 1
[RUNNING_REQ] 1772717159.094468 0 1
[RUNNING_REQ] 1772717159.251160 0 1
[RUNNING_REQ] 1772717159.476572 2 1
[RUNNING_REQ] 1772717159.635299 3 1
[RUNNING_REQ] 1772717159.807665 5 0
[RUNNING_REQ] 1772717160.998744 0 0
[RUNNING_REQ] 1772717161.165990 0 1
[RUNNING_REQ] 1772717161.336293 1 1
[RUNNING_REQ] 1772717161.640315 3 1
[RUNNING_REQ] 1772717161.805141 4 1
[RUNNING_REQ] 1772717161.999995 4 1
[RUNNING_REQ] 1772717162.317822 1 0
[RUNNING_REQ] 1772717162.787260 1 1
[RUNNING_REQ] 1772717162.957005 2 1
[RUNNING_REQ] 1772717163.128176 3 1
[RUNNING_REQ] 1772717163.294917 4 1
[RUNNING_REQ] 1772717163.515506 5 0
[RUNNING_REQ] 1772717163.727807 2 0
[RUNNING_REQ] 1772717164.467085 1 0
[RUNNING_REQ] 1772717164.632610 1 0
[RUNNING_REQ] 1772717164.772781 1 1
[RUNNING_REQ] 1772717164.933675 2 1
[RUNNING_REQ] 1772717165.281603 4 0
[RUNNING_REQ] 1772717165.511842 3 0
[RUNNING_REQ] 1772717165.894333 0 0
[RUNNING_REQ] 1772717166.246501 1 1
[RUNNING_REQ] 1772717166.987913 0 0
[RUNNING_REQ] 1772717167.143675 1 0
[RUNNING_REQ] 1772717167.367642 2 0
[RUNNING_REQ] 1772717167.534441 1 0
[RUNNING_REQ] 1772717167.726114 1 1
[RUNNING_REQ] 1772717167.896020 2 0
[RUNNING_REQ] 1772717168.274262 2 1
[RUNNING_REQ] 1772717168.486721 3 0
[RUNNING_REQ] 1772717168.910239 1 1
[RUNNING_REQ] 1772717169.071888 3 0
[RUNNING_REQ] 1772717169.270322 2 1
[RUNNING_REQ] 1772717169.432617 4 0
[RUNNING_REQ] 1772717169.648707 4 1
[RUNNING_REQ] 1772717170.160067 0 0
[RUNNING_REQ] 1772717170.579340 1 1
[RUNNING_REQ] 1772717170.743693 2 1
[RUNNING_REQ] 1772717170.978653 2 0
[RUNNING_REQ] 1772717171.511432 0 1
[RUNNING_REQ] 1772717171.700812 0 1
[RUNNING_REQ] 1772717171.912004 1 1
[RUNNING_REQ] 1772717172.070039 2 1
[RUNNING_REQ] 1772717172.235851 3 1
[RUNNING_REQ] 1772717173.033905 0 0
[RUNNING_REQ] 1772717173.198689 0 1
[RUNNING_REQ] 1772717173.367894 2 0
[RUNNING_REQ] 1772717173.766221 1 1
[RUNNING_REQ] 1772717173.982017 3 0
[RUNNING_REQ] 1772717174.135893 3 0
[RUNNING_REQ] 1772717174.464719 1 0
[RUNNING_REQ] 1772717174.667484 1 0
[RUNNING_REQ] 1772717174.870655 1 1
[RUNNING_REQ] 1772717175.004529 3 0
[RUNNING_REQ] 1772717175.220341 3 0
[RUNNING_REQ] 1772717175.662033 1 1
[RUNNING_REQ] 1772717175.856195 1 1
[RUNNING_REQ] 1772717176.025311 2 1
[RUNNING_REQ] 1772717176.233739 3 0
[RUNNING_REQ] 1772717176.680463 1 0
[RUNNING_REQ] 1772717177.037402 2 0
[RUNNING_REQ] 1772717177.247922 2 1
[RUNNING_REQ] 1772717177.416718 3 1
[RUNNING_REQ] 1772717177.697841 2 0
[RUNNING_REQ] 1772717178.171266 0 1
[RUNNING_REQ] 1772717178.806644 0 0
[RUNNING_REQ] 1772717179.028046 1 0
[RUNNING_REQ] 1772717179.180775 2 0
[RUNNING_REQ] 1772717179.327916 3 0
[RUNNING_REQ] 1772717179.499984 4 0
[RUNNING_REQ] 1772717179.786109 4 1
[RUNNING_REQ] 1772717180.000951 4 1
[RUNNING_REQ] 1772717180.199936 4 0
[RUNNING_REQ] 1772717180.818986 1 0
[RUNNING_REQ] 1772717180.990837 1 1
[RUNNING_REQ] 1772717181.268328 1 0
[RUNNING_REQ] 1772717181.436462 1 1
[RUNNING_REQ] 1772717181.644208 2 0
[RUNNING_REQ] 1772717181.810174 2 1
[RUNNING_REQ] 1772717181.967142 3 1
[RUNNING_REQ] 1772717182.443276 1 0
[RUNNING_REQ] 1772717182.676041 2 0
[RUNNING_REQ] 1772717182.893714 2 0
[RUNNING_REQ] 1772717183.096081 1 1
[RUNNING_REQ] 1772717183.251911 3 0
[RUNNING_REQ] 1772717183.453466 2 1
[RUNNING_REQ] 1772717184.281342 0 0
[RUNNING_REQ] 1772717184.503038 0 1
[RUNNING_REQ] 1772717184.671419 1 0
[RUNNING_REQ] 1772717184.812705 1 1
[RUNNING_REQ] 1772717184.985329 2 1
[RUNNING_REQ] 1772717185.240740 1 1
[RUNNING_REQ] 1772717185.450054 2 0
[RUNNING_REQ] 1772717185.647830 1 0
[RUNNING_REQ] 1772717186.061176 1 1
[RUNNING_REQ] 1772717186.228645 2 1
[RUNNING_REQ] 1772717186.455791 4 0
[RUNNING_REQ] 1772717186.572761 4 0
[RUNNING_REQ] 1772717187.223285 0 1
[RUNNING_REQ] 1772717187.372369 1 1
[RUNNING_REQ] 1772717187.537320 2 1
[RUNNING_REQ] 1772717187.702549 3 1
[RUNNING_REQ] 1772717187.873429 3 1
[RUNNING_REQ] 1772717188.068556 4 1
[RUNNING_REQ] 1772717188.398758 2 0
[RUNNING_REQ] 1772717188.820198 1 1
[RUNNING_REQ] 1772717189.040210 2 1
[RUNNING_REQ] 1772717189.764767 0 0
[RUNNING_REQ] 1772717189.924378 0 1
[RUNNING_REQ] 1772717190.141359 1 1
[RUNNING_REQ] 1772717190.286178 1 1
[RUNNING_REQ] 1772717190.503177 3 0
[RUNNING_REQ] 1772717190.876870 2 0
[RUNNING_REQ] 1772717191.133263 2 0
[RUNNING_REQ] 1772717191.342640 1 1
[RUNNING_REQ] 1772717191.503675 2 1
[RUNNING_REQ] 1772717191.681996 3 0
[RUNNING_REQ] 1772717191.938271 2 1
[RUNNING_REQ] 1772717192.105860 3 1
[RUNNING_REQ] 1772717192.307915 3 1
[RUNNING_REQ] 1772717192.620237 4 1
[RUNNING_REQ] 1772717192.776944 5 1
[RUNNING_REQ] 1772717192.987517 6 1
[RUNNING_REQ] 1772717193.168799 5 0
[RUNNING_REQ] 1772717194.018761 0 1
[RUNNING_REQ] 1772717194.181134 2 0
[RUNNING_REQ] 1772717194.416749 3 0
[RUNNING_REQ] 1772717195.354485 0 0
[RUNNING_REQ] 1772717195.516042 0 1
[RUNNING_REQ] 1772717195.725299 0 1
[RUNNING_REQ] 1772717195.891306 2 0
[RUNNING_REQ] 1772717196.107248 2 1
[RUNNING_REQ] 1772717196.257397 2 0
[RUNNING_REQ] 1772717196.613912 2 0
[RUNNING_REQ] 1772717196.816752 2 0
[RUNNING_REQ] 1772717197.176783 2 0
[RUNNING_REQ] 1772717197.377603 2 0
[RUNNING_REQ] 1772717197.537374 2 0
[RUNNING_REQ] 1772717197.983389 2 0
[RUNNING_REQ] 1772717198.186559 2 1
[RUNNING_REQ] 1772717198.393540 1 1
[RUNNING_REQ] 1772717198.600693 2 1
[RUNNING_REQ] 1772717198.906093 3 1
[RUNNING_REQ] 1772717199.068289 4 1
[RUNNING_REQ] 1772717199.267678 4 1
[RUNNING_REQ] 1772717199.495252 5 0
[RUNNING_REQ] 1772717200.100435 0 0
[RUNNING_REQ] 1772717200.844319 0 1
[RUNNING_REQ] 1772717201.002693 1 1
[RUNNING_REQ] 1772717201.167415 3 0
[RUNNING_REQ] 1772717201.402773 3 0
[RUNNING_REQ] 1772717201.933103 1 1
[RUNNING_REQ] 1772717202.259405 2 0
[RUNNING_REQ] 1772717202.488637 2 0
[RUNNING_REQ] 1772717202.703420 2 0
[RUNNING_REQ] 1772717203.116023 2 0
[RUNNING_REQ] 1772717203.280819 2 1
[RUNNING_REQ] 1772717203.442537 2 1
[RUNNING_REQ] 1772717204.070405 2 1
[RUNNING_REQ] 1772717204.340212 2 1
[RUNNING_REQ] 1772717204.498662 3 1
[RUNNING_REQ] 1772717204.703489 4 0
[RUNNING_REQ] 1772717204.937649 4 1
[RUNNING_REQ] 1772717205.838472 0 0
[RUNNING_REQ] 1772717206.007038 0 1
[RUNNING_REQ] 1772717206.169231 1 1
[RUNNING_REQ] 1772717206.326537 3 0
[RUNNING_REQ] 1772717206.517172 2 1
[RUNNING_REQ] 1772717206.670658 3 1
[RUNNING_REQ] 1772717207.284283 1 0
[RUNNING_REQ] 1772717207.519791 1 0
[RUNNING_REQ] 1772717207.686692 2 0
[RUNNING_REQ] 1772717207.874481 1 1
[RUNNING_REQ] 1772717208.047525 2 1
[RUNNING_REQ] 1772717208.244360 2 1
[RUNNING_REQ] 1772717208.404685 3 1
[RUNNING_REQ] 1772717208.701194 2 0
[RUNNING_REQ] 1772717209.158677 1 1
[RUNNING_REQ] 1772717209.434025 1 0
[RUNNING_REQ] 1772717209.597726 1 1
[RUNNING_REQ] 1772717209.757568 1 1
[RUNNING_REQ] 1772717209.970560 3 0
[RUNNING_REQ] 1772717210.934173 0 0
[RUNNING_REQ] 1772717211.088465 0 1
[RUNNING_REQ] 1772717211.246809 1 1
[RUNNING_REQ] 1772717211.411167 2 1
[RUNNING_REQ] 1772717211.582433 3 0
[RUNNING_REQ] 1772717211.840901 2 0
[RUNNING_REQ] 1772717212.062601 1 1
[RUNNING_REQ] 1772717212.235159 2 1
[RUNNING_REQ] 1772717212.399258 3 1
[RUNNING_REQ] 1772717212.740127 4 1
[RUNNING_REQ] 1772717212.984328 5 1
[RUNNING_REQ] 1772717213.141875 6 1
[RUNNING_REQ] 1772717213.383282 7 1
[RUNNING_REQ] 1772717213.583805 7 0
[RUNNING_REQ] 1772717213.815603 6 1
[RUNNING_REQ] 1772717214.816218 1 0
[RUNNING_REQ] 1772717215.535404 0 0
[RUNNING_REQ] 1772717215.828825 1 1
[RUNNING_REQ] 1772717215.992086 3 0
[RUNNING_REQ] 1772717216.289385 2 0
[RUNNING_REQ] 1772717216.687220 1 1
[RUNNING_REQ] 1772717216.897721 1 1
[RUNNING_REQ] 1772717217.102748 1 1
[RUNNING_REQ] 1772717217.312287 3 0
[RUNNING_REQ] 1772717217.453701 3 0
[RUNNING_REQ] 1772717217.699909 1 1
[RUNNING_REQ] 1772717217.902987 2 1
[RUNNING_REQ] 1772717218.027317 3 0
[RUNNING_REQ] 1772717218.598447 1 0
[RUNNING_REQ] 1772717218.947993 1 1
[RUNNING_REQ] 1772717219.122877 2 1
[RUNNING_REQ] 1772717219.325831 3 0
[RUNNING_REQ] 1772717219.498227 3 1
[RUNNING_REQ] 1772717220.061961 0 1
[RUNNING_REQ] 1772717220.221190 1 1
[RUNNING_REQ] 1772717220.455164 3 0
[RUNNING_REQ] 1772717220.637338 3 0
[RUNNING_REQ] 1772717221.576198 1 0
[RUNNING_REQ] 1772717221.798883 2 0
[RUNNING_REQ] 1772717221.954241 2 0
[RUNNING_REQ] 1772717222.114538 2 0
[RUNNING_REQ] 1772717222.573361 2 0
[RUNNING_REQ] 1772717222.766140 2 0
[RUNNING_REQ] 1772717222.994464 2 0
[RUNNING_REQ] 1772717223.200888 1 1
[RUNNING_REQ] 1772717223.420801 2 1
[RUNNING_REQ] 1772717223.768639 2 1
[RUNNING_REQ] 1772717223.941687 4 0
[RUNNING_REQ] 1772717224.152908 3 1
[RUNNING_REQ] 1772717224.456633 1 0
[RUNNING_REQ] 1772717224.714699 1 0
[RUNNING_REQ] 1772717224.923233 2 0
[RUNNING_REQ] 1772717225.057085 1 1
[RUNNING_REQ] 1772717225.266342 2 1
[RUNNING_REQ] 1772717225.433711 3 1
[RUNNING_REQ] 1772717225.599187 4 0
[RUNNING_REQ] 1772717226.499076 0 0
[RUNNING_REQ] 1772717226.658874 0 1
[RUNNING_REQ] 1772717226.884311 2 0
[RUNNING_REQ] 1772717227.040307 2 1
[RUNNING_REQ] 1772717227.197574 3 0
[RUNNING_REQ] 1772717227.395877 2 1
[RUNNING_REQ] 1772717227.601017 3 0
[RUNNING_REQ] 1772717227.799738 3 0
[RUNNING_REQ] 1772717228.048292 2 0
[RUNNING_REQ] 1772717228.257114 2 0
[RUNNING_REQ] 1772717228.407471 2 1
[RUNNING_REQ] 1772717228.616179 2 1
[RUNNING_REQ] 1772717228.839597 3 1
[RUNNING_REQ] 1772717229.266388 2 0
[RUNNING_REQ] 1772717229.718729 1 1
[RUNNING_REQ] 1772717229.940599 2 1
[RUNNING_REQ] 1772717230.243642 3 0
[RUNNING_REQ] 1772717230.467154 3 1
[RUNNING_REQ] 1772717230.612925 5 0
[RUNNING_REQ] 1772717231.577518 0 0
[RUNNING_REQ] 1772717231.751729 1 0
[RUNNING_REQ] 1772717231.916210 2 0
[RUNNING_REQ] 1772717232.129601 1 1
[RUNNING_REQ] 1772717232.295851 2 1
[RUNNING_REQ] 1772717232.505058 2 1
[RUNNING_REQ] 1772717232.714190 3 0
[RUNNING_REQ] 1772717232.916696 2 1
[RUNNING_REQ] 1772717233.372731 0 1
[RUNNING_REQ] 1772717233.603741 1 0
[RUNNING_REQ] 1772717233.770422 1 1
[RUNNING_REQ] 1772717233.960395 1 1
[RUNNING_REQ] 1772717234.128667 2 1
[RUNNING_REQ] 1772717234.295923 3 1
[RUNNING_REQ] 1772717234.513523 4 0
[RUNNING_REQ] 1772717234.756638 4 0
[RUNNING_REQ] 1772717235.316752 1 0
[RUNNING_REQ] 1772717235.540338 1 1
[RUNNING_REQ] 1772717235.653771 3 0
[RUNNING_REQ] 1772717235.879687 2 0
[RUNNING_REQ] 1772717236.663089 0 0
[RUNNING_REQ] 1772717236.819153 0 1
[RUNNING_REQ] 1772717236.980314 1 1
[RUNNING_REQ] 1772717237.144591 2 1
[RUNNING_REQ] 1772717237.310978 4 0
[RUNNING_REQ] 1772717237.526875 3 1
[RUNNING_REQ] 1772717238.008880 3 0
[RUNNING_REQ] 1772717238.274071 1 0
[RUNNING_REQ] 1772717238.521439 1 0
[RUNNING_REQ] 1772717238.685714 1 1
[RUNNING_REQ] 1772717238.846833 2 1
[RUNNING_REQ] 1772717239.255553 4 0
[RUNNING_REQ] 1772717239.376178 4 1
[RUNNING_REQ] 1772717239.547429 5 1
[RUNNING_REQ] 1772717239.760214 6 1
[RUNNING_REQ] 1772717240.623785 0 0
[RUNNING_REQ] 1772717240.848183 1 0
[RUNNING_REQ] 1772717241.679682 0 0
[RUNNING_REQ] 1772717241.846022 0 1
[RUNNING_REQ] 1772717242.013390 1 1
[RUNNING_REQ] 1772717242.216896 2 1
[RUNNING_REQ] 1772717242.329823 3 1
[RUNNING_REQ] 1772717242.822222 1 0
[RUNNING_REQ] 1772717243.164105 2 0
[RUNNING_REQ] 1772717243.368127 2 1
[RUNNING_REQ] 1772717243.533667 3 1
[RUNNING_REQ] 1772717243.757160 4 1
[RUNNING_REQ] 1772717243.927268 5 1
[RUNNING_REQ] 1772717244.081486 6 1
[RUNNING_REQ] 1772717244.201998 6 0
[RUNNING_REQ] 1772717245.071543 0 1
[RUNNING_REQ] 1772717245.291930 1 1
[RUNNING_REQ] 1772717245.446231 1 0
[RUNNING_REQ] 1772717245.658490 2 0
[RUNNING_REQ] 1772717245.855315 2 0
[RUNNING_REQ] 1772717246.738399 0 1
[RUNNING_REQ] 1772717246.945086 1 1
[RUNNING_REQ] 1772717247.128115 3 0
[RUNNING_REQ] 1772717247.374076 4 1
[RUNNING_REQ] 1772717247.541379 5 1
[RUNNING_REQ] 1772717247.803146 5 0
[RUNNING_REQ] 1772717248.251157 1 0
[RUNNING_REQ] 1772717248.467666 0 1
[RUNNING_REQ] 1772717248.639106 2 0
[RUNNING_REQ] 1772717248.799846 2 1
[RUNNING_REQ] 1772717248.968215 3 0
[RUNNING_REQ] 1772717249.430475 2 1
[RUNNING_REQ] 1772717249.628556 2 1
[RUNNING_REQ] 1772717250.081272 2 0
[RUNNING_REQ] 1772717250.282006 1 1
[RUNNING_REQ] 1772717250.446606 2 1
[RUNNING_REQ] 1772717250.665780 2 1
[RUNNING_REQ] 1772717250.878192 4 0
[RUNNING_REQ] 1772717251.718663 0 0
[RUNNING_REQ] 1772717251.879058 0 1
[RUNNING_REQ] 1772717252.052069 1 1
[RUNNING_REQ] 1772717252.208460 2 1
[RUNNING_REQ] 1772717252.369260 3 1
[RUNNING_REQ] 1772717252.534368 4 1
[RUNNING_REQ] 1772717252.761793 5 1
[RUNNING_REQ] 1772717252.877271 5 0
[RUNNING_REQ] 1772717253.714138 0 1
[RUNNING_REQ] 1772717253.951804 1 1
[RUNNING_REQ] 1772717254.111617 2 1
[RUNNING_REQ] 1772717254.363300 4 0
[RUNNING_REQ] 1772717254.591707 5 1
[RUNNING_REQ] 1772717254.745165 6 1
[RUNNING_REQ] 1772717254.868430 7 1
[RUNNING_REQ] 1772717255.077729 7 0
[RUNNING_REQ] 1772717255.851573 0 1
[RUNNING_REQ] 1772717256.538926 0 0
[RUNNING_REQ] 1772717256.709230 0 1
[RUNNING_REQ] 1772717256.869598 2 0
[RUNNING_REQ] 1772717257.038535 3 0
[RUNNING_REQ] 1772717257.295081 1 1
[RUNNING_REQ] 1772717257.454331 2 1
[RUNNING_REQ] 1772717257.629994 4 0
[RUNNING_REQ] 1772717257.830418 3 1
[RUNNING_REQ] 1772717258.054932 0 0
[RUNNING_REQ] 1772717258.730156 1 1
[RUNNING_REQ] 1772717258.890879 2 1
[RUNNING_REQ] 1772717259.147845 2 0
[RUNNING_REQ] 1772717259.311098 2 1
[RUNNING_REQ] 1772717259.647573 3 1
[RUNNING_REQ] 1772717259.859242 4 0
[RUNNING_REQ] 1772717260.765119 0 0
[RUNNING_REQ] 1772717260.926235 0 1
[RUNNING_REQ] 1772717261.086791 1 1
[RUNNING_REQ] 1772717261.254320 2 1
[RUNNING_REQ] 1772717261.414384 3 1
[RUNNING_REQ] 1772717261.605276 5 0
[RUNNING_REQ] 1772717261.823514 4 0
[RUNNING_REQ] 1772717262.460901 0 0
[RUNNING_REQ] 1772717262.727579 1 0
[RUNNING_REQ] 1772717262.886952 1 1
[RUNNING_REQ] 1772717263.035518 2 1
[RUNNING_REQ] 1772717263.215436 3 0
[RUNNING_REQ] 1772717263.510149 4 1
[RUNNING_REQ] 1772717263.905831 4 1
[RUNNING_REQ] 1772717264.187018 3 1
[RUNNING_REQ] 1772717264.351287 4 1
[RUNNING_REQ] 1772717264.520520 5 1
[RUNNING_REQ] 1772717264.749441 5 1
[RUNNING_REQ] 1772717265.466361 1 0
[RUNNING_REQ] 1772717265.643677 1 1
[RUNNING_REQ] 1772717266.419396 0 0
[RUNNING_REQ] 1772717266.587080 1 0
[RUNNING_REQ] 1772717266.746933 2 0
[RUNNING_REQ] 1772717266.879933 2 1
[RUNNING_REQ] 1772717267.035698 3 0
[RUNNING_REQ] 1772717267.290997 1 1
[RUNNING_REQ] 1772717267.465265 2 1
[RUNNING_REQ] 1772717267.626116 3 1
[RUNNING_REQ] 1772717267.833731 4 0
[RUNNING_REQ] 1772717268.375883 1 0
[RUNNING_REQ] 1772717268.728904 2 1
[RUNNING_REQ] 1772717268.954966 3 0
[RUNNING_REQ] 1772717269.165054 3 0
[RUNNING_REQ] 1772717269.361985 2 0
[RUNNING_REQ] 1772717269.633254 1 0
[RUNNING_REQ] 1772717270.028914 2 0
[RUNNING_REQ] 1772717270.246507 1 1
[RUNNING_REQ] 1772717270.463759 2 0
[RUNNING_REQ] 1772717270.625421 2 0
[RUNNING_REQ] 1772717271.560333 0 0
[RUNNING_REQ] 1772717271.850543 1 1
[RUNNING_REQ] 1772717272.170832 4 0
[RUNNING_REQ] 1772717272.427528 2 0
[RUNNING_REQ] 1772717272.723678 1 0
[RUNNING_REQ] 1772717273.012449 2 1
[RUNNING_REQ] 1772717273.236792 2 0
[RUNNING_REQ] 1772717273.692506 1 1
[RUNNING_REQ] 1772717273.899773 1 1
[RUNNING_REQ] 1772717274.091089 1 1
[RUNNING_REQ] 1772717274.289053 1 1
[RUNNING_REQ] 1772717274.468738 3 0
[RUNNING_REQ] 1772717274.693304 2 0
[RUNNING_REQ] 1772717275.149459 2 0
[RUNNING_REQ] 1772717275.307892 2 1
[RUNNING_REQ] 1772717275.523577 3 0
[RUNNING_REQ] 1772717276.313940 0 0
[RUNNING_REQ] 1772717276.488201 0 1
[RUNNING_REQ] 1772717276.651851 2 0
[RUNNING_REQ] 1772717276.865128 3 0
[RUNNING_REQ] 1772717277.053643 2 0
[RUNNING_REQ] 1772717277.543223 1 0
[RUNNING_REQ] 1772717277.717169 1 1
[RUNNING_REQ] 1772717277.915691 2 0
[RUNNING_REQ] 1772717278.149445 2 1
[RUNNING_REQ] 1772717278.629613 1 0
[RUNNING_REQ] 1772717278.833148 1 1
[RUNNING_REQ] 1772717278.973963 1 1
[RUNNING_REQ] 1772717279.140211 2 1
[RUNNING_REQ] 1772717279.300407 3 1
[RUNNING_REQ] 1772717279.472431 4 0
[RUNNING_REQ] 1772717279.688143 5 1
[RUNNING_REQ] 1772717279.866872 6 1
[RUNNING_REQ] 1772717279.979211 7 1
[RUNNING_REQ] 1772717280.134662 8 1
[RUNNING_REQ] 1772717281.389437 0 0
[RUNNING_REQ] 1772717281.574639 1 0
[RUNNING_REQ] 1772717281.741862 1 1
[RUNNING_REQ] 1772717281.911210 2 1
[RUNNING_REQ] 1772717282.271977 4 0
[RUNNING_REQ] 1772717282.546540 2 0
[RUNNING_REQ] 1772717283.012519 0 0
[RUNNING_REQ] 1772717283.357309 1 0
[RUNNING_REQ] 1772717283.649720 1 1
[RUNNING_REQ] 1772717284.029190 2 1
[RUNNING_REQ] 1772717284.207872 4 0
[RUNNING_REQ] 1772717284.457405 3 0
[RUNNING_REQ] 1772717284.719623 1 0
[RUNNING_REQ] 1772717284.964912 0 1
[RUNNING_REQ] 1772717285.169748 2 0
[RUNNING_REQ] 1772717285.289049 2 1
[RUNNING_REQ] 1772717285.456614 3 1
[RUNNING_REQ] 1772717286.372211 0 0
[RUNNING_REQ] 1772717286.534764 0 1
[RUNNING_REQ] 1772717286.765939 1 1
[RUNNING_REQ] 1772717286.933651 3 0
[RUNNING_REQ] 1772717287.331959 1 0
[RUNNING_REQ] 1772717287.755387 2 0
[RUNNING_REQ] 1772717287.954617 1 1
[RUNNING_REQ] 1772717288.119918 2 1
[RUNNING_REQ] 1772717288.273304 3 1
[RUNNING_REQ] 1772717288.444014 4 1
[RUNNING_REQ] 1772717288.718583 4 0
[RUNNING_REQ] 1772717289.018656 2 0
[RUNNING_REQ] 1772717289.240806 1 1
[RUNNING_REQ] 1772717289.406797 2 1
[RUNNING_REQ] 1772717289.821255 2 1
[RUNNING_REQ] 1772717290.049837 2 0
[RUNNING_REQ] 1772717290.977621 0 1
[RUNNING_REQ] 1772717291.312016 1 1
[RUNNING_REQ] 1772717291.476237 2 1
[RUNNING_REQ] 1772717291.654513 4 0
[RUNNING_REQ] 1772717291.994277 1 0
[RUNNING_REQ] 1772717292.399615 2 0
[RUNNING_REQ] 1772717292.642744 3 0
[RUNNING_REQ] 1772717292.944457 3 0
[RUNNING_REQ] 1772717293.193010 2 1
[RUNNING_REQ] 1772717293.424139 2 0
[RUNNING_REQ] 1772717293.700045 1 0
[RUNNING_REQ] 1772717294.067676 2 1
[RUNNING_REQ] 1772717294.248342 2 1
[RUNNING_REQ] 1772717295.371094 0 0
[RUNNING_REQ] 1772717295.533712 0 1
[RUNNING_REQ] 1772717295.703058 2 0
[RUNNING_REQ] 1772717295.924252 2 1
[RUNNING_REQ] 1772717296.071642 3 0
[RUNNING_REQ] 1772717296.278214 2 1
[RUNNING_REQ] 1772717296.496198 2 1
[RUNNING_REQ] 1772717296.713445 2 1
[RUNNING_REQ] 1772717296.941386 2 1
[RUNNING_REQ] 1772717297.323045 3 1
[RUNNING_REQ] 1772717297.531693 3 1
[RUNNING_REQ] 1772717297.694081 4 1
[RUNNING_REQ] 1772717297.924016 4 0
[RUNNING_REQ] 1772717298.564929 0 1
[RUNNING_REQ] 1772717298.740644 1 1
[RUNNING_REQ] 1772717298.960332 2 0
[RUNNING_REQ] 1772717299.126780 2 1
[RUNNING_REQ] 1772717299.932405 0 0
[RUNNING_REQ] 1772717300.138053 0 1
[RUNNING_REQ] 1772717300.296623 2 0
[RUNNING_REQ] 1772717300.435652 2 0
[RUNNING_REQ] 1772717300.653013 2 1
[RUNNING_REQ] 1772717300.807918 3 0
[RUNNING_REQ] 1772717301.024159 2 1
[RUNNING_REQ] 1772717301.195959 3 0
[RUNNING_REQ] 1772717301.789607 0 1
[RUNNING_REQ] 1772717301.952183 1 1
[RUNNING_REQ] 1772717302.175930 2 0
[RUNNING_REQ] 1772717302.479151 4 0
[RUNNING_REQ] 1772717302.717580 3 0
[RUNNING_REQ] 1772717303.161700 1 1
[RUNNING_REQ] 1772717303.493195 0 0
[RUNNING_REQ] 1772717304.085340 0 0
[RUNNING_REQ] 1772717304.244061 0 1
[RUNNING_REQ] 1772717304.463841 2 0
[RUNNING_REQ] 1772717304.617005 2 1
[RUNNING_REQ] 1772717304.967049 2 1
[RUNNING_REQ] 1772717305.126453 3 1
[RUNNING_REQ] 1772717305.656391 1 0
[RUNNING_REQ] 1772717305.829151 1 1
[RUNNING_REQ] 1772717306.047075 2 0
[RUNNING_REQ] 1772717306.217324 2 1
[RUNNING_REQ] 1772717306.375853 3 1
[RUNNING_REQ] 1772717306.643067 3 0
[RUNNING_REQ] 1772717306.936144 1 0
[RUNNING_REQ] 1772717307.349401 1 1
[RUNNING_REQ] 1772717307.530809 3 0
[RUNNING_REQ] 1772717307.742982 3 0
[RUNNING_REQ] 1772717308.524738 0 0
[RUNNING_REQ] 1772717308.746067 1 0
[RUNNING_REQ] 1772717308.904273 2 0
[RUNNING_REQ] 1772717309.056246 1 0
[RUNNING_REQ] 1772717309.508480 0 1
[RUNNING_REQ] 1772717309.720424 1 0
[RUNNING_REQ] 1772717309.874252 1 1
[RUNNING_REQ] 1772717310.092998 3 0
[RUNNING_REQ] 1772717310.256712 3 0
[RUNNING_REQ] 1772717310.738158 0 1
[RUNNING_REQ] 1772717310.918770 1 1
[RUNNING_REQ] 1772717311.129520 1 1
[RUNNING_REQ] 1772717311.300748 3 0
[RUNNING_REQ] 1772717311.830244 0 0
[RUNNING_REQ] 1772717312.037920 1 0
[RUNNING_REQ] 1772717312.260799 2 0
[RUNNING_REQ] 1772717312.951407 0 0
[RUNNING_REQ] 1772717313.108323 0 1
[RUNNING_REQ] 1772717313.271550 1 1
[RUNNING_REQ] 1772717313.432853 2 1
[RUNNING_REQ] 1772717313.660242 3 0
[RUNNING_REQ] 1772717313.883633 2 0
[RUNNING_REQ] 1772717314.215272 1 0
[RUNNING_REQ] 1772717314.436768 2 0
[RUNNING_REQ] 1772717314.800783 1 1
[RUNNING_REQ] 1772717315.012046 1 1
[RUNNING_REQ] 1772717315.188410 2 1
[RUNNING_REQ] 1772717315.416265 3 1
[RUNNING_REQ] 1772717315.532436 4 1
[RUNNING_REQ] 1772717315.702840 5 1
[RUNNING_REQ] 1772717315.905450 5 1
[RUNNING_REQ] 1772717316.056332 5 1
[RUNNING_REQ] 1772717316.502120 6 0
[RUNNING_REQ] 1772717317.826761 0 1
[RUNNING_REQ] 1772717317.993132 2 0
[RUNNING_REQ] 1772717318.142769 2 1
[RUNNING_REQ] 1772717318.319473 3 1
[RUNNING_REQ] 1772717318.524650 3 1
[RUNNING_REQ] 1772717318.722901 3 1
[RUNNING_REQ] 1772717318.883682 4 1
[RUNNING_REQ] 1772717319.041447 5 1
[RUNNING_REQ] 1772717319.191449 5 1
[RUNNING_REQ] 1772717319.407248 6 0
[RUNNING_REQ] 1772717319.916975 5 0
[RUNNING_REQ] 1772717320.579506 1 0
[RUNNING_REQ] 1772717320.760636 2 0
[RUNNING_REQ] 1772717320.965863 2 0
[RUNNING_REQ] 1772717321.129491 2 1
[RUNNING_REQ] 1772717321.903837 0 0
[RUNNING_REQ] 1772717322.073441 1 0
[RUNNING_REQ] 1772717322.240060 1 1
[RUNNING_REQ] 1772717322.411669 2 0
[RUNNING_REQ] 1772717322.632796 2 1
[RUNNING_REQ] 1772717322.810398 3 0
[RUNNING_REQ] 1772717323.354595 2 0
[RUNNING_REQ] 1772717323.576483 1 0
[RUNNING_REQ] 1772717323.780833 2 0
[RUNNING_REQ] 1772717323.989643 2 0
[RUNNING_REQ] 1772717324.198726 2 0
[RUNNING_REQ] 1772717324.372575 2 1
[RUNNING_REQ] 1772717324.530501 3 1
[RUNNING_REQ] 1772717324.954581 3 1
[RUNNING_REQ] 1772717325.120904 4 1
[RUNNING_REQ] 1772717325.345566 5 1
[RUNNING_REQ] 1772717326.302518 0 0
[RUNNING_REQ] 1772717326.481665 1 0
[RUNNING_REQ] 1772717326.651801 1 1
[RUNNING_REQ] 1772717326.858749 2 0
[RUNNING_REQ] 1772717327.004209 3 0
[RUNNING_REQ] 1772717327.161246 3 1
[RUNNING_REQ] 1772717327.381848 4 1
[RUNNING_REQ] 1772717327.500428 4 0
[RUNNING_REQ] 1772717328.079512 1 1
[RUNNING_REQ] 1772717328.262755 2 1
[RUNNING_REQ] 1772717328.469377 3 0
[RUNNING_REQ] 1772717328.631001 3 1
[RUNNING_REQ] 1772717328.791106 4 1
[RUNNING_REQ] 1772717329.003237 5 1
[RUNNING_REQ] 1772717329.415914 4 0
[RUNNING_REQ] 1772717329.874577 1 0
[RUNNING_REQ] 1772717330.544585 0 0
[RUNNING_REQ] 1772717330.708419 1 0
[RUNNING_REQ] 1772717330.874243 2 0
[RUNNING_REQ] 1772717331.078957 2 0
[RUNNING_REQ] 1772717331.300319 2 1
[RUNNING_REQ] 1772717331.418384 2 1
